******************************************************************************
                  TI ARM Linker PC v16.9.6                     
******************************************************************************
>> Linked Sun Mar 11 15:41:00 2018

OUTPUT FILE NAME:   <SSL_REST_API_AWS_w.out>
ENTRY POINT SYMBOL: "_c_int00"  address: 2000aba1


MEMORY CONFIGURATION

         name            origin    length      used     unused   attr    fill
----------------------  --------  ---------  --------  --------  ----  --------
  SRAM_CODE             20004000   00013000  00007e4a  0000b1b6  RW X
  SRAM_DATA             20017000   00019000  000099c0  0000f640  RW X


SEGMENT ALLOCATION MAP

run origin  load origin   length   init length attrs members
----------  ----------- ---------- ----------- ----- -------
20004000    20004000    00007e50   00007e50    r-x
  20004000    20004000    00000400   00000400    r-- .intvecs
  20004400    20004400    00006ee6   00006ee6    r-x .text
  2000b2e8    2000b2e8    00000a84   00000a84    r-- .const
  2000bd70    2000bd70    000000e0   000000e0    r-- .cinit
20017000    20017000    000089c0   00000000    rw-
  20017000    20017000    00008000   00000000    rw- .sysmem
  2001f000    2001f000    00000748   00000000    rw- .data
  2001f748    2001f748    00000278   00000000    rw- .bss
2002f000    2002f000    00001000   00000000    rw-
  2002f000    2002f000    00001000   00000000    rw- .stack


SECTION ALLOCATION MAP

 output                                  attributes/
section   page    origin      length       input sections
--------  ----  ----------  ----------   ----------------
.intvecs   0    20004000    00000400     
                  20004000    00000400     startup_ccs.obj (.intvecs)

.init_array 
*          0    20004000    00000000     UNINITIALIZED

.text      0    20004400    00006ee6     
                  20004400    00001122     rtsv7M4_T_le_eabi.lib : _printfi.obj (.text)
                  20005522    00000002     driverlib.a : interrupt.obj (.text:IntDefaultHandler)
                  20005524    00000e74     main.obj (.text)
                  20006398    00000a80     Adafruit_GFX.obj (.text)
                  20006e18    00000704     rtsv7M4_T_le_eabi.lib : k_rem_pio2.obj (.text)
                  2000751c    000005c0                           : s_cos.obj (.text)
                  20007adc    000005c0                           : s_sin.obj (.text)
                  2000809c    00000476     Adafruit_OLED.obj (.text)
                  20008512    00000002     rtsv7M4_T_le_eabi.lib : mpu_init.obj (.text)
                  20008514    000003d0                           : memory.obj (.text)
                  200088e4    00000398     gpio_if.obj (.text)
                  20008c7c    00000280     uart_if.obj (.text)
                  20008efc    000001f4     rtsv7M4_T_le_eabi.lib : ull_div_t2.obj (.text)
                  200090f0    000001b6                           : fd_add_t2.obj (.text)
                  200092a6    00000002                           : startup.obj (.text)
                  200092a8    00000198     timer_if.obj (.text)
                  20009440    00000178     driverlib.a : prcm.obj (.text:PRCMCC3200MCUInit)
                  200095b8    00000168     rtsv7M4_T_le_eabi.lib : k_sin.obj (.text)
                  20009720    00000160                           : k_cos.obj (.text)
                  20009880    00000144     pin_mux_config.obj (.text)
                  200099c4    00000136     rtsv7M4_T_le_eabi.lib : fd_div_t2.obj (.text)
                  20009afa    000000fc                           : fd_mul_t2.obj (.text)
                  20009bf6    000000fa                           : fs_add_t2.obj (.text)
                  20009cf0    000000f4                           : s_floor.obj (.text)
                  20009de4    000000d0                           : s_scalbn.obj (.text)
                  20009eb4    000000a8     driverlib.a : interrupt.obj (.text:IntDisable)
                  20009f5c    000000a8                 : interrupt.obj (.text:IntEnable)
                  2000a004    000000a0                 : spi.obj (.text:SPIConfigSetExpClk)
                  2000a0a4    0000009c     rtsv7M4_T_le_eabi.lib : memcpy_t2.obj (.text)
                  2000a140    00000094     driverlib.a : prcm.obj (.text:PRCMPeripheralClockGet)
                  2000a1d4    00000088                 : pin.obj (.text:PinConfigSet)
                  2000a25c    00000088     rtsv7M4_T_le_eabi.lib : vsnprintf.obj (.text)
                  2000a2e4    00000086                           : fd_cmp_t2.obj (.text:__aeabi_cdcmple)
                  2000a36a    00000086                           : fd_cmp_t2.obj (.text:__aeabi_cdrcmple)
                  2000a3f0    00000082     driverlib.a : gpio.obj (.text:GPIOIntTypeSet)
                  2000a472    0000007a     rtsv7M4_T_le_eabi.lib : memset_t2.obj (.text)
                  2000a4ec    00000076     driverlib.a : uart.obj (.text:UARTConfigSetExpClk)
                  2000a562    00000002     --HOLE-- [fill = 0]
                  2000a564    00000070                 : timer.obj (.text:TimerIntRegister)
                  2000a5d4    00000070     rtsv7M4_T_le_eabi.lib : autoinit.obj (.text)
                  2000a644    0000006e                           : fd_tos_t2.obj (.text)
                  2000a6b2    00000002     --HOLE-- [fill = 0]
                  2000a6b4    00000068     driverlib.a : timer.obj (.text:TimerIntUnregister)
                  2000a71c    00000068     rtsv7M4_T_le_eabi.lib : copy_decompress_lzss.obj (.text:decompress:lzss)
                  2000a784    00000060                           : fs_cmp_t2.obj (.text:__aeabi_cfcmple)
                  2000a7e4    00000060                           : fs_cmp_t2.obj (.text:__aeabi_cfrcmple)
                  2000a844    0000005c                           : s_frexp.obj (.text)
                  2000a8a0    00000058     driverlib.a : prcm.obj (.text:PRCMPeripheralReset)
                  2000a8f8    00000054                 : interrupt.obj (.text:IntPrioritySet)
                  2000a94c    00000054     rtsv7M4_T_le_eabi.lib : exit.obj (.text)
                  2000a9a0    00000054                           : ltoa.obj (.text)
                  2000a9f4    0000004c                           : atoi.obj (.text)
                  2000aa40    0000004c                           : cpy_tbl.obj (.text)
                  2000aa8c    00000048     driverlib.a : gpio.obj (.text:GPIOGetIntNumber)
                  2000aad4    00000048     rtsv7M4_T_le_eabi.lib : fd_toi_t2.obj (.text)
                  2000ab1c    00000044     driverlib.a : timer.obj (.text:TimerConfigure)
                  2000ab60    00000040                 : pin.obj (.text:PinModeSet)
                  2000aba0    00000040     rtsv7M4_T_le_eabi.lib : boot.obj (.text)
                  2000abe0    0000003c     driverlib.a : prcm.obj (.text:PRCMPeripheralClkEnable)
                  2000ac1c    00000038     rtsv7M4_T_le_eabi.lib : fs_tod_t2.obj (.text)
                  2000ac54    00000038                           : fs_toi_t2.obj (.text)
                  2000ac8c    00000038                           : i_tofs_t2.obj (.text)
                  2000acc4    00000036     driverlib.a : gpio.obj (.text:GPIODirModeSet)
                  2000acfa    00000034     rtsv7M4_T_le_eabi.lib : fs_tou_t2.obj (.text)
                  2000ad2e    00000030     driverlib.a : pin.obj (.text:PinTypeGPIO)
                  2000ad5e    00000002     --HOLE-- [fill = 0]
                  2000ad60    00000030                 : uart.obj (.text:UARTDisable)
                  2000ad90    0000002e     rtsv7M4_T_le_eabi.lib : i_tofd_t2.obj (.text)
                  2000adbe    00000002     --HOLE-- [fill = 0]
                  2000adc0    0000002c     driverlib.a : prcm.obj (.text:PRCMSysResetCauseGet)
                  2000adec    0000002a                 : timer.obj (.text:TimerLoadSet)
                  2000ae16    0000002a                 : timer.obj (.text:TimerPrescaleSet)
                  2000ae40    00000028                 : prcm.obj (.text:PRCMPeripheralClkDisable)
                  2000ae68    00000024                 : interrupt.obj (.text:IntUnregister)
                  2000ae8c    00000024                 : uart.obj (.text:UARTEnable)
                  2000aeb0    00000024     rtsv7M4_T_le_eabi.lib : memmov.obj (.text)
                  2000aed4    00000022     driverlib.a : gpio.obj (.text:GPIOIntStatus)
                  2000aef6    00000022                 : spi.obj (.text:SPIReset)
                  2000af18    00000022                 : timer.obj (.text:TimerValueSet)
                  2000af3a    00000020                 : gpio.obj (.text:GPIOPinWrite)
                  2000af5a    00000002     --HOLE-- [fill = 0]
                  2000af5c    00000020                 : interrupt.obj (.text:IntRegister)
                  2000af7c    00000020                 : spi.obj (.text:SPIDataGet)
                  2000af9c    0000001e                 : gpio.obj (.text:GPIOIntRegister)
                  2000afba    0000001e                 : spi.obj (.text:SPIDataPut)
                  2000afd8    0000001e                 : timer.obj (.text:TimerDisable)
                  2000aff6    0000001e                 : timer.obj (.text:TimerEnable)
                  2000b014    0000001e                 : timer.obj (.text:TimerIntStatus)
                  2000b032    0000001e                 : uart.obj (.text:UARTCharPut)
                  2000b050    0000001c                 : timer.obj (.text:TimerValueGet)
                  2000b06c    0000001c                 : uart.obj (.text:UARTCharGetNonBlocking)
                  2000b088    0000001c     rtsv7M4_T_le_eabi.lib : memccpy.obj (.text)
                  2000b0a4    0000001a     driverlib.a : gpio.obj (.text:GPIOIntDisable)
                  2000b0be    0000001a                 : gpio.obj (.text:GPIOIntEnable)
                  2000b0d8    0000001a                 : pin.obj (.text:PinTypeSPI)
                  2000b0f2    0000001a                 : pin.obj (.text:PinTypeUART)
                  2000b10c    0000001a                 : spi.obj (.text:SPIFIFOEnable)
                  2000b126    00000018                 : gpio.obj (.text:GPIOPinRead)
                  2000b13e    00000018                 : spi.obj (.text:SPICSDisable)
                  2000b156    00000018                 : spi.obj (.text:SPICSEnable)
                  2000b16e    00000018                 : spi.obj (.text:SPIEnable)
                  2000b186    00000018                 : timer.obj (.text:TimerIntDisable)
                  2000b19e    00000018                 : timer.obj (.text:TimerIntEnable)
                  2000b1b6    00000018                 : uart.obj (.text:UARTCharsAvail)
                  2000b1ce    00000002     --HOLE-- [fill = 0]
                  2000b1d0    00000018     rtsv7M4_T_le_eabi.lib : args_main.obj (.text)
                  2000b1e8    00000016     driverlib.a : prcm.obj (.text:PRCMHIBRegRead)
                  2000b1fe    00000016                 : prcm.obj (.text:PRCMHIBRegWrite)
                  2000b214    00000016     rtsv7M4_T_le_eabi.lib : strchr.obj (.text)
                  2000b22a    00000014     driverlib.a : cpu.obj (.text:CPUcpsie)
                  2000b23e    00000014                 : gpio.obj (.text:GPIOIntClear)
                  2000b252    00000002     --HOLE-- [fill = 0]
                  2000b254    00000014                 : interrupt.obj (.text:IntVTableBaseSet)
                  2000b268    00000014     rtsv7M4_T_le_eabi.lib : _lock.obj (.text)
                  2000b27c    00000014                           : strlen.obj (.text)
                  2000b290    00000012     driverlib.a : timer.obj (.text:TimerIntClear)
                  2000b2a2    0000000e     rtsv7M4_T_le_eabi.lib : copy_decompress_none.obj (.text:decompress:none)
                  2000b2b0    0000000e     startup_ccs.obj (.text)
                  2000b2be    0000000c     rtsv7M4_T_le_eabi.lib : copy_zero_init.obj (.text:decompress:ZI)
                  2000b2ca    0000000a     driverlib.a : interrupt.obj (.text:IntMasterEnable)
                  2000b2d4    00000008     rtsv7M4_T_le_eabi.lib : s_copysign.obj (.text)
                  2000b2dc    00000006     driverlib.a : utils.obj (.text:UtilsDelay)
                  2000b2e2    00000004     rtsv7M4_T_le_eabi.lib : pre_init.obj (.text)

.const     0    2000b2e8    00000a84     
                  2000b2e8    000004fb     Adafruit_GFX.obj (.const:.string:font)
                  2000b7e3    00000005     --HOLE-- [fill = 0]
                  2000b7e8    00000158     rtsv7M4_T_le_eabi.lib : k_rem_pio2.obj (.const:$O1$$)
                  2000b940    00000101                           : ctype.obj (.const:.string:_ctypes_)
                  2000ba41    00000003     --HOLE-- [fill = 0]
                  2000ba44    00000100     driverlib.a : pin.obj (.const:g_ulPinToPadMap)
                  2000bb44    000000d4                 : interrupt.obj (.const:g_pulRegs)
                  2000bc18    000000a8                 : prcm.obj (.const:PRCM_PeriphRegsList)
                  2000bcc0    00000080                 : interrupt.obj (.const)
                  2000bd40    0000002c     main.obj (.const:.string)

.cinit     0    2000bd70    000000e0     
                  2000bd70    000000ba     (.cinit..data.load) [load image, compression = lzss]
                  2000be2a    00000002     --HOLE-- [fill = 0]
                  2000be2c    0000000c     (__TI_handler_table)
                  2000be38    00000008     (.cinit..bss.load) [load image, compression = zero_init]
                  2000be40    00000010     (__TI_cinit_table)

.sysmem    0    20017000    00008000     UNINITIALIZED
                  20017000    00000008     rtsv7M4_T_le_eabi.lib : memory.obj (.sysmem)
                  20017008    00007ff8     --HOLE--

.data      0    2001f000    00000748     UNINITIALIZED
                  2001f000    00000690     main.obj (.data:buttons)
                  2001f690    00000028     main.obj (.data:pong)
                  2001f6b8    00000018     main.obj (.data)
                  2001f6d0    00000015     Adafruit_GFX.obj (.data)
                  2001f6e5    00000003     --HOLE--
                  2001f6e8    00000014     gpio_if.obj (.data:ulReg)
                  2001f6fc    0000000c     rtsv7M4_T_le_eabi.lib : exit.obj (.data:$O1$$)
                  2001f708    0000000c                           : memory.obj (.data:$O1$$)
                  2001f714    0000000c     gpio_if.obj (.data)
                  2001f720    00000008     rtsv7M4_T_le_eabi.lib : _lock.obj (.data:$O1$$)
                  2001f728    00000008     main.obj (.data:gpioin)
                  2001f730    00000008     main.obj (.data:player1)
                  2001f738    00000008     main.obj (.data:player2)
                  2001f740    00000004     rtsv7M4_T_le_eabi.lib : errno.obj (.data)
                  2001f744    00000004                           : stkdepth_vars.obj (.data)

.bss       0    2001f748    00000278     UNINITIALIZED
                  2001f748    0000008c     (.common:bitSequence)
                  2001f7d4    0000008c     (.common:timeInterval)
                  2001f860    0000008c     (.common:timeOfInterrupt)
                  2001f8ec    00000040     (.common:buffer)
                  2001f92c    00000040     (.common:receiverBuffer)
                  2001f96c    00000024     (.common:g_ucConnectionSSID)
                  2001f990    00000008     (.common:g_ucConnectionBSSID)
                  2001f998    00000004     uart_if.obj (.bss)
                  2001f99c    00000004     (.common:_readTime)
                  2001f9a0    00000004     (.common:_time)
                  2001f9a4    00000004     (.common:deleteFlag)
                  2001f9a8    00000004     (.common:interruptCounter)
                  2001f9ac    00000004     (.common:pulseCounter)
                  2001f9b0    00000004     (.common:readIndex)
                  2001f9b4    00000004     (.common:receiverLineNumber)
                  2001f9b8    00000004     (.common:time)
                  2001f9bc    00000001     (.common:currRead)
                  2001f9bd    00000001     (.common:g_ucLED1Pin)
                  2001f9be    00000001     (.common:g_ucLED2Pin)
                  2001f9bf    00000001     (.common:g_ucLED3Pin)

.stack     0    2002f000    00001000     UNINITIALIZED
                  2002f000    00001000     --HOLE--

MODULE SUMMARY

       Module                     code    ro data   rw data
       ------                     ----    -------   -------
    .\
       main.obj                   3700    44        2393   
       Adafruit_GFX.obj           2688    1275      21     
       Adafruit_OLED.obj          1142    0         0      
       startup_ccs.obj            14      1024      0      
       gpio_if.obj                920     0         35     
       uart_if.obj                640     0         4      
       timer_if.obj               408     0         0      
       pin_mux_config.obj         324     0         0      
    +--+--------------------------+-------+---------+---------+
       Total:                     9836    2343      2453   
                                                           
    C:/ti/CC3200SDK_1.3.0/cc3200-sdk/driverlib/ccs/Release/driverlib.a
       prcm.obj                   800     168       0      
       interrupt.obj              520     340       0      
       timer.obj                  586     0         0      
       pin.obj                    300     256       0      
       gpio.obj                   448     0         0      
       spi.obj                    354     0         0      
       uart.obj                   284     0         0      
       cpu.obj                    20      0         0      
       utils.obj                  6       0         0      
    +--+--------------------------+-------+---------+---------+
       Total:                     3318    764       0      
                                                           
    C:\ti\ccsv7\tools\compiler\ti-cgt-arm_16.9.6.LTS\lib\rtsv7M4_T_le_eabi.lib
       _printfi.obj               4386    0         0      
       k_rem_pio2.obj             1796    344       0      
       s_cos.obj                  1472    0         0      
       s_sin.obj                  1472    0         0      
       memory.obj                 976     0         12     
       ull_div_t2.obj             500     0         0      
       fd_add_t2.obj              438     0         0      
       k_sin.obj                  360     0         0      
       k_cos.obj                  352     0         0      
       fd_div_t2.obj              310     0         0      
       fd_cmp_t2.obj              268     0         0      
       ctype.obj                  0       257       0      
       fd_mul_t2.obj              252     0         0      
       fs_add_t2.obj              250     0         0      
       s_floor.obj                244     0         0      
       s_scalbn.obj               208     0         0      
       fs_cmp_t2.obj              192     0         0      
       memcpy_t2.obj              156     0         0      
       vsnprintf.obj              136     0         0      
       memset_t2.obj              122     0         0      
       autoinit.obj               112     0         0      
       fd_tos_t2.obj              110     0         0      
       copy_decompress_lzss.obj   104     0         0      
       exit.obj                   84      0         12     
       s_frexp.obj                92      0         0      
       ltoa.obj                   84      0         0      
       atoi.obj                   76      0         0      
       cpy_tbl.obj                76      0         0      
       fd_toi_t2.obj              72      0         0      
       boot.obj                   64      0         0      
       fs_tod_t2.obj              56      0         0      
       fs_toi_t2.obj              56      0         0      
       i_tofs_t2.obj              56      0         0      
       fs_tou_t2.obj              52      0         0      
       i_tofd_t2.obj              46      0         0      
       memmov.obj                 36      0         0      
       _lock.obj                  20      0         8      
       memccpy.obj                28      0         0      
       args_main.obj              24      0         0      
       strchr.obj                 22      0         0      
       strlen.obj                 20      0         0      
       copy_decompress_none.obj   14      0         0      
       copy_zero_init.obj         12      0         0      
       s_copysign.obj             8       0         0      
       errno.obj                  0       0         4      
       pre_init.obj               4       0         0      
       stkdepth_vars.obj          0       0         4      
       mpu_init.obj               2       0         0      
       startup.obj                2       0         0      
    +--+--------------------------+-------+---------+---------+
       Total:                     15222   601       40     
                                                           
       Heap:                      0       0         32768  
       Stack:                     0       0         4096   
       Linker Generated:          0       222       0      
    +--+--------------------------+-------+---------+---------+
       Grand Total:               28376   3930      39357  


LINKER GENERATED COPY TABLES

__TI_cinit_table @ 2000be40 records: 2, size/record: 8, table size: 16
	.data: load addr=2000bd70, load size=000000ba bytes, run addr=2001f000, run size=00000748 bytes, compression=lzss
	.bss: load addr=2000be38, load size=00000008 bytes, run addr=2001f748, run size=00000278 bytes, compression=zero_init


LINKER GENERATED HANDLER TABLE

__TI_handler_table @ 2000be2c records: 3, size/record: 4, table size: 12
	index: 0, handler: __TI_decompress_lzss
	index: 1, handler: __TI_decompress_none
	index: 2, handler: __TI_zero_init


GLOBAL SYMBOLS: SORTED ALPHABETICALLY BY Name 

address   name                           
-------   ----                           
200080fd  Adafruit_Init                  
2000a94d  C$$EXIT                        
2000b22b  CPUcpsie                       
20008cbd  ClearTerm                      
20008273  Color565                       
20008cc7  Error                          
2000acc5  GPIODirModeSet                 
2000b23f  GPIOIntClear                   
2000b0a5  GPIOIntDisable                 
2000b0bf  GPIOIntEnable                  
2000af9d  GPIOIntRegister                
2000aed5  GPIOIntStatus                  
2000a3f1  GPIOIntTypeSet                 
2000b127  GPIOPinRead                    
2000af3b  GPIOPinWrite                   
20008ba5  GPIO_IF_ConfigureNIntEnable    
20008c31  GPIO_IF_Get                    
20008b5f  GPIO_IF_GetPortNPin            
20008921  GPIO_IF_LedConfigure           
20008a13  GPIO_IF_LedOff                 
2000895f  GPIO_IF_LedOn                  
20008ac7  GPIO_IF_LedStatus              
20008b31  GPIO_IF_LedToggle              
20008bed  GPIO_IF_Set                    
200060e1  GameLogic                      
20008cff  GetCmd                         
20005d8d  GetMessage                     
20008c7d  InitTerm                       
20009eb5  IntDisable                     
20009f5d  IntEnable                      
2000b2cb  IntMasterEnable                
2000a8f9  IntPrioritySet                 
2000af5d  IntRegister                    
2000ae69  IntUnregister                  
2000b255  IntVTableBaseSet               
20008c9b  Message                        
20006d43  Outstr                         
20009441  PRCMCC3200MCUInit              
2000b1e9  PRCMHIBRegRead                 
2000b1ff  PRCMHIBRegWrite                
2000ae41  PRCMPeripheralClkDisable       
2000abe1  PRCMPeripheralClkEnable        
2000a141  PRCMPeripheralClockGet         
2000a8a1  PRCMPeripheralReset            
2000adc1  PRCMSysResetCauseGet           
20006261  PedalLogic                     
2000a1d5  PinConfigSet                   
2000ab61  PinModeSet                     
20009881  PinMuxConfig                   
2000ad2f  PinTypeGPIO                    
2000b0d9  PinTypeSPI                     
2000b0f3  PinTypeUART                    
20008e3d  Report                         
2000b2b1  ResetISR                       
UNDEFED   SHT$$INIT_ARRAY$$Base          
UNDEFED   SHT$$INIT_ARRAY$$Limit         
2000b13f  SPICSDisable                   
2000b157  SPICSEnable                    
2000a005  SPIConfigSetExpClk             
2000af7d  SPIDataGet                     
2000afbb  SPIDataPut                     
2000b16f  SPIEnable                      
2000b10d  SPIFIFOEnable                  
2000aef7  SPIReset                       
20005773  SPI_Init                       
200059c9  SimpleLinkGeneralEventHandler  
200059ad  SimpleLinkHttpServerCallback   
20005905  SimpleLinkNetAppEventHandler   
200059ed  SimpleLinkSockEventHandler     
200057e5  SimpleLinkWlanEventHandler     
2000ab1d  TimerConfigure                 
2000afd9  TimerDisable                   
2000aff7  TimerEnable                    
2000b291  TimerIntClear                  
2000b187  TimerIntDisable                
2000b19f  TimerIntEnable                 
2000a565  TimerIntRegister               
2000b015  TimerIntStatus                 
2000a6b5  TimerIntUnregister             
2000aded  TimerLoadSet                   
2000ae17  TimerPrescaleSet               
20005525  TimerRefIntHandler             
2000b051  TimerValueGet                  
2000af19  TimerValueSet                  
200093ef  Timer_IF_DeInit                
20009421  Timer_IF_GetCount              
20009329  Timer_IF_Init                  
2000935b  Timer_IF_IntSetup              
200093a7  Timer_IF_InterruptClear        
20009409  Timer_IF_ReLoad                
200093bf  Timer_IF_Start                 
200093df  Timer_IF_Stop                  
20008da5  TrimSpace                      
2000b06d  UARTCharGetNonBlocking         
2000b033  UARTCharPut                    
2000b1b7  UARTCharsAvail                 
2000a4ed  UARTConfigSetExpClk            
2000ad61  UARTDisable                    
2000ae8d  UARTEnable                     
2000b2dd  UtilsDelay                     
20030000  __STACK_END                    
00001000  __STACK_SIZE                   
00008000  __SYSMEM_SIZE                  
2000be40  __TI_CINIT_Base                
2000be50  __TI_CINIT_Limit               
2000be2c  __TI_Handler_Table_Base        
2000be38  __TI_Handler_Table_Limit       
2000a5d5  __TI_auto_init                 
2001f6fc  __TI_cleanup_ptr               
2000a71d  __TI_decompress_lzss           
2000b2a3  __TI_decompress_none           
2001f700  __TI_dtors_ptr                 
2001f704  __TI_enable_exit_profile_output
ffffffff  __TI_pprof_out_hndl            
20004c39  __TI_printfi                   
ffffffff  __TI_prof_data_size            
ffffffff  __TI_prof_data_start           
2000bd70  __TI_static_base__             
2000b2bf  __TI_zero_init                 
2000a2e5  __aeabi_cdcmpeq                
2000a2e5  __aeabi_cdcmple                
2000a36b  __aeabi_cdrcmple               
2000a785  __aeabi_cfcmpeq                
2000a785  __aeabi_cfcmple                
2000a7e5  __aeabi_cfrcmple               
2000a645  __aeabi_d2f                    
2000aad5  __aeabi_d2iz                   
200090fb  __aeabi_dadd                   
200099c5  __aeabi_ddiv                   
20009afb  __aeabi_dmul                   
200090f1  __aeabi_dsub                   
2000ac1d  __aeabi_f2d                    
2000ac55  __aeabi_f2iz                   
2000acfb  __aeabi_f2uiz                  
20009bfb  __aeabi_fadd                   
20009bf7  __aeabi_fsub                   
2000ad91  __aeabi_i2d                    
2000ac8d  __aeabi_i2f                    
2000a473  __aeabi_memclr                 
2000a473  __aeabi_memclr4                
2000a473  __aeabi_memclr8                
2000a0a5  __aeabi_memcpy                 
2000a0a5  __aeabi_memcpy4                
2000a0a5  __aeabi_memcpy8                
2000a475  __aeabi_memset                 
2000a475  __aeabi_memset4                
2000a475  __aeabi_memset8                
20008efd  __aeabi_uldivmod               
ffffffff  __binit__                      
ffffffff  __c_args__                     
20009721  __kernel_cos                   
20006e19  __kernel_rem_pio2              
200095b9  __kernel_sin                   
20008513  __mpu_init                     
2002f000  __stack                        
2000b1d1  _args_main                     
2000aba1  _c_int00                       
2000b940  _ctypes_                       
2001f720  _lock                          
2000b277  _nop                           
2001f99c  _readTime                      
2000b26f  _register_lock                 
2000b269  _register_unlock               
20017000  _sys_memory                    
200092a7  _system_post_cinit             
2000b2e3  _system_pre_init               
2001f9a0  _time                          
2001f724  _unlock                        
2000a951  abort                          
2000a9f5  atoi                           
ffffffff  binit                          
2001f748  bitSequence                    
2001f8ec  buffer                         
2001f000  buttons                        
200088b5  calloc                         
20005587  compareBitPatterns             
2000554b  compareTwoSequence             
2000aa41  copy_in                        
2000b2d5  copysign                       
2000b2d5  copysignl                      
2000751d  cos                            
2000751d  cosl                           
2001f9bc  currRead                       
2001f6d0  cursor_x                       
2001f6d4  cursor_y                       
2000573b  decode                         
2001f9a4  deleteFlag                     
20005a67  displayBanner                  
20006bf7  drawChar                       
20006399  drawCircle                     
200064cd  drawCircleHelper               
2000841d  drawFastHLine                  
20008381  drawFastVLine                  
20006713  drawLine                       
200084b9  drawPixel                      
200067ff  drawRect                       
2000684d  drawRoundRect                  
200069b5  drawTriangle                   
2001f740  errno                          
2000a959  exit                           
200065eb  fillCircle                     
20006625  fillCircleHelper               
200082cb  fillRect                       
2000693b  fillRoundRect                  
200082b5  fillScreen                     
200069f7  fillTriangle                   
20009cf1  floor                          
20009cf1  floorl                         
200085ff  free                           
2000a845  frexp                          
2000a845  frexpl                         
2001f6c4  g_Host                         
20004000  g_pfnVectors                   
2001f990  g_ucConnectionBSSID            
2001f96c  g_ucConnectionSSID             
2001f9bd  g_ucLED1Pin                    
2001f9be  g_ucLED2Pin                    
2001f9bf  g_ucLED3Pin                    
2001f714  g_uiLED1Port                   
2001f718  g_uiLED2Port                   
2001f71c  g_uiLED3Port                   
2001f6c0  g_ulGatewayIP                  
2001f6bc  g_ulPingPacketsRecv            
2001f6b8  g_ulStatus                     
2000822f  goTo                           
20006df7  height                         
20005671  initializeArr                  
200056ad  initializeVariables            
2001f9a8  interruptCounter               
200084f7  invert                         
20009de5  ldexp                          
20009de5  ldexpl                         
2000a9a1  ltoa                           
200062bb  main                           
2001f744  main_func_sp                   
20008595  malloc                         
200087c9  memalign                       
2000b089  memccpy                        
2000a0a5  memcpy                         
2000aeb1  memmove                        
2000a47b  memset                         
20008515  minit                          
2001f6c8  pedalSize                      
2001f6cc  pedalWidth                     
200056e7  printBuffer                    
20005a51  printErrConvenience            
2001f9ac  pulseCounter                   
2001f9b0  readIndex                      
200086bf  realloc                        
2001f92c  receiverBuffer                 
2001f9b4  receiverLineNumber             
20009de5  scalbn                         
20009de5  scalbnl                        
20006d8f  setCursor                      
20006dc7  setTextColor                   
20006da7  setTextSize                    
20006ddf  setTextWrap                    
20007add  sin                            
20007add  sinl                           
2000b215  strchr                         
2000b27d  strlen                         
2001f6e0  textbgcolor                    
2001f6dc  textcolor                      
2001f6d8  textsize                       
2001f9b8  time                           
2001f7d4  timeInterval                   
2001f860  timeOfInterrupt                
2000563f  timerInit                      
2000a25d  vsnprintf                      
20006df3  width                          
2001f6e4  wrap                           
2000809d  writeCommand                   
200080cd  writeData                      


GLOBAL SYMBOLS: SORTED BY Symbol Address 

address   name                           
-------   ----                           
00001000  __STACK_SIZE                   
00008000  __SYSMEM_SIZE                  
20004000  g_pfnVectors                   
20004c39  __TI_printfi                   
20005525  TimerRefIntHandler             
2000554b  compareTwoSequence             
20005587  compareBitPatterns             
2000563f  timerInit                      
20005671  initializeArr                  
200056ad  initializeVariables            
200056e7  printBuffer                    
2000573b  decode                         
20005773  SPI_Init                       
200057e5  SimpleLinkWlanEventHandler     
20005905  SimpleLinkNetAppEventHandler   
200059ad  SimpleLinkHttpServerCallback   
200059c9  SimpleLinkGeneralEventHandler  
200059ed  SimpleLinkSockEventHandler     
20005a51  printErrConvenience            
20005a67  displayBanner                  
20005d8d  GetMessage                     
200060e1  GameLogic                      
20006261  PedalLogic                     
200062bb  main                           
20006399  drawCircle                     
200064cd  drawCircleHelper               
200065eb  fillCircle                     
20006625  fillCircleHelper               
20006713  drawLine                       
200067ff  drawRect                       
2000684d  drawRoundRect                  
2000693b  fillRoundRect                  
200069b5  drawTriangle                   
200069f7  fillTriangle                   
20006bf7  drawChar                       
20006d43  Outstr                         
20006d8f  setCursor                      
20006da7  setTextSize                    
20006dc7  setTextColor                   
20006ddf  setTextWrap                    
20006df3  width                          
20006df7  height                         
20006e19  __kernel_rem_pio2              
2000751d  cos                            
2000751d  cosl                           
20007add  sin                            
20007add  sinl                           
2000809d  writeCommand                   
200080cd  writeData                      
200080fd  Adafruit_Init                  
2000822f  goTo                           
20008273  Color565                       
200082b5  fillScreen                     
200082cb  fillRect                       
20008381  drawFastVLine                  
2000841d  drawFastHLine                  
200084b9  drawPixel                      
200084f7  invert                         
20008513  __mpu_init                     
20008515  minit                          
20008595  malloc                         
200085ff  free                           
200086bf  realloc                        
200087c9  memalign                       
200088b5  calloc                         
20008921  GPIO_IF_LedConfigure           
2000895f  GPIO_IF_LedOn                  
20008a13  GPIO_IF_LedOff                 
20008ac7  GPIO_IF_LedStatus              
20008b31  GPIO_IF_LedToggle              
20008b5f  GPIO_IF_GetPortNPin            
20008ba5  GPIO_IF_ConfigureNIntEnable    
20008bed  GPIO_IF_Set                    
20008c31  GPIO_IF_Get                    
20008c7d  InitTerm                       
20008c9b  Message                        
20008cbd  ClearTerm                      
20008cc7  Error                          
20008cff  GetCmd                         
20008da5  TrimSpace                      
20008e3d  Report                         
20008efd  __aeabi_uldivmod               
200090f1  __aeabi_dsub                   
200090fb  __aeabi_dadd                   
200092a7  _system_post_cinit             
20009329  Timer_IF_Init                  
2000935b  Timer_IF_IntSetup              
200093a7  Timer_IF_InterruptClear        
200093bf  Timer_IF_Start                 
200093df  Timer_IF_Stop                  
200093ef  Timer_IF_DeInit                
20009409  Timer_IF_ReLoad                
20009421  Timer_IF_GetCount              
20009441  PRCMCC3200MCUInit              
200095b9  __kernel_sin                   
20009721  __kernel_cos                   
20009881  PinMuxConfig                   
200099c5  __aeabi_ddiv                   
20009afb  __aeabi_dmul                   
20009bf7  __aeabi_fsub                   
20009bfb  __aeabi_fadd                   
20009cf1  floor                          
20009cf1  floorl                         
20009de5  ldexp                          
20009de5  ldexpl                         
20009de5  scalbn                         
20009de5  scalbnl                        
20009eb5  IntDisable                     
20009f5d  IntEnable                      
2000a005  SPIConfigSetExpClk             
2000a0a5  __aeabi_memcpy                 
2000a0a5  __aeabi_memcpy4                
2000a0a5  __aeabi_memcpy8                
2000a0a5  memcpy                         
2000a141  PRCMPeripheralClockGet         
2000a1d5  PinConfigSet                   
2000a25d  vsnprintf                      
2000a2e5  __aeabi_cdcmpeq                
2000a2e5  __aeabi_cdcmple                
2000a36b  __aeabi_cdrcmple               
2000a3f1  GPIOIntTypeSet                 
2000a473  __aeabi_memclr                 
2000a473  __aeabi_memclr4                
2000a473  __aeabi_memclr8                
2000a475  __aeabi_memset                 
2000a475  __aeabi_memset4                
2000a475  __aeabi_memset8                
2000a47b  memset                         
2000a4ed  UARTConfigSetExpClk            
2000a565  TimerIntRegister               
2000a5d5  __TI_auto_init                 
2000a645  __aeabi_d2f                    
2000a6b5  TimerIntUnregister             
2000a71d  __TI_decompress_lzss           
2000a785  __aeabi_cfcmpeq                
2000a785  __aeabi_cfcmple                
2000a7e5  __aeabi_cfrcmple               
2000a845  frexp                          
2000a845  frexpl                         
2000a8a1  PRCMPeripheralReset            
2000a8f9  IntPrioritySet                 
2000a94d  C$$EXIT                        
2000a951  abort                          
2000a959  exit                           
2000a9a1  ltoa                           
2000a9f5  atoi                           
2000aa41  copy_in                        
2000aad5  __aeabi_d2iz                   
2000ab1d  TimerConfigure                 
2000ab61  PinModeSet                     
2000aba1  _c_int00                       
2000abe1  PRCMPeripheralClkEnable        
2000ac1d  __aeabi_f2d                    
2000ac55  __aeabi_f2iz                   
2000ac8d  __aeabi_i2f                    
2000acc5  GPIODirModeSet                 
2000acfb  __aeabi_f2uiz                  
2000ad2f  PinTypeGPIO                    
2000ad61  UARTDisable                    
2000ad91  __aeabi_i2d                    
2000adc1  PRCMSysResetCauseGet           
2000aded  TimerLoadSet                   
2000ae17  TimerPrescaleSet               
2000ae41  PRCMPeripheralClkDisable       
2000ae69  IntUnregister                  
2000ae8d  UARTEnable                     
2000aeb1  memmove                        
2000aed5  GPIOIntStatus                  
2000aef7  SPIReset                       
2000af19  TimerValueSet                  
2000af3b  GPIOPinWrite                   
2000af5d  IntRegister                    
2000af7d  SPIDataGet                     
2000af9d  GPIOIntRegister                
2000afbb  SPIDataPut                     
2000afd9  TimerDisable                   
2000aff7  TimerEnable                    
2000b015  TimerIntStatus                 
2000b033  UARTCharPut                    
2000b051  TimerValueGet                  
2000b06d  UARTCharGetNonBlocking         
2000b089  memccpy                        
2000b0a5  GPIOIntDisable                 
2000b0bf  GPIOIntEnable                  
2000b0d9  PinTypeSPI                     
2000b0f3  PinTypeUART                    
2000b10d  SPIFIFOEnable                  
2000b127  GPIOPinRead                    
2000b13f  SPICSDisable                   
2000b157  SPICSEnable                    
2000b16f  SPIEnable                      
2000b187  TimerIntDisable                
2000b19f  TimerIntEnable                 
2000b1b7  UARTCharsAvail                 
2000b1d1  _args_main                     
2000b1e9  PRCMHIBRegRead                 
2000b1ff  PRCMHIBRegWrite                
2000b215  strchr                         
2000b22b  CPUcpsie                       
2000b23f  GPIOIntClear                   
2000b255  IntVTableBaseSet               
2000b269  _register_unlock               
2000b26f  _register_lock                 
2000b277  _nop                           
2000b27d  strlen                         
2000b291  TimerIntClear                  
2000b2a3  __TI_decompress_none           
2000b2b1  ResetISR                       
2000b2bf  __TI_zero_init                 
2000b2cb  IntMasterEnable                
2000b2d5  copysign                       
2000b2d5  copysignl                      
2000b2dd  UtilsDelay                     
2000b2e3  _system_pre_init               
2000b940  _ctypes_                       
2000bd70  __TI_static_base__             
2000be2c  __TI_Handler_Table_Base        
2000be38  __TI_Handler_Table_Limit       
2000be40  __TI_CINIT_Base                
2000be50  __TI_CINIT_Limit               
20017000  _sys_memory                    
2001f000  buttons                        
2001f6b8  g_ulStatus                     
2001f6bc  g_ulPingPacketsRecv            
2001f6c0  g_ulGatewayIP                  
2001f6c4  g_Host                         
2001f6c8  pedalSize                      
2001f6cc  pedalWidth                     
2001f6d0  cursor_x                       
2001f6d4  cursor_y                       
2001f6d8  textsize                       
2001f6dc  textcolor                      
2001f6e0  textbgcolor                    
2001f6e4  wrap                           
2001f6fc  __TI_cleanup_ptr               
2001f700  __TI_dtors_ptr                 
2001f704  __TI_enable_exit_profile_output
2001f714  g_uiLED1Port                   
2001f718  g_uiLED2Port                   
2001f71c  g_uiLED3Port                   
2001f720  _lock                          
2001f724  _unlock                        
2001f740  errno                          
2001f744  main_func_sp                   
2001f748  bitSequence                    
2001f7d4  timeInterval                   
2001f860  timeOfInterrupt                
2001f8ec  buffer                         
2001f92c  receiverBuffer                 
2001f96c  g_ucConnectionSSID             
2001f990  g_ucConnectionBSSID            
2001f99c  _readTime                      
2001f9a0  _time                          
2001f9a4  deleteFlag                     
2001f9a8  interruptCounter               
2001f9ac  pulseCounter                   
2001f9b0  readIndex                      
2001f9b4  receiverLineNumber             
2001f9b8  time                           
2001f9bc  currRead                       
2001f9bd  g_ucLED1Pin                    
2001f9be  g_ucLED2Pin                    
2001f9bf  g_ucLED3Pin                    
2002f000  __stack                        
20030000  __STACK_END                    
ffffffff  __TI_pprof_out_hndl            
ffffffff  __TI_prof_data_size            
ffffffff  __TI_prof_data_start           
ffffffff  __binit__                      
ffffffff  __c_args__                     
ffffffff  binit                          
UNDEFED   SHT$$INIT_ARRAY$$Base          
UNDEFED   SHT$$INIT_ARRAY$$Limit         

[273 symbols]
