<?xml version="1.0"?>
<link_info>
   <banner>TI ARM Linker PC v16.9.6.LTS</banner>
   <copyright>Copyright (c) 1996-2017 Texas Instruments Incorporated</copyright>
   <link_time>0x5aa5b07c</link_time>
   <link_errors>0x0</link_errors>
   <output_file>SSL_REST_API_AWS_w.out</output_file>
   <entry_point>
      <name>_c_int00</name>
      <address>0x2000aba1</address>
   </entry_point>
   <input_file_list>
      <input_file id="fl-2">
         <path>.\</path>
         <kind>object</kind>
         <file>Adafruit_GFX.obj</file>
         <name>Adafruit_GFX.obj</name>
      </input_file>
      <input_file id="fl-3">
         <path>.\</path>
         <kind>object</kind>
         <file>Adafruit_OLED.obj</file>
         <name>Adafruit_OLED.obj</name>
      </input_file>
      <input_file id="fl-4">
         <path>.\</path>
         <kind>object</kind>
         <file>gpio_if.obj</file>
         <name>gpio_if.obj</name>
      </input_file>
      <input_file id="fl-5">
         <path>.\</path>
         <kind>object</kind>
         <file>main.obj</file>
         <name>main.obj</name>
      </input_file>
      <input_file id="fl-6">
         <path>.\</path>
         <kind>object</kind>
         <file>network_common.obj</file>
         <name>network_common.obj</name>
      </input_file>
      <input_file id="fl-7">
         <path>.\</path>
         <kind>object</kind>
         <file>pin_mux_config.obj</file>
         <name>pin_mux_config.obj</name>
      </input_file>
      <input_file id="fl-8">
         <path>.\</path>
         <kind>object</kind>
         <file>startup_ccs.obj</file>
         <name>startup_ccs.obj</name>
      </input_file>
      <input_file id="fl-9">
         <path>.\</path>
         <kind>object</kind>
         <file>test.obj</file>
         <name>test.obj</name>
      </input_file>
      <input_file id="fl-a">
         <path>.\</path>
         <kind>object</kind>
         <file>timer_if.obj</file>
         <name>timer_if.obj</name>
      </input_file>
      <input_file id="fl-b">
         <path>.\</path>
         <kind>object</kind>
         <file>uart_if.obj</file>
         <name>uart_if.obj</name>
      </input_file>
      <input_file id="fl-11">
         <kind>object</kind>
         <file>&lt;internal&gt;</file>
         <name>&lt;internal&gt;</name>
      </input_file>
      <input_file id="fl-c7">
         <path>C:\ti\ccsv7\tools\compiler\ti-cgt-arm_16.9.6.LTS\lib\</path>
         <kind>archive</kind>
         <file>rtsv7M4_T_le_eabi.lib</file>
         <name>boot.obj</name>
      </input_file>
      <input_file id="fl-c8">
         <path>C:\ti\ccsv7\tools\compiler\ti-cgt-arm_16.9.6.LTS\lib\</path>
         <kind>archive</kind>
         <file>rtsv7M4_T_le_eabi.lib</file>
         <name>copy_decompress_lzss.obj</name>
      </input_file>
      <input_file id="fl-c9">
         <path>C:\ti\ccsv7\tools\compiler\ti-cgt-arm_16.9.6.LTS\lib\</path>
         <kind>archive</kind>
         <file>rtsv7M4_T_le_eabi.lib</file>
         <name>copy_decompress_none.obj</name>
      </input_file>
      <input_file id="fl-ca">
         <path>C:\ti\ccsv7\tools\compiler\ti-cgt-arm_16.9.6.LTS\lib\</path>
         <kind>archive</kind>
         <file>rtsv7M4_T_le_eabi.lib</file>
         <name>copy_zero_init.obj</name>
      </input_file>
      <input_file id="fl-cb">
         <path>C:\ti\ccsv7\tools\compiler\ti-cgt-arm_16.9.6.LTS\lib\</path>
         <kind>archive</kind>
         <file>rtsv7M4_T_le_eabi.lib</file>
         <name>exit.obj</name>
      </input_file>
      <input_file id="fl-cc">
         <path>C:\ti\ccsv7\tools\compiler\ti-cgt-arm_16.9.6.LTS\lib\</path>
         <kind>archive</kind>
         <file>rtsv7M4_T_le_eabi.lib</file>
         <name>fd_add_t2.obj</name>
      </input_file>
      <input_file id="fl-cd">
         <path>C:\ti\ccsv7\tools\compiler\ti-cgt-arm_16.9.6.LTS\lib\</path>
         <kind>archive</kind>
         <file>rtsv7M4_T_le_eabi.lib</file>
         <name>fd_mul_t2.obj</name>
      </input_file>
      <input_file id="fl-ce">
         <path>C:\ti\ccsv7\tools\compiler\ti-cgt-arm_16.9.6.LTS\lib\</path>
         <kind>archive</kind>
         <file>rtsv7M4_T_le_eabi.lib</file>
         <name>fd_tos_t2.obj</name>
      </input_file>
      <input_file id="fl-cf">
         <path>C:\ti\ccsv7\tools\compiler\ti-cgt-arm_16.9.6.LTS\lib\</path>
         <kind>archive</kind>
         <file>rtsv7M4_T_le_eabi.lib</file>
         <name>fs_add_t2.obj</name>
      </input_file>
      <input_file id="fl-d0">
         <path>C:\ti\ccsv7\tools\compiler\ti-cgt-arm_16.9.6.LTS\lib\</path>
         <kind>archive</kind>
         <file>rtsv7M4_T_le_eabi.lib</file>
         <name>fs_cmp_t2.obj</name>
      </input_file>
      <input_file id="fl-d1">
         <path>C:\ti\ccsv7\tools\compiler\ti-cgt-arm_16.9.6.LTS\lib\</path>
         <kind>archive</kind>
         <file>rtsv7M4_T_le_eabi.lib</file>
         <name>fs_tod_t2.obj</name>
      </input_file>
      <input_file id="fl-d2">
         <path>C:\ti\ccsv7\tools\compiler\ti-cgt-arm_16.9.6.LTS\lib\</path>
         <kind>archive</kind>
         <file>rtsv7M4_T_le_eabi.lib</file>
         <name>fs_toi_t2.obj</name>
      </input_file>
      <input_file id="fl-d3">
         <path>C:\ti\ccsv7\tools\compiler\ti-cgt-arm_16.9.6.LTS\lib\</path>
         <kind>archive</kind>
         <file>rtsv7M4_T_le_eabi.lib</file>
         <name>fs_tou_t2.obj</name>
      </input_file>
      <input_file id="fl-d4">
         <path>C:\ti\ccsv7\tools\compiler\ti-cgt-arm_16.9.6.LTS\lib\</path>
         <kind>archive</kind>
         <file>rtsv7M4_T_le_eabi.lib</file>
         <name>i_tofs_t2.obj</name>
      </input_file>
      <input_file id="fl-d5">
         <path>C:\ti\ccsv7\tools\compiler\ti-cgt-arm_16.9.6.LTS\lib\</path>
         <kind>archive</kind>
         <file>rtsv7M4_T_le_eabi.lib</file>
         <name>memcpy_t2.obj</name>
      </input_file>
      <input_file id="fl-d6">
         <path>C:\ti\ccsv7\tools\compiler\ti-cgt-arm_16.9.6.LTS\lib\</path>
         <kind>archive</kind>
         <file>rtsv7M4_T_le_eabi.lib</file>
         <name>memmov.obj</name>
      </input_file>
      <input_file id="fl-d7">
         <path>C:\ti\ccsv7\tools\compiler\ti-cgt-arm_16.9.6.LTS\lib\</path>
         <kind>archive</kind>
         <file>rtsv7M4_T_le_eabi.lib</file>
         <name>memory.obj</name>
      </input_file>
      <input_file id="fl-d8">
         <path>C:\ti\ccsv7\tools\compiler\ti-cgt-arm_16.9.6.LTS\lib\</path>
         <kind>archive</kind>
         <file>rtsv7M4_T_le_eabi.lib</file>
         <name>memset_t2.obj</name>
      </input_file>
      <input_file id="fl-d9">
         <path>C:\ti\ccsv7\tools\compiler\ti-cgt-arm_16.9.6.LTS\lib\</path>
         <kind>archive</kind>
         <file>rtsv7M4_T_le_eabi.lib</file>
         <name>mpu_init.obj</name>
      </input_file>
      <input_file id="fl-da">
         <path>C:\ti\ccsv7\tools\compiler\ti-cgt-arm_16.9.6.LTS\lib\</path>
         <kind>archive</kind>
         <file>rtsv7M4_T_le_eabi.lib</file>
         <name>pre_init.obj</name>
      </input_file>
      <input_file id="fl-db">
         <path>C:\ti\ccsv7\tools\compiler\ti-cgt-arm_16.9.6.LTS\lib\</path>
         <kind>archive</kind>
         <file>rtsv7M4_T_le_eabi.lib</file>
         <name>s_cos.obj</name>
      </input_file>
      <input_file id="fl-dc">
         <path>C:\ti\ccsv7\tools\compiler\ti-cgt-arm_16.9.6.LTS\lib\</path>
         <kind>archive</kind>
         <file>rtsv7M4_T_le_eabi.lib</file>
         <name>s_sin.obj</name>
      </input_file>
      <input_file id="fl-dd">
         <path>C:\ti\ccsv7\tools\compiler\ti-cgt-arm_16.9.6.LTS\lib\</path>
         <kind>archive</kind>
         <file>rtsv7M4_T_le_eabi.lib</file>
         <name>stkdepth_vars.obj</name>
      </input_file>
      <input_file id="fl-de">
         <path>C:\ti\ccsv7\tools\compiler\ti-cgt-arm_16.9.6.LTS\lib\</path>
         <kind>archive</kind>
         <file>rtsv7M4_T_le_eabi.lib</file>
         <name>strlen.obj</name>
      </input_file>
      <input_file id="fl-df">
         <path>C:\ti\ccsv7\tools\compiler\ti-cgt-arm_16.9.6.LTS\lib\</path>
         <kind>archive</kind>
         <file>rtsv7M4_T_le_eabi.lib</file>
         <name>vsnprintf.obj</name>
      </input_file>
      <input_file id="fl-e0">
         <path>C:\ti\ccsv7\tools\compiler\ti-cgt-arm_16.9.6.LTS\lib\</path>
         <kind>archive</kind>
         <file>rtsv7M4_T_le_eabi.lib</file>
         <name>_lock.obj</name>
      </input_file>
      <input_file id="fl-e1">
         <path>C:\ti\ccsv7\tools\compiler\ti-cgt-arm_16.9.6.LTS\lib\</path>
         <kind>archive</kind>
         <file>rtsv7M4_T_le_eabi.lib</file>
         <name>_printfi.obj</name>
      </input_file>
      <input_file id="fl-e2">
         <path>C:\ti\ccsv7\tools\compiler\ti-cgt-arm_16.9.6.LTS\lib\</path>
         <kind>archive</kind>
         <file>rtsv7M4_T_le_eabi.lib</file>
         <name>args_main.obj</name>
      </input_file>
      <input_file id="fl-e3">
         <path>C:\ti\ccsv7\tools\compiler\ti-cgt-arm_16.9.6.LTS\lib\</path>
         <kind>archive</kind>
         <file>rtsv7M4_T_le_eabi.lib</file>
         <name>atoi.obj</name>
      </input_file>
      <input_file id="fl-e4">
         <path>C:\ti\ccsv7\tools\compiler\ti-cgt-arm_16.9.6.LTS\lib\</path>
         <kind>archive</kind>
         <file>rtsv7M4_T_le_eabi.lib</file>
         <name>autoinit.obj</name>
      </input_file>
      <input_file id="fl-e5">
         <path>C:\ti\ccsv7\tools\compiler\ti-cgt-arm_16.9.6.LTS\lib\</path>
         <kind>archive</kind>
         <file>rtsv7M4_T_le_eabi.lib</file>
         <name>cpy_tbl.obj</name>
      </input_file>
      <input_file id="fl-e6">
         <path>C:\ti\ccsv7\tools\compiler\ti-cgt-arm_16.9.6.LTS\lib\</path>
         <kind>archive</kind>
         <file>rtsv7M4_T_le_eabi.lib</file>
         <name>ctype.obj</name>
      </input_file>
      <input_file id="fl-e7">
         <path>C:\ti\ccsv7\tools\compiler\ti-cgt-arm_16.9.6.LTS\lib\</path>
         <kind>archive</kind>
         <file>rtsv7M4_T_le_eabi.lib</file>
         <name>fd_cmp_t2.obj</name>
      </input_file>
      <input_file id="fl-e8">
         <path>C:\ti\ccsv7\tools\compiler\ti-cgt-arm_16.9.6.LTS\lib\</path>
         <kind>archive</kind>
         <file>rtsv7M4_T_le_eabi.lib</file>
         <name>fd_div_t2.obj</name>
      </input_file>
      <input_file id="fl-e9">
         <path>C:\ti\ccsv7\tools\compiler\ti-cgt-arm_16.9.6.LTS\lib\</path>
         <kind>archive</kind>
         <file>rtsv7M4_T_le_eabi.lib</file>
         <name>fd_toi_t2.obj</name>
      </input_file>
      <input_file id="fl-ea">
         <path>C:\ti\ccsv7\tools\compiler\ti-cgt-arm_16.9.6.LTS\lib\</path>
         <kind>archive</kind>
         <file>rtsv7M4_T_le_eabi.lib</file>
         <name>i_tofd_t2.obj</name>
      </input_file>
      <input_file id="fl-eb">
         <path>C:\ti\ccsv7\tools\compiler\ti-cgt-arm_16.9.6.LTS\lib\</path>
         <kind>archive</kind>
         <file>rtsv7M4_T_le_eabi.lib</file>
         <name>k_cos.obj</name>
      </input_file>
      <input_file id="fl-ec">
         <path>C:\ti\ccsv7\tools\compiler\ti-cgt-arm_16.9.6.LTS\lib\</path>
         <kind>archive</kind>
         <file>rtsv7M4_T_le_eabi.lib</file>
         <name>k_rem_pio2.obj</name>
      </input_file>
      <input_file id="fl-ed">
         <path>C:\ti\ccsv7\tools\compiler\ti-cgt-arm_16.9.6.LTS\lib\</path>
         <kind>archive</kind>
         <file>rtsv7M4_T_le_eabi.lib</file>
         <name>k_sin.obj</name>
      </input_file>
      <input_file id="fl-ee">
         <path>C:\ti\ccsv7\tools\compiler\ti-cgt-arm_16.9.6.LTS\lib\</path>
         <kind>archive</kind>
         <file>rtsv7M4_T_le_eabi.lib</file>
         <name>ltoa.obj</name>
      </input_file>
      <input_file id="fl-ef">
         <path>C:\ti\ccsv7\tools\compiler\ti-cgt-arm_16.9.6.LTS\lib\</path>
         <kind>archive</kind>
         <file>rtsv7M4_T_le_eabi.lib</file>
         <name>memccpy.obj</name>
      </input_file>
      <input_file id="fl-f0">
         <path>C:\ti\ccsv7\tools\compiler\ti-cgt-arm_16.9.6.LTS\lib\</path>
         <kind>archive</kind>
         <file>rtsv7M4_T_le_eabi.lib</file>
         <name>s_floor.obj</name>
      </input_file>
      <input_file id="fl-f1">
         <path>C:\ti\ccsv7\tools\compiler\ti-cgt-arm_16.9.6.LTS\lib\</path>
         <kind>archive</kind>
         <file>rtsv7M4_T_le_eabi.lib</file>
         <name>s_frexp.obj</name>
      </input_file>
      <input_file id="fl-f2">
         <path>C:\ti\ccsv7\tools\compiler\ti-cgt-arm_16.9.6.LTS\lib\</path>
         <kind>archive</kind>
         <file>rtsv7M4_T_le_eabi.lib</file>
         <name>s_scalbn.obj</name>
      </input_file>
      <input_file id="fl-f3">
         <path>C:\ti\ccsv7\tools\compiler\ti-cgt-arm_16.9.6.LTS\lib\</path>
         <kind>archive</kind>
         <file>rtsv7M4_T_le_eabi.lib</file>
         <name>startup.obj</name>
      </input_file>
      <input_file id="fl-f4">
         <path>C:\ti\ccsv7\tools\compiler\ti-cgt-arm_16.9.6.LTS\lib\</path>
         <kind>archive</kind>
         <file>rtsv7M4_T_le_eabi.lib</file>
         <name>strchr.obj</name>
      </input_file>
      <input_file id="fl-f5">
         <path>C:\ti\ccsv7\tools\compiler\ti-cgt-arm_16.9.6.LTS\lib\</path>
         <kind>archive</kind>
         <file>rtsv7M4_T_le_eabi.lib</file>
         <name>ull_div_t2.obj</name>
      </input_file>
      <input_file id="fl-f6">
         <path>C:\ti\ccsv7\tools\compiler\ti-cgt-arm_16.9.6.LTS\lib\</path>
         <kind>archive</kind>
         <file>rtsv7M4_T_le_eabi.lib</file>
         <name>errno.obj</name>
      </input_file>
      <input_file id="fl-f7">
         <path>C:\ti\ccsv7\tools\compiler\ti-cgt-arm_16.9.6.LTS\lib\</path>
         <kind>archive</kind>
         <file>rtsv7M4_T_le_eabi.lib</file>
         <name>s_copysign.obj</name>
      </input_file>
      <input_file id="fl-f8">
         <path>C:\ti\CC3200SDK_1.3.0\cc3200-sdk\driverlib\ccs\Release\</path>
         <kind>archive</kind>
         <file>driverlib.a</file>
         <name>gpio.obj</name>
      </input_file>
      <input_file id="fl-f9">
         <path>C:\ti\CC3200SDK_1.3.0\cc3200-sdk\driverlib\ccs\Release\</path>
         <kind>archive</kind>
         <file>driverlib.a</file>
         <name>interrupt.obj</name>
      </input_file>
      <input_file id="fl-fa">
         <path>C:\ti\CC3200SDK_1.3.0\cc3200-sdk\driverlib\ccs\Release\</path>
         <kind>archive</kind>
         <file>driverlib.a</file>
         <name>pin.obj</name>
      </input_file>
      <input_file id="fl-fb">
         <path>C:\ti\CC3200SDK_1.3.0\cc3200-sdk\driverlib\ccs\Release\</path>
         <kind>archive</kind>
         <file>driverlib.a</file>
         <name>prcm.obj</name>
      </input_file>
      <input_file id="fl-fc">
         <path>C:\ti\CC3200SDK_1.3.0\cc3200-sdk\driverlib\ccs\Release\</path>
         <kind>archive</kind>
         <file>driverlib.a</file>
         <name>spi.obj</name>
      </input_file>
      <input_file id="fl-fd">
         <path>C:\ti\CC3200SDK_1.3.0\cc3200-sdk\driverlib\ccs\Release\</path>
         <kind>archive</kind>
         <file>driverlib.a</file>
         <name>timer.obj</name>
      </input_file>
      <input_file id="fl-fe">
         <path>C:\ti\CC3200SDK_1.3.0\cc3200-sdk\driverlib\ccs\Release\</path>
         <kind>archive</kind>
         <file>driverlib.a</file>
         <name>uart.obj</name>
      </input_file>
      <input_file id="fl-ff">
         <path>C:\ti\CC3200SDK_1.3.0\cc3200-sdk\driverlib\ccs\Release\</path>
         <kind>archive</kind>
         <file>driverlib.a</file>
         <name>utils.obj</name>
      </input_file>
      <input_file id="fl-100">
         <path>C:\ti\CC3200SDK_1.3.0\cc3200-sdk\driverlib\ccs\Release\</path>
         <kind>archive</kind>
         <file>driverlib.a</file>
         <name>cpu.obj</name>
      </input_file>
      <input_file id="fl-101">
         <path>C:\ti\CC3200SDK_1.3.0\cc3200-sdk\driverlib\ccs\Release\</path>
         <kind>archive</kind>
         <file>driverlib.a</file>
         <name>flash.obj</name>
      </input_file>
   </input_file_list>
   <object_component_list>
      <object_component id="oc-f">
         <name>.intvecs</name>
         <load_address>0x20004000</load_address>
         <run_address>0x20004000</run_address>
         <size>0x400</size>
         <input_file_ref idref="fl-8"/>
      </object_component>
      <object_component id="oc-3b3">
         <name>.text</name>
         <load_address>0x20004400</load_address>
         <run_address>0x20004400</run_address>
         <size>0x1122</size>
         <input_file_ref idref="fl-e1"/>
      </object_component>
      <object_component id="oc-43e">
         <name>.text:IntDefaultHandler</name>
         <load_address>0x20005522</load_address>
         <run_address>0x20005522</run_address>
         <size>0x2</size>
         <input_file_ref idref="fl-f9"/>
      </object_component>
      <object_component id="oc-a8">
         <name>.text</name>
         <load_address>0x20005524</load_address>
         <run_address>0x20005524</run_address>
         <size>0xe74</size>
         <input_file_ref idref="fl-5"/>
      </object_component>
      <object_component id="oc-10e">
         <name>.text</name>
         <load_address>0x20006398</load_address>
         <run_address>0x20006398</run_address>
         <size>0xa80</size>
         <input_file_ref idref="fl-2"/>
      </object_component>
      <object_component id="oc-31a">
         <name>.text</name>
         <load_address>0x20006e18</load_address>
         <run_address>0x20006e18</run_address>
         <size>0x704</size>
         <input_file_ref idref="fl-ec"/>
      </object_component>
      <object_component id="oc-195">
         <name>.text</name>
         <load_address>0x2000751c</load_address>
         <run_address>0x2000751c</run_address>
         <size>0x5c0</size>
         <input_file_ref idref="fl-db"/>
      </object_component>
      <object_component id="oc-1a5">
         <name>.text</name>
         <load_address>0x20007adc</load_address>
         <run_address>0x20007adc</run_address>
         <size>0x5c0</size>
         <input_file_ref idref="fl-dc"/>
      </object_component>
      <object_component id="oc-1b5">
         <name>.text</name>
         <load_address>0x2000809c</load_address>
         <run_address>0x2000809c</run_address>
         <size>0x476</size>
         <input_file_ref idref="fl-3"/>
      </object_component>
      <object_component id="oc-59">
         <name>.text</name>
         <load_address>0x20008512</load_address>
         <run_address>0x20008512</run_address>
         <size>0x2</size>
         <input_file_ref idref="fl-d9"/>
      </object_component>
      <object_component id="oc-272">
         <name>.text</name>
         <load_address>0x20008514</load_address>
         <run_address>0x20008514</run_address>
         <size>0x3d0</size>
         <input_file_ref idref="fl-d7"/>
      </object_component>
      <object_component id="oc-163">
         <name>.text</name>
         <load_address>0x200088e4</load_address>
         <run_address>0x200088e4</run_address>
         <size>0x398</size>
         <input_file_ref idref="fl-4"/>
      </object_component>
      <object_component id="oc-108">
         <name>.text</name>
         <load_address>0x20008c7c</load_address>
         <run_address>0x20008c7c</run_address>
         <size>0x280</size>
         <input_file_ref idref="fl-b"/>
      </object_component>
      <object_component id="oc-447">
         <name>.text</name>
         <load_address>0x20008efc</load_address>
         <run_address>0x20008efc</run_address>
         <size>0x1f4</size>
         <input_file_ref idref="fl-f5"/>
      </object_component>
      <object_component id="oc-19b">
         <name>.text</name>
         <load_address>0x200090f0</load_address>
         <run_address>0x200090f0</run_address>
         <size>0x1b6</size>
         <input_file_ref idref="fl-cc"/>
      </object_component>
      <object_component id="oc-a0">
         <name>.text</name>
         <load_address>0x200092a6</load_address>
         <run_address>0x200092a6</run_address>
         <size>0x2</size>
         <input_file_ref idref="fl-f3"/>
      </object_component>
      <object_component id="oc-f6">
         <name>.text</name>
         <load_address>0x200092a8</load_address>
         <run_address>0x200092a8</run_address>
         <size>0x198</size>
         <input_file_ref idref="fl-a"/>
      </object_component>
      <object_component id="oc-15d">
         <name>.text:PRCMCC3200MCUInit</name>
         <load_address>0x20009440</load_address>
         <run_address>0x20009440</run_address>
         <size>0x178</size>
         <input_file_ref idref="fl-fb"/>
      </object_component>
      <object_component id="oc-320">
         <name>.text</name>
         <load_address>0x200095b8</load_address>
         <run_address>0x200095b8</run_address>
         <size>0x168</size>
         <input_file_ref idref="fl-ed"/>
      </object_component>
      <object_component id="oc-30a">
         <name>.text</name>
         <load_address>0x20009720</load_address>
         <run_address>0x20009720</run_address>
         <size>0x160</size>
         <input_file_ref idref="fl-eb"/>
      </object_component>
      <object_component id="oc-1bb">
         <name>.text</name>
         <load_address>0x20009880</load_address>
         <run_address>0x20009880</run_address>
         <size>0x144</size>
         <input_file_ref idref="fl-7"/>
      </object_component>
      <object_component id="oc-44c">
         <name>.text</name>
         <load_address>0x200099c4</load_address>
         <run_address>0x200099c4</run_address>
         <size>0x136</size>
         <input_file_ref idref="fl-e8"/>
      </object_component>
      <object_component id="oc-186">
         <name>.text</name>
         <load_address>0x20009afa</load_address>
         <run_address>0x20009afa</run_address>
         <size>0xfc</size>
         <input_file_ref idref="fl-cd"/>
      </object_component>
      <object_component id="oc-17c">
         <name>.text</name>
         <load_address>0x20009bf6</load_address>
         <run_address>0x20009bf6</run_address>
         <size>0xfa</size>
         <input_file_ref idref="fl-cf"/>
      </object_component>
      <object_component id="oc-3fb">
         <name>.text</name>
         <load_address>0x20009cf0</load_address>
         <run_address>0x20009cf0</run_address>
         <size>0xf4</size>
         <input_file_ref idref="fl-f0"/>
      </object_component>
      <object_component id="oc-3f5">
         <name>.text</name>
         <load_address>0x20009de4</load_address>
         <run_address>0x20009de4</run_address>
         <size>0xd0</size>
         <input_file_ref idref="fl-f2"/>
      </object_component>
      <object_component id="oc-395">
         <name>.text:IntDisable</name>
         <load_address>0x20009eb4</load_address>
         <run_address>0x20009eb4</run_address>
         <size>0xa8</size>
         <input_file_ref idref="fl-f9"/>
      </object_component>
      <object_component id="oc-157">
         <name>.text:IntEnable</name>
         <load_address>0x20009f5c</load_address>
         <run_address>0x20009f5c</run_address>
         <size>0xa8</size>
         <input_file_ref idref="fl-f9"/>
      </object_component>
      <object_component id="oc-126">
         <name>.text:SPIConfigSetExpClk</name>
         <load_address>0x2000a004</load_address>
         <run_address>0x2000a004</run_address>
         <size>0xa0</size>
         <input_file_ref idref="fl-fc"/>
      </object_component>
      <object_component id="oc-41">
         <name>.text</name>
         <load_address>0x2000a0a4</load_address>
         <run_address>0x2000a0a4</run_address>
         <size>0x9c</size>
         <input_file_ref idref="fl-d5"/>
      </object_component>
      <object_component id="oc-120">
         <name>.text:PRCMPeripheralClockGet</name>
         <load_address>0x2000a140</load_address>
         <run_address>0x2000a140</run_address>
         <size>0x94</size>
         <input_file_ref idref="fl-fb"/>
      </object_component>
      <object_component id="oc-422">
         <name>.text:PinConfigSet</name>
         <load_address>0x2000a1d4</load_address>
         <run_address>0x2000a1d4</run_address>
         <size>0x88</size>
         <input_file_ref idref="fl-fa"/>
      </object_component>
      <object_component id="oc-254">
         <name>.text</name>
         <load_address>0x2000a25c</load_address>
         <run_address>0x2000a25c</run_address>
         <size>0x88</size>
         <input_file_ref idref="fl-df"/>
      </object_component>
      <object_component id="oc-315">
         <name>.text:__aeabi_cdcmple</name>
         <load_address>0x2000a2e4</load_address>
         <run_address>0x2000a2e4</run_address>
         <size>0x86</size>
         <input_file_ref idref="fl-e7"/>
      </object_component>
      <object_component id="oc-401">
         <name>.text:__aeabi_cdrcmple</name>
         <load_address>0x2000a36a</load_address>
         <run_address>0x2000a36a</run_address>
         <size>0x86</size>
         <input_file_ref idref="fl-e7"/>
      </object_component>
      <object_component id="oc-1c7">
         <name>.text:GPIOIntTypeSet</name>
         <load_address>0x2000a3f0</load_address>
         <run_address>0x2000a3f0</run_address>
         <size>0x82</size>
         <input_file_ref idref="fl-f8"/>
      </object_component>
      <object_component id="oc-4d">
         <name>.text</name>
         <load_address>0x2000a472</load_address>
         <run_address>0x2000a472</run_address>
         <size>0x7a</size>
         <input_file_ref idref="fl-d8"/>
      </object_component>
      <object_component id="oc-248">
         <name>.text:UARTConfigSetExpClk</name>
         <load_address>0x2000a4ec</load_address>
         <run_address>0x2000a4ec</run_address>
         <size>0x76</size>
         <input_file_ref idref="fl-fe"/>
      </object_component>
      <object_component id="oc-226">
         <name>.text:TimerIntRegister</name>
         <load_address>0x2000a564</load_address>
         <run_address>0x2000a564</run_address>
         <size>0x70</size>
         <input_file_ref idref="fl-fd"/>
      </object_component>
      <object_component id="oc-65">
         <name>.text</name>
         <load_address>0x2000a5d4</load_address>
         <run_address>0x2000a5d4</run_address>
         <size>0x70</size>
         <input_file_ref idref="fl-e4"/>
      </object_component>
      <object_component id="oc-1a0">
         <name>.text</name>
         <load_address>0x2000a644</load_address>
         <run_address>0x2000a644</run_address>
         <size>0x6e</size>
         <input_file_ref idref="fl-ce"/>
      </object_component>
      <object_component id="oc-238">
         <name>.text:TimerIntUnregister</name>
         <load_address>0x2000a6b4</load_address>
         <run_address>0x2000a6b4</run_address>
         <size>0x68</size>
         <input_file_ref idref="fl-fd"/>
      </object_component>
      <object_component id="oc-12">
         <name>.text:decompress:lzss</name>
         <load_address>0x2000a71c</load_address>
         <run_address>0x2000a71c</run_address>
         <size>0x68</size>
         <input_file_ref idref="fl-c8"/>
      </object_component>
      <object_component id="oc-181">
         <name>.text:__aeabi_cfcmple</name>
         <load_address>0x2000a784</load_address>
         <run_address>0x2000a784</run_address>
         <size>0x60</size>
         <input_file_ref idref="fl-d0"/>
      </object_component>
      <object_component id="oc-18b">
         <name>.text:__aeabi_cfrcmple</name>
         <load_address>0x2000a7e4</load_address>
         <run_address>0x2000a7e4</run_address>
         <size>0x60</size>
         <input_file_ref idref="fl-d0"/>
      </object_component>
      <object_component id="oc-457">
         <name>.text</name>
         <load_address>0x2000a844</load_address>
         <run_address>0x2000a844</run_address>
         <size>0x5c</size>
         <input_file_ref idref="fl-f1"/>
      </object_component>
      <object_component id="oc-20e">
         <name>.text:PRCMPeripheralReset</name>
         <load_address>0x2000a8a0</load_address>
         <run_address>0x2000a8a0</run_address>
         <size>0x58</size>
         <input_file_ref idref="fl-fb"/>
      </object_component>
      <object_component id="oc-220">
         <name>.text:IntPrioritySet</name>
         <load_address>0x2000a8f8</load_address>
         <run_address>0x2000a8f8</run_address>
         <size>0x54</size>
         <input_file_ref idref="fl-f9"/>
      </object_component>
      <object_component id="oc-71">
         <name>.text</name>
         <load_address>0x2000a94c</load_address>
         <run_address>0x2000a94c</run_address>
         <size>0x54</size>
         <input_file_ref idref="fl-cb"/>
      </object_component>
      <object_component id="oc-451">
         <name>.text</name>
         <load_address>0x2000a9a0</load_address>
         <run_address>0x2000a9a0</run_address>
         <size>0x54</size>
         <input_file_ref idref="fl-ee"/>
      </object_component>
      <object_component id="oc-463">
         <name>.text</name>
         <load_address>0x2000a9f4</load_address>
         <run_address>0x2000a9f4</run_address>
         <size>0x4c</size>
         <input_file_ref idref="fl-e3"/>
      </object_component>
      <object_component id="oc-9a">
         <name>.text</name>
         <load_address>0x2000aa40</load_address>
         <run_address>0x2000aa40</run_address>
         <size>0x4c</size>
         <input_file_ref idref="fl-e5"/>
      </object_component>
      <object_component id="oc-36c">
         <name>.text:GPIOGetIntNumber</name>
         <load_address>0x2000aa8c</load_address>
         <run_address>0x2000aa8c</run_address>
         <size>0x48</size>
         <input_file_ref idref="fl-f8"/>
      </object_component>
      <object_component id="oc-305">
         <name>.text</name>
         <load_address>0x2000aad4</load_address>
         <run_address>0x2000aad4</run_address>
         <size>0x48</size>
         <input_file_ref idref="fl-e9"/>
      </object_component>
      <object_component id="oc-214">
         <name>.text:TimerConfigure</name>
         <load_address>0x2000ab1c</load_address>
         <run_address>0x2000ab1c</run_address>
         <size>0x44</size>
         <input_file_ref idref="fl-fd"/>
      </object_component>
      <object_component id="oc-34d">
         <name>.text:PinModeSet</name>
         <load_address>0x2000ab60</load_address>
         <run_address>0x2000ab60</run_address>
         <size>0x40</size>
         <input_file_ref idref="fl-fa"/>
      </object_component>
      <object_component id="oc-24">
         <name>.text</name>
         <load_address>0x2000aba0</load_address>
         <run_address>0x2000aba0</run_address>
         <size>0x40</size>
         <input_file_ref idref="fl-c7"/>
      </object_component>
      <object_component id="oc-208">
         <name>.text:PRCMPeripheralClkEnable</name>
         <load_address>0x2000abe0</load_address>
         <run_address>0x2000abe0</run_address>
         <size>0x3c</size>
         <input_file_ref idref="fl-fb"/>
      </object_component>
      <object_component id="oc-190">
         <name>.text</name>
         <load_address>0x2000ac1c</load_address>
         <run_address>0x2000ac1c</run_address>
         <size>0x38</size>
         <input_file_ref idref="fl-d1"/>
      </object_component>
      <object_component id="oc-177">
         <name>.text</name>
         <load_address>0x2000ac54</load_address>
         <run_address>0x2000ac54</run_address>
         <size>0x38</size>
         <input_file_ref idref="fl-d2"/>
      </object_component>
      <object_component id="oc-1ab">
         <name>.text</name>
         <load_address>0x2000ac8c</load_address>
         <run_address>0x2000ac8c</run_address>
         <size>0x38</size>
         <input_file_ref idref="fl-d4"/>
      </object_component>
      <object_component id="oc-359">
         <name>.text:GPIODirModeSet</name>
         <load_address>0x2000acc4</load_address>
         <run_address>0x2000acc4</run_address>
         <size>0x36</size>
         <input_file_ref idref="fl-f8"/>
      </object_component>
      <object_component id="oc-1b0">
         <name>.text</name>
         <load_address>0x2000acfa</load_address>
         <run_address>0x2000acfa</run_address>
         <size>0x34</size>
         <input_file_ref idref="fl-d3"/>
      </object_component>
      <object_component id="oc-353">
         <name>.text:PinTypeGPIO</name>
         <load_address>0x2000ad2e</load_address>
         <run_address>0x2000ad2e</run_address>
         <size>0x30</size>
         <input_file_ref idref="fl-fa"/>
      </object_component>
      <object_component id="oc-3a5">
         <name>.text:UARTDisable</name>
         <load_address>0x2000ad60</load_address>
         <run_address>0x2000ad60</run_address>
         <size>0x30</size>
         <input_file_ref idref="fl-fe"/>
      </object_component>
      <object_component id="oc-310">
         <name>.text</name>
         <load_address>0x2000ad90</load_address>
         <run_address>0x2000ad90</run_address>
         <size>0x2e</size>
         <input_file_ref idref="fl-ea"/>
      </object_component>
      <object_component id="oc-2cc">
         <name>.text:PRCMSysResetCauseGet</name>
         <load_address>0x2000adc0</load_address>
         <run_address>0x2000adc0</run_address>
         <size>0x2c</size>
         <input_file_ref idref="fl-fb"/>
      </object_component>
      <object_component id="oc-fc">
         <name>.text:TimerLoadSet</name>
         <load_address>0x2000adec</load_address>
         <run_address>0x2000adec</run_address>
         <size>0x2a</size>
         <input_file_ref idref="fl-fd"/>
      </object_component>
      <object_component id="oc-21a">
         <name>.text:TimerPrescaleSet</name>
         <load_address>0x2000ae16</load_address>
         <run_address>0x2000ae16</run_address>
         <size>0x2a</size>
         <input_file_ref idref="fl-fd"/>
      </object_component>
      <object_component id="oc-2de">
         <name>.text:PRCMPeripheralClkDisable</name>
         <load_address>0x2000ae40</load_address>
         <run_address>0x2000ae40</run_address>
         <size>0x28</size>
         <input_file_ref idref="fl-fb"/>
      </object_component>
      <object_component id="oc-39b">
         <name>.text:IntUnregister</name>
         <load_address>0x2000ae68</load_address>
         <run_address>0x2000ae68</run_address>
         <size>0x24</size>
         <input_file_ref idref="fl-f9"/>
      </object_component>
      <object_component id="oc-3ab">
         <name>.text:UARTEnable</name>
         <load_address>0x2000ae8c</load_address>
         <run_address>0x2000ae8c</run_address>
         <size>0x24</size>
         <input_file_ref idref="fl-fe"/>
      </object_component>
      <object_component id="oc-26c">
         <name>.text</name>
         <load_address>0x2000aeb0</load_address>
         <run_address>0x2000aeb0</run_address>
         <size>0x24</size>
         <input_file_ref idref="fl-d6"/>
      </object_component>
      <object_component id="oc-e4">
         <name>.text:GPIOIntStatus</name>
         <load_address>0x2000aed4</load_address>
         <run_address>0x2000aed4</run_address>
         <size>0x22</size>
         <input_file_ref idref="fl-f8"/>
      </object_component>
      <object_component id="oc-114">
         <name>.text:SPIReset</name>
         <load_address>0x2000aef6</load_address>
         <run_address>0x2000aef6</run_address>
         <size>0x22</size>
         <input_file_ref idref="fl-fc"/>
      </object_component>
      <object_component id="oc-1cd">
         <name>.text:TimerValueSet</name>
         <load_address>0x2000af18</load_address>
         <run_address>0x2000af18</run_address>
         <size>0x22</size>
         <input_file_ref idref="fl-fd"/>
      </object_component>
      <object_component id="oc-2e5">
         <name>.text:GPIOPinWrite</name>
         <load_address>0x2000af3a</load_address>
         <run_address>0x2000af3a</run_address>
         <size>0x20</size>
         <input_file_ref idref="fl-f8"/>
      </object_component>
      <object_component id="oc-372">
         <name>.text:IntRegister</name>
         <load_address>0x2000af5c</load_address>
         <run_address>0x2000af5c</run_address>
         <size>0x20</size>
         <input_file_ref idref="fl-f9"/>
      </object_component>
      <object_component id="oc-33f">
         <name>.text:SPIDataGet</name>
         <load_address>0x2000af7c</load_address>
         <run_address>0x2000af7c</run_address>
         <size>0x20</size>
         <input_file_ref idref="fl-fc"/>
      </object_component>
      <object_component id="oc-1c1">
         <name>.text:GPIOIntRegister</name>
         <load_address>0x2000af9c</load_address>
         <run_address>0x2000af9c</run_address>
         <size>0x1e</size>
         <input_file_ref idref="fl-f8"/>
      </object_component>
      <object_component id="oc-339">
         <name>.text:SPIDataPut</name>
         <load_address>0x2000afba</load_address>
         <run_address>0x2000afba</run_address>
         <size>0x1e</size>
         <input_file_ref idref="fl-fc"/>
      </object_component>
      <object_component id="oc-f0">
         <name>.text:TimerDisable</name>
         <load_address>0x2000afd8</load_address>
         <run_address>0x2000afd8</run_address>
         <size>0x1e</size>
         <input_file_ref idref="fl-fd"/>
      </object_component>
      <object_component id="oc-102">
         <name>.text:TimerEnable</name>
         <load_address>0x2000aff6</load_address>
         <run_address>0x2000aff6</run_address>
         <size>0x1e</size>
         <input_file_ref idref="fl-fd"/>
      </object_component>
      <object_component id="oc-d8">
         <name>.text:TimerIntStatus</name>
         <load_address>0x2000b014</load_address>
         <run_address>0x2000b014</run_address>
         <size>0x1e</size>
         <input_file_ref idref="fl-fd"/>
      </object_component>
      <object_component id="oc-24e">
         <name>.text:UARTCharPut</name>
         <load_address>0x2000b032</load_address>
         <run_address>0x2000b032</run_address>
         <size>0x1e</size>
         <input_file_ref idref="fl-fe"/>
      </object_component>
      <object_component id="oc-23e">
         <name>.text:TimerValueGet</name>
         <load_address>0x2000b050</load_address>
         <run_address>0x2000b050</run_address>
         <size>0x1c</size>
         <input_file_ref idref="fl-fd"/>
      </object_component>
      <object_component id="oc-260">
         <name>.text:UARTCharGetNonBlocking</name>
         <load_address>0x2000b06c</load_address>
         <run_address>0x2000b06c</run_address>
         <size>0x1c</size>
         <input_file_ref idref="fl-fe"/>
      </object_component>
      <object_component id="oc-469">
         <name>.text</name>
         <load_address>0x2000b088</load_address>
         <run_address>0x2000b088</run_address>
         <size>0x1c</size>
         <input_file_ref idref="fl-ef"/>
      </object_component>
      <object_component id="oc-169">
         <name>.text:GPIOIntDisable</name>
         <load_address>0x2000b0a4</load_address>
         <run_address>0x2000b0a4</run_address>
         <size>0x1a</size>
         <input_file_ref idref="fl-f8"/>
      </object_component>
      <object_component id="oc-16f">
         <name>.text:GPIOIntEnable</name>
         <load_address>0x2000b0be</load_address>
         <run_address>0x2000b0be</run_address>
         <size>0x1a</size>
         <input_file_ref idref="fl-f8"/>
      </object_component>
      <object_component id="oc-35f">
         <name>.text:PinTypeSPI</name>
         <load_address>0x2000b0d8</load_address>
         <run_address>0x2000b0d8</run_address>
         <size>0x1a</size>
         <input_file_ref idref="fl-fa"/>
      </object_component>
      <object_component id="oc-365">
         <name>.text:PinTypeUART</name>
         <load_address>0x2000b0f2</load_address>
         <run_address>0x2000b0f2</run_address>
         <size>0x1a</size>
         <input_file_ref idref="fl-fa"/>
      </object_component>
      <object_component id="oc-11a">
         <name>.text:SPIFIFOEnable</name>
         <load_address>0x2000b10c</load_address>
         <run_address>0x2000b10c</run_address>
         <size>0x1a</size>
         <input_file_ref idref="fl-fc"/>
      </object_component>
      <object_component id="oc-2f1">
         <name>.text:GPIOPinRead</name>
         <load_address>0x2000b126</load_address>
         <run_address>0x2000b126</run_address>
         <size>0x18</size>
         <input_file_ref idref="fl-f8"/>
      </object_component>
      <object_component id="oc-345">
         <name>.text:SPICSDisable</name>
         <load_address>0x2000b13e</load_address>
         <run_address>0x2000b13e</run_address>
         <size>0x18</size>
         <input_file_ref idref="fl-fc"/>
      </object_component>
      <object_component id="oc-333">
         <name>.text:SPICSEnable</name>
         <load_address>0x2000b156</load_address>
         <run_address>0x2000b156</run_address>
         <size>0x18</size>
         <input_file_ref idref="fl-fc"/>
      </object_component>
      <object_component id="oc-12c">
         <name>.text:SPIEnable</name>
         <load_address>0x2000b16e</load_address>
         <run_address>0x2000b16e</run_address>
         <size>0x18</size>
         <input_file_ref idref="fl-fc"/>
      </object_component>
      <object_component id="oc-232">
         <name>.text:TimerIntDisable</name>
         <load_address>0x2000b186</load_address>
         <run_address>0x2000b186</run_address>
         <size>0x18</size>
         <input_file_ref idref="fl-fd"/>
      </object_component>
      <object_component id="oc-22c">
         <name>.text:TimerIntEnable</name>
         <load_address>0x2000b19e</load_address>
         <run_address>0x2000b19e</run_address>
         <size>0x18</size>
         <input_file_ref idref="fl-fd"/>
      </object_component>
      <object_component id="oc-25a">
         <name>.text:UARTCharsAvail</name>
         <load_address>0x2000b1b6</load_address>
         <run_address>0x2000b1b6</run_address>
         <size>0x18</size>
         <input_file_ref idref="fl-fe"/>
      </object_component>
      <object_component id="oc-6b">
         <name>.text</name>
         <load_address>0x2000b1d0</load_address>
         <run_address>0x2000b1d0</run_address>
         <size>0x18</size>
         <input_file_ref idref="fl-e2"/>
      </object_component>
      <object_component id="oc-2d2">
         <name>.text:PRCMHIBRegRead</name>
         <load_address>0x2000b1e8</load_address>
         <run_address>0x2000b1e8</run_address>
         <size>0x16</size>
         <input_file_ref idref="fl-fb"/>
      </object_component>
      <object_component id="oc-2d8">
         <name>.text:PRCMHIBRegWrite</name>
         <load_address>0x2000b1fe</load_address>
         <run_address>0x2000b1fe</run_address>
         <size>0x16</size>
         <input_file_ref idref="fl-fb"/>
      </object_component>
      <object_component id="oc-45d">
         <name>.text</name>
         <load_address>0x2000b214</load_address>
         <run_address>0x2000b214</run_address>
         <size>0x16</size>
         <input_file_ref idref="fl-f4"/>
      </object_component>
      <object_component id="oc-2c1">
         <name>.text:CPUcpsie</name>
         <load_address>0x2000b22a</load_address>
         <run_address>0x2000b22a</run_address>
         <size>0x14</size>
         <input_file_ref idref="fl-100"/>
      </object_component>
      <object_component id="oc-ea">
         <name>.text:GPIOIntClear</name>
         <load_address>0x2000b23e</load_address>
         <run_address>0x2000b23e</run_address>
         <size>0x14</size>
         <input_file_ref idref="fl-f8"/>
      </object_component>
      <object_component id="oc-14b">
         <name>.text:IntVTableBaseSet</name>
         <load_address>0x2000b254</load_address>
         <run_address>0x2000b254</run_address>
         <size>0x14</size>
         <input_file_ref idref="fl-f9"/>
      </object_component>
      <object_component id="oc-1e6">
         <name>.text</name>
         <load_address>0x2000b268</load_address>
         <run_address>0x2000b268</run_address>
         <size>0x14</size>
         <input_file_ref idref="fl-e0"/>
      </object_component>
      <object_component id="oc-266">
         <name>.text</name>
         <load_address>0x2000b27c</load_address>
         <run_address>0x2000b27c</run_address>
         <size>0x14</size>
         <input_file_ref idref="fl-de"/>
      </object_component>
      <object_component id="oc-de">
         <name>.text:TimerIntClear</name>
         <load_address>0x2000b290</load_address>
         <run_address>0x2000b290</run_address>
         <size>0x12</size>
         <input_file_ref idref="fl-fd"/>
      </object_component>
      <object_component id="oc-18">
         <name>.text:decompress:none</name>
         <load_address>0x2000b2a2</load_address>
         <run_address>0x2000b2a2</run_address>
         <size>0xe</size>
         <input_file_ref idref="fl-c9"/>
      </object_component>
      <object_component id="oc-2d">
         <name>.text</name>
         <load_address>0x2000b2b0</load_address>
         <run_address>0x2000b2b0</run_address>
         <size>0xe</size>
         <input_file_ref idref="fl-8"/>
      </object_component>
      <object_component id="oc-1e">
         <name>.text:decompress:ZI</name>
         <load_address>0x2000b2be</load_address>
         <run_address>0x2000b2be</run_address>
         <size>0xc</size>
         <input_file_ref idref="fl-ca"/>
      </object_component>
      <object_component id="oc-151">
         <name>.text:IntMasterEnable</name>
         <load_address>0x2000b2ca</load_address>
         <run_address>0x2000b2ca</run_address>
         <size>0xa</size>
         <input_file_ref idref="fl-f9"/>
      </object_component>
      <object_component id="oc-489">
         <name>.text</name>
         <load_address>0x2000b2d4</load_address>
         <run_address>0x2000b2d4</run_address>
         <size>0x8</size>
         <input_file_ref idref="fl-f7"/>
      </object_component>
      <object_component id="oc-3e4">
         <name>.text:UtilsDelay</name>
         <load_address>0x2000b2dc</load_address>
         <run_address>0x2000b2dc</run_address>
         <size>0x6</size>
         <input_file_ref idref="fl-ff"/>
      </object_component>
      <object_component id="oc-5f">
         <name>.text</name>
         <load_address>0x2000b2e2</load_address>
         <run_address>0x2000b2e2</run_address>
         <size>0x4</size>
         <input_file_ref idref="fl-da"/>
      </object_component>
      <object_component id="oc-287">
         <name>.const:.string:font</name>
         <load_address>0x2000b2e8</load_address>
         <run_address>0x2000b2e8</run_address>
         <size>0x4fb</size>
         <input_file_ref idref="fl-2"/>
      </object_component>
      <object_component id="oc-406">
         <name>.const:$O1$$</name>
         <load_address>0x2000b7e8</load_address>
         <run_address>0x2000b7e8</run_address>
         <size>0x158</size>
         <input_file_ref idref="fl-ec"/>
      </object_component>
      <object_component id="oc-4ac">
         <name>.const:.string:_ctypes_</name>
         <load_address>0x2000b940</load_address>
         <run_address>0x2000b940</run_address>
         <size>0x101</size>
         <input_file_ref idref="fl-e6"/>
      </object_component>
      <object_component id="oc-41e">
         <name>.const:g_ulPinToPadMap</name>
         <load_address>0x2000ba44</load_address>
         <run_address>0x2000ba44</run_address>
         <size>0x100</size>
         <input_file_ref idref="fl-fa"/>
      </object_component>
      <object_component id="oc-38d">
         <name>.const:g_pulRegs</name>
         <load_address>0x2000bb44</load_address>
         <run_address>0x2000bb44</run_address>
         <size>0xd4</size>
         <input_file_ref idref="fl-f9"/>
      </object_component>
      <object_component id="oc-385">
         <name>.const:PRCM_PeriphRegsList</name>
         <load_address>0x2000bc18</load_address>
         <run_address>0x2000bc18</run_address>
         <size>0xa8</size>
         <input_file_ref idref="fl-fb"/>
      </object_component>
      <object_component id="oc-2c8">
         <name>.const</name>
         <load_address>0x2000bcc0</load_address>
         <run_address>0x2000bcc0</run_address>
         <size>0x80</size>
         <input_file_ref idref="fl-f9"/>
      </object_component>
      <object_component id="oc-2bd">
         <name>.const:.string</name>
         <load_address>0x2000bd40</load_address>
         <run_address>0x2000bd40</run_address>
         <size>0x2c</size>
         <input_file_ref idref="fl-5"/>
      </object_component>
      <object_component id="oc-4f3">
         <name>.cinit..data.load</name>
         <load_address>0x2000bd70</load_address>
         <run_address>0x2000bd70</run_address>
         <size>0xba</size>
      </object_component>
      <object_component id="oc-4f1">
         <name>__TI_handler_table</name>
         <load_address>0x2000be2c</load_address>
         <run_address>0x2000be2c</run_address>
         <size>0xc</size>
      </object_component>
      <object_component id="oc-4f4">
         <name>.cinit..bss.load</name>
         <load_address>0x2000be38</load_address>
         <run_address>0x2000be38</run_address>
         <size>0x8</size>
      </object_component>
      <object_component id="oc-4f2">
         <name>__TI_cinit_table</name>
         <load_address>0x2000be40</load_address>
         <run_address>0x2000be40</run_address>
         <size>0x10</size>
      </object_component>
      <object_component id="oc-28a">
         <name>.data</name>
         <load_address>0x2001f6d0</load_address>
         <run_address>0x2001f6d0</run_address>
         <size>0x15</size>
         <input_file_ref idref="fl-2"/>
      </object_component>
      <object_component id="oc-2f9">
         <name>.data:ulReg</name>
         <load_address>0x2001f6e8</load_address>
         <run_address>0x2001f6e8</run_address>
         <size>0x14</size>
         <input_file_ref idref="fl-4"/>
      </object_component>
      <object_component id="oc-2eb">
         <name>.data</name>
         <load_address>0x2001f714</load_address>
         <run_address>0x2001f714</run_address>
         <size>0xc</size>
         <input_file_ref idref="fl-4"/>
      </object_component>
      <object_component id="oc-13a">
         <name>.data:gpioin</name>
         <load_address>0x2001f728</load_address>
         <run_address>0x2001f728</run_address>
         <size>0x8</size>
         <input_file_ref idref="fl-5"/>
      </object_component>
      <object_component id="oc-147">
         <name>.data</name>
         <load_address>0x2001f6b8</load_address>
         <run_address>0x2001f6b8</run_address>
         <size>0x18</size>
         <input_file_ref idref="fl-5"/>
      </object_component>
      <object_component id="oc-136">
         <name>.data:buttons</name>
         <load_address>0x2001f000</load_address>
         <run_address>0x2001f000</run_address>
         <size>0x690</size>
         <input_file_ref idref="fl-5"/>
      </object_component>
      <object_component id="oc-1d3">
         <name>.data:pong</name>
         <load_address>0x2001f690</load_address>
         <run_address>0x2001f690</run_address>
         <size>0x28</size>
         <input_file_ref idref="fl-5"/>
      </object_component>
      <object_component id="oc-1d6">
         <name>.data:player1</name>
         <load_address>0x2001f730</load_address>
         <run_address>0x2001f730</run_address>
         <size>0x8</size>
         <input_file_ref idref="fl-5"/>
      </object_component>
      <object_component id="oc-1d9">
         <name>.data:player2</name>
         <load_address>0x2001f738</load_address>
         <run_address>0x2001f738</run_address>
         <size>0x8</size>
         <input_file_ref idref="fl-5"/>
      </object_component>
      <object_component id="oc-b0">
         <name>.data:$O1$$</name>
         <load_address>0x2001f6fc</load_address>
         <run_address>0x2001f6fc</run_address>
         <size>0xc</size>
         <input_file_ref idref="fl-cb"/>
      </object_component>
      <object_component id="oc-3cb">
         <name>.data:$O1$$</name>
         <load_address>0x2001f708</load_address>
         <run_address>0x2001f708</run_address>
         <size>0xc</size>
         <input_file_ref idref="fl-d7"/>
      </object_component>
      <object_component id="oc-77">
         <name>.data</name>
         <load_address>0x2001f744</load_address>
         <run_address>0x2001f744</run_address>
         <size>0x4</size>
         <input_file_ref idref="fl-dd"/>
      </object_component>
      <object_component id="oc-b3">
         <name>.data:$O1$$</name>
         <load_address>0x2001f720</load_address>
         <run_address>0x2001f720</run_address>
         <size>0x8</size>
         <input_file_ref idref="fl-e0"/>
      </object_component>
      <object_component id="oc-48f">
         <name>.data</name>
         <load_address>0x2001f740</load_address>
         <run_address>0x2001f740</run_address>
         <size>0x4</size>
         <input_file_ref idref="fl-f6"/>
      </object_component>
      <object_component id="oc-278">
         <name>.bss</name>
         <uninitialized>true</uninitialized>
         <run_address>0x2001f998</run_address>
         <size>0x4</size>
         <input_file_ref idref="fl-b"/>
      </object_component>
      <object_component id="oc-2ee">
         <name>.common:g_ucLED1Pin</name>
         <uninitialized>true</uninitialized>
         <run_address>0x2001f9bd</run_address>
         <size>0x1</size>
      </object_component>
      <object_component id="oc-2f7">
         <name>.common:g_ucLED2Pin</name>
         <uninitialized>true</uninitialized>
         <run_address>0x2001f9be</run_address>
         <size>0x1</size>
      </object_component>
      <object_component id="oc-2f8">
         <name>.common:g_ucLED3Pin</name>
         <uninitialized>true</uninitialized>
         <run_address>0x2001f9bf</run_address>
         <size>0x1</size>
      </object_component>
      <object_component id="oc-146">
         <name>.common:g_ucConnectionSSID</name>
         <uninitialized>true</uninitialized>
         <run_address>0x2001f96c</run_address>
         <size>0x24</size>
      </object_component>
      <object_component id="oc-14a">
         <name>.common:g_ucConnectionBSSID</name>
         <uninitialized>true</uninitialized>
         <run_address>0x2001f990</run_address>
         <size>0x8</size>
      </object_component>
      <object_component id="oc-13d">
         <name>.common:time</name>
         <uninitialized>true</uninitialized>
         <run_address>0x2001f9b8</run_address>
         <size>0x4</size>
      </object_component>
      <object_component id="oc-13e">
         <name>.common:interruptCounter</name>
         <uninitialized>true</uninitialized>
         <run_address>0x2001f9a8</run_address>
         <size>0x4</size>
      </object_component>
      <object_component id="oc-141">
         <name>.common:pulseCounter</name>
         <uninitialized>true</uninitialized>
         <run_address>0x2001f9ac</run_address>
         <size>0x4</size>
      </object_component>
      <object_component id="oc-176">
         <name>.common:deleteFlag</name>
         <uninitialized>true</uninitialized>
         <run_address>0x2001f9a4</run_address>
         <size>0x4</size>
      </object_component>
      <object_component id="oc-175">
         <name>.common:currRead</name>
         <uninitialized>true</uninitialized>
         <run_address>0x2001f9bc</run_address>
         <size>0x1</size>
      </object_component>
      <object_component id="oc-144">
         <name>.common:buffer</name>
         <uninitialized>true</uninitialized>
         <run_address>0x2001f8ec</run_address>
         <size>0x40</size>
      </object_component>
      <object_component id="oc-145">
         <name>.common:receiverBuffer</name>
         <uninitialized>true</uninitialized>
         <run_address>0x2001f92c</run_address>
         <size>0x40</size>
      </object_component>
      <object_component id="oc-132">
         <name>.common:_time</name>
         <uninitialized>true</uninitialized>
         <run_address>0x2001f9a0</run_address>
         <size>0x4</size>
      </object_component>
      <object_component id="oc-135">
         <name>.common:_readTime</name>
         <uninitialized>true</uninitialized>
         <run_address>0x2001f99c</run_address>
         <size>0x4</size>
      </object_component>
      <object_component id="oc-140">
         <name>.common:timeInterval</name>
         <uninitialized>true</uninitialized>
         <run_address>0x2001f7d4</run_address>
         <size>0x8c</size>
      </object_component>
      <object_component id="oc-13f">
         <name>.common:timeOfInterrupt</name>
         <uninitialized>true</uninitialized>
         <run_address>0x2001f860</run_address>
         <size>0x8c</size>
      </object_component>
      <object_component id="oc-139">
         <name>.common:bitSequence</name>
         <uninitialized>true</uninitialized>
         <run_address>0x2001f748</run_address>
         <size>0x8c</size>
      </object_component>
      <object_component id="oc-143">
         <name>.common:receiverLineNumber</name>
         <uninitialized>true</uninitialized>
         <run_address>0x2001f9b4</run_address>
         <size>0x4</size>
      </object_component>
      <object_component id="oc-142">
         <name>.common:readIndex</name>
         <uninitialized>true</uninitialized>
         <run_address>0x2001f9b0</run_address>
         <size>0x4</size>
      </object_component>
      <object_component id="oc-2a">
         <name>.sysmem</name>
         <uninitialized>true</uninitialized>
         <run_address>0x20017000</run_address>
         <size>0x8</size>
         <input_file_ref idref="fl-d7"/>
      </object_component>
      <object_component id="oc-4f6">
         <name>.sysmem</name>
         <uninitialized>true</uninitialized>
         <run_address>0x20017000</run_address>
         <size>0x0</size>
      </object_component>
      <object_component id="oc-29">
         <name>.stack</name>
         <uninitialized>true</uninitialized>
         <run_address>0x2002f000</run_address>
         <size>0x0</size>
         <input_file_ref idref="fl-c7"/>
      </object_component>
      <object_component id="oc-4f5">
         <name>.stack</name>
         <uninitialized>true</uninitialized>
         <run_address>0x2002f000</run_address>
         <size>0x0</size>
      </object_component>
      <object_component id="oc-28e">
         <name>.debug_info</name>
         <load_address>0x0</load_address>
         <run_address>0x0</run_address>
         <size>0x23c</size>
         <input_file_ref idref="fl-2"/>
      </object_component>
      <object_component id="oc-288">
         <name>.debug_info</name>
         <load_address>0x23c</load_address>
         <run_address>0x23c</run_address>
         <size>0xd5</size>
         <input_file_ref idref="fl-2"/>
      </object_component>
      <object_component id="oc-28b">
         <name>.debug_info</name>
         <load_address>0x311</load_address>
         <run_address>0x311</run_address>
         <size>0x183</size>
         <input_file_ref idref="fl-2"/>
      </object_component>
      <object_component id="oc-10f">
         <name>.debug_info</name>
         <load_address>0x494</load_address>
         <run_address>0x494</run_address>
         <size>0x14df</size>
         <input_file_ref idref="fl-2"/>
      </object_component>
      <object_component id="oc-3c">
         <name>.debug_info</name>
         <load_address>0x1973</load_address>
         <run_address>0x1973</run_address>
         <size>0x84</size>
         <input_file_ref idref="fl-2"/>
      </object_component>
      <object_component id="oc-34c">
         <name>.debug_info</name>
         <load_address>0x19f7</load_address>
         <run_address>0x19f7</run_address>
         <size>0x21e</size>
         <input_file_ref idref="fl-3"/>
      </object_component>
      <object_component id="oc-1b7">
         <name>.debug_info</name>
         <load_address>0x1c15</load_address>
         <run_address>0x1c15</run_address>
         <size>0xe18</size>
         <input_file_ref idref="fl-3"/>
      </object_component>
      <object_component id="oc-434">
         <name>.debug_info</name>
         <load_address>0x2a2d</load_address>
         <run_address>0x2a2d</run_address>
         <size>0x62</size>
         <input_file_ref idref="fl-3"/>
      </object_component>
      <object_component id="oc-1ff">
         <name>.debug_info</name>
         <load_address>0x2a8f</load_address>
         <run_address>0x2a8f</run_address>
         <size>0x2c</size>
         <input_file_ref idref="fl-3"/>
      </object_component>
      <object_component id="oc-91">
         <name>.debug_info</name>
         <load_address>0x2abb</load_address>
         <run_address>0x2abb</run_address>
         <size>0x2c</size>
         <input_file_ref idref="fl-3"/>
      </object_component>
      <object_component id="oc-2ef">
         <name>.debug_info</name>
         <load_address>0x2ae7</load_address>
         <run_address>0x2ae7</run_address>
         <size>0x353</size>
         <input_file_ref idref="fl-4"/>
      </object_component>
      <object_component id="oc-2fa">
         <name>.debug_info</name>
         <load_address>0x2e3a</load_address>
         <run_address>0x2e3a</run_address>
         <size>0xff</size>
         <input_file_ref idref="fl-4"/>
      </object_component>
      <object_component id="oc-2ec">
         <name>.debug_info</name>
         <load_address>0x2f39</load_address>
         <run_address>0x2f39</run_address>
         <size>0x160</size>
         <input_file_ref idref="fl-4"/>
      </object_component>
      <object_component id="oc-166">
         <name>.debug_info</name>
         <load_address>0x3099</load_address>
         <run_address>0x3099</run_address>
         <size>0xf04</size>
         <input_file_ref idref="fl-4"/>
      </object_component>
      <object_component id="oc-27d">
         <name>.debug_info</name>
         <load_address>0x3f9d</load_address>
         <run_address>0x3f9d</run_address>
         <size>0x4e</size>
         <input_file_ref idref="fl-4"/>
      </object_component>
      <object_component id="oc-133">
         <name>.debug_info</name>
         <load_address>0x3feb</load_address>
         <run_address>0x3feb</run_address>
         <size>0xec5</size>
         <input_file_ref idref="fl-5"/>
      </object_component>
      <object_component id="oc-13b">
         <name>.debug_info</name>
         <load_address>0x4eb0</load_address>
         <run_address>0x4eb0</run_address>
         <size>0xd1</size>
         <input_file_ref idref="fl-5"/>
      </object_component>
      <object_component id="oc-148">
         <name>.debug_info</name>
         <load_address>0x4f81</load_address>
         <run_address>0x4f81</run_address>
         <size>0x1a1</size>
         <input_file_ref idref="fl-5"/>
      </object_component>
      <object_component id="oc-137">
         <name>.debug_info</name>
         <load_address>0x5122</load_address>
         <run_address>0x5122</run_address>
         <size>0xd4</size>
         <input_file_ref idref="fl-5"/>
      </object_component>
      <object_component id="oc-1d4">
         <name>.debug_info</name>
         <load_address>0x51f6</load_address>
         <run_address>0x51f6</run_address>
         <size>0xcd</size>
         <input_file_ref idref="fl-5"/>
      </object_component>
      <object_component id="oc-1d7">
         <name>.debug_info</name>
         <load_address>0x52c3</load_address>
         <run_address>0x52c3</run_address>
         <size>0xd3</size>
         <input_file_ref idref="fl-5"/>
      </object_component>
      <object_component id="oc-1da">
         <name>.debug_info</name>
         <load_address>0x5396</load_address>
         <run_address>0x5396</run_address>
         <size>0xd3</size>
         <input_file_ref idref="fl-5"/>
      </object_component>
      <object_component id="oc-a9">
         <name>.debug_info</name>
         <load_address>0x5469</load_address>
         <run_address>0x5469</run_address>
         <size>0x13ca</size>
         <input_file_ref idref="fl-5"/>
      </object_component>
      <object_component id="oc-2a5">
         <name>.debug_info</name>
         <load_address>0x6833</load_address>
         <run_address>0x6833</run_address>
         <size>0x46a</size>
         <input_file_ref idref="fl-5"/>
      </object_component>
      <object_component id="oc-3da">
         <name>.debug_info</name>
         <load_address>0x6c9d</load_address>
         <run_address>0x6c9d</run_address>
         <size>0x92</size>
         <input_file_ref idref="fl-5"/>
      </object_component>
      <object_component id="oc-29b">
         <name>.debug_info</name>
         <load_address>0x6d2f</load_address>
         <run_address>0x6d2f</run_address>
         <size>0x87f</size>
         <input_file_ref idref="fl-5"/>
      </object_component>
      <object_component id="oc-2a0">
         <name>.debug_info</name>
         <load_address>0x75ae</load_address>
         <run_address>0x75ae</run_address>
         <size>0x611</size>
         <input_file_ref idref="fl-5"/>
      </object_component>
      <object_component id="oc-296">
         <name>.debug_info</name>
         <load_address>0x7bbf</load_address>
         <run_address>0x7bbf</run_address>
         <size>0xa71</size>
         <input_file_ref idref="fl-5"/>
      </object_component>
      <object_component id="oc-2b4">
         <name>.debug_info</name>
         <load_address>0x8630</load_address>
         <run_address>0x8630</run_address>
         <size>0x242</size>
         <input_file_ref idref="fl-5"/>
      </object_component>
      <object_component id="oc-2aa">
         <name>.debug_info</name>
         <load_address>0x8872</load_address>
         <run_address>0x8872</run_address>
         <size>0xc4</size>
         <input_file_ref idref="fl-5"/>
      </object_component>
      <object_component id="oc-2af">
         <name>.debug_info</name>
         <load_address>0x8936</load_address>
         <run_address>0x8936</run_address>
         <size>0x6c8</size>
         <input_file_ref idref="fl-5"/>
      </object_component>
      <object_component id="oc-3d3">
         <name>.debug_info</name>
         <load_address>0x8ffe</load_address>
         <run_address>0x8ffe</run_address>
         <size>0x3f5</size>
         <input_file_ref idref="fl-6"/>
      </object_component>
      <object_component id="oc-282">
         <name>.debug_info</name>
         <load_address>0x93f3</load_address>
         <run_address>0x93f3</run_address>
         <size>0x110</size>
         <input_file_ref idref="fl-6"/>
      </object_component>
      <object_component id="oc-1bd">
         <name>.debug_info</name>
         <load_address>0x9503</load_address>
         <run_address>0x9503</run_address>
         <size>0x3e8</size>
         <input_file_ref idref="fl-7"/>
      </object_component>
      <object_component id="oc-35">
         <name>.debug_info</name>
         <load_address>0x98eb</load_address>
         <run_address>0x98eb</run_address>
         <size>0x193</size>
         <input_file_ref idref="fl-8"/>
      </object_component>
      <object_component id="oc-10">
         <name>.debug_info</name>
         <load_address>0x9a7e</load_address>
         <run_address>0x9a7e</run_address>
         <size>0x112</size>
         <input_file_ref idref="fl-8"/>
      </object_component>
      <object_component id="oc-2e">
         <name>.debug_info</name>
         <load_address>0x9b90</load_address>
         <run_address>0x9b90</run_address>
         <size>0x433</size>
         <input_file_ref idref="fl-8"/>
      </object_component>
      <object_component id="oc-245">
         <name>.debug_info</name>
         <load_address>0x9fc3</load_address>
         <run_address>0x9fc3</run_address>
         <size>0x458</size>
         <input_file_ref idref="fl-a"/>
      </object_component>
      <object_component id="oc-f9">
         <name>.debug_info</name>
         <load_address>0xa41b</load_address>
         <run_address>0xa41b</run_address>
         <size>0xa08</size>
         <input_file_ref idref="fl-a"/>
      </object_component>
      <object_component id="oc-27c">
         <name>.debug_info</name>
         <load_address>0xae23</load_address>
         <run_address>0xae23</run_address>
         <size>0x3c8</size>
         <input_file_ref idref="fl-b"/>
      </object_component>
      <object_component id="oc-279">
         <name>.debug_info</name>
         <load_address>0xb1eb</load_address>
         <run_address>0xb1eb</run_address>
         <size>0xdc</size>
         <input_file_ref idref="fl-b"/>
      </object_component>
      <object_component id="oc-109">
         <name>.debug_info</name>
         <load_address>0xb2c7</load_address>
         <run_address>0xb2c7</run_address>
         <size>0x642</size>
         <input_file_ref idref="fl-b"/>
      </object_component>
      <object_component id="oc-26">
         <name>.debug_info</name>
         <load_address>0xb909</load_address>
         <run_address>0xb909</run_address>
         <size>0x160</size>
         <input_file_ref idref="fl-c7"/>
      </object_component>
      <object_component id="oc-87">
         <name>.debug_info</name>
         <load_address>0xba69</load_address>
         <run_address>0xba69</run_address>
         <size>0x165</size>
         <input_file_ref idref="fl-c8"/>
      </object_component>
      <object_component id="oc-13">
         <name>.debug_info</name>
         <load_address>0xbbce</load_address>
         <run_address>0xbbce</run_address>
         <size>0x245</size>
         <input_file_ref idref="fl-c8"/>
      </object_component>
      <object_component id="oc-37">
         <name>.debug_info</name>
         <load_address>0xbe13</load_address>
         <run_address>0xbe13</run_address>
         <size>0x60</size>
         <input_file_ref idref="fl-c8"/>
      </object_component>
      <object_component id="oc-82">
         <name>.debug_info</name>
         <load_address>0xbe73</load_address>
         <run_address>0xbe73</run_address>
         <size>0x46</size>
         <input_file_ref idref="fl-c8"/>
      </object_component>
      <object_component id="oc-4c">
         <name>.debug_info</name>
         <load_address>0xbeb9</load_address>
         <run_address>0xbeb9</run_address>
         <size>0x1ac</size>
         <input_file_ref idref="fl-c9"/>
      </object_component>
      <object_component id="oc-19">
         <name>.debug_info</name>
         <load_address>0xc065</load_address>
         <run_address>0xc065</run_address>
         <size>0x1df</size>
         <input_file_ref idref="fl-c9"/>
      </object_component>
      <object_component id="oc-47">
         <name>.debug_info</name>
         <load_address>0xc244</load_address>
         <run_address>0xc244</run_address>
         <size>0x46</size>
         <input_file_ref idref="fl-c9"/>
      </object_component>
      <object_component id="oc-89">
         <name>.debug_info</name>
         <load_address>0xc28a</load_address>
         <run_address>0xc28a</run_address>
         <size>0x2c</size>
         <input_file_ref idref="fl-c9"/>
      </object_component>
      <object_component id="oc-58">
         <name>.debug_info</name>
         <load_address>0xc2b6</load_address>
         <run_address>0xc2b6</run_address>
         <size>0x19b</size>
         <input_file_ref idref="fl-ca"/>
      </object_component>
      <object_component id="oc-21">
         <name>.debug_info</name>
         <load_address>0xc451</load_address>
         <run_address>0xc451</run_address>
         <size>0x1aa</size>
         <input_file_ref idref="fl-ca"/>
      </object_component>
      <object_component id="oc-53">
         <name>.debug_info</name>
         <load_address>0xc5fb</load_address>
         <run_address>0xc5fb</run_address>
         <size>0x46</size>
         <input_file_ref idref="fl-ca"/>
      </object_component>
      <object_component id="oc-b7">
         <name>.debug_info</name>
         <load_address>0xc641</load_address>
         <run_address>0xc641</run_address>
         <size>0x2a0</size>
         <input_file_ref idref="fl-cb"/>
      </object_component>
      <object_component id="oc-b1">
         <name>.debug_info</name>
         <load_address>0xc8e1</load_address>
         <run_address>0xc8e1</run_address>
         <size>0x185</size>
         <input_file_ref idref="fl-cb"/>
      </object_component>
      <object_component id="oc-72">
         <name>.debug_info</name>
         <load_address>0xca66</load_address>
         <run_address>0xca66</run_address>
         <size>0x214</size>
         <input_file_ref idref="fl-cb"/>
      </object_component>
      <object_component id="oc-19d">
         <name>.debug_info</name>
         <load_address>0xcc7a</load_address>
         <run_address>0xcc7a</run_address>
         <size>0x144</size>
         <input_file_ref idref="fl-cc"/>
      </object_component>
      <object_component id="oc-187">
         <name>.debug_info</name>
         <load_address>0xcdbe</load_address>
         <run_address>0xcdbe</run_address>
         <size>0x132</size>
         <input_file_ref idref="fl-cd"/>
      </object_component>
      <object_component id="oc-1a1">
         <name>.debug_info</name>
         <load_address>0xcef0</load_address>
         <run_address>0xcef0</run_address>
         <size>0x136</size>
         <input_file_ref idref="fl-ce"/>
      </object_component>
      <object_component id="oc-17d">
         <name>.debug_info</name>
         <load_address>0xd026</load_address>
         <run_address>0xd026</run_address>
         <size>0x138</size>
         <input_file_ref idref="fl-cf"/>
      </object_component>
      <object_component id="oc-182">
         <name>.debug_info</name>
         <load_address>0xd15e</load_address>
         <run_address>0xd15e</run_address>
         <size>0x144</size>
         <input_file_ref idref="fl-d0"/>
      </object_component>
      <object_component id="oc-18c">
         <name>.debug_info</name>
         <load_address>0xd2a2</load_address>
         <run_address>0xd2a2</run_address>
         <size>0x146</size>
         <input_file_ref idref="fl-d0"/>
      </object_component>
      <object_component id="oc-191">
         <name>.debug_info</name>
         <load_address>0xd3e8</load_address>
         <run_address>0xd3e8</run_address>
         <size>0x124</size>
         <input_file_ref idref="fl-d1"/>
      </object_component>
      <object_component id="oc-179">
         <name>.debug_info</name>
         <load_address>0xd50c</load_address>
         <run_address>0xd50c</run_address>
         <size>0x126</size>
         <input_file_ref idref="fl-d2"/>
      </object_component>
      <object_component id="oc-1b2">
         <name>.debug_info</name>
         <load_address>0xd632</load_address>
         <run_address>0xd632</run_address>
         <size>0x141</size>
         <input_file_ref idref="fl-d3"/>
      </object_component>
      <object_component id="oc-1ae">
         <name>.debug_info</name>
         <load_address>0xd773</load_address>
         <run_address>0xd773</run_address>
         <size>0x121</size>
         <input_file_ref idref="fl-d4"/>
      </object_component>
      <object_component id="oc-42">
         <name>.debug_info</name>
         <load_address>0xd894</load_address>
         <run_address>0xd894</run_address>
         <size>0x111</size>
         <input_file_ref idref="fl-d5"/>
      </object_component>
      <object_component id="oc-3ca">
         <name>.debug_info</name>
         <load_address>0xd9a5</load_address>
         <run_address>0xd9a5</run_address>
         <size>0x198</size>
         <input_file_ref idref="fl-d6"/>
      </object_component>
      <object_component id="oc-26e">
         <name>.debug_info</name>
         <load_address>0xdb3d</load_address>
         <run_address>0xdb3d</run_address>
         <size>0x1ab</size>
         <input_file_ref idref="fl-d6"/>
      </object_component>
      <object_component id="oc-7d">
         <name>.debug_info</name>
         <load_address>0xdce8</load_address>
         <run_address>0xdce8</run_address>
         <size>0x28e</size>
         <input_file_ref idref="fl-d7"/>
      </object_component>
      <object_component id="oc-2b">
         <name>.debug_info</name>
         <load_address>0xdf76</load_address>
         <run_address>0xdf76</run_address>
         <size>0x101</size>
         <input_file_ref idref="fl-d7"/>
      </object_component>
      <object_component id="oc-3cc">
         <name>.debug_info</name>
         <load_address>0xe077</load_address>
         <run_address>0xe077</run_address>
         <size>0x14c</size>
         <input_file_ref idref="fl-d7"/>
      </object_component>
      <object_component id="oc-274">
         <name>.debug_info</name>
         <load_address>0xe1c3</load_address>
         <run_address>0xe1c3</run_address>
         <size>0x885</size>
         <input_file_ref idref="fl-d7"/>
      </object_component>
      <object_component id="oc-bd">
         <name>.debug_info</name>
         <load_address>0xea48</load_address>
         <run_address>0xea48</run_address>
[...]
         <object_component_ref idref="oc-41"/>
      </symbol>
      <symbol id="sm-4a6">
         <name>memmove</name>
         <value>0x2000aeb1</value>
         <object_component_ref idref="oc-26c"/>
      </symbol>
      <symbol id="sm-51d">
         <name>_sys_memory</name>
         <value>0x20017000</value>
         <object_component_ref idref="oc-2a"/>
      </symbol>
      <symbol id="sm-51e">
         <name>free</name>
         <value>0x200085ff</value>
         <object_component_ref idref="oc-272"/>
      </symbol>
      <symbol id="sm-51f">
         <name>realloc</name>
         <value>0x200086bf</value>
         <object_component_ref idref="oc-272"/>
      </symbol>
      <symbol id="sm-520">
         <name>memalign</name>
         <value>0x200087c9</value>
         <object_component_ref idref="oc-272"/>
      </symbol>
      <symbol id="sm-521">
         <name>calloc</name>
         <value>0x200088b5</value>
         <object_component_ref idref="oc-272"/>
      </symbol>
      <symbol id="sm-522">
         <name>malloc</name>
         <value>0x20008595</value>
         <object_component_ref idref="oc-272"/>
      </symbol>
      <symbol id="sm-523">
         <name>minit</name>
         <value>0x20008515</value>
         <object_component_ref idref="oc-272"/>
      </symbol>
      <symbol id="sm-532">
         <name>__aeabi_memset</name>
         <value>0x2000a475</value>
         <object_component_ref idref="oc-4d"/>
      </symbol>
      <symbol id="sm-533">
         <name>memset</name>
         <value>0x2000a47b</value>
         <object_component_ref idref="oc-4d"/>
      </symbol>
      <symbol id="sm-534">
         <name>__aeabi_memset8</name>
         <value>0x2000a475</value>
         <object_component_ref idref="oc-4d"/>
      </symbol>
      <symbol id="sm-535">
         <name>__aeabi_memset4</name>
         <value>0x2000a475</value>
         <object_component_ref idref="oc-4d"/>
      </symbol>
      <symbol id="sm-536">
         <name>__aeabi_memclr8</name>
         <value>0x2000a473</value>
         <object_component_ref idref="oc-4d"/>
      </symbol>
      <symbol id="sm-537">
         <name>__aeabi_memclr4</name>
         <value>0x2000a473</value>
         <object_component_ref idref="oc-4d"/>
      </symbol>
      <symbol id="sm-538">
         <name>__aeabi_memclr</name>
         <value>0x2000a473</value>
         <object_component_ref idref="oc-4d"/>
      </symbol>
      <symbol id="sm-542">
         <name>__mpu_init</name>
         <value>0x20008513</value>
         <object_component_ref idref="oc-59"/>
      </symbol>
      <symbol id="sm-54c">
         <name>_system_pre_init</name>
         <value>0x2000b2e3</value>
         <object_component_ref idref="oc-5f"/>
      </symbol>
      <symbol id="sm-5a2">
         <name>cosl</name>
         <value>0x2000751d</value>
         <object_component_ref idref="oc-195"/>
      </symbol>
      <symbol id="sm-5a3">
         <name>cos</name>
         <value>0x2000751d</value>
         <object_component_ref idref="oc-195"/>
      </symbol>
      <symbol id="sm-5f2">
         <name>sin</name>
         <value>0x20007add</value>
         <object_component_ref idref="oc-1a5"/>
      </symbol>
      <symbol id="sm-5f3">
         <name>sinl</name>
         <value>0x20007add</value>
         <object_component_ref idref="oc-1a5"/>
      </symbol>
      <symbol id="sm-5fb">
         <name>main_func_sp</name>
         <value>0x2001f744</value>
         <object_component_ref idref="oc-77"/>
      </symbol>
      <symbol id="sm-609">
         <name>strlen</name>
         <value>0x2000b27d</value>
         <object_component_ref idref="oc-266"/>
      </symbol>
      <symbol id="sm-62a">
         <name>vsnprintf</name>
         <value>0x2000a25d</value>
         <object_component_ref idref="oc-254"/>
      </symbol>
      <symbol id="sm-643">
         <name>_nop</name>
         <value>0x2000b277</value>
         <object_component_ref idref="oc-1e6"/>
      </symbol>
      <symbol id="sm-644">
         <name>_lock</name>
         <value>0x2001f720</value>
         <object_component_ref idref="oc-b3"/>
      </symbol>
      <symbol id="sm-645">
         <name>_unlock</name>
         <value>0x2001f724</value>
         <object_component_ref idref="oc-b3"/>
      </symbol>
      <symbol id="sm-646">
         <name>_register_lock</name>
         <value>0x2000b26f</value>
         <object_component_ref idref="oc-1e6"/>
      </symbol>
      <symbol id="sm-647">
         <name>_register_unlock</name>
         <value>0x2000b269</value>
         <object_component_ref idref="oc-1e6"/>
      </symbol>
      <symbol id="sm-748">
         <name>__TI_printfi</name>
         <value>0x20004c39</value>
         <object_component_ref idref="oc-3b3"/>
      </symbol>
      <symbol id="sm-75c">
         <name>_args_main</name>
         <value>0x2000b1d1</value>
         <object_component_ref idref="oc-6b"/>
      </symbol>
      <symbol id="sm-772">
         <name>atoi</name>
         <value>0x2000a9f5</value>
         <object_component_ref idref="oc-463"/>
      </symbol>
      <symbol id="sm-79c">
         <name>__TI_auto_init</name>
         <value>0x2000a5d5</value>
         <object_component_ref idref="oc-65"/>
      </symbol>
      <symbol id="sm-7b6">
         <name>copy_in</name>
         <value>0x2000aa41</value>
         <object_component_ref idref="oc-9a"/>
      </symbol>
      <symbol id="sm-7c1">
         <name>_ctypes_</name>
         <value>0x2000b940</value>
         <object_component_ref idref="oc-4ac"/>
      </symbol>
      <symbol id="sm-7e3">
         <name>__aeabi_cdcmpeq</name>
         <value>0x2000a2e5</value>
         <object_component_ref idref="oc-315"/>
      </symbol>
      <symbol id="sm-7e4">
         <name>__aeabi_cdcmple</name>
         <value>0x2000a2e5</value>
         <object_component_ref idref="oc-315"/>
      </symbol>
      <symbol id="sm-7e5">
         <name>__aeabi_cdrcmple</name>
         <value>0x2000a36b</value>
         <object_component_ref idref="oc-401"/>
      </symbol>
      <symbol id="sm-7f9">
         <name>__aeabi_ddiv</name>
         <value>0x200099c5</value>
         <object_component_ref idref="oc-44c"/>
      </symbol>
      <symbol id="sm-803">
         <name>__aeabi_d2iz</name>
         <value>0x2000aad5</value>
         <object_component_ref idref="oc-305"/>
      </symbol>
      <symbol id="sm-80d">
         <name>__aeabi_i2d</name>
         <value>0x2000ad91</value>
         <object_component_ref idref="oc-310"/>
      </symbol>
      <symbol id="sm-823">
         <name>__kernel_cos</name>
         <value>0x20009721</value>
         <object_component_ref idref="oc-30a"/>
      </symbol>
      <symbol id="sm-88f">
         <name>__kernel_rem_pio2</name>
         <value>0x20006e19</value>
         <object_component_ref idref="oc-31a"/>
      </symbol>
      <symbol id="sm-8a6">
         <name>__kernel_sin</name>
         <value>0x200095b9</value>
         <object_component_ref idref="oc-320"/>
      </symbol>
      <symbol id="sm-8b5">
         <name>ltoa</name>
         <value>0x2000a9a1</value>
         <object_component_ref idref="oc-451"/>
      </symbol>
      <symbol id="sm-8c5">
         <name>memccpy</name>
         <value>0x2000b089</value>
         <object_component_ref idref="oc-469"/>
      </symbol>
      <symbol id="sm-8e2">
         <name>floorl</name>
         <value>0x20009cf1</value>
         <object_component_ref idref="oc-3fb"/>
      </symbol>
      <symbol id="sm-8e3">
         <name>floor</name>
         <value>0x20009cf1</value>
         <object_component_ref idref="oc-3fb"/>
      </symbol>
      <symbol id="sm-8f9">
         <name>frexpl</name>
         <value>0x2000a845</value>
         <object_component_ref idref="oc-457"/>
      </symbol>
      <symbol id="sm-8fa">
         <name>frexp</name>
         <value>0x2000a845</value>
         <object_component_ref idref="oc-457"/>
      </symbol>
      <symbol id="sm-918">
         <name>scalbn</name>
         <value>0x20009de5</value>
         <object_component_ref idref="oc-3f5"/>
      </symbol>
      <symbol id="sm-919">
         <name>scalbnl</name>
         <value>0x20009de5</value>
         <object_component_ref idref="oc-3f5"/>
      </symbol>
      <symbol id="sm-91a">
         <name>ldexpl</name>
         <value>0x20009de5</value>
         <object_component_ref idref="oc-3f5"/>
      </symbol>
      <symbol id="sm-91b">
         <name>ldexp</name>
         <value>0x20009de5</value>
         <object_component_ref idref="oc-3f5"/>
      </symbol>
      <symbol id="sm-925">
         <name>_system_post_cinit</name>
         <value>0x200092a7</value>
         <object_component_ref idref="oc-a0"/>
      </symbol>
      <symbol id="sm-935">
         <name>strchr</name>
         <value>0x2000b215</value>
         <object_component_ref idref="oc-45d"/>
      </symbol>
      <symbol id="sm-951">
         <name>__aeabi_uldivmod</name>
         <value>0x20008efd</value>
         <object_component_ref idref="oc-447"/>
      </symbol>
      <symbol id="sm-959">
         <name>errno</name>
         <value>0x2001f740</value>
         <object_component_ref idref="oc-48f"/>
      </symbol>
      <symbol id="sm-963">
         <name>copysign</name>
         <value>0x2000b2d5</value>
         <object_component_ref idref="oc-489"/>
      </symbol>
      <symbol id="sm-964">
         <name>copysignl</name>
         <value>0x2000b2d5</value>
         <object_component_ref idref="oc-489"/>
      </symbol>
      <symbol id="sm-9cc">
         <name>GPIOIntRegister</name>
         <value>0x2000af9d</value>
         <object_component_ref idref="oc-1c1"/>
      </symbol>
      <symbol id="sm-9cd">
         <name>GPIOIntDisable</name>
         <value>0x2000b0a5</value>
         <object_component_ref idref="oc-169"/>
      </symbol>
      <symbol id="sm-9ce">
         <name>GPIOIntEnable</name>
         <value>0x2000b0bf</value>
         <object_component_ref idref="oc-16f"/>
      </symbol>
      <symbol id="sm-9cf">
         <name>GPIOIntTypeSet</name>
         <value>0x2000a3f1</value>
         <object_component_ref idref="oc-1c7"/>
      </symbol>
      <symbol id="sm-9d0">
         <name>GPIOIntClear</name>
         <value>0x2000b23f</value>
         <object_component_ref idref="oc-ea"/>
      </symbol>
      <symbol id="sm-9d1">
         <name>GPIOIntStatus</name>
         <value>0x2000aed5</value>
         <object_component_ref idref="oc-e4"/>
      </symbol>
      <symbol id="sm-9d2">
         <name>GPIOPinRead</name>
         <value>0x2000b127</value>
         <object_component_ref idref="oc-2f1"/>
      </symbol>
      <symbol id="sm-9d3">
         <name>GPIODirModeSet</name>
         <value>0x2000acc5</value>
         <object_component_ref idref="oc-359"/>
      </symbol>
      <symbol id="sm-9d4">
         <name>GPIOPinWrite</name>
         <value>0x2000af3b</value>
         <object_component_ref idref="oc-2e5"/>
      </symbol>
      <symbol id="sm-a4c">
         <name>IntPrioritySet</name>
         <value>0x2000a8f9</value>
         <object_component_ref idref="oc-220"/>
      </symbol>
      <symbol id="sm-a4d">
         <name>IntVTableBaseSet</name>
         <value>0x2000b255</value>
         <object_component_ref idref="oc-14b"/>
      </symbol>
      <symbol id="sm-a4e">
         <name>IntEnable</name>
         <value>0x20009f5d</value>
         <object_component_ref idref="oc-157"/>
      </symbol>
      <symbol id="sm-a4f">
         <name>IntDisable</name>
         <value>0x20009eb5</value>
         <object_component_ref idref="oc-395"/>
      </symbol>
      <symbol id="sm-a50">
         <name>IntRegister</name>
         <value>0x2000af5d</value>
         <object_component_ref idref="oc-372"/>
      </symbol>
      <symbol id="sm-a51">
         <name>IntUnregister</name>
         <value>0x2000ae69</value>
         <object_component_ref idref="oc-39b"/>
      </symbol>
      <symbol id="sm-a52">
         <name>IntMasterEnable</name>
         <value>0x2000b2cb</value>
         <object_component_ref idref="oc-151"/>
      </symbol>
      <symbol id="sm-a91">
         <name>PinTypeUART</name>
         <value>0x2000b0f3</value>
         <object_component_ref idref="oc-365"/>
      </symbol>
      <symbol id="sm-a92">
         <name>PinTypeGPIO</name>
         <value>0x2000ad2f</value>
         <object_component_ref idref="oc-353"/>
      </symbol>
      <symbol id="sm-a93">
         <name>PinConfigSet</name>
         <value>0x2000a1d5</value>
         <object_component_ref idref="oc-422"/>
      </symbol>
      <symbol id="sm-a94">
         <name>PinTypeSPI</name>
         <value>0x2000b0d9</value>
         <object_component_ref idref="oc-35f"/>
      </symbol>
      <symbol id="sm-a95">
         <name>PinModeSet</name>
         <value>0x2000ab61</value>
         <object_component_ref idref="oc-34d"/>
      </symbol>
      <symbol id="sm-b1b">
         <name>PRCMPeripheralReset</name>
         <value>0x2000a8a1</value>
         <object_component_ref idref="oc-20e"/>
      </symbol>
      <symbol id="sm-b1c">
         <name>PRCMPeripheralClkEnable</name>
         <value>0x2000abe1</value>
         <object_component_ref idref="oc-208"/>
      </symbol>
      <symbol id="sm-b1d">
         <name>PRCMPeripheralClockGet</name>
         <value>0x2000a141</value>
         <object_component_ref idref="oc-120"/>
      </symbol>
      <symbol id="sm-b1e">
         <name>PRCMCC3200MCUInit</name>
         <value>0x20009441</value>
         <object_component_ref idref="oc-15d"/>
      </symbol>
      <symbol id="sm-b1f">
         <name>PRCMHIBRegWrite</name>
         <value>0x2000b1ff</value>
         <object_component_ref idref="oc-2d8"/>
      </symbol>
      <symbol id="sm-b20">
         <name>PRCMSysResetCauseGet</name>
         <value>0x2000adc1</value>
         <object_component_ref idref="oc-2cc"/>
      </symbol>
      <symbol id="sm-b21">
         <name>PRCMPeripheralClkDisable</name>
         <value>0x2000ae41</value>
         <object_component_ref idref="oc-2de"/>
      </symbol>
      <symbol id="sm-b22">
         <name>PRCMHIBRegRead</name>
         <value>0x2000b1e9</value>
         <object_component_ref idref="oc-2d2"/>
      </symbol>
      <symbol id="sm-b6f">
         <name>SPICSEnable</name>
         <value>0x2000b157</value>
         <object_component_ref idref="oc-333"/>
      </symbol>
      <symbol id="sm-b70">
         <name>SPIFIFOEnable</name>
         <value>0x2000b10d</value>
         <object_component_ref idref="oc-11a"/>
      </symbol>
      <symbol id="sm-b71">
         <name>SPIDataPut</name>
         <value>0x2000afbb</value>
         <object_component_ref idref="oc-339"/>
      </symbol>
      <symbol id="sm-b72">
         <name>SPIEnable</name>
         <value>0x2000b16f</value>
         <object_component_ref idref="oc-12c"/>
      </symbol>
      <symbol id="sm-b73">
         <name>SPIDataGet</name>
         <value>0x2000af7d</value>
         <object_component_ref idref="oc-33f"/>
      </symbol>
      <symbol id="sm-b74">
         <name>SPIConfigSetExpClk</name>
         <value>0x2000a005</value>
         <object_component_ref idref="oc-126"/>
      </symbol>
      <symbol id="sm-b75">
         <name>SPIReset</name>
         <value>0x2000aef7</value>
         <object_component_ref idref="oc-114"/>
      </symbol>
      <symbol id="sm-b76">
         <name>SPICSDisable</name>
         <value>0x2000b13f</value>
         <object_component_ref idref="oc-345"/>
      </symbol>
      <symbol id="sm-c04">
         <name>TimerLoadSet</name>
         <value>0x2000aded</value>
         <object_component_ref idref="oc-fc"/>
      </symbol>
      <symbol id="sm-c05">
         <name>TimerDisable</name>
         <value>0x2000afd9</value>
         <object_component_ref idref="oc-f0"/>
      </symbol>
      <symbol id="sm-c06">
         <name>TimerValueSet</name>
         <value>0x2000af19</value>
         <object_component_ref idref="oc-1cd"/>
      </symbol>
      <symbol id="sm-c07">
         <name>TimerIntRegister</name>
         <value>0x2000a565</value>
         <object_component_ref idref="oc-226"/>
      </symbol>
      <symbol id="sm-c08">
         <name>TimerEnable</name>
         <value>0x2000aff7</value>
         <object_component_ref idref="oc-102"/>
      </symbol>
      <symbol id="sm-c09">
         <name>TimerIntUnregister</name>
         <value>0x2000a6b5</value>
         <object_component_ref idref="oc-238"/>
      </symbol>
      <symbol id="sm-c0a">
         <name>TimerIntStatus</name>
         <value>0x2000b015</value>
         <object_component_ref idref="oc-d8"/>
      </symbol>
      <symbol id="sm-c0b">
         <name>TimerIntDisable</name>
         <value>0x2000b187</value>
         <object_component_ref idref="oc-232"/>
      </symbol>
      <symbol id="sm-c0c">
         <name>TimerValueGet</name>
         <value>0x2000b051</value>
         <object_component_ref idref="oc-23e"/>
      </symbol>
      <symbol id="sm-c0d">
         <name>TimerPrescaleSet</name>
         <value>0x2000ae17</value>
         <object_component_ref idref="oc-21a"/>
      </symbol>
      <symbol id="sm-c0e">
         <name>TimerIntEnable</name>
         <value>0x2000b19f</value>
         <object_component_ref idref="oc-22c"/>
      </symbol>
      <symbol id="sm-c0f">
         <name>TimerConfigure</name>
         <value>0x2000ab1d</value>
         <object_component_ref idref="oc-214"/>
      </symbol>
      <symbol id="sm-c10">
         <name>TimerIntClear</name>
         <value>0x2000b291</value>
         <object_component_ref idref="oc-de"/>
      </symbol>
      <symbol id="sm-c4c">
         <name>UARTConfigSetExpClk</name>
         <value>0x2000a4ed</value>
         <object_component_ref idref="oc-248"/>
      </symbol>
      <symbol id="sm-c4d">
         <name>UARTDisable</name>
         <value>0x2000ad61</value>
         <object_component_ref idref="oc-3a5"/>
      </symbol>
      <symbol id="sm-c4e">
         <name>UARTCharsAvail</name>
         <value>0x2000b1b7</value>
         <object_component_ref idref="oc-25a"/>
      </symbol>
      <symbol id="sm-c4f">
         <name>UARTCharGetNonBlocking</name>
         <value>0x2000b06d</value>
         <object_component_ref idref="oc-260"/>
      </symbol>
      <symbol id="sm-c50">
         <name>UARTCharPut</name>
         <value>0x2000b033</value>
         <object_component_ref idref="oc-24e"/>
      </symbol>
      <symbol id="sm-c51">
         <name>UARTEnable</name>
         <value>0x2000ae8d</value>
         <object_component_ref idref="oc-3ab"/>
      </symbol>
      <symbol id="sm-c55">
         <name>UtilsDelay</name>
         <value>0x2000b2dd</value>
         <object_component_ref idref="oc-3e4"/>
      </symbol>
      <symbol id="sm-c5f">
         <name>CPUcpsie</name>
         <value>0x2000b22b</value>
         <object_component_ref idref="oc-2c1"/>
      </symbol>
      <symbol id="sm-c61">
         <name>__TI_static_base__</name>
         <value>0x2000bd70</value>
      </symbol>
      <symbol id="sm-c64">
         <name>SHT$$INIT_ARRAY$$Limit</name>
         <value>0x0</value>
      </symbol>
      <symbol id="sm-c65">
         <name>SHT$$INIT_ARRAY$$Base</name>
         <value>0x0</value>
      </symbol>
   </symbol_table>
   <title>Link successful</title>
</link_info>
