******************************************************************************
                  TI ARM Linker PC v16.9.6                     
******************************************************************************
>> Linked Tue Feb 27 11:26:49 2018

OUTPUT FILE NAME:   <SSL_REST_API_AWS_w.out>
ENTRY POINT SYMBOL: "_c_int00"  address: 2000c33d


MEMORY CONFIGURATION

         name            origin    length      used     unused   attr    fill
----------------------  --------  ---------  --------  --------  ----  --------
  SRAM_CODE             20004000   00013000  0000946e  00009b92  RW X
  SRAM_DATA             20017000   00019000  000092ca  0000fd36  RW X


SEGMENT ALLOCATION MAP

run origin  load origin   length   init length attrs members
----------  ----------- ---------- ----------- ----- -------
20004000    20004000    00009470   00009470    r-x
  20004000    20004000    00000400   00000400    r-- .intvecs
  20004400    20004400    000089c8   000089c8    r-x .text
  2000cdc8    2000cdc8    0000063e   0000063e    r-- .const
  2000d408    2000d408    00000068   00000068    r-- .cinit
20017000    20017000    000082cc   00000000    rw-
  20017000    20017000    00008000   00000000    rw- .sysmem
  2001f000    2001f000    0000021a   00000000    rw- .bss
  2001f21c    2001f21c    000000b0   00000000    rw- .data
2002f000    2002f000    00001000   00000000    rw-
  2002f000    2002f000    00001000   00000000    rw- .stack


SECTION ALLOCATION MAP

 output                                  attributes/
section   page    origin      length       input sections
--------  ----  ----------  ----------   ----------------
.intvecs   0    20004000    00000400     
                  20004000    00000400     startup_ccs.obj (.intvecs)

.init_array 
*          0    20004000    00000000     UNINITIALIZED

.text      0    20004400    000089c8     
                  20004400    00001214     main.obj (.text)
                  20005614    00001122     rtsv7M4_T_le_eabi.lib : _printfi.obj (.text)
                  20006736    00000002     driverlib.a : interrupt.obj (.text:IntDefaultHandler)
                  20006738    00000590     simplelink.a : driver.obj (.text:_SlDrvMsgRead)
                  20006cc8    000003d0     rtsv7M4_T_le_eabi.lib : memory.obj (.text)
                  20007098    00000398     gpio_if.obj (.text)
                  20007430    00000280     uart_if.obj (.text)
                  200076b0    0000027c     simplelink.a : wlan.obj (.text:sl_WlanConnect)
                  2000792c    0000024c                  : driver.obj (.text:_SlDrvRxHdrRead)
                  20007b78    000001f4     rtsv7M4_T_le_eabi.lib : ull_div_t2.obj (.text)
                  20007d6c    000001e4     simplelink.a : driver.obj (.text:_SlDrvDataReadOp)
                  20007f50    000001d0                  : driver.obj (.text:_SlDrvReleasePoolObj)
                  20008120    000001b6     rtsv7M4_T_le_eabi.lib : fd_add_t2.obj (.text)
                  200082d6    00000002                           : mpu_init.obj (.text)
                  200082d8    000001b4     simplelink.a : driver.obj (.text:_SlDrvDriverCBInit)
                  2000848c    0000019c                  : driver.obj (.text:_SlDrvMsgWrite)
                  20008628    00000190                  : driver.obj (.text:_SlDrvWaitForPoolObj)
                  200087b8    0000018c                  : socket.obj (.text:sl_Connect)
                  20008944    00000178     driverlib.a : prcm.obj (.text:PRCMCC3200MCUInit)
                  20008abc    00000170     simplelink.a : driver.obj (.text:_SlFindAndSetActiveObj)
                  20008c2c    00000150                  : driver.obj (.text:_SlDrvDataWriteOp)
                  20008d7c    00000148                  : cc_pal.obj (.text:spi_Open)
                  20008ec4    00000144                  : driver.obj (.text:_SlDrvMsgReadCmdCtx)
                  20009008    00000144                  : netapp.obj (.text:sl_NetAppDnsGetHostByName)
                  2000914c    00000136     rtsv7M4_T_le_eabi.lib : fd_div_t2.obj (.text)
                  20009282    00000002                           : startup.obj (.text)
                  20009284    00000134     simplelink.a : socket.obj (.text:sl_Send)
                  200093b8    00000130                  : driver.obj (.text:_SlDrvDriverCBDeinit)
                  200094e8    00000104                  : netapp.obj (.text:_SlDrvNetAppEventHandler)
                  200095ec    000000fc     rtsv7M4_T_le_eabi.lib : fd_mul_t2.obj (.text)
                  200096e8    000000f0     simplelink.a : device.obj (.text:sl_Stop)
                  200097d8    000000f0                  : cc_pal.obj (.text:spi_Read)
                  200098c8    000000f0     driverlib.a : udma.obj (.text:uDMAChannelTransferSet)
                  200099b8    000000ec     simplelink.a : device.obj (.text:sl_Start)
                  20009aa4    000000e8                  : driver.obj (.text:_SlAsyncEventGenericHandler)
                  20009b8c    000000e8                  : driver.obj (.text:_SlDrvMsgReadSpawnCtx)
                  20009c74    000000e4                  : netapp.obj (.text:sl_NetAppMDNSRegisterUnregisterService)
                  20009d58    000000dc                  : driver.obj (.text:_SlDrvClassifyRxMsg)
                  20009e34    000000d0     rtsv7M4_T_le_eabi.lib : s_scalbn.obj (.text)
                  20009f04    000000cc     simplelink.a : netapp.obj (.text:_sl_HandleAsync_DnsGetHostByService)
                  20009fd0    000000cc                  : device.obj (.text:sl_DevGet)
                  2000a09c    000000c4                  : driver.obj (.text:_SlRemoveFromList)
                  2000a160    000000c0                  : driver.obj (.text:_SlDrvCmdOp)
                  2000a220    000000b0                  : nonos.obj (.text:_SlNonOsSemGet)
                  2000a2d0    000000a8     driverlib.a : interrupt.obj (.text:IntDisable)
                  2000a378    000000a8                 : interrupt.obj (.text:IntEnable)
                  2000a420    000000a4     simplelink.a : driver.obj (.text:_SlDriverHandleError)
                  2000a4c4    000000a0     driverlib.a : spi.obj (.text:SPIConfigSetExpClk)
                  2000a564    000000a0     simplelink.a : socket.obj (.text:sl_Recv)
                  2000a604    0000009c     rtsv7M4_T_le_eabi.lib : memcpy_t2.obj (.text)
                  2000a6a0    0000009a     simplelink.a : device.obj (.text:_SlDrvDeviceEventHandler)
                  2000a73a    00000002     --HOLE-- [fill = 0]
                  2000a73c    00000098                  : device.obj (.text:sl_DevSet)
                  2000a7d4    00000098                  : netcfg.obj (.text:sl_NetCfgSet)
                  2000a86c    00000098                  : socket.obj (.text:sl_SetSockOpt)
                  2000a904    00000098                  : wlan.obj (.text:sl_WlanSet)
                  2000a99c    00000098                  : cc_pal.obj (.text:spi_Write)
                  2000aa34    00000094     driverlib.a : prcm.obj (.text:PRCMPeripheralClockGet)
                  2000aac8    00000090     simplelink.a : netapp.obj (.text:_sl_HandleAsync_DnsGetHostByName)
                  2000ab58    00000090                  : netapp.obj (.text:_sl_HandleAsync_PingResponse)
                  2000abe8    00000090                  : wlan.obj (.text:sl_WlanPolicySet)
                  2000ac78    0000008c                  : cc_pal.obj (.text:SetupDMAReceive)
                  2000ad04    0000008c                  : cc_pal.obj (.text:SetupDMASend)
                  2000ad90    0000008c                  : driver.obj (.text:_SlDrvIsTimeoutExpired)
                  2000ae1c    0000008c                  : device.obj (.text:_sl_HandleAsync_InitComplete)
                  2000aea8    0000008c                  : socket.obj (.text:sl_Socket)
                  2000af34    00000088     driverlib.a : pin.obj (.text:PinConfigSet)
                  2000afbc    00000088     rtsv7M4_T_le_eabi.lib : vsnprintf.obj (.text)
                  2000b044    00000086                           : fd_cmp_t2.obj (.text:__aeabi_cdcmple)
                  2000b0ca    00000086                           : fd_cmp_t2.obj (.text:__aeabi_cdrcmple)
                  2000b150    00000084     simplelink.a : wlan.obj (.text:sl_WlanRxFilterSet)
                  2000b1d4    00000082     driverlib.a : gpio.obj (.text:GPIOIntTypeSet)
                  2000b256    00000002     --HOLE-- [fill = 0]
                  2000b258    00000080     simplelink.a : socket.obj (.text:_sl_HandleAsync_Connect)
                  2000b2d8    00000080                  : cc_pal.obj (.text:spi_Read_CPU)
                  2000b358    00000080                  : cc_pal.obj (.text:spi_Write_CPU)
                  2000b3d8    0000007a     rtsv7M4_T_le_eabi.lib : memset_t2.obj (.text)
                  2000b452    00000002     --HOLE-- [fill = 0]
                  2000b454    00000078     simplelink.a : cc_pal.obj (.text:spi_Close)
                  2000b4cc    00000076     driverlib.a : uart.obj (.text:UARTConfigSetExpClk)
                  2000b542    00000002     --HOLE-- [fill = 0]
                  2000b544    00000074     simplelink.a : nonos.obj (.text:_SlNonOsMainLoopTask)
                  2000b5b8    00000070     rtsv7M4_T_le_eabi.lib : autoinit.obj (.text)
                  2000b628    0000006c     simplelink.a : driver.obj (.text:_SlDrvCmdSend)
                  2000b694    0000006c                  : netapp.obj (.text:_sl_NetAppSendTokenValue)
                  2000b700    00000068     rtsv7M4_T_le_eabi.lib : copy_decompress_lzss.obj (.text:decompress:lzss)
                  2000b768    00000064     simplelink.a : nonos.obj (.text:_SlNonOsSpawn)
                  2000b7cc    00000064                  : socket.obj (.text:_sl_HandleAsync_Accept)
                  2000b830    00000064                  : netapp.obj (.text:sl_NetAppMDNSUnRegisterService)
                  2000b894    00000064     driverlib.a : udma.obj (.text:uDMAChannelAttributeDisable)
                  2000b8f8    00000064                 : udma.obj (.text:uDMAChannelAttributeEnable)
                  2000b95c    00000060     rtsv7M4_T_le_eabi.lib : sprintf.obj (.text)
                  2000b9bc    00000060     simplelink.a : socket.obj (.text:sl_Close)
                  2000ba1c    00000060                  : wlan.obj (.text:sl_WlanProfileDel)
                  2000ba7c    00000060                  : wlan.obj (.text:sl_WlanSetMode)
                  2000badc    0000005c     rtsv7M4_T_le_eabi.lib : s_frexp.obj (.text)
                  2000bb38    00000058     driverlib.a : interrupt.obj (.text:IntPendClear)
                  2000bb90    00000058                 : prcm.obj (.text:PRCMPeripheralReset)
                  2000bbe8    00000058     pinmux.obj (.text)
                  2000bc40    00000054     driverlib.a : interrupt.obj (.text:IntPrioritySet)
                  2000bc94    00000054     simplelink.a : driver.obj (.text:_SlDrvRxIrqHandler)
                  2000bce8    00000054                  : socket.obj (.text:_sl_HandleAsync_Select)
                  2000bd3c    00000054     rtsv7M4_T_le_eabi.lib : exit.obj (.text)
                  2000bd90    00000054                           : ltoa.obj (.text)
                  2000bde4    00000050     simplelink.a : device.obj (.text:_sl_HandleAsync_Stop)
                  2000be34    0000004c     driverlib.a : spi.obj (.text:SPIIntEnable)
                  2000be80    0000004c                 : spi.obj (.text:SPIIntNumberGet)
                  2000becc    0000004c     simplelink.a : driver.obj (.text:_SlDrvProtectAsyncRespSetting)
                  2000bf18    0000004c                  : socket.obj (.text:_sl_BuildAddress)
                  2000bf64    0000004c     rtsv7M4_T_le_eabi.lib : atoi.obj (.text)
                  2000bfb0    0000004c                           : cpy_tbl.obj (.text)
                  2000bffc    0000004c     driverlib.a : udma.obj (.text:uDMAChannelAssign)
                  2000c048    00000048                 : gpio.obj (.text:GPIOGetIntNumber)
                  2000c090    00000048                 : spi.obj (.text:SPIIntClear)
                  2000c0d8    00000048     simplelink.a : driver.obj (.text:_SlDrvBasicCmd)
                  2000c120    00000048     rtsv7M4_T_le_eabi.lib : fd_toi_t2.obj (.text)
                  2000c168    00000044     driverlib.a : spi.obj (.text:SPIDmaMaskGet)
                  2000c1ac    00000044                 : timer.obj (.text:TimerConfigure)
                  2000c1f0    00000044     simplelink.a : driver.obj (.text:_SlDrvSyncObjWaitTimeout)
                  2000c234    00000044                  : cc_pal.obj (.text:cc_SetupTransfer)
                  2000c278    00000042                  : socket.obj (.text:sl_Htonl)
                  2000c2ba    00000002     --HOLE-- [fill = 0]
                  2000c2bc    00000040     driverlib.a : pin.obj (.text:PinModeSet)
                  2000c2fc    00000040     simplelink.a : socket.obj (.text:_sl_TruncatePayloadByProtocol)
                  2000c33c    00000040     rtsv7M4_T_le_eabi.lib : boot.obj (.text)
                  2000c37c    0000003e     simplelink.a : cc_pal.obj (.text:NwpRegisterInterruptHandler)
                  2000c3ba    0000003c                  : netapp.obj (.text:CopyPingResultsToReport)
                  2000c3f6    00000002     --HOLE-- [fill = 0]
                  2000c3f8    0000003c     driverlib.a : prcm.obj (.text:PRCMPeripheralClkEnable)
                  2000c434    0000003c     simplelink.a : cc_pal.obj (.text:simplelink_timerA2_start)
                  2000c470    0000003c                  : socket.obj (.text:sl_Htons)
                  2000c4ac    0000003c     driverlib.a : udma.obj (.text:uDMAChannelControlSet)
                  2000c4e8    00000038     simplelink.a : cc_pal.obj (.text:NwpPowerOff)
                  2000c520    00000038                  : wlan.obj (.text:sl_WlanDisconnect)
                  2000c558    00000036     driverlib.a : gpio.obj (.text:GPIODirModeSet)
                  2000c58e    00000002     --HOLE-- [fill = 0]
                  2000c590    00000034                 : prcm.obj (.text:PRCMPeripheralStatusGet)
                  2000c5c4    00000034                 : spi.obj (.text:SPIFIFOLevelSet)
                  2000c5f8    00000030                 : pin.obj (.text:PinTypeGPIO)
                  2000c628    00000030                 : uart.obj (.text:UARTDisable)
                  2000c658    0000002e     rtsv7M4_T_le_eabi.lib : i_tofd_t2.obj (.text)
                  2000c686    00000002     --HOLE-- [fill = 0]
                  2000c688    0000002c     simplelink.a : cc_pal.obj (.text:NwpPowerOn)
                  2000c6b4    0000002c     driverlib.a : prcm.obj (.text:PRCMSysResetCauseGet)
                  2000c6e0    0000002c     simplelink.a : driver.obj (.text:_SlDrvObjGlobalLockWaitForever)
                  2000c70c    0000002c                  : driver.obj (.text:_SlDrvProtectionObjLockWaitForever)
                  2000c738    0000002a     driverlib.a : timer.obj (.text:TimerLoadSet)
                  2000c762    0000002a                 : timer.obj (.text:TimerPrescaleSet)
                  2000c78c    00000028                 : prcm.obj (.text:PRCMPeripheralClkDisable)
                  2000c7b4    00000028     simplelink.a : driver.obj (.text:_SlDrvGlobalObjUnLock)
                  2000c7dc    00000028                  : driver.obj (.text:_SlDrvProtectionObjUnLock)
                  2000c804    00000028                  : driver.obj (.text:_SlDrvSyncObjWaitForever)
                  2000c82c    00000026                  : driver.obj (.text:_SlDrvObjLockWaitForever)
                  2000c852    00000002     --HOLE-- [fill = 0]
                  2000c854    00000024                  : cc_pal.obj (.text:DmaSpiSwIntHandler)
                  2000c878    00000024     driverlib.a : interrupt.obj (.text:IntUnregister)
                  2000c89c    00000024                 : uart.obj (.text:UARTEnable)
                  2000c8c0    00000024     rtsv7M4_T_le_eabi.lib : memmov.obj (.text)
                  2000c8e4    00000022     driverlib.a : spi.obj (.text:SPIReset)
                  2000c906    00000022                 : spi.obj (.text:SPIWordCountSet)
                  2000c928    00000020                 : gpio.obj (.text:GPIOPinWrite)
                  2000c948    00000020                 : interrupt.obj (.text:IntRegister)
                  2000c968    00000020     simplelink.a : cc_pal.obj (.text:NwpPrePowerOffTimout0)
                  2000c988    00000020                  : cc_pal.obj (.text:TimerGetCurrentTimestamp)
                  2000c9a8    00000020                  : driver.obj (.text:_SlDrvObjUnLock)
                  2000c9c8    00000020                  : driver.obj (.text:_SlDrvSyncObjSignal)
                  2000c9e8    0000001e     driverlib.a : gpio.obj (.text:GPIOIntRegister)
                  2000ca06    0000001e                 : timer.obj (.text:TimerEnable)
                  2000ca24    0000001e                 : uart.obj (.text:UARTCharPut)
                  2000ca42    0000001e     simplelink.a : cc_pal.obj (.text:cc_UDMAChannelSelect)
                  2000ca60    0000001c     driverlib.a : timer.obj (.text:TimerValueGet)
                  2000ca7c    0000001c                 : uart.obj (.text:UARTCharGetNonBlocking)
                  2000ca98    0000001c     simplelink.a : driver.obj (.text:_SlDrvStartMeasureTimeout)
                  2000cab4    0000001c     rtsv7M4_T_le_eabi.lib : memccpy.obj (.text)
                  2000cad0    0000001c     driverlib.a : udma.obj (.text:uDMAChannelEnable)
                  2000caec    0000001a                 : gpio.obj (.text:GPIOIntEnable)
                  2000cb06    0000001a                 : pin.obj (.text:PinTypeUART)
                  2000cb20    0000001a                 : spi.obj (.text:SPIDmaDisable)
                  2000cb3a    0000001a                 : spi.obj (.text:SPIDmaEnable)
                  2000cb54    0000001a                 : spi.obj (.text:SPIFIFODisable)
                  2000cb6e    0000001a                 : spi.obj (.text:SPIFIFOEnable)
                  2000cb88    0000001a                 : spi.obj (.text:SPIIntUnregister)
                  2000cba2    00000018                 : gpio.obj (.text:GPIOPinRead)
                  2000cbba    00000018                 : spi.obj (.text:SPICSDisable)
                  2000cbd2    00000018                 : spi.obj (.text:SPICSEnable)
                  2000cbea    00000018                 : spi.obj (.text:SPIDisable)
                  2000cc02    00000018                 : spi.obj (.text:SPIEnable)
                  2000cc1a    00000018                 : uart.obj (.text:UARTCharsAvail)
                  2000cc32    00000018     simplelink.a : nonos.obj (.text:_SlNonOsSemSet)
                  2000cc4a    00000002     --HOLE-- [fill = 0]
                  2000cc4c    00000018                  : device.obj (.text:_sl_GetStartResponseConvert)
                  2000cc64    00000018     rtsv7M4_T_le_eabi.lib : args_main.obj (.text)
                  2000cc7c    00000016     driverlib.a : prcm.obj (.text:PRCMHIBRegRead)
                  2000cc92    00000016                 : prcm.obj (.text:PRCMHIBRegWrite)
                  2000cca8    00000016     simplelink.a : driver.obj (.text:_SlDrvMemZero)
                  2000ccbe    00000016     rtsv7M4_T_le_eabi.lib : strchr.obj (.text)
                  2000ccd4    00000014     driverlib.a : cpu.obj (.text:CPUcpsie)
                  2000cce8    00000014                 : gpio.obj (.text:GPIOIntClear)
                  2000ccfc    00000014                 : interrupt.obj (.text:IntVTableBaseSet)
                  2000cd10    00000014     rtsv7M4_T_le_eabi.lib : _lock.obj (.text)
                  2000cd24    00000014                           : strcpy.obj (.text)
                  2000cd38    00000014                           : strlen.obj (.text)
                  2000cd4c    00000010     simplelink.a : driver.obj (.text:_SlDrvDispatchHttpServerEvents)
                  2000cd5c    0000000e                  : driver.obj (.text:_SlDrvResetCmdExt)
                  2000cd6a    0000000e     rtsv7M4_T_le_eabi.lib : copy_decompress_none.obj (.text:decompress:none)
                  2000cd78    0000000e     startup_ccs.obj (.text)
                  2000cd86    00000002     --HOLE-- [fill = 0]
                  2000cd88    0000000c     simplelink.a : cc_pal.obj (.text:NwpMaskInterrupt)
                  2000cd94    0000000c                  : cc_pal.obj (.text:NwpUnMaskInterrupt)
                  2000cda0    0000000c     rtsv7M4_T_le_eabi.lib : copy_zero_init.obj (.text:decompress:ZI)
                  2000cdac    0000000a     driverlib.a : interrupt.obj (.text:IntMasterEnable)
                  2000cdb6    00000008     rtsv7M4_T_le_eabi.lib : s_copysign.obj (.text)
                  2000cdbe    00000006     driverlib.a : utils.obj (.text:UtilsDelay)
                  2000cdc4    00000004     rtsv7M4_T_le_eabi.lib : pre_init.obj (.text)

.const     0    2000cdc8    0000063e     
                  2000cdc8    00000101     rtsv7M4_T_le_eabi.lib : ctype.obj (.const:.string:_ctypes_)
                  2000cec9    00000003     --HOLE-- [fill = 0]
                  2000cecc    00000100     driverlib.a : pin.obj (.const:g_ulPinToPadMap)
                  2000cfcc    000000d4                 : interrupt.obj (.const:g_pulRegs)
                  2000d0a0    000000a8                 : prcm.obj (.const:PRCM_PeriphRegsList)
                  2000d148    00000080                 : interrupt.obj (.const)
                  2000d1c8    0000003c     simplelink.a : driver.obj (.const:OpcodeTranslateTable)
                  2000d204    00000038                  : driver.obj (.const:_SlActionLookupTable)
                  2000d23c    0000002c     main.obj (.const:$P$T1$2)
                  2000d268    0000002c     main.obj (.const:.string)
                  2000d294    00000024     driverlib.a : spi.obj (.const:g_ppulSPIIntMap)
                  2000d2b8    00000022     main.obj (.const:.string:$P$T0$1)
                  2000d2da    00000002     --HOLE-- [fill = 0]
                  2000d2dc    00000020     simplelink.a : driver.obj (.const:RxMsgClassLUT)
                  2000d2fc    00000018     driverlib.a : spi.obj (.const)
                  2000d314    00000015     main.obj (.const:.string:$P$T6$7)
                  2000d329    00000003     --HOLE-- [fill = 0]
                  2000d32c    00000014     simplelink.a : driver.obj (.const:$P$T0$1)
                  2000d340    00000014                  : nonos.obj (.const:$P$T0$1)
                  2000d354    00000014     main.obj (.const:$P$T2$3)
                  2000d368    00000010     simplelink.a : socket.obj (.const:.string:_SlPayloadByProtocolLUT)
                  2000d378    0000000c     main.obj (.const:$P$T4$5)
                  2000d384    0000000c     main.obj (.const:.string:$P$T3$4)
                  2000d390    00000009     main.obj (.const:.string:$P$T5$6)
                  2000d399    00000008     simplelink.a : device.obj (.const:StartResponseLUT)
                  2000d3a1    00000003     --HOLE-- [fill = 0]
                  2000d3a4    00000008                  : driver.obj (.const:g_H2NCnysPattern)
                  2000d3ac    00000008                  : driver.obj (.const:g_H2NSyncPattern)
                  2000d3b4    00000005     main.obj (.const:.string:$P$T7$8)
                  2000d3b9    00000001     --HOLE-- [fill = 0]
                  2000d3ba    00000004     simplelink.a : wlan.obj (.const:$P$T0$1)
                  2000d3be    00000004                  : socket.obj (.const:$P$T2$3)
                  2000d3c2    00000004                  : device.obj (.const:_SlDeviceGetCmdCtrl)
                  2000d3c6    00000004                  : device.obj (.const:_SlDeviceSetCmdCtrl)
                  2000d3ca    00000004                  : netapp.obj (.const:_SlGetHostByNameCtrl)
                  2000d3ce    00000004                  : netapp.obj (.const:_SlNetAppSendTokenValueCmdCtrl)
                  2000d3d2    00000004                  : netcfg.obj (.const:_SlNetCfgSetCmdCtrl)
                  2000d3d6    00000004                  : wlan.obj (.const:_SlPolicySetCmdCtrl)
                  2000d3da    00000004                  : wlan.obj (.const:_SlProfileDelCmdCtrl)
                  2000d3de    00000004                  : socket.obj (.const:_SlRecvCmdCtrl)
                  2000d3e2    00000004                  : netapp.obj (.const:_SlRegisterServiceCtrl)
                  2000d3e6    00000004                  : wlan.obj (.const:_SlRxFilterSetCmdCtrl)
                  2000d3ea    00000004                  : socket.obj (.const:_SlSendCmdCtrl)
                  2000d3ee    00000004                  : socket.obj (.const:_SlSetSockOptCmdCtrl)
                  2000d3f2    00000004                  : socket.obj (.const:_SlSockCloseCmdCtrl)
                  2000d3f6    00000004                  : socket.obj (.const:_SlSockSocketCmdCtrl)
                  2000d3fa    00000004                  : device.obj (.const:_SlStopCmdCtrl)
                  2000d3fe    00000004                  : wlan.obj (.const:_SlWlanCfgSetCmdCtrl)
                  2000d402    00000004                  : wlan.obj (.const:_SlWlanSetModeCmdCtrl)

.cinit     0    2000d408    00000068     
                  2000d408    0000003d     (.cinit..data.load) [load image, compression = lzss]
                  2000d445    00000003     --HOLE-- [fill = 0]
                  2000d448    0000000c     (__TI_handler_table)
                  2000d454    00000004     --HOLE-- [fill = 0]
                  2000d458    00000008     (.cinit..bss.load) [load image, compression = zero_init]
                  2000d460    00000010     (__TI_cinit_table)

.sysmem    0    20017000    00008000     UNINITIALIZED
                  20017000    00000008     rtsv7M4_T_le_eabi.lib : memory.obj (.sysmem)
                  20017008    00007ff8     --HOLE--

.bss       0    2001f000    0000021a     UNINITIALIZED
                  2001f000    00000168     simplelink.a : driver.obj (.bss:g_StatMem)
                  2001f168    00000050     (.common:g_ucDinDout)
                  2001f1b8    0000002c     (.common:g_time)
                  2001f1e4    00000024     (.common:g_ucConnectionSSID)
                  2001f208    00000008     (.common:g_ucConnectionBSSID)
                  2001f210    00000004     uart_if.obj (.bss)
                  2001f214    00000001     (.common:RxIrqCnt)
                  2001f215    00000001     (.common:g_bDeviceRestartIsRequired)
                  2001f216    00000001     (.common:g_cDummy)
                  2001f217    00000001     (.common:g_ucLED1Pin)
                  2001f218    00000001     (.common:g_ucLED2Pin)
                  2001f219    00000001     (.common:g_ucLED3Pin)

.data      0    2001f21c    000000b0     UNINITIALIZED
                  2001f21c    0000003c     simplelink.a : nonos.obj (.data:g__SlNonOsCB)
                  2001f258    00000014     gpio_if.obj (.data:ulReg)
                  2001f26c    00000010     main.obj (.data)
                  2001f27c    0000000d     simplelink.a : driver.obj (.data)
                  2001f289    00000003     --HOLE--
                  2001f28c    0000000c     rtsv7M4_T_le_eabi.lib : exit.obj (.data:$O1$$)
                  2001f298    0000000c                           : memory.obj (.data:$O1$$)
                  2001f2a4    0000000c     gpio_if.obj (.data)
                  2001f2b0    00000009     simplelink.a : cc_pal.obj (.data)
                  2001f2b9    00000003     --HOLE--
                  2001f2bc    00000008     rtsv7M4_T_le_eabi.lib : _lock.obj (.data:$O1$$)
                  2001f2c4    00000004                           : errno.obj (.data)
                  2001f2c8    00000004                           : stkdepth_vars.obj (.data)

.stack     0    2002f000    00001000     UNINITIALIZED
                  2002f000    00001000     --HOLE--

MODULE SUMMARY

       Module                     code    ro data   rw data
       ------                     ----    -------   -------
    .\
       main.obj                   4628    201       104    
       startup_ccs.obj            14      1024      0      
       gpio_if.obj                920     0         35     
       uart_if.obj                640     0         4      
       pinmux.obj                 88      0         0      
    +--+--------------------------+-------+---------+---------+
       Total:                     6290    1225      143    
                                                           
    C:/ti/CC3200SDK_1.3.0/cc3200-sdk/driverlib/ccs/Release/driverlib.a
       prcm.obj                   852     168       0      
       interrupt.obj              608     340       0      
       spi.obj                    798     60        0      
       udma.obj                   604     0         0      
       pin.obj                    274     256       0      
       gpio.obj                   388     0         0      
       uart.obj                   284     0         0      
       timer.obj                  210     0         0      
       cpu.obj                    20      0         0      
       utils.obj                  6       0         0      
    +--+--------------------------+-------+---------+---------+
       Total:                     4044    824       0      
                                                           
    C:/ti/CC3200SDK_1.3.0/cc3200-sdk/simplelink/ccs/NON_OS/simplelink.a
       driver.obj                 7714    184       375    
       cc_pal.obj                 1820    0         90     
       socket.obj                 1830    40        0      
       netapp.obj                 1572    12        0      
       wlan.obj                   1312    24        0      
       device.obj                 1230    20        0      
       nonos.obj                  416     20        60     
       netcfg.obj                 152     4         0      
    +--+--------------------------+-------+---------+---------+
       Total:                     16046   304       525    
                                                           
    C:\ti\ccsv7\tools\compiler\ti-cgt-arm_16.9.6.LTS\lib\rtsv7M4_T_le_eabi.lib
       _printfi.obj               4386    0         0      
       memory.obj                 976     0         12     
       ull_div_t2.obj             500     0         0      
       fd_add_t2.obj              438     0         0      
       fd_div_t2.obj              310     0         0      
       fd_cmp_t2.obj              268     0         0      
       ctype.obj                  0       257       0      
       fd_mul_t2.obj              252     0         0      
       s_scalbn.obj               208     0         0      
       memcpy_t2.obj              156     0         0      
       vsnprintf.obj              136     0         0      
       memset_t2.obj              122     0         0      
       autoinit.obj               112     0         0      
       copy_decompress_lzss.obj   104     0         0      
       exit.obj                   84      0         12     
       sprintf.obj                96      0         0      
       s_frexp.obj                92      0         0      
       ltoa.obj                   84      0         0      
       atoi.obj                   76      0         0      
       cpy_tbl.obj                76      0         0      
       fd_toi_t2.obj              72      0         0      
       boot.obj                   64      0         0      
       i_tofd_t2.obj              46      0         0      
       memmov.obj                 36      0         0      
       _lock.obj                  20      0         8      
       memccpy.obj                28      0         0      
       args_main.obj              24      0         0      
       strchr.obj                 22      0         0      
       strcpy.obj                 20      0         0      
       strlen.obj                 20      0         0      
       copy_decompress_none.obj   14      0         0      
       copy_zero_init.obj         12      0         0      
       s_copysign.obj             8       0         0      
       errno.obj                  0       0         4      
       pre_init.obj               4       0         0      
       stkdepth_vars.obj          0       0         4      
       mpu_init.obj               2       0         0      
       startup.obj                2       0         0      
    +--+--------------------------+-------+---------+---------+
       Total:                     8870    257       40     
                                                           
       Heap:                      0       0         32768  
       Stack:                     0       0         4096   
       Linker Generated:          0       97        0      
    +--+--------------------------+-------+---------+---------+
       Grand Total:               35250   2707      37572  


LINKER GENERATED COPY TABLES

__TI_cinit_table @ 2000d460 records: 2, size/record: 8, table size: 16
	.data: load addr=2000d408, load size=0000003d bytes, run addr=2001f21c, run size=000000b0 bytes, compression=lzss
	.bss: load addr=2000d458, load size=00000008 bytes, run addr=2001f000, run size=0000021a bytes, compression=zero_init


LINKER GENERATED HANDLER TABLE

__TI_handler_table @ 2000d448 records: 3, size/record: 4, table size: 12
	index: 0, handler: __TI_decompress_lzss
	index: 1, handler: __TI_decompress_none
	index: 2, handler: __TI_zero_init


GLOBAL SYMBOLS: SORTED ALPHABETICALLY BY Name 

address   name                                  
-------   ----                                  
2000bd3d  C$$EXIT                               
2000ccd5  CPUcpsie                              
20007471  ClearTerm                             
2000c855  DmaSpiSwIntHandler                    
2000747b  Error                                 
2000c559  GPIODirModeSet                        
2000cce9  GPIOIntClear                          
2000caed  GPIOIntEnable                         
2000c9e9  GPIOIntRegister                       
2000b1d5  GPIOIntTypeSet                        
2000cba3  GPIOPinRead                           
2000c929  GPIOPinWrite                          
20007359  GPIO_IF_ConfigureNIntEnable           
200073e5  GPIO_IF_Get                           
20007313  GPIO_IF_GetPortNPin                   
200070d5  GPIO_IF_LedConfigure                  
200071c7  GPIO_IF_LedOff                        
20007113  GPIO_IF_LedOn                         
2000727b  GPIO_IF_LedStatus                     
200072e5  GPIO_IF_LedToggle                     
200073a1  GPIO_IF_Set                           
200074b3  GetCmd                                
20007431  InitTerm                              
2000a2d1  IntDisable                            
2000a379  IntEnable                             
2000cdad  IntMasterEnable                       
2000bb39  IntPendClear                          
2000bc41  IntPrioritySet                        
2000c949  IntRegister                           
2000c879  IntUnregister                         
2000ccfd  IntVTableBaseSet                      
2000744f  Message                               
2000cd89  NwpMaskInterrupt                      
2000c4e9  NwpPowerOff                           
2000c689  NwpPowerOn                            
2000c969  NwpPrePowerOffTimout0                 
2000c37d  NwpRegisterInterruptHandler           
2000cd95  NwpUnMaskInterrupt                    
2000d1c8  OpcodeTranslateTable                  
20008945  PRCMCC3200MCUInit                     
2000cc7d  PRCMHIBRegRead                        
2000cc93  PRCMHIBRegWrite                       
2000c78d  PRCMPeripheralClkDisable              
2000c3f9  PRCMPeripheralClkEnable               
2000aa35  PRCMPeripheralClockGet                
2000bb91  PRCMPeripheralReset                   
2000c591  PRCMPeripheralStatusGet               
2000c6b5  PRCMSysResetCauseGet                  
2000af35  PinConfigSet                          
2000c2bd  PinModeSet                            
2000bbe9  PinMuxConfig                          
2000c5f9  PinTypeGPIO                           
2000cb07  PinTypeUART                           
200075f1  Report                                
2000cd79  ResetISR                              
2001f214  RxIrqCnt                              
UNDEFED   SHT$$INIT_ARRAY$$Base                 
UNDEFED   SHT$$INIT_ARRAY$$Limit                
2000cbbb  SPICSDisable                          
2000cbd3  SPICSEnable                           
2000a4c5  SPIConfigSetExpClk                    
2000cbeb  SPIDisable                            
2000cb21  SPIDmaDisable                         
2000cb3b  SPIDmaEnable                          
2000cc03  SPIEnable                             
2000cb55  SPIFIFODisable                        
2000cb6f  SPIFIFOEnable                         
2000c5c5  SPIFIFOLevelSet                       
2000c091  SPIIntClear                           
2000be35  SPIIntEnable                          
2000cb89  SPIIntUnregister                      
2000c8e5  SPIReset                              
2000c907  SPIWordCountSet                       
200045d5  SimpleLinkGeneralEventHandler         
200045b1  SimpleLinkHttpServerCallback          
2000450f  SimpleLinkNetAppEventHandler          
200045f5  SimpleLinkSockEventHandler            
20004401  SimpleLinkWlanEventHandler            
2000c1ad  TimerConfigure                        
2000ca07  TimerEnable                           
2000c989  TimerGetCurrentTimestamp              
2000c739  TimerLoadSet                          
2000c763  TimerPrescaleSet                      
2000ca61  TimerValueGet                         
20007559  TrimSpace                             
2000ca7d  UARTCharGetNonBlocking                
2000ca25  UARTCharPut                           
2000cc1b  UARTCharsAvail                        
2000b4cd  UARTConfigSetExpClk                   
2000c629  UARTDisable                           
2000c89d  UARTEnable                            
2000cdbf  UtilsDelay                            
2000d204  _SlActionLookupTable                  
2000a421  _SlDriverHandleError                  
2000c0d9  _SlDrvBasicCmd                        
2000a161  _SlDrvCmdOp                           
2000b629  _SlDrvCmdSend                         
20007d6d  _SlDrvDataReadOp                      
20008c2d  _SlDrvDataWriteOp                     
2000a6a1  _SlDrvDeviceEventHandler              
2000cd4d  _SlDrvDispatchHttpServerEvents        
200093b9  _SlDrvDriverCBDeinit                  
200082d9  _SlDrvDriverCBInit                    
2000c7b5  _SlDrvGlobalObjUnLock                 
2000ad91  _SlDrvIsTimeoutExpired                
2000cca9  _SlDrvMemZero                         
20009b8d  _SlDrvMsgReadSpawnCtx                 
200094e9  _SlDrvNetAppEventHandler              
2000c82d  _SlDrvObjLockWaitForever              
2000c9a9  _SlDrvObjUnLock                       
2000becd  _SlDrvProtectAsyncRespSetting         
2000c70d  _SlDrvProtectionObjLockWaitForever    
2000c7dd  _SlDrvProtectionObjUnLock             
20007f51  _SlDrvReleasePoolObj                  
2000cd5d  _SlDrvResetCmdExt                     
2000bc95  _SlDrvRxIrqHandler                    
2000ca99  _SlDrvStartMeasureTimeout             
2000c9c9  _SlDrvSyncObjSignal                   
2000c805  _SlDrvSyncObjWaitForever              
2000c1f1  _SlDrvSyncObjWaitTimeout              
20008629  _SlDrvWaitForPoolObj                  
2000d3ce  _SlNetAppSendTokenValueCmdCtrl        
2000b545  _SlNonOsMainLoopTask                  
2000a221  _SlNonOsSemGet                        
2000cc33  _SlNonOsSemSet                        
2000b769  _SlNonOsSpawn                         
20030000  __STACK_END                           
00001000  __STACK_SIZE                          
00008000  __SYSMEM_SIZE                         
2000d460  __TI_CINIT_Base                       
2000d470  __TI_CINIT_Limit                      
2000d448  __TI_Handler_Table_Base               
2000d454  __TI_Handler_Table_Limit              
2000b5b9  __TI_auto_init                        
2001f28c  __TI_cleanup_ptr                      
2000b701  __TI_decompress_lzss                  
2000cd6b  __TI_decompress_none                  
2001f290  __TI_dtors_ptr                        
2001f294  __TI_enable_exit_profile_output       
ffffffff  __TI_pprof_out_hndl                   
20005e4d  __TI_printfi                          
ffffffff  __TI_prof_data_size                   
ffffffff  __TI_prof_data_start                  
2000d408  __TI_static_base__                    
2000cda1  __TI_zero_init                        
2000b045  __aeabi_cdcmpeq                       
2000b045  __aeabi_cdcmple                       
2000b0cb  __aeabi_cdrcmple                      
2000c121  __aeabi_d2iz                          
2000812b  __aeabi_dadd                          
2000914d  __aeabi_ddiv                          
200095ed  __aeabi_dmul                          
20008121  __aeabi_dsub                          
2000c659  __aeabi_i2d                           
2000b3d9  __aeabi_memclr                        
2000b3d9  __aeabi_memclr4                       
2000b3d9  __aeabi_memclr8                       
2000a605  __aeabi_memcpy                        
2000a605  __aeabi_memcpy4                       
2000a605  __aeabi_memcpy8                       
2000b3db  __aeabi_memset                        
2000b3db  __aeabi_memset4                       
2000b3db  __aeabi_memset8                       
20007b79  __aeabi_uldivmod                      
ffffffff  __binit__                             
ffffffff  __c_args__                            
200082d7  __mpu_init                            
2002f000  __stack                               
2000cc65  _args_main                            
2000c33d  _c_int00                              
2000cdc8  _ctypes_                              
2001f2bc  _lock                                 
2000cd1f  _nop                                  
2000cd17  _register_lock                        
2000cd11  _register_unlock                      
2000b7cd  _sl_HandleAsync_Accept                
2000b259  _sl_HandleAsync_Connect               
2000aac9  _sl_HandleAsync_DnsGetHostByName      
20009f05  _sl_HandleAsync_DnsGetHostByService   
2000ae1d  _sl_HandleAsync_InitComplete          
2000ab59  _sl_HandleAsync_PingResponse          
2000bce9  _sl_HandleAsync_Select                
2000bde5  _sl_HandleAsync_Stop                  
2000b695  _sl_NetAppSendTokenValue              
20017000  _sys_memory                           
20009283  _system_post_cinit                    
2000cdc5  _system_pre_init                      
2001f2c0  _unlock                               
2000bd41  abort                                 
2000bf65  atoi                                  
ffffffff  binit                                 
20007069  calloc                                
2000bfb1  copy_in                               
2000cdb7  copysign                              
2000cdb7  copysignl                             
2001f2c4  errno                                 
2000bd49  exit                                  
20006db3  free                                  
2000badd  frexp                                 
2000badd  frexpl                                
2001f278  g_Host                                
2001f27c  g_SlDeviceStatus                      
2001f2b0  g_SpiFd                               
2001f21c  g__SlNonOsCB                          
2001f215  g_bDeviceRestartIsRequired            
2001f216  g_cDummy                              
2001f280  g_pCB                                 
2001f2b4  g_pHostIntHdl                         
20004000  g_pfnVectors                          
2001f1b8  g_time                                
2001f208  g_ucConnectionBSSID                   
2001f1e4  g_ucConnectionSSID                    
2001f2b8  g_ucDMAEnabled                        
2001f168  g_ucDinDout                           
2001f217  g_ucLED1Pin                           
2001f218  g_ucLED2Pin                           
2001f219  g_ucLED3Pin                           
2001f2a4  g_uiLED1Port                          
2001f2a8  g_uiLED2Port                          
2001f2ac  g_uiLED3Port                          
2001f274  g_ulGatewayIP                         
2001f270  g_ulPingPacketsRecv                   
2001f26c  g_ulStatus                            
20009e35  ldexp                                 
20009e35  ldexpl                                
2000bd91  ltoa                                  
2000509d  main                                  
2001f2c8  main_func_sp                          
20006d49  malloc                                
20006f7d  memalign                              
2000cab5  memccpy                               
2000a605  memcpy                                
2000c8c1  memmove                               
2000b3e1  memset                                
20006cc9  minit                                 
2001f284  pPingCallBackFunc                     
20004fbd  printErrConvenience                   
20006e73  realloc                               
20009e35  scalbn                                
20009e35  scalbnl                               
2000c435  simplelink_timerA2_start              
2000b9bd  sl_Close                              
200087b9  sl_Connect                            
20009fd1  sl_DevGet                             
2000a73d  sl_DevSet                             
2000c279  sl_Htonl                              
2000c471  sl_Htons                              
20009009  sl_NetAppDnsGetHostByName             
20009c75  sl_NetAppMDNSRegisterUnregisterService
2000b831  sl_NetAppMDNSUnRegisterService        
2000a7d5  sl_NetCfgSet                          
2000a565  sl_Recv                               
20009285  sl_Send                               
2000a86d  sl_SetSockOpt                         
2000aea9  sl_Socket                             
200099b9  sl_Start                              
200096e9  sl_Stop                               
200076b1  sl_WlanConnect                        
2000c521  sl_WlanDisconnect                     
2000abe9  sl_WlanPolicySet                      
2000ba1d  sl_WlanProfileDel                     
2000b151  sl_WlanRxFilterSet                    
2000a905  sl_WlanSet                            
2000ba7d  sl_WlanSetMode                        
2000b455  spi_Close                             
20008d7d  spi_Open                              
200097d9  spi_Read                              
2000a99d  spi_Write                             
2000b95d  sprintf                               
2000ccbf  strchr                                
2000cd25  strcpy                                
2000cd39  strlen                                
2000bffd  uDMAChannelAssign                     
2000b895  uDMAChannelAttributeDisable           
2000b8f9  uDMAChannelAttributeEnable            
2000c4ad  uDMAChannelControlSet                 
2000cad1  uDMAChannelEnable                     
200098c9  uDMAChannelTransferSet                
2000afbd  vsnprintf                             


GLOBAL SYMBOLS: SORTED BY Symbol Address 

address   name                                  
-------   ----                                  
00001000  __STACK_SIZE                          
00008000  __SYSMEM_SIZE                         
20004000  g_pfnVectors                          
20004401  SimpleLinkWlanEventHandler            
2000450f  SimpleLinkNetAppEventHandler          
200045b1  SimpleLinkHttpServerCallback          
200045d5  SimpleLinkGeneralEventHandler         
200045f5  SimpleLinkSockEventHandler            
20004fbd  printErrConvenience                   
2000509d  main                                  
20005e4d  __TI_printfi                          
20006cc9  minit                                 
20006d49  malloc                                
20006db3  free                                  
20006e73  realloc                               
20006f7d  memalign                              
20007069  calloc                                
200070d5  GPIO_IF_LedConfigure                  
20007113  GPIO_IF_LedOn                         
200071c7  GPIO_IF_LedOff                        
2000727b  GPIO_IF_LedStatus                     
200072e5  GPIO_IF_LedToggle                     
20007313  GPIO_IF_GetPortNPin                   
20007359  GPIO_IF_ConfigureNIntEnable           
200073a1  GPIO_IF_Set                           
200073e5  GPIO_IF_Get                           
20007431  InitTerm                              
2000744f  Message                               
20007471  ClearTerm                             
2000747b  Error                                 
200074b3  GetCmd                                
20007559  TrimSpace                             
200075f1  Report                                
200076b1  sl_WlanConnect                        
20007b79  __aeabi_uldivmod                      
20007d6d  _SlDrvDataReadOp                      
20007f51  _SlDrvReleasePoolObj                  
20008121  __aeabi_dsub                          
2000812b  __aeabi_dadd                          
200082d7  __mpu_init                            
200082d9  _SlDrvDriverCBInit                    
20008629  _SlDrvWaitForPoolObj                  
200087b9  sl_Connect                            
20008945  PRCMCC3200MCUInit                     
20008c2d  _SlDrvDataWriteOp                     
20008d7d  spi_Open                              
20009009  sl_NetAppDnsGetHostByName             
2000914d  __aeabi_ddiv                          
20009283  _system_post_cinit                    
20009285  sl_Send                               
200093b9  _SlDrvDriverCBDeinit                  
200094e9  _SlDrvNetAppEventHandler              
200095ed  __aeabi_dmul                          
200096e9  sl_Stop                               
200097d9  spi_Read                              
200098c9  uDMAChannelTransferSet                
200099b9  sl_Start                              
20009b8d  _SlDrvMsgReadSpawnCtx                 
20009c75  sl_NetAppMDNSRegisterUnregisterService
20009e35  ldexp                                 
20009e35  ldexpl                                
20009e35  scalbn                                
20009e35  scalbnl                               
20009f05  _sl_HandleAsync_DnsGetHostByService   
20009fd1  sl_DevGet                             
2000a161  _SlDrvCmdOp                           
2000a221  _SlNonOsSemGet                        
2000a2d1  IntDisable                            
2000a379  IntEnable                             
2000a421  _SlDriverHandleError                  
2000a4c5  SPIConfigSetExpClk                    
2000a565  sl_Recv                               
2000a605  __aeabi_memcpy                        
2000a605  __aeabi_memcpy4                       
2000a605  __aeabi_memcpy8                       
2000a605  memcpy                                
2000a6a1  _SlDrvDeviceEventHandler              
2000a73d  sl_DevSet                             
2000a7d5  sl_NetCfgSet                          
2000a86d  sl_SetSockOpt                         
2000a905  sl_WlanSet                            
2000a99d  spi_Write                             
2000aa35  PRCMPeripheralClockGet                
2000aac9  _sl_HandleAsync_DnsGetHostByName      
2000ab59  _sl_HandleAsync_PingResponse          
2000abe9  sl_WlanPolicySet                      
2000ad91  _SlDrvIsTimeoutExpired                
2000ae1d  _sl_HandleAsync_InitComplete          
2000aea9  sl_Socket                             
2000af35  PinConfigSet                          
2000afbd  vsnprintf                             
2000b045  __aeabi_cdcmpeq                       
2000b045  __aeabi_cdcmple                       
2000b0cb  __aeabi_cdrcmple                      
2000b151  sl_WlanRxFilterSet                    
2000b1d5  GPIOIntTypeSet                        
2000b259  _sl_HandleAsync_Connect               
2000b3d9  __aeabi_memclr                        
2000b3d9  __aeabi_memclr4                       
2000b3d9  __aeabi_memclr8                       
2000b3db  __aeabi_memset                        
2000b3db  __aeabi_memset4                       
2000b3db  __aeabi_memset8                       
2000b3e1  memset                                
2000b455  spi_Close                             
2000b4cd  UARTConfigSetExpClk                   
2000b545  _SlNonOsMainLoopTask                  
2000b5b9  __TI_auto_init                        
2000b629  _SlDrvCmdSend                         
2000b695  _sl_NetAppSendTokenValue              
2000b701  __TI_decompress_lzss                  
2000b769  _SlNonOsSpawn                         
2000b7cd  _sl_HandleAsync_Accept                
2000b831  sl_NetAppMDNSUnRegisterService        
2000b895  uDMAChannelAttributeDisable           
2000b8f9  uDMAChannelAttributeEnable            
2000b95d  sprintf                               
2000b9bd  sl_Close                              
2000ba1d  sl_WlanProfileDel                     
2000ba7d  sl_WlanSetMode                        
2000badd  frexp                                 
2000badd  frexpl                                
2000bb39  IntPendClear                          
2000bb91  PRCMPeripheralReset                   
2000bbe9  PinMuxConfig                          
2000bc41  IntPrioritySet                        
2000bc95  _SlDrvRxIrqHandler                    
2000bce9  _sl_HandleAsync_Select                
2000bd3d  C$$EXIT                               
2000bd41  abort                                 
2000bd49  exit                                  
2000bd91  ltoa                                  
2000bde5  _sl_HandleAsync_Stop                  
2000be35  SPIIntEnable                          
2000becd  _SlDrvProtectAsyncRespSetting         
2000bf65  atoi                                  
2000bfb1  copy_in                               
2000bffd  uDMAChannelAssign                     
2000c091  SPIIntClear                           
2000c0d9  _SlDrvBasicCmd                        
2000c121  __aeabi_d2iz                          
2000c1ad  TimerConfigure                        
2000c1f1  _SlDrvSyncObjWaitTimeout              
2000c279  sl_Htonl                              
2000c2bd  PinModeSet                            
2000c33d  _c_int00                              
2000c37d  NwpRegisterInterruptHandler           
2000c3f9  PRCMPeripheralClkEnable               
2000c435  simplelink_timerA2_start              
2000c471  sl_Htons                              
2000c4ad  uDMAChannelControlSet                 
2000c4e9  NwpPowerOff                           
2000c521  sl_WlanDisconnect                     
2000c559  GPIODirModeSet                        
2000c591  PRCMPeripheralStatusGet               
2000c5c5  SPIFIFOLevelSet                       
2000c5f9  PinTypeGPIO                           
2000c629  UARTDisable                           
2000c659  __aeabi_i2d                           
2000c689  NwpPowerOn                            
2000c6b5  PRCMSysResetCauseGet                  
2000c70d  _SlDrvProtectionObjLockWaitForever    
2000c739  TimerLoadSet                          
2000c763  TimerPrescaleSet                      
2000c78d  PRCMPeripheralClkDisable              
2000c7b5  _SlDrvGlobalObjUnLock                 
2000c7dd  _SlDrvProtectionObjUnLock             
2000c805  _SlDrvSyncObjWaitForever              
2000c82d  _SlDrvObjLockWaitForever              
2000c855  DmaSpiSwIntHandler                    
2000c879  IntUnregister                         
2000c89d  UARTEnable                            
2000c8c1  memmove                               
2000c8e5  SPIReset                              
2000c907  SPIWordCountSet                       
2000c929  GPIOPinWrite                          
2000c949  IntRegister                           
2000c969  NwpPrePowerOffTimout0                 
2000c989  TimerGetCurrentTimestamp              
2000c9a9  _SlDrvObjUnLock                       
2000c9c9  _SlDrvSyncObjSignal                   
2000c9e9  GPIOIntRegister                       
2000ca07  TimerEnable                           
2000ca25  UARTCharPut                           
2000ca61  TimerValueGet                         
2000ca7d  UARTCharGetNonBlocking                
2000ca99  _SlDrvStartMeasureTimeout             
2000cab5  memccpy                               
2000cad1  uDMAChannelEnable                     
2000caed  GPIOIntEnable                         
2000cb07  PinTypeUART                           
2000cb21  SPIDmaDisable                         
2000cb3b  SPIDmaEnable                          
2000cb55  SPIFIFODisable                        
2000cb6f  SPIFIFOEnable                         
2000cb89  SPIIntUnregister                      
2000cba3  GPIOPinRead                           
2000cbbb  SPICSDisable                          
2000cbd3  SPICSEnable                           
2000cbeb  SPIDisable                            
2000cc03  SPIEnable                             
2000cc1b  UARTCharsAvail                        
2000cc33  _SlNonOsSemSet                        
2000cc65  _args_main                            
2000cc7d  PRCMHIBRegRead                        
2000cc93  PRCMHIBRegWrite                       
2000cca9  _SlDrvMemZero                         
2000ccbf  strchr                                
2000ccd5  CPUcpsie                              
2000cce9  GPIOIntClear                          
2000ccfd  IntVTableBaseSet                      
2000cd11  _register_unlock                      
2000cd17  _register_lock                        
2000cd1f  _nop                                  
2000cd25  strcpy                                
2000cd39  strlen                                
2000cd4d  _SlDrvDispatchHttpServerEvents        
2000cd5d  _SlDrvResetCmdExt                     
2000cd6b  __TI_decompress_none                  
2000cd79  ResetISR                              
2000cd89  NwpMaskInterrupt                      
2000cd95  NwpUnMaskInterrupt                    
2000cda1  __TI_zero_init                        
2000cdad  IntMasterEnable                       
2000cdb7  copysign                              
2000cdb7  copysignl                             
2000cdbf  UtilsDelay                            
2000cdc5  _system_pre_init                      
2000cdc8  _ctypes_                              
2000d1c8  OpcodeTranslateTable                  
2000d204  _SlActionLookupTable                  
2000d3ce  _SlNetAppSendTokenValueCmdCtrl        
2000d408  __TI_static_base__                    
2000d448  __TI_Handler_Table_Base               
2000d454  __TI_Handler_Table_Limit              
2000d460  __TI_CINIT_Base                       
2000d470  __TI_CINIT_Limit                      
20017000  _sys_memory                           
2001f168  g_ucDinDout                           
2001f1b8  g_time                                
2001f1e4  g_ucConnectionSSID                    
2001f208  g_ucConnectionBSSID                   
2001f214  RxIrqCnt                              
2001f215  g_bDeviceRestartIsRequired            
2001f216  g_cDummy                              
2001f217  g_ucLED1Pin                           
2001f218  g_ucLED2Pin                           
2001f219  g_ucLED3Pin                           
2001f21c  g__SlNonOsCB                          
2001f26c  g_ulStatus                            
2001f270  g_ulPingPacketsRecv                   
2001f274  g_ulGatewayIP                         
2001f278  g_Host                                
2001f27c  g_SlDeviceStatus                      
2001f280  g_pCB                                 
2001f284  pPingCallBackFunc                     
2001f28c  __TI_cleanup_ptr                      
2001f290  __TI_dtors_ptr                        
2001f294  __TI_enable_exit_profile_output       
2001f2a4  g_uiLED1Port                          
2001f2a8  g_uiLED2Port                          
2001f2ac  g_uiLED3Port                          
2001f2b0  g_SpiFd                               
2001f2b4  g_pHostIntHdl                         
2001f2b8  g_ucDMAEnabled                        
2001f2bc  _lock                                 
2001f2c0  _unlock                               
2001f2c4  errno                                 
2001f2c8  main_func_sp                          
2002f000  __stack                               
20030000  __STACK_END                           
ffffffff  __TI_pprof_out_hndl                   
ffffffff  __TI_prof_data_size                   
ffffffff  __TI_prof_data_start                  
ffffffff  __binit__                             
ffffffff  __c_args__                            
ffffffff  binit                                 
UNDEFED   SHT$$INIT_ARRAY$$Base                 
UNDEFED   SHT$$INIT_ARRAY$$Limit                

[279 symbols]
