******************************************************************************
                  TI ARM Linker PC v16.9.6                     
******************************************************************************
>> Linked Thu Mar 15 06:15:06 2018

OUTPUT FILE NAME:   <SSL_REST_API_AWS_w.out>
ENTRY POINT SYMBOL: "_c_int00"  address: 20010161


MEMORY CONFIGURATION

         name            origin    length      used     unused   attr    fill
----------------------  --------  ---------  --------  --------  ----  --------
  SRAM_CODE             20004000   00013000  0000da8c  00005574  RW X
  SRAM_DATA             20017000   00020000  0000a59c  00015a64  RW X


SEGMENT ALLOCATION MAP

run origin  load origin   length   init length attrs members
----------  ----------- ---------- ----------- ----- -------
20004000    20004000    0000da90   0000da90    r-x
  20004000    20004000    00000400   00000400    r-- .intvecs
  20004400    20004400    0000c93c   0000c93c    r-x .text
  20010d40    20010d40    00000ca8   00000ca8    r-- .const
  200119e8    200119e8    000000a8   000000a8    r-- .cinit
20017000    20017000    0000959c   00000000    rw-
  20017000    20017000    00008000   00000000    rw- .sysmem
  2001f000    2001f000    00000e14   00000000    rw- .bss
  2001fe14    2001fe14    00000788   00000000    rw- .data
20036000    20036000    00001000   00000000    rw-
  20036000    20036000    00001000   00000000    rw- .stack


SECTION ALLOCATION MAP

 output                                  attributes/
section   page    origin      length       input sections
--------  ----  ----------  ----------   ----------------
.intvecs   0    20004000    00000400     
                  20004000    00000400     startup_ccs.obj (.intvecs)

.init_array 
*          0    20004000    00000000     UNINITIALIZED

.text      0    20004400    0000c93c     
                  20004400    00001d74     main.obj (.text)
                  20006174    00001122     rtsv7M4_T_le_eabi.lib : _printfi.obj (.text)
                  20007296    00000002     driverlib.a : interrupt.obj (.text:IntDefaultHandler)
                  20007298    00000a80     Adafruit_GFX.obj (.text)
                  20007d18    00000a30     test.obj (.text)
                  20008748    00000704     rtsv7M4_T_le_eabi.lib : k_rem_pio2.obj (.text)
                  20008e4c    000005c0                           : s_cos.obj (.text)
                  2000940c    000005c0                           : s_sin.obj (.text)
                  200099cc    00000590     simplelink.a : driver.obj (.text:_SlDrvMsgRead)
                  20009f5c    00000476     Adafruit_OLED.obj (.text)
                  2000a3d2    00000002     rtsv7M4_T_le_eabi.lib : mpu_init.obj (.text)
                  2000a3d4    000003d0                           : memory.obj (.text)
                  2000a7a4    00000398     gpio_if.obj (.text)
                  2000ab3c    00000280     uart_if.obj (.text)
                  2000adbc    0000027c     simplelink.a : wlan.obj (.text:sl_WlanConnect)
                  2000b038    0000024c                  : driver.obj (.text:_SlDrvRxHdrRead)
                  2000b284    000001f4     rtsv7M4_T_le_eabi.lib : ull_div_t2.obj (.text)
                  2000b478    000001e4     simplelink.a : driver.obj (.text:_SlDrvDataReadOp)
                  2000b65c    000001d0                  : driver.obj (.text:_SlDrvReleasePoolObj)
                  2000b82c    000001b6     rtsv7M4_T_le_eabi.lib : fd_add_t2.obj (.text)
                  2000b9e2    00000002                           : startup.obj (.text)
                  2000b9e4    000001b4     simplelink.a : driver.obj (.text:_SlDrvDriverCBInit)
                  2000bb98    0000019c                  : driver.obj (.text:_SlDrvMsgWrite)
                  2000bd34    00000198     timer_if.obj (.text)
                  2000becc    00000190     simplelink.a : driver.obj (.text:_SlDrvWaitForPoolObj)
                  2000c05c    0000018c                  : socket.obj (.text:sl_Connect)
                  2000c1e8    00000178     driverlib.a : prcm.obj (.text:PRCMCC3200MCUInit)
                  2000c360    00000170     simplelink.a : driver.obj (.text:_SlFindAndSetActiveObj)
                  2000c4d0    00000168     rtsv7M4_T_le_eabi.lib : k_sin.obj (.text)
                  2000c638    00000160                           : k_cos.obj (.text)
                  2000c798    00000150     simplelink.a : driver.obj (.text:_SlDrvDataWriteOp)
                  2000c8e8    00000148                  : cc_pal.obj (.text:spi_Open)
                  2000ca30    00000144                  : driver.obj (.text:_SlDrvMsgReadCmdCtx)
                  2000cb74    00000144     pin_mux_config.obj (.text)
                  2000ccb8    00000144     simplelink.a : netapp.obj (.text:sl_NetAppDnsGetHostByName)
                  2000cdfc    00000136     rtsv7M4_T_le_eabi.lib : fd_div_t2.obj (.text)
                  2000cf32    00000002     --HOLE-- [fill = 0]
                  2000cf34    00000134     simplelink.a : socket.obj (.text:sl_Send)
                  2000d068    00000130                  : driver.obj (.text:_SlDrvDriverCBDeinit)
                  2000d198    00000104                  : netapp.obj (.text:_SlDrvNetAppEventHandler)
                  2000d29c    000000fc     rtsv7M4_T_le_eabi.lib : fd_mul_t2.obj (.text)
                  2000d398    000000f4                           : s_floor.obj (.text)
                  2000d48c    000000f0     simplelink.a : device.obj (.text:sl_Stop)
                  2000d57c    000000f0                  : cc_pal.obj (.text:spi_Read)
                  2000d66c    000000f0     driverlib.a : udma.obj (.text:uDMAChannelTransferSet)
                  2000d75c    000000ec     simplelink.a : device.obj (.text:sl_Start)
                  2000d848    000000e8                  : driver.obj (.text:_SlAsyncEventGenericHandler)
                  2000d930    000000e8                  : driver.obj (.text:_SlDrvMsgReadSpawnCtx)
                  2000da18    000000e4                  : netapp.obj (.text:sl_NetAppMDNSRegisterUnregisterService)
                  2000dafc    000000dc                  : driver.obj (.text:_SlDrvClassifyRxMsg)
                  2000dbd8    000000d0     rtsv7M4_T_le_eabi.lib : s_scalbn.obj (.text)
                  2000dca8    000000cc     simplelink.a : netapp.obj (.text:_sl_HandleAsync_DnsGetHostByService)
                  2000dd74    000000cc                  : device.obj (.text:sl_DevGet)
                  2000de40    000000c4                  : driver.obj (.text:_SlRemoveFromList)
                  2000df04    000000c0                  : driver.obj (.text:_SlDrvCmdOp)
                  2000dfc4    000000b0                  : nonos.obj (.text:_SlNonOsSemGet)
                  2000e074    000000a8     driverlib.a : interrupt.obj (.text:IntDisable)
                  2000e11c    000000a8                 : interrupt.obj (.text:IntEnable)
                  2000e1c4    000000a4     simplelink.a : driver.obj (.text:_SlDriverHandleError)
                  2000e268    000000a0     driverlib.a : spi.obj (.text:SPIConfigSetExpClk)
                  2000e308    000000a0     simplelink.a : socket.obj (.text:sl_Recv)
                  2000e3a8    0000009c     rtsv7M4_T_le_eabi.lib : memcpy_t2.obj (.text)
                  2000e444    0000009a     simplelink.a : device.obj (.text:_SlDrvDeviceEventHandler)
                  2000e4de    00000002     --HOLE-- [fill = 0]
                  2000e4e0    00000098                  : device.obj (.text:sl_DevSet)
                  2000e578    00000098                  : netcfg.obj (.text:sl_NetCfgSet)
                  2000e610    00000098                  : socket.obj (.text:sl_SetSockOpt)
                  2000e6a8    00000098                  : wlan.obj (.text:sl_WlanSet)
                  2000e740    00000098                  : cc_pal.obj (.text:spi_Write)
                  2000e7d8    00000094     driverlib.a : prcm.obj (.text:PRCMPeripheralClockGet)
                  2000e86c    00000090     simplelink.a : netapp.obj (.text:_sl_HandleAsync_DnsGetHostByName)
                  2000e8fc    00000090                  : netapp.obj (.text:_sl_HandleAsync_PingResponse)
                  2000e98c    00000090                  : wlan.obj (.text:sl_WlanPolicySet)
                  2000ea1c    0000008c                  : cc_pal.obj (.text:SetupDMAReceive)
                  2000eaa8    0000008c                  : cc_pal.obj (.text:SetupDMASend)
                  2000eb34    0000008c                  : driver.obj (.text:_SlDrvIsTimeoutExpired)
                  2000ebc0    0000008c                  : device.obj (.text:_sl_HandleAsync_InitComplete)
                  2000ec4c    0000008c                  : socket.obj (.text:sl_Socket)
                  2000ecd8    00000088     driverlib.a : pin.obj (.text:PinConfigSet)
                  2000ed60    00000088     rtsv7M4_T_le_eabi.lib : vsnprintf.obj (.text)
                  2000ede8    00000086                           : fd_cmp_t2.obj (.text:__aeabi_cdcmple)
                  2000ee6e    00000086                           : fd_cmp_t2.obj (.text:__aeabi_cdrcmple)
                  2000eef4    00000084     simplelink.a : wlan.obj (.text:sl_WlanRxFilterSet)
                  2000ef78    00000082     driverlib.a : gpio.obj (.text:GPIOIntTypeSet)
                  2000effa    00000002     --HOLE-- [fill = 0]
                  2000effc    00000080     simplelink.a : socket.obj (.text:_sl_HandleAsync_Connect)
                  2000f07c    00000080                  : cc_pal.obj (.text:spi_Read_CPU)
                  2000f0fc    00000080                  : cc_pal.obj (.text:spi_Write_CPU)
                  2000f17c    0000007a     rtsv7M4_T_le_eabi.lib : memset_t2.obj (.text)
                  2000f1f6    00000002     --HOLE-- [fill = 0]
                  2000f1f8    00000078     simplelink.a : cc_pal.obj (.text:spi_Close)
                  2000f270    00000076     driverlib.a : uart.obj (.text:UARTConfigSetExpClk)
                  2000f2e6    00000002     --HOLE-- [fill = 0]
                  2000f2e8    00000074     simplelink.a : nonos.obj (.text:_SlNonOsMainLoopTask)
                  2000f35c    00000070     driverlib.a : timer.obj (.text:TimerIntRegister)
                  2000f3cc    00000070     rtsv7M4_T_le_eabi.lib : autoinit.obj (.text)
                  2000f43c    0000006c     simplelink.a : driver.obj (.text:_SlDrvCmdSend)
                  2000f4a8    0000006c                  : netapp.obj (.text:_sl_NetAppSendTokenValue)
                  2000f514    00000068     driverlib.a : timer.obj (.text:TimerIntUnregister)
                  2000f57c    00000068     rtsv7M4_T_le_eabi.lib : copy_decompress_lzss.obj (.text:decompress:lzss)
                  2000f5e4    00000064     simplelink.a : nonos.obj (.text:_SlNonOsSpawn)
                  2000f648    00000064                  : socket.obj (.text:_sl_HandleAsync_Accept)
                  2000f6ac    00000064                  : netapp.obj (.text:sl_NetAppMDNSUnRegisterService)
                  2000f710    00000064     driverlib.a : udma.obj (.text:uDMAChannelAttributeDisable)
                  2000f774    00000064                 : udma.obj (.text:uDMAChannelAttributeEnable)
                  2000f7d8    00000060     rtsv7M4_T_le_eabi.lib : sprintf.obj (.text)
                  2000f838    00000060     simplelink.a : socket.obj (.text:sl_Close)
                  2000f898    00000060                  : wlan.obj (.text:sl_WlanProfileDel)
                  2000f8f8    00000060                  : wlan.obj (.text:sl_WlanSetMode)
                  2000f958    0000005c     rtsv7M4_T_le_eabi.lib : s_frexp.obj (.text)
                  2000f9b4    00000058     driverlib.a : interrupt.obj (.text:IntPendClear)
                  2000fa0c    00000058                 : prcm.obj (.text:PRCMPeripheralReset)
                  2000fa64    00000054                 : interrupt.obj (.text:IntPrioritySet)
                  2000fab8    00000054     simplelink.a : driver.obj (.text:_SlDrvRxIrqHandler)
                  2000fb0c    00000054                  : socket.obj (.text:_sl_HandleAsync_Select)
                  2000fb60    00000054     rtsv7M4_T_le_eabi.lib : exit.obj (.text)
                  2000fbb4    00000054                           : ltoa.obj (.text)
                  2000fc08    00000050     simplelink.a : device.obj (.text:_sl_HandleAsync_Stop)
                  2000fc58    0000004c     driverlib.a : spi.obj (.text:SPIIntEnable)
                  2000fca4    0000004c                 : spi.obj (.text:SPIIntNumberGet)
                  2000fcf0    0000004c     simplelink.a : driver.obj (.text:_SlDrvProtectAsyncRespSetting)
                  2000fd3c    0000004c                  : socket.obj (.text:_sl_BuildAddress)
                  2000fd88    0000004c     rtsv7M4_T_le_eabi.lib : atoi.obj (.text)
                  2000fdd4    0000004c                           : cpy_tbl.obj (.text)
                  2000fe20    0000004c     driverlib.a : udma.obj (.text:uDMAChannelAssign)
                  2000fe6c    00000048                 : gpio.obj (.text:GPIOGetIntNumber)
                  2000feb4    00000048                 : spi.obj (.text:SPIIntClear)
                  2000fefc    00000048     simplelink.a : driver.obj (.text:_SlDrvBasicCmd)
                  2000ff44    00000048     rtsv7M4_T_le_eabi.lib : fd_toi_t2.obj (.text)
                  2000ff8c    00000044     driverlib.a : spi.obj (.text:SPIDmaMaskGet)
                  2000ffd0    00000044                 : timer.obj (.text:TimerConfigure)
                  20010014    00000044     simplelink.a : driver.obj (.text:_SlDrvSyncObjWaitTimeout)
                  20010058    00000044                  : cc_pal.obj (.text:cc_SetupTransfer)
                  2001009c    00000042                  : socket.obj (.text:sl_Htonl)
                  200100de    00000002     --HOLE-- [fill = 0]
                  200100e0    00000040     driverlib.a : pin.obj (.text:PinModeSet)
                  20010120    00000040     simplelink.a : socket.obj (.text:_sl_TruncatePayloadByProtocol)
                  20010160    00000040     rtsv7M4_T_le_eabi.lib : boot.obj (.text)
                  200101a0    0000003e     simplelink.a : cc_pal.obj (.text:NwpRegisterInterruptHandler)
                  200101de    0000003c                  : netapp.obj (.text:CopyPingResultsToReport)
                  2001021a    00000002     --HOLE-- [fill = 0]
                  2001021c    0000003c     driverlib.a : prcm.obj (.text:PRCMPeripheralClkEnable)
                  20010258    0000003c     simplelink.a : cc_pal.obj (.text:simplelink_timerA2_start)
                  20010294    0000003c                  : socket.obj (.text:sl_Htons)
                  200102d0    0000003c     driverlib.a : udma.obj (.text:uDMAChannelControlSet)
                  2001030c    00000038     simplelink.a : cc_pal.obj (.text:NwpPowerOff)
                  20010344    00000038                  : wlan.obj (.text:sl_WlanDisconnect)
                  2001037c    00000036     driverlib.a : gpio.obj (.text:GPIODirModeSet)
                  200103b2    00000002     --HOLE-- [fill = 0]
                  200103b4    00000034                 : prcm.obj (.text:PRCMPeripheralStatusGet)
                  200103e8    00000034                 : spi.obj (.text:SPIFIFOLevelSet)
                  2001041c    00000030                 : pin.obj (.text:PinTypeGPIO)
                  2001044c    00000030                 : uart.obj (.text:UARTDisable)
                  2001047c    0000002e     rtsv7M4_T_le_eabi.lib : i_tofd_t2.obj (.text)
                  200104aa    00000002     --HOLE-- [fill = 0]
                  200104ac    0000002c     simplelink.a : cc_pal.obj (.text:NwpPowerOn)
                  200104d8    0000002c     driverlib.a : prcm.obj (.text:PRCMSysResetCauseGet)
                  20010504    0000002c     simplelink.a : driver.obj (.text:_SlDrvObjGlobalLockWaitForever)
                  20010530    0000002c                  : driver.obj (.text:_SlDrvProtectionObjLockWaitForever)
                  2001055c    0000002a     driverlib.a : timer.obj (.text:TimerLoadSet)
                  20010586    0000002a                 : timer.obj (.text:TimerPrescaleSet)
                  200105b0    00000028                 : prcm.obj (.text:PRCMPeripheralClkDisable)
                  200105d8    00000028     simplelink.a : driver.obj (.text:_SlDrvGlobalObjUnLock)
                  20010600    00000028                  : driver.obj (.text:_SlDrvProtectionObjUnLock)
                  20010628    00000028                  : driver.obj (.text:_SlDrvSyncObjWaitForever)
                  20010650    00000026                  : driver.obj (.text:_SlDrvObjLockWaitForever)
                  20010676    00000002     --HOLE-- [fill = 0]
                  20010678    00000024                  : cc_pal.obj (.text:DmaSpiSwIntHandler)
                  2001069c    00000024     driverlib.a : interrupt.obj (.text:IntUnregister)
                  200106c0    00000024                 : uart.obj (.text:UARTEnable)
                  200106e4    00000024     rtsv7M4_T_le_eabi.lib : memmov.obj (.text)
                  20010708    00000022     driverlib.a : gpio.obj (.text:GPIOIntStatus)
                  2001072a    00000022                 : spi.obj (.text:SPIReset)
                  2001074c    00000022                 : spi.obj (.text:SPIWordCountSet)
                  2001076e    00000022                 : timer.obj (.text:TimerValueSet)
                  20010790    00000020                 : gpio.obj (.text:GPIOPinWrite)
                  200107b0    00000020                 : interrupt.obj (.text:IntRegister)
                  200107d0    00000020     simplelink.a : cc_pal.obj (.text:NwpPrePowerOffTimout0)
                  200107f0    00000020     driverlib.a : spi.obj (.text:SPIDataGet)
                  20010810    00000020     simplelink.a : cc_pal.obj (.text:TimerGetCurrentTimestamp)
                  20010830    00000020                  : driver.obj (.text:_SlDrvObjUnLock)
                  20010850    00000020                  : driver.obj (.text:_SlDrvSyncObjSignal)
                  20010870    0000001e     driverlib.a : gpio.obj (.text:GPIOIntRegister)
                  2001088e    0000001e                 : spi.obj (.text:SPIDataPut)
                  200108ac    0000001e                 : timer.obj (.text:TimerDisable)
                  200108ca    0000001e                 : timer.obj (.text:TimerEnable)
                  200108e8    0000001e                 : timer.obj (.text:TimerIntStatus)
                  20010906    0000001e                 : uart.obj (.text:UARTCharPut)
                  20010924    0000001e     simplelink.a : cc_pal.obj (.text:cc_UDMAChannelSelect)
                  20010942    0000001e     rtsv7M4_T_le_eabi.lib : strcat.obj (.text)
                  20010960    0000001c     driverlib.a : timer.obj (.text:TimerValueGet)
                  2001097c    0000001c                 : uart.obj (.text:UARTCharGetNonBlocking)
                  20010998    0000001c     simplelink.a : driver.obj (.text:_SlDrvStartMeasureTimeout)
                  200109b4    0000001c     rtsv7M4_T_le_eabi.lib : memccpy.obj (.text)
                  200109d0    0000001c     driverlib.a : udma.obj (.text:uDMAChannelEnable)
                  200109ec    0000001a                 : gpio.obj (.text:GPIOIntDisable)
                  20010a06    0000001a                 : gpio.obj (.text:GPIOIntEnable)
                  20010a20    0000001a                 : pin.obj (.text:PinTypeSPI)
                  20010a3a    0000001a                 : pin.obj (.text:PinTypeUART)
                  20010a54    0000001a                 : spi.obj (.text:SPIDmaDisable)
                  20010a6e    0000001a                 : spi.obj (.text:SPIDmaEnable)
                  20010a88    0000001a                 : spi.obj (.text:SPIFIFODisable)
                  20010aa2    0000001a                 : spi.obj (.text:SPIFIFOEnable)
                  20010abc    0000001a                 : spi.obj (.text:SPIIntUnregister)
                  20010ad6    00000018                 : gpio.obj (.text:GPIOPinRead)
                  20010aee    00000018                 : spi.obj (.text:SPICSDisable)
                  20010b06    00000018                 : spi.obj (.text:SPICSEnable)
                  20010b1e    00000018                 : spi.obj (.text:SPIDisable)
                  20010b36    00000018                 : spi.obj (.text:SPIEnable)
                  20010b4e    00000018                 : timer.obj (.text:TimerIntDisable)
                  20010b66    00000018                 : timer.obj (.text:TimerIntEnable)
                  20010b7e    00000018                 : uart.obj (.text:UARTCharsAvail)
                  20010b96    00000018     simplelink.a : nonos.obj (.text:_SlNonOsSemSet)
                  20010bae    00000002     --HOLE-- [fill = 0]
                  20010bb0    00000018                  : device.obj (.text:_sl_GetStartResponseConvert)
                  20010bc8    00000018     rtsv7M4_T_le_eabi.lib : args_main.obj (.text)
                  20010be0    00000016     driverlib.a : prcm.obj (.text:PRCMHIBRegRead)
                  20010bf6    00000016                 : prcm.obj (.text:PRCMHIBRegWrite)
                  20010c0c    00000016     simplelink.a : driver.obj (.text:_SlDrvMemZero)
                  20010c22    00000016     rtsv7M4_T_le_eabi.lib : strchr.obj (.text)
                  20010c38    00000014     driverlib.a : cpu.obj (.text:CPUcpsie)
                  20010c4c    00000014                 : gpio.obj (.text:GPIOIntClear)
                  20010c60    00000014                 : interrupt.obj (.text:IntVTableBaseSet)
                  20010c74    00000014     rtsv7M4_T_le_eabi.lib : _lock.obj (.text)
                  20010c88    00000014                           : strcpy.obj (.text)
                  20010c9c    00000014                           : strlen.obj (.text)
                  20010cb0    00000012     driverlib.a : timer.obj (.text:TimerIntClear)
                  20010cc2    00000010     simplelink.a : driver.obj (.text:_SlDrvDispatchHttpServerEvents)
                  20010cd2    0000000e                  : driver.obj (.text:_SlDrvResetCmdExt)
                  20010ce0    0000000e     rtsv7M4_T_le_eabi.lib : copy_decompress_none.obj (.text:decompress:none)
                  20010cee    0000000e     startup_ccs.obj (.text)
                  20010cfc    0000000c     simplelink.a : cc_pal.obj (.text:NwpMaskInterrupt)
                  20010d08    0000000c                  : cc_pal.obj (.text:NwpUnMaskInterrupt)
                  20010d14    0000000c     rtsv7M4_T_le_eabi.lib : copy_zero_init.obj (.text:decompress:ZI)
                  20010d20    0000000a     driverlib.a : interrupt.obj (.text:IntMasterEnable)
                  20010d2a    00000008     rtsv7M4_T_le_eabi.lib : s_copysign.obj (.text)
                  20010d32    00000006     driverlib.a : utils.obj (.text:UtilsDelay)
                  20010d38    00000004     rtsv7M4_T_le_eabi.lib : pre_init.obj (.text)

.const     0    20010d40    00000ca8     
                  20010d40    000004fb     Adafruit_GFX.obj (.const:.string:font)
                  2001123b    00000001     --HOLE-- [fill = 0]
                  2001123c    00000004     simplelink.a : wlan.obj (.const:$P$T0$1)
                  20011240    00000158     rtsv7M4_T_le_eabi.lib : k_rem_pio2.obj (.const:$O1$$)
                  20011398    00000101                           : ctype.obj (.const:.string:_ctypes_)
                  20011499    00000003     --HOLE-- [fill = 0]
                  2001149c    00000100     driverlib.a : pin.obj (.const:g_ulPinToPadMap)
                  2001159c    000000d4                 : interrupt.obj (.const:g_pulRegs)
                  20011670    000000a8                 : prcm.obj (.const:PRCM_PeriphRegsList)
                  20011718    00000080                 : interrupt.obj (.const)
                  20011798    0000003c     simplelink.a : driver.obj (.const:OpcodeTranslateTable)
                  200117d4    00000038                  : driver.obj (.const:_SlActionLookupTable)
                  2001180c    0000002c     main.obj (.const:$P$T1$2)
                  20011838    0000002c     main.obj (.const:.string)
                  20011864    00000024     driverlib.a : spi.obj (.const:g_ppulSPIIntMap)
                  20011888    00000022     main.obj (.const:.string:$P$T0$1)
                  200118aa    00000002     --HOLE-- [fill = 0]
                  200118ac    00000020     simplelink.a : driver.obj (.const:RxMsgClassLUT)
                  200118cc    00000018     driverlib.a : spi.obj (.const)
                  200118e4    00000015     main.obj (.const:.string:$P$T7$8)
                  200118f9    00000003     --HOLE-- [fill = 0]
                  200118fc    00000014     simplelink.a : driver.obj (.const:$P$T0$1)
                  20011910    00000014                  : nonos.obj (.const:$P$T0$1)
                  20011924    00000014     main.obj (.const:$P$T2$3)
                  20011938    00000012     main.obj (.const:.string:$P$T6$7)
                  2001194a    00000010     simplelink.a : socket.obj (.const:.string:_SlPayloadByProtocolLUT)
                  2001195a    00000002     --HOLE-- [fill = 0]
                  2001195c    0000000c     main.obj (.const:$P$T4$5)
                  20011968    0000000c     main.obj (.const:.string:$P$T3$4)
                  20011974    00000009     main.obj (.const:.string:$P$T5$6)
                  2001197d    00000008     simplelink.a : device.obj (.const:StartResponseLUT)
                  20011985    00000003     --HOLE-- [fill = 0]
                  20011988    00000008                  : driver.obj (.const:g_H2NCnysPattern)
                  20011990    00000008                  : driver.obj (.const:g_H2NSyncPattern)
                  20011998    00000008     main.obj (.const)
                  200119a0    00000004     simplelink.a : socket.obj (.const:$P$T2$3)
                  200119a4    00000004                  : device.obj (.const:_SlDeviceGetCmdCtrl)
                  200119a8    00000004                  : device.obj (.const:_SlDeviceSetCmdCtrl)
                  200119ac    00000004                  : netapp.obj (.const:_SlGetHostByNameCtrl)
                  200119b0    00000004                  : netapp.obj (.const:_SlNetAppSendTokenValueCmdCtrl)
                  200119b4    00000004                  : netcfg.obj (.const:_SlNetCfgSetCmdCtrl)
                  200119b8    00000004                  : wlan.obj (.const:_SlPolicySetCmdCtrl)
                  200119bc    00000004                  : wlan.obj (.const:_SlProfileDelCmdCtrl)
                  200119c0    00000004                  : socket.obj (.const:_SlRecvCmdCtrl)
                  200119c4    00000004                  : netapp.obj (.const:_SlRegisterServiceCtrl)
                  200119c8    00000004                  : wlan.obj (.const:_SlRxFilterSetCmdCtrl)
                  200119cc    00000004                  : socket.obj (.const:_SlSendCmdCtrl)
                  200119d0    00000004                  : socket.obj (.const:_SlSetSockOptCmdCtrl)
                  200119d4    00000004                  : socket.obj (.const:_SlSockCloseCmdCtrl)
                  200119d8    00000004                  : socket.obj (.const:_SlSockSocketCmdCtrl)
                  200119dc    00000004                  : device.obj (.const:_SlStopCmdCtrl)
                  200119e0    00000004                  : wlan.obj (.const:_SlWlanCfgSetCmdCtrl)
                  200119e4    00000004                  : wlan.obj (.const:_SlWlanSetModeCmdCtrl)

.cinit     0    200119e8    000000a8     
                  200119e8    00000083     (.cinit..data.load) [load image, compression = lzss]
                  20011a6b    00000001     --HOLE-- [fill = 0]
                  20011a6c    0000000c     (__TI_handler_table)
                  20011a78    00000008     (.cinit..bss.load) [load image, compression = zero_init]
                  20011a80    00000010     (__TI_cinit_table)

.sysmem    0    20017000    00008000     UNINITIALIZED
                  20017000    00000008     rtsv7M4_T_le_eabi.lib : memory.obj (.sysmem)
                  20017008    00007ff8     --HOLE--

.bss       0    2001f000    00000e14     UNINITIALIZED
                  2001f000    000005b4     (.common:recvJSON)
                  2001f5b4    00000400     main.obj (.bss:json)
                  2001f9b4    00000168     simplelink.a : driver.obj (.bss:g_StatMem)
                  2001fb1c    0000008c     (.common:bitSequence)
                  2001fba8    0000008c     (.common:timeInterval)
                  2001fc34    0000008c     (.common:timeOfInterrupt)
                  2001fcc0    00000050     (.common:g_ucDinDout)
                  2001fd10    00000040     (.common:buffer)
                  2001fd50    00000040     (.common:receiverBuffer)
                  2001fd90    0000002c     (.common:g_time)
                  2001fdbc    00000024     (.common:g_ucConnectionSSID)
                  2001fde0    00000008     (.common:g_ucConnectionBSSID)
                  2001fde8    00000004     uart_if.obj (.bss)
                  2001fdec    00000004     (.common:_readTime)
                  2001fdf0    00000004     (.common:_time)
                  2001fdf4    00000004     (.common:deleteFlag)
                  2001fdf8    00000004     (.common:interruptCounter)
                  2001fdfc    00000004     (.common:pulseCounter)
                  2001fe00    00000004     (.common:readIndex)
                  2001fe04    00000004     (.common:receiverLineNumber)
                  2001fe08    00000004     (.common:time)
                  2001fe0c    00000001     (.common:RxIrqCnt)
                  2001fe0d    00000001     (.common:currRead)
                  2001fe0e    00000001     (.common:g_bDeviceRestartIsRequired)
                  2001fe0f    00000001     (.common:g_cDummy)
                  2001fe10    00000001     (.common:g_ucLED1Pin)
                  2001fe11    00000001     (.common:g_ucLED2Pin)
                  2001fe12    00000001     (.common:g_ucLED3Pin)
                  2001fe13    00000001     (.common:lastRead)

.data      0    2001fe14    00000788     UNINITIALIZED
                  2001fe14    00000690     main.obj (.data:buttons)
                  200204a4    0000003c     simplelink.a : nonos.obj (.data:g__SlNonOsCB)
                  200204e0    00000024     main.obj (.data:state)
                  20020504    00000015     Adafruit_GFX.obj (.data)
                  20020519    00000003     --HOLE--
                  2002051c    00000014     main.obj (.data)
                  20020530    00000014     gpio_if.obj (.data:ulReg)
                  20020544    0000000d     simplelink.a : driver.obj (.data)
                  20020551    00000003     --HOLE--
                  20020554    0000000c     rtsv7M4_T_le_eabi.lib : exit.obj (.data:$O1$$)
                  20020560    0000000c                           : memory.obj (.data:$O1$$)
                  2002056c    0000000c     gpio_if.obj (.data)
                  20020578    00000009     simplelink.a : cc_pal.obj (.data)
                  20020581    00000003     --HOLE--
                  20020584    00000008     rtsv7M4_T_le_eabi.lib : _lock.obj (.data:$O1$$)
                  2002058c    00000008     main.obj (.data:gpioin)
                  20020594    00000004     rtsv7M4_T_le_eabi.lib : errno.obj (.data)
                  20020598    00000004                           : stkdepth_vars.obj (.data)

.stack     0    20036000    00001000     UNINITIALIZED
                  20036000    00001000     --HOLE--

MODULE SUMMARY

       Module                     code    ro data   rw data
       ------                     ----    -------   -------
    .\
       main.obj                   7540    222       4898   
       Adafruit_GFX.obj           2688    1275      21     
       test.obj                   2608    0         0      
       Adafruit_OLED.obj          1142    0         0      
       startup_ccs.obj            14      1024      0      
       gpio_if.obj                920     0         35     
       uart_if.obj                640     0         4      
       timer_if.obj               408     0         0      
       pin_mux_config.obj         324     0         0      
    +--+--------------------------+-------+---------+---------+
       Total:                     16284   2521      4958   
                                                           
    C:/ti/CC3200SDK_1.3.0/cc3200-sdk/driverlib/ccs/Release/driverlib.a
       prcm.obj                   852     168       0      
       interrupt.obj              608     340       0      
       spi.obj                    860     60        0      
       udma.obj                   604     0         0      
       timer.obj                  586     0         0      
       pin.obj                    300     256       0      
       gpio.obj                   448     0         0      
       uart.obj                   284     0         0      
       cpu.obj                    20      0         0      
       utils.obj                  6       0         0      
    +--+--------------------------+-------+---------+---------+
       Total:                     4568    824       0      
                                                           
    C:/ti/CC3200SDK_1.3.0/cc3200-sdk/simplelink/ccs/NON_OS/simplelink.a
       driver.obj                 7714    184       375    
       cc_pal.obj                 1820    0         90     
       socket.obj                 1830    40        0      
       netapp.obj                 1572    12        0      
       wlan.obj                   1312    24        0      
       device.obj                 1230    20        0      
       nonos.obj                  416     20        60     
       netcfg.obj                 152     4         0      
    +--+--------------------------+-------+---------+---------+
       Total:                     16046   304       525    
                                                           
    C:\ti\ccsv7\tools\compiler\ti-cgt-arm_16.9.6.LTS\lib\rtsv7M4_T_le_eabi.lib
       _printfi.obj               4386    0         0      
       k_rem_pio2.obj             1796    344       0      
       s_cos.obj                  1472    0         0      
       s_sin.obj                  1472    0         0      
       memory.obj                 976     0         12     
       ull_div_t2.obj             500     0         0      
       fd_add_t2.obj              438     0         0      
       k_sin.obj                  360     0         0      
       k_cos.obj                  352     0         0      
       fd_div_t2.obj              310     0         0      
       fd_cmp_t2.obj              268     0         0      
       ctype.obj                  0       257       0      
       fd_mul_t2.obj              252     0         0      
       s_floor.obj                244     0         0      
       s_scalbn.obj               208     0         0      
       memcpy_t2.obj              156     0         0      
       vsnprintf.obj              136     0         0      
       memset_t2.obj              122     0         0      
       autoinit.obj               112     0         0      
       copy_decompress_lzss.obj   104     0         0      
       exit.obj                   84      0         12     
       sprintf.obj                96      0         0      
       s_frexp.obj                92      0         0      
       ltoa.obj                   84      0         0      
       atoi.obj                   76      0         0      
       cpy_tbl.obj                76      0         0      
       fd_toi_t2.obj              72      0         0      
       boot.obj                   64      0         0      
       i_tofd_t2.obj              46      0         0      
       memmov.obj                 36      0         0      
       strcat.obj                 30      0         0      
       _lock.obj                  20      0         8      
       memccpy.obj                28      0         0      
       args_main.obj              24      0         0      
       strchr.obj                 22      0         0      
       strcpy.obj                 20      0         0      
       strlen.obj                 20      0         0      
       copy_decompress_none.obj   14      0         0      
       copy_zero_init.obj         12      0         0      
       s_copysign.obj             8       0         0      
       errno.obj                  0       0         4      
       pre_init.obj               4       0         0      
       stkdepth_vars.obj          0       0         4      
       mpu_init.obj               2       0         0      
       startup.obj                2       0         0      
    +--+--------------------------+-------+---------+---------+
       Total:                     14596   601       40     
                                                           
       Heap:                      0       0         32768  
       Stack:                     0       0         4096   
       Linker Generated:          0       167       0      
    +--+--------------------------+-------+---------+---------+
       Grand Total:               51494   4417      42387  


LINKER GENERATED COPY TABLES

__TI_cinit_table @ 20011a80 records: 2, size/record: 8, table size: 16
	.data: load addr=200119e8, load size=00000083 bytes, run addr=2001fe14, run size=00000788 bytes, compression=lzss
	.bss: load addr=20011a78, load size=00000008 bytes, run addr=2001f000, run size=00000e14 bytes, compression=zero_init


LINKER GENERATED HANDLER TABLE

__TI_handler_table @ 20011a6c records: 3, size/record: 4, table size: 12
	index: 0, handler: __TI_decompress_lzss
	index: 1, handler: __TI_decompress_none
	index: 2, handler: __TI_zero_init


GLOBAL SYMBOLS: SORTED ALPHABETICALLY BY Name 

address   name                                  
-------   ----                                  
20009fbd  Adafruit_Init                         
2000fb61  C$$EXIT                               
20010c39  CPUcpsie                              
2000ab7d  ClearTerm                             
2000a133  Color565                              
20010679  DmaSpiSwIntHandler                    
20005bc1  Draw                                  
20007d19  DrawBall                              
2000ab87  Error                                 
2001037d  GPIODirModeSet                        
20010c4d  GPIOIntClear                          
200109ed  GPIOIntDisable                        
20010a07  GPIOIntEnable                         
20010871  GPIOIntRegister                       
20010709  GPIOIntStatus                         
2000ef79  GPIOIntTypeSet                        
20010ad7  GPIOPinRead                           
20010791  GPIOPinWrite                          
2000aa65  GPIO_IF_ConfigureNIntEnable           
2000aaf1  GPIO_IF_Get                           
2000aa1f  GPIO_IF_GetPortNPin                   
2000a7e1  GPIO_IF_LedConfigure                  
2000a8d3  GPIO_IF_LedOff                        
2000a81f  GPIO_IF_LedOn                         
2000a987  GPIO_IF_LedStatus                     
2000a9f1  GPIO_IF_LedToggle                     
2000aaad  GPIO_IF_Set                           
20005ee1  GameLogic                             
2000abbf  GetCmd                                
20005b5d  GetMessage                            
2000ab3d  InitTerm                              
2000e075  IntDisable                            
2000e11d  IntEnable                             
20010d21  IntMasterEnable                       
2000f9b5  IntPendClear                          
2000fa65  IntPrioritySet                        
200107b1  IntRegister                           
2001069d  IntUnregister                         
20010c61  IntVTableBaseSet                      
2000ab5b  Message                               
20010cfd  NwpMaskInterrupt                      
2001030d  NwpPowerOff                           
200104ad  NwpPowerOn                            
200107d1  NwpPrePowerOffTimout0                 
200101a1  NwpRegisterInterruptHandler           
20010d09  NwpUnMaskInterrupt                    
20011798  OpcodeTranslateTable                  
20007c43  Outstr                                
2000c1e9  PRCMCC3200MCUInit                     
20010be1  PRCMHIBRegRead                        
20010bf7  PRCMHIBRegWrite                       
200105b1  PRCMPeripheralClkDisable              
2001021d  PRCMPeripheralClkEnable               
2000e7d9  PRCMPeripheralClockGet                
2000fa0d  PRCMPeripheralReset                   
200103b5  PRCMPeripheralStatusGet               
200104d9  PRCMSysResetCauseGet                  
2000ecd9  PinConfigSet                          
200100e1  PinModeSet                            
2000cb75  PinMuxConfig                          
2001041d  PinTypeGPIO                           
20010a21  PinTypeSPI                            
20010a3b  PinTypeUART                           
2000acfd  Report                                
20010cef  ResetISR                              
2001fe0c  RxIrqCnt                              
UNDEFED   SHT$$INIT_ARRAY$$Base                 
UNDEFED   SHT$$INIT_ARRAY$$Limit                
20010aef  SPICSDisable                          
20010b07  SPICSEnable                           
2000e269  SPIConfigSetExpClk                    
200107f1  SPIDataGet                            
2001088f  SPIDataPut                            
20010b1f  SPIDisable                            
20010a55  SPIDmaDisable                         
20010a6f  SPIDmaEnable                          
20010b37  SPIEnable                             
20010a89  SPIFIFODisable                        
20010aa3  SPIFIFOEnable                         
200103e9  SPIFIFOLevelSet                       
2000feb5  SPIIntClear                           
2000fc59  SPIIntEnable                          
20010abd  SPIIntUnregister                      
2001072b  SPIReset                              
2001074d  SPIWordCountSet                       
20004651  SPI_Init                              
200048b1  SimpleLinkGeneralEventHandler         
20004895  SimpleLinkHttpServerCallback          
200047ed  SimpleLinkNetAppEventHandler          
200048d5  SimpleLinkSockEventHandler            
200046cd  SimpleLinkWlanEventHandler            
2000ffd1  TimerConfigure                        
200108ad  TimerDisable                          
200108cb  TimerEnable                           
20010811  TimerGetCurrentTimestamp              
20010cb1  TimerIntClear                         
20010b4f  TimerIntDisable                       
20010b67  TimerIntEnable                        
2000f35d  TimerIntRegister                      
200108e9  TimerIntStatus                        
2000f515  TimerIntUnregister                    
2001055d  TimerLoadSet                          
20010587  TimerPrescaleSet                      
20004401  TimerRefIntHandler                    
20010961  TimerValueGet                         
2001076f  TimerValueSet                         
2000be7b  Timer_IF_DeInit                       
2000bead  Timer_IF_GetCount                     
2000bdb5  Timer_IF_Init                         
2000bde7  Timer_IF_IntSetup                     
2000be33  Timer_IF_InterruptClear               
2000be95  Timer_IF_ReLoad                       
2000be4b  Timer_IF_Start                        
2000be6b  Timer_IF_Stop                         
2000ac65  TrimSpace                             
2001097d  UARTCharGetNonBlocking                
20010907  UARTCharPut                           
20010b7f  UARTCharsAvail                        
2000f271  UARTConfigSetExpClk                   
2001044d  UARTDisable                           
200106c1  UARTEnable                            
20010d33  UtilsDelay                            
200117d4  _SlActionLookupTable                  
2000e1c5  _SlDriverHandleError                  
2000fefd  _SlDrvBasicCmd                        
2000df05  _SlDrvCmdOp                           
2000f43d  _SlDrvCmdSend                         
2000b479  _SlDrvDataReadOp                      
2000c799  _SlDrvDataWriteOp                     
2000e445  _SlDrvDeviceEventHandler              
20010cc3  _SlDrvDispatchHttpServerEvents        
2000d069  _SlDrvDriverCBDeinit                  
2000b9e5  _SlDrvDriverCBInit                    
200105d9  _SlDrvGlobalObjUnLock                 
2000eb35  _SlDrvIsTimeoutExpired                
20010c0d  _SlDrvMemZero                         
2000d931  _SlDrvMsgReadSpawnCtx                 
2000d199  _SlDrvNetAppEventHandler              
20010651  _SlDrvObjLockWaitForever              
20010831  _SlDrvObjUnLock                       
2000fcf1  _SlDrvProtectAsyncRespSetting         
20010531  _SlDrvProtectionObjLockWaitForever    
20010601  _SlDrvProtectionObjUnLock             
2000b65d  _SlDrvReleasePoolObj                  
20010cd3  _SlDrvResetCmdExt                     
2000fab9  _SlDrvRxIrqHandler                    
20010999  _SlDrvStartMeasureTimeout             
20010851  _SlDrvSyncObjSignal                   
20010629  _SlDrvSyncObjWaitForever              
20010015  _SlDrvSyncObjWaitTimeout              
2000becd  _SlDrvWaitForPoolObj                  
200119b0  _SlNetAppSendTokenValueCmdCtrl        
2000f2e9  _SlNonOsMainLoopTask                  
2000dfc5  _SlNonOsSemGet                        
20010b97  _SlNonOsSemSet                        
2000f5e5  _SlNonOsSpawn                         
20037000  __STACK_END                           
00001000  __STACK_SIZE                          
00008000  __SYSMEM_SIZE                         
20011a80  __TI_CINIT_Base                       
20011a90  __TI_CINIT_Limit                      
20011a6c  __TI_Handler_Table_Base               
20011a78  __TI_Handler_Table_Limit              
2000f3cd  __TI_auto_init                        
20020554  __TI_cleanup_ptr                      
2000f57d  __TI_decompress_lzss                  
20010ce1  __TI_decompress_none                  
20020558  __TI_dtors_ptr                        
2002055c  __TI_enable_exit_profile_output       
ffffffff  __TI_pprof_out_hndl                   
200069ad  __TI_printfi                          
ffffffff  __TI_prof_data_size                   
ffffffff  __TI_prof_data_start                  
200119e8  __TI_static_base__                    
20010d15  __TI_zero_init                        
2000ede9  __aeabi_cdcmpeq                       
2000ede9  __aeabi_cdcmple                       
2000ee6f  __aeabi_cdrcmple                      
2000ff45  __aeabi_d2iz                          
2000b837  __aeabi_dadd                          
2000cdfd  __aeabi_ddiv                          
2000d29d  __aeabi_dmul                          
2000b82d  __aeabi_dsub                          
2001047d  __aeabi_i2d                           
2000f17d  __aeabi_memclr                        
2000f17d  __aeabi_memclr4                       
2000f17d  __aeabi_memclr8                       
2000e3a9  __aeabi_memcpy                        
2000e3a9  __aeabi_memcpy4                       
2000e3a9  __aeabi_memcpy8                       
2000f17f  __aeabi_memset                        
2000f17f  __aeabi_memset4                       
2000f17f  __aeabi_memset8                       
2000b285  __aeabi_uldivmod                      
ffffffff  __binit__                             
ffffffff  __c_args__                            
2000c639  __kernel_cos                          
20008749  __kernel_rem_pio2                     
2000c4d1  __kernel_sin                          
2000a3d3  __mpu_init                            
20036000  __stack                               
20010bc9  _args_main                            
20010161  _c_int00                              
20011398  _ctypes_                              
20020584  _lock                                 
20010c83  _nop                                  
2001fdec  _readTime                             
20010c7b  _register_lock                        
20010c75  _register_unlock                      
2000f649  _sl_HandleAsync_Accept                
2000effd  _sl_HandleAsync_Connect               
2000e86d  _sl_HandleAsync_DnsGetHostByName      
2000dca9  _sl_HandleAsync_DnsGetHostByService   
2000ebc1  _sl_HandleAsync_InitComplete          
2000e8fd  _sl_HandleAsync_PingResponse          
2000fb0d  _sl_HandleAsync_Select                
2000fc09  _sl_HandleAsync_Stop                  
2000f4a9  _sl_NetAppSendTokenValue              
20017000  _sys_memory                           
2000b9e3  _system_post_cinit                    
20010d39  _system_pre_init                      
2001fdf0  _time                                 
20020588  _unlock                               
2000fb65  abort                                 
2000fd89  atoi                                  
ffffffff  binit                                 
2001fb1c  bitSequence                           
2001fd10  buffer                                
2001fe14  buttons                               
2000a775  calloc                                
20004463  compareBitPatterns                    
20004427  compareTwoSequence                    
2000fdd5  copy_in                               
20010d2b  copysign                              
20010d2b  copysignl                             
20008e4d  cos                                   
20008e4d  cosl                                  
2001fe0d  currRead                              
20020504  cursor_x                              
20020508  cursor_y                              
20004619  decode                                
20007d3d  delay                                 
2001fdf4  deleteFlag                            
20005b09  displayBanner                         
20007d71  drawAllFont                           
20007af7  drawChar                              
20007299  drawCircle                            
200073cd  drawCircleHelper                      
2000a2dd  drawFastHLine                         
2000a241  drawFastVLine                         
20007eef  drawHorizontalLines                   
20007613  drawLine                              
2000a379  drawPixel                             
200076ff  drawRect                              
2000774d  drawRoundRect                         
200078b5  drawTriangle                          
20007fa9  drawVerticalLines                     
20020594  errno                                 
2000fb6d  exit                                  
200074eb  fillCircle                            
20007525  fillCircleHelper                      
2000a18b  fillRect                              
2000783b  fillRoundRect                         
2000a175  fillScreen                            
200078f7  fillTriangle                          
2000d399  floor                                 
2000d399  floorl                                
2000a4bf  free                                  
2000f959  frexp                                 
2000f959  frexpl                                
20020528  g_Host                                
20020544  g_SlDeviceStatus                      
20020578  g_SpiFd                               
200204a4  g__SlNonOsCB                          
2001fe0e  g_bDeviceRestartIsRequired            
2001fe0f  g_cDummy                              
20020548  g_pCB                                 
2002057c  g_pHostIntHdl                         
20004000  g_pfnVectors                          
2001fd90  g_time                                
2001fde0  g_ucConnectionBSSID                   
2001fdbc  g_ucConnectionSSID                    
20020580  g_ucDMAEnabled                        
2001fcc0  g_ucDinDout                           
2001fe10  g_ucLED1Pin                           
2001fe11  g_ucLED2Pin                           
2001fe12  g_ucLED3Pin                           
2002056c  g_uiLED1Port                          
20020570  g_uiLED2Port                          
20020574  g_uiLED3Port                          
20020524  g_ulGatewayIP                         
20020520  g_ulPingPacketsRecv                   
2002051c  g_ulStatus                            
2000a0ef  goTo                                  
20007cf7  height                                
20004543  initializeArr                         
2000457f  initializeVariables                   
2001fdf8  interruptCounter                      
2000a3b7  invert                                
2002052c  isPlayerOne                           
2001fe13  lastRead                              
200085a9  lcdTestPattern                        
20008679  lcdTestPattern2                       
2000dbd9  ldexp                                 
2000dbd9  ldexpl                                
2000fbb5  ltoa                                  
2000607b  main                                  
20020598  main_func_sp                          
2000a455  malloc                                
2000a689  memalign                              
200109b5  memccpy                               
2000e3a9  memcpy                                
200106e5  memmove                               
2000f185  memset                                
2000a3d5  minit                                 
2002054c  pPingCallBackFunc                     
20011998  pedalSize                             
2001199c  pedalWidth                            
200045c5  printBuffer                           
200052ff  printErrConvenience                   
20007df3  printHelloWorld                       
2001fdfc  pulseCounter                          
2001fe00  readIndex                             
200059b1  readJSON                              
2000a57f  realloc                               
2001fd50  receiverBuffer                        
2001fe04  receiverLineNumber                    
2001f000  recvJSON                              
2000dbd9  scalbn                                
2000dbd9  scalbnl                               
20007c8f  setCursor                             
20007cc7  setTextColor                          
20007ca7  setTextSize                           
20007cdf  setTextWrap                           
20010259  simplelink_timerA2_start              
2000940d  sin                                   
2000940d  sinl                                  
2000f839  sl_Close                              
2000c05d  sl_Connect                            
2000dd75  sl_DevGet                             
2000e4e1  sl_DevSet                             
2001009d  sl_Htonl                              
20010295  sl_Htons                              
2000ccb9  sl_NetAppDnsGetHostByName             
2000da19  sl_NetAppMDNSRegisterUnregisterService
2000f6ad  sl_NetAppMDNSUnRegisterService        
2000e579  sl_NetCfgSet                          
2000e309  sl_Recv                               
2000cf35  sl_Send                               
2000e611  sl_SetSockOpt                         
2000ec4d  sl_Socket                             
2000d75d  sl_Start                              
2000d48d  sl_Stop                               
2000adbd  sl_WlanConnect                        
20010345  sl_WlanDisconnect                     
2000e98d  sl_WlanPolicySet                      
2000f899  sl_WlanProfileDel                     
2000eef5  sl_WlanRxFilterSet                    
2000e6a9  sl_WlanSet                            
2000f8f9  sl_WlanSetMode                        
2000f1f9  spi_Close                             
2000c8e9  spi_Open                              
2000d57d  spi_Read                              
2000e741  spi_Write                             
2000f7d9  sprintf                               
20010943  strcat                                
20010c23  strchr                                
20010c89  strcpy                                
20010c9d  strlen                                
2000826d  testdrawcircles                       
200080dd  testdrawrects                         
2000806b  testfastlines                         
200081fb  testfillcircles                       
2000813d  testfillrects                         
200083db  testlines                             
20008369  testroundrects                        
200082e7  testtriangles                         
20020514  textbgcolor                           
20020510  textcolor                             
2002050c  textsize                              
2001fe08  time                                  
2001fba8  timeInterval                          
2001fc34  timeOfInterrupt                       
20004511  timerInit                             
2000fe21  uDMAChannelAssign                     
2000f711  uDMAChannelAttributeDisable           
2000f775  uDMAChannelAttributeEnable            
200102d1  uDMAChannelControlSet                 
200109d1  uDMAChannelEnable                     
2000d66d  uDMAChannelTransferSet                
20005785  updateJSON                            
2000ed61  vsnprintf                             
20007cf3  width                                 
20020518  wrap                                  
20009f5d  writeCommand                          
20009f8d  writeData                             


GLOBAL SYMBOLS: SORTED BY Symbol Address 

address   name                                  
-------   ----                                  
00001000  __STACK_SIZE                          
00008000  __SYSMEM_SIZE                         
20004000  g_pfnVectors                          
20004401  TimerRefIntHandler                    
20004427  compareTwoSequence                    
20004463  compareBitPatterns                    
20004511  timerInit                             
20004543  initializeArr                         
2000457f  initializeVariables                   
200045c5  printBuffer                           
20004619  decode                                
20004651  SPI_Init                              
200046cd  SimpleLinkWlanEventHandler            
200047ed  SimpleLinkNetAppEventHandler          
20004895  SimpleLinkHttpServerCallback          
200048b1  SimpleLinkGeneralEventHandler         
200048d5  SimpleLinkSockEventHandler            
200052ff  printErrConvenience                   
20005785  updateJSON                            
200059b1  readJSON                              
20005b09  displayBanner                         
20005b5d  GetMessage                            
20005bc1  Draw                                  
20005ee1  GameLogic                             
2000607b  main                                  
200069ad  __TI_printfi                          
20007299  drawCircle                            
200073cd  drawCircleHelper                      
200074eb  fillCircle                            
20007525  fillCircleHelper                      
20007613  drawLine                              
200076ff  drawRect                              
2000774d  drawRoundRect                         
2000783b  fillRoundRect                         
200078b5  drawTriangle                          
200078f7  fillTriangle                          
20007af7  drawChar                              
20007c43  Outstr                                
20007c8f  setCursor                             
20007ca7  setTextSize                           
20007cc7  setTextColor                          
20007cdf  setTextWrap                           
20007cf3  width                                 
20007cf7  height                                
20007d19  DrawBall                              
20007d3d  delay                                 
20007d71  drawAllFont                           
20007df3  printHelloWorld                       
20007eef  drawHorizontalLines                   
20007fa9  drawVerticalLines                     
2000806b  testfastlines                         
200080dd  testdrawrects                         
2000813d  testfillrects                         
200081fb  testfillcircles                       
2000826d  testdrawcircles                       
200082e7  testtriangles                         
20008369  testroundrects                        
200083db  testlines                             
200085a9  lcdTestPattern                        
20008679  lcdTestPattern2                       
20008749  __kernel_rem_pio2                     
20008e4d  cos                                   
20008e4d  cosl                                  
2000940d  sin                                   
2000940d  sinl                                  
20009f5d  writeCommand                          
20009f8d  writeData                             
20009fbd  Adafruit_Init                         
2000a0ef  goTo                                  
2000a133  Color565                              
2000a175  fillScreen                            
2000a18b  fillRect                              
2000a241  drawFastVLine                         
2000a2dd  drawFastHLine                         
2000a379  drawPixel                             
2000a3b7  invert                                
2000a3d3  __mpu_init                            
2000a3d5  minit                                 
2000a455  malloc                                
2000a4bf  free                                  
2000a57f  realloc                               
2000a689  memalign                              
2000a775  calloc                                
2000a7e1  GPIO_IF_LedConfigure                  
2000a81f  GPIO_IF_LedOn                         
2000a8d3  GPIO_IF_LedOff                        
2000a987  GPIO_IF_LedStatus                     
2000a9f1  GPIO_IF_LedToggle                     
2000aa1f  GPIO_IF_GetPortNPin                   
2000aa65  GPIO_IF_ConfigureNIntEnable           
2000aaad  GPIO_IF_Set                           
2000aaf1  GPIO_IF_Get                           
2000ab3d  InitTerm                              
2000ab5b  Message                               
2000ab7d  ClearTerm                             
2000ab87  Error                                 
2000abbf  GetCmd                                
2000ac65  TrimSpace                             
2000acfd  Report                                
2000adbd  sl_WlanConnect                        
2000b285  __aeabi_uldivmod                      
2000b479  _SlDrvDataReadOp                      
2000b65d  _SlDrvReleasePoolObj                  
2000b82d  __aeabi_dsub                          
2000b837  __aeabi_dadd                          
2000b9e3  _system_post_cinit                    
2000b9e5  _SlDrvDriverCBInit                    
2000bdb5  Timer_IF_Init                         
2000bde7  Timer_IF_IntSetup                     
2000be33  Timer_IF_InterruptClear               
2000be4b  Timer_IF_Start                        
2000be6b  Timer_IF_Stop                         
2000be7b  Timer_IF_DeInit                       
2000be95  Timer_IF_ReLoad                       
2000bead  Timer_IF_GetCount                     
2000becd  _SlDrvWaitForPoolObj                  
2000c05d  sl_Connect                            
2000c1e9  PRCMCC3200MCUInit                     
2000c4d1  __kernel_sin                          
2000c639  __kernel_cos                          
2000c799  _SlDrvDataWriteOp                     
2000c8e9  spi_Open                              
2000cb75  PinMuxConfig                          
2000ccb9  sl_NetAppDnsGetHostByName             
2000cdfd  __aeabi_ddiv                          
2000cf35  sl_Send                               
2000d069  _SlDrvDriverCBDeinit                  
2000d199  _SlDrvNetAppEventHandler              
2000d29d  __aeabi_dmul                          
2000d399  floor                                 
2000d399  floorl                                
2000d48d  sl_Stop                               
2000d57d  spi_Read                              
2000d66d  uDMAChannelTransferSet                
2000d75d  sl_Start                              
2000d931  _SlDrvMsgReadSpawnCtx                 
2000da19  sl_NetAppMDNSRegisterUnregisterService
2000dbd9  ldexp                                 
2000dbd9  ldexpl                                
2000dbd9  scalbn                                
2000dbd9  scalbnl                               
2000dca9  _sl_HandleAsync_DnsGetHostByService   
2000dd75  sl_DevGet                             
2000df05  _SlDrvCmdOp                           
2000dfc5  _SlNonOsSemGet                        
2000e075  IntDisable                            
2000e11d  IntEnable                             
2000e1c5  _SlDriverHandleError                  
2000e269  SPIConfigSetExpClk                    
2000e309  sl_Recv                               
2000e3a9  __aeabi_memcpy                        
2000e3a9  __aeabi_memcpy4                       
2000e3a9  __aeabi_memcpy8                       
2000e3a9  memcpy                                
2000e445  _SlDrvDeviceEventHandler              
2000e4e1  sl_DevSet                             
2000e579  sl_NetCfgSet                          
2000e611  sl_SetSockOpt                         
2000e6a9  sl_WlanSet                            
2000e741  spi_Write                             
2000e7d9  PRCMPeripheralClockGet                
2000e86d  _sl_HandleAsync_DnsGetHostByName      
2000e8fd  _sl_HandleAsync_PingResponse          
2000e98d  sl_WlanPolicySet                      
2000eb35  _SlDrvIsTimeoutExpired                
2000ebc1  _sl_HandleAsync_InitComplete          
2000ec4d  sl_Socket                             
2000ecd9  PinConfigSet                          
2000ed61  vsnprintf                             
2000ede9  __aeabi_cdcmpeq                       
2000ede9  __aeabi_cdcmple                       
2000ee6f  __aeabi_cdrcmple                      
2000eef5  sl_WlanRxFilterSet                    
2000ef79  GPIOIntTypeSet                        
2000effd  _sl_HandleAsync_Connect               
2000f17d  __aeabi_memclr                        
2000f17d  __aeabi_memclr4                       
2000f17d  __aeabi_memclr8                       
2000f17f  __aeabi_memset                        
2000f17f  __aeabi_memset4                       
2000f17f  __aeabi_memset8                       
2000f185  memset                                
2000f1f9  spi_Close                             
2000f271  UARTConfigSetExpClk                   
2000f2e9  _SlNonOsMainLoopTask                  
2000f35d  TimerIntRegister                      
2000f3cd  __TI_auto_init                        
2000f43d  _SlDrvCmdSend                         
2000f4a9  _sl_NetAppSendTokenValue              
2000f515  TimerIntUnregister                    
2000f57d  __TI_decompress_lzss                  
2000f5e5  _SlNonOsSpawn                         
2000f649  _sl_HandleAsync_Accept                
2000f6ad  sl_NetAppMDNSUnRegisterService        
2000f711  uDMAChannelAttributeDisable           
2000f775  uDMAChannelAttributeEnable            
2000f7d9  sprintf                               
2000f839  sl_Close                              
2000f899  sl_WlanProfileDel                     
2000f8f9  sl_WlanSetMode                        
2000f959  frexp                                 
2000f959  frexpl                                
2000f9b5  IntPendClear                          
2000fa0d  PRCMPeripheralReset                   
2000fa65  IntPrioritySet                        
2000fab9  _SlDrvRxIrqHandler                    
2000fb0d  _sl_HandleAsync_Select                
2000fb61  C$$EXIT                               
2000fb65  abort                                 
2000fb6d  exit                                  
2000fbb5  ltoa                                  
2000fc09  _sl_HandleAsync_Stop                  
2000fc59  SPIIntEnable                          
2000fcf1  _SlDrvProtectAsyncRespSetting         
2000fd89  atoi                                  
2000fdd5  copy_in                               
2000fe21  uDMAChannelAssign                     
2000feb5  SPIIntClear                           
2000fefd  _SlDrvBasicCmd                        
2000ff45  __aeabi_d2iz                          
2000ffd1  TimerConfigure                        
20010015  _SlDrvSyncObjWaitTimeout              
2001009d  sl_Htonl                              
200100e1  PinModeSet                            
20010161  _c_int00                              
200101a1  NwpRegisterInterruptHandler           
2001021d  PRCMPeripheralClkEnable               
20010259  simplelink_timerA2_start              
20010295  sl_Htons                              
200102d1  uDMAChannelControlSet                 
2001030d  NwpPowerOff                           
20010345  sl_WlanDisconnect                     
2001037d  GPIODirModeSet                        
200103b5  PRCMPeripheralStatusGet               
200103e9  SPIFIFOLevelSet                       
2001041d  PinTypeGPIO                           
2001044d  UARTDisable                           
2001047d  __aeabi_i2d                           
200104ad  NwpPowerOn                            
200104d9  PRCMSysResetCauseGet                  
20010531  _SlDrvProtectionObjLockWaitForever    
2001055d  TimerLoadSet                          
20010587  TimerPrescaleSet                      
200105b1  PRCMPeripheralClkDisable              
200105d9  _SlDrvGlobalObjUnLock                 
20010601  _SlDrvProtectionObjUnLock             
20010629  _SlDrvSyncObjWaitForever              
20010651  _SlDrvObjLockWaitForever              
20010679  DmaSpiSwIntHandler                    
2001069d  IntUnregister                         
200106c1  UARTEnable                            
200106e5  memmove                               
20010709  GPIOIntStatus                         
2001072b  SPIReset                              
2001074d  SPIWordCountSet                       
2001076f  TimerValueSet                         
20010791  GPIOPinWrite                          
200107b1  IntRegister                           
200107d1  NwpPrePowerOffTimout0                 
200107f1  SPIDataGet                            
20010811  TimerGetCurrentTimestamp              
20010831  _SlDrvObjUnLock                       
20010851  _SlDrvSyncObjSignal                   
20010871  GPIOIntRegister                       
2001088f  SPIDataPut                            
200108ad  TimerDisable                          
200108cb  TimerEnable                           
200108e9  TimerIntStatus                        
20010907  UARTCharPut                           
20010943  strcat                                
20010961  TimerValueGet                         
2001097d  UARTCharGetNonBlocking                
20010999  _SlDrvStartMeasureTimeout             
200109b5  memccpy                               
200109d1  uDMAChannelEnable                     
200109ed  GPIOIntDisable                        
20010a07  GPIOIntEnable                         
20010a21  PinTypeSPI                            
20010a3b  PinTypeUART                           
20010a55  SPIDmaDisable                         
20010a6f  SPIDmaEnable                          
20010a89  SPIFIFODisable                        
20010aa3  SPIFIFOEnable                         
20010abd  SPIIntUnregister                      
20010ad7  GPIOPinRead                           
20010aef  SPICSDisable                          
20010b07  SPICSEnable                           
20010b1f  SPIDisable                            
20010b37  SPIEnable                             
20010b4f  TimerIntDisable                       
20010b67  TimerIntEnable                        
20010b7f  UARTCharsAvail                        
20010b97  _SlNonOsSemSet                        
20010bc9  _args_main                            
20010be1  PRCMHIBRegRead                        
20010bf7  PRCMHIBRegWrite                       
20010c0d  _SlDrvMemZero                         
20010c23  strchr                                
20010c39  CPUcpsie                              
20010c4d  GPIOIntClear                          
20010c61  IntVTableBaseSet                      
20010c75  _register_unlock                      
20010c7b  _register_lock                        
20010c83  _nop                                  
20010c89  strcpy                                
20010c9d  strlen                                
20010cb1  TimerIntClear                         
20010cc3  _SlDrvDispatchHttpServerEvents        
20010cd3  _SlDrvResetCmdExt                     
20010ce1  __TI_decompress_none                  
20010cef  ResetISR                              
20010cfd  NwpMaskInterrupt                      
20010d09  NwpUnMaskInterrupt                    
20010d15  __TI_zero_init                        
20010d21  IntMasterEnable                       
20010d2b  copysign                              
20010d2b  copysignl                             
20010d33  UtilsDelay                            
20010d39  _system_pre_init                      
20011398  _ctypes_                              
20011798  OpcodeTranslateTable                  
200117d4  _SlActionLookupTable                  
20011998  pedalSize                             
2001199c  pedalWidth                            
200119b0  _SlNetAppSendTokenValueCmdCtrl        
200119e8  __TI_static_base__                    
20011a6c  __TI_Handler_Table_Base               
20011a78  __TI_Handler_Table_Limit              
20011a80  __TI_CINIT_Base                       
20011a90  __TI_CINIT_Limit                      
20017000  _sys_memory                           
2001f000  recvJSON                              
2001fb1c  bitSequence                           
2001fba8  timeInterval                          
2001fc34  timeOfInterrupt                       
2001fcc0  g_ucDinDout                           
2001fd10  buffer                                
2001fd50  receiverBuffer                        
2001fd90  g_time                                
2001fdbc  g_ucConnectionSSID                    
2001fde0  g_ucConnectionBSSID                   
2001fdec  _readTime                             
2001fdf0  _time                                 
2001fdf4  deleteFlag                            
2001fdf8  interruptCounter                      
2001fdfc  pulseCounter                          
2001fe00  readIndex                             
2001fe04  receiverLineNumber                    
2001fe08  time                                  
2001fe0c  RxIrqCnt                              
2001fe0d  currRead                              
2001fe0e  g_bDeviceRestartIsRequired            
2001fe0f  g_cDummy                              
2001fe10  g_ucLED1Pin                           
2001fe11  g_ucLED2Pin                           
2001fe12  g_ucLED3Pin                           
2001fe13  lastRead                              
2001fe14  buttons                               
200204a4  g__SlNonOsCB                          
20020504  cursor_x                              
20020508  cursor_y                              
2002050c  textsize                              
20020510  textcolor                             
20020514  textbgcolor                           
20020518  wrap                                  
2002051c  g_ulStatus                            
20020520  g_ulPingPacketsRecv                   
20020524  g_ulGatewayIP                         
20020528  g_Host                                
2002052c  isPlayerOne                           
20020544  g_SlDeviceStatus                      
20020548  g_pCB                                 
2002054c  pPingCallBackFunc                     
20020554  __TI_cleanup_ptr                      
20020558  __TI_dtors_ptr                        
2002055c  __TI_enable_exit_profile_output       
2002056c  g_uiLED1Port                          
20020570  g_uiLED2Port                          
20020574  g_uiLED3Port                          
20020578  g_SpiFd                               
2002057c  g_pHostIntHdl                         
20020580  g_ucDMAEnabled                        
20020584  _lock                                 
20020588  _unlock                               
20020594  errno                                 
20020598  main_func_sp                          
20036000  __stack                               
20037000  __STACK_END                           
ffffffff  __TI_pprof_out_hndl                   
ffffffff  __TI_prof_data_size                   
ffffffff  __TI_prof_data_start                  
ffffffff  __binit__                             
ffffffff  __c_args__                            
ffffffff  binit                                 
UNDEFED   SHT$$INIT_ARRAY$$Base                 
UNDEFED   SHT$$INIT_ARRAY$$Limit                

[396 symbols]
