<?xml version="1.0"?>
<link_info>
   <banner>TI ARM Linker PC v16.9.6.LTS</banner>
   <copyright>Copyright (c) 1996-2017 Texas Instruments Incorporated</copyright>
   <link_time>0x5a95b0f9</link_time>
   <link_errors>0x0</link_errors>
   <output_file>SSL_REST_API_AWS_w.out</output_file>
   <entry_point>
      <name>_c_int00</name>
      <address>0x2000c33d</address>
   </entry_point>
   <input_file_list>
      <input_file id="fl-2">
         <path>.\</path>
         <kind>object</kind>
         <file>gpio_if.obj</file>
         <name>gpio_if.obj</name>
      </input_file>
      <input_file id="fl-3">
         <path>.\</path>
         <kind>object</kind>
         <file>main.obj</file>
         <name>main.obj</name>
      </input_file>
      <input_file id="fl-4">
         <path>.\</path>
         <kind>object</kind>
         <file>network_common.obj</file>
         <name>network_common.obj</name>
      </input_file>
      <input_file id="fl-5">
         <path>.\</path>
         <kind>object</kind>
         <file>pinmux.obj</file>
         <name>pinmux.obj</name>
      </input_file>
      <input_file id="fl-6">
         <path>.\</path>
         <kind>object</kind>
         <file>startup_ccs.obj</file>
         <name>startup_ccs.obj</name>
      </input_file>
      <input_file id="fl-7">
         <path>.\</path>
         <kind>object</kind>
         <file>uart_if.obj</file>
         <name>uart_if.obj</name>
      </input_file>
      <input_file id="fl-d">
         <kind>object</kind>
         <file>&lt;internal&gt;</file>
         <name>&lt;internal&gt;</name>
      </input_file>
      <input_file id="fl-c3">
         <path>C:\ti\ccsv7\tools\compiler\ti-cgt-arm_16.9.6.LTS\lib\</path>
         <kind>archive</kind>
         <file>rtsv7M4_T_le_eabi.lib</file>
         <name>boot.obj</name>
      </input_file>
      <input_file id="fl-c4">
         <path>C:\ti\ccsv7\tools\compiler\ti-cgt-arm_16.9.6.LTS\lib\</path>
         <kind>archive</kind>
         <file>rtsv7M4_T_le_eabi.lib</file>
         <name>copy_decompress_lzss.obj</name>
      </input_file>
      <input_file id="fl-c5">
         <path>C:\ti\ccsv7\tools\compiler\ti-cgt-arm_16.9.6.LTS\lib\</path>
         <kind>archive</kind>
         <file>rtsv7M4_T_le_eabi.lib</file>
         <name>copy_decompress_none.obj</name>
      </input_file>
      <input_file id="fl-c6">
         <path>C:\ti\ccsv7\tools\compiler\ti-cgt-arm_16.9.6.LTS\lib\</path>
         <kind>archive</kind>
         <file>rtsv7M4_T_le_eabi.lib</file>
         <name>copy_zero_init.obj</name>
      </input_file>
      <input_file id="fl-c7">
         <path>C:\ti\ccsv7\tools\compiler\ti-cgt-arm_16.9.6.LTS\lib\</path>
         <kind>archive</kind>
         <file>rtsv7M4_T_le_eabi.lib</file>
         <name>exit.obj</name>
      </input_file>
      <input_file id="fl-c8">
         <path>C:\ti\ccsv7\tools\compiler\ti-cgt-arm_16.9.6.LTS\lib\</path>
         <kind>archive</kind>
         <file>rtsv7M4_T_le_eabi.lib</file>
         <name>memcpy_t2.obj</name>
      </input_file>
      <input_file id="fl-c9">
         <path>C:\ti\ccsv7\tools\compiler\ti-cgt-arm_16.9.6.LTS\lib\</path>
         <kind>archive</kind>
         <file>rtsv7M4_T_le_eabi.lib</file>
         <name>memmov.obj</name>
      </input_file>
      <input_file id="fl-ca">
         <path>C:\ti\ccsv7\tools\compiler\ti-cgt-arm_16.9.6.LTS\lib\</path>
         <kind>archive</kind>
         <file>rtsv7M4_T_le_eabi.lib</file>
         <name>memory.obj</name>
      </input_file>
      <input_file id="fl-cb">
         <path>C:\ti\ccsv7\tools\compiler\ti-cgt-arm_16.9.6.LTS\lib\</path>
         <kind>archive</kind>
         <file>rtsv7M4_T_le_eabi.lib</file>
         <name>memset_t2.obj</name>
      </input_file>
      <input_file id="fl-cc">
         <path>C:\ti\ccsv7\tools\compiler\ti-cgt-arm_16.9.6.LTS\lib\</path>
         <kind>archive</kind>
         <file>rtsv7M4_T_le_eabi.lib</file>
         <name>mpu_init.obj</name>
      </input_file>
      <input_file id="fl-cd">
         <path>C:\ti\ccsv7\tools\compiler\ti-cgt-arm_16.9.6.LTS\lib\</path>
         <kind>archive</kind>
         <file>rtsv7M4_T_le_eabi.lib</file>
         <name>pre_init.obj</name>
      </input_file>
      <input_file id="fl-ce">
         <path>C:\ti\ccsv7\tools\compiler\ti-cgt-arm_16.9.6.LTS\lib\</path>
         <kind>archive</kind>
         <file>rtsv7M4_T_le_eabi.lib</file>
         <name>sprintf.obj</name>
      </input_file>
      <input_file id="fl-cf">
         <path>C:\ti\ccsv7\tools\compiler\ti-cgt-arm_16.9.6.LTS\lib\</path>
         <kind>archive</kind>
         <file>rtsv7M4_T_le_eabi.lib</file>
         <name>stkdepth_vars.obj</name>
      </input_file>
      <input_file id="fl-d0">
         <path>C:\ti\ccsv7\tools\compiler\ti-cgt-arm_16.9.6.LTS\lib\</path>
         <kind>archive</kind>
         <file>rtsv7M4_T_le_eabi.lib</file>
         <name>strcpy.obj</name>
      </input_file>
      <input_file id="fl-d1">
         <path>C:\ti\ccsv7\tools\compiler\ti-cgt-arm_16.9.6.LTS\lib\</path>
         <kind>archive</kind>
         <file>rtsv7M4_T_le_eabi.lib</file>
         <name>strlen.obj</name>
      </input_file>
      <input_file id="fl-d2">
         <path>C:\ti\ccsv7\tools\compiler\ti-cgt-arm_16.9.6.LTS\lib\</path>
         <kind>archive</kind>
         <file>rtsv7M4_T_le_eabi.lib</file>
         <name>vsnprintf.obj</name>
      </input_file>
      <input_file id="fl-d3">
         <path>C:\ti\ccsv7\tools\compiler\ti-cgt-arm_16.9.6.LTS\lib\</path>
         <kind>archive</kind>
         <file>rtsv7M4_T_le_eabi.lib</file>
         <name>_lock.obj</name>
      </input_file>
      <input_file id="fl-d4">
         <path>C:\ti\ccsv7\tools\compiler\ti-cgt-arm_16.9.6.LTS\lib\</path>
         <kind>archive</kind>
         <file>rtsv7M4_T_le_eabi.lib</file>
         <name>_printfi.obj</name>
      </input_file>
      <input_file id="fl-d5">
         <path>C:\ti\ccsv7\tools\compiler\ti-cgt-arm_16.9.6.LTS\lib\</path>
         <kind>archive</kind>
         <file>rtsv7M4_T_le_eabi.lib</file>
         <name>args_main.obj</name>
      </input_file>
      <input_file id="fl-d6">
         <path>C:\ti\ccsv7\tools\compiler\ti-cgt-arm_16.9.6.LTS\lib\</path>
         <kind>archive</kind>
         <file>rtsv7M4_T_le_eabi.lib</file>
         <name>atoi.obj</name>
      </input_file>
      <input_file id="fl-d7">
         <path>C:\ti\ccsv7\tools\compiler\ti-cgt-arm_16.9.6.LTS\lib\</path>
         <kind>archive</kind>
         <file>rtsv7M4_T_le_eabi.lib</file>
         <name>autoinit.obj</name>
      </input_file>
      <input_file id="fl-d8">
         <path>C:\ti\ccsv7\tools\compiler\ti-cgt-arm_16.9.6.LTS\lib\</path>
         <kind>archive</kind>
         <file>rtsv7M4_T_le_eabi.lib</file>
         <name>cpy_tbl.obj</name>
      </input_file>
      <input_file id="fl-d9">
         <path>C:\ti\ccsv7\tools\compiler\ti-cgt-arm_16.9.6.LTS\lib\</path>
         <kind>archive</kind>
         <file>rtsv7M4_T_le_eabi.lib</file>
         <name>ctype.obj</name>
      </input_file>
      <input_file id="fl-da">
         <path>C:\ti\ccsv7\tools\compiler\ti-cgt-arm_16.9.6.LTS\lib\</path>
         <kind>archive</kind>
         <file>rtsv7M4_T_le_eabi.lib</file>
         <name>fd_add_t2.obj</name>
      </input_file>
      <input_file id="fl-db">
         <path>C:\ti\ccsv7\tools\compiler\ti-cgt-arm_16.9.6.LTS\lib\</path>
         <kind>archive</kind>
         <file>rtsv7M4_T_le_eabi.lib</file>
         <name>fd_cmp_t2.obj</name>
      </input_file>
      <input_file id="fl-dc">
         <path>C:\ti\ccsv7\tools\compiler\ti-cgt-arm_16.9.6.LTS\lib\</path>
         <kind>archive</kind>
         <file>rtsv7M4_T_le_eabi.lib</file>
         <name>fd_div_t2.obj</name>
      </input_file>
      <input_file id="fl-dd">
         <path>C:\ti\ccsv7\tools\compiler\ti-cgt-arm_16.9.6.LTS\lib\</path>
         <kind>archive</kind>
         <file>rtsv7M4_T_le_eabi.lib</file>
         <name>fd_mul_t2.obj</name>
      </input_file>
      <input_file id="fl-de">
         <path>C:\ti\ccsv7\tools\compiler\ti-cgt-arm_16.9.6.LTS\lib\</path>
         <kind>archive</kind>
         <file>rtsv7M4_T_le_eabi.lib</file>
         <name>fd_toi_t2.obj</name>
      </input_file>
      <input_file id="fl-df">
         <path>C:\ti\ccsv7\tools\compiler\ti-cgt-arm_16.9.6.LTS\lib\</path>
         <kind>archive</kind>
         <file>rtsv7M4_T_le_eabi.lib</file>
         <name>i_tofd_t2.obj</name>
      </input_file>
      <input_file id="fl-e0">
         <path>C:\ti\ccsv7\tools\compiler\ti-cgt-arm_16.9.6.LTS\lib\</path>
         <kind>archive</kind>
         <file>rtsv7M4_T_le_eabi.lib</file>
         <name>ltoa.obj</name>
      </input_file>
      <input_file id="fl-e1">
         <path>C:\ti\ccsv7\tools\compiler\ti-cgt-arm_16.9.6.LTS\lib\</path>
         <kind>archive</kind>
         <file>rtsv7M4_T_le_eabi.lib</file>
         <name>memccpy.obj</name>
      </input_file>
      <input_file id="fl-e2">
         <path>C:\ti\ccsv7\tools\compiler\ti-cgt-arm_16.9.6.LTS\lib\</path>
         <kind>archive</kind>
         <file>rtsv7M4_T_le_eabi.lib</file>
         <name>s_frexp.obj</name>
      </input_file>
      <input_file id="fl-e3">
         <path>C:\ti\ccsv7\tools\compiler\ti-cgt-arm_16.9.6.LTS\lib\</path>
         <kind>archive</kind>
         <file>rtsv7M4_T_le_eabi.lib</file>
         <name>s_scalbn.obj</name>
      </input_file>
      <input_file id="fl-e4">
         <path>C:\ti\ccsv7\tools\compiler\ti-cgt-arm_16.9.6.LTS\lib\</path>
         <kind>archive</kind>
         <file>rtsv7M4_T_le_eabi.lib</file>
         <name>startup.obj</name>
      </input_file>
      <input_file id="fl-e5">
         <path>C:\ti\ccsv7\tools\compiler\ti-cgt-arm_16.9.6.LTS\lib\</path>
         <kind>archive</kind>
         <file>rtsv7M4_T_le_eabi.lib</file>
         <name>strchr.obj</name>
      </input_file>
      <input_file id="fl-e6">
         <path>C:\ti\ccsv7\tools\compiler\ti-cgt-arm_16.9.6.LTS\lib\</path>
         <kind>archive</kind>
         <file>rtsv7M4_T_le_eabi.lib</file>
         <name>ull_div_t2.obj</name>
      </input_file>
      <input_file id="fl-e7">
         <path>C:\ti\ccsv7\tools\compiler\ti-cgt-arm_16.9.6.LTS\lib\</path>
         <kind>archive</kind>
         <file>rtsv7M4_T_le_eabi.lib</file>
         <name>errno.obj</name>
      </input_file>
      <input_file id="fl-e8">
         <path>C:\ti\ccsv7\tools\compiler\ti-cgt-arm_16.9.6.LTS\lib\</path>
         <kind>archive</kind>
         <file>rtsv7M4_T_le_eabi.lib</file>
         <name>s_copysign.obj</name>
      </input_file>
      <input_file id="fl-e9">
         <path>C:\ti\CC3200SDK_1.3.0\cc3200-sdk\driverlib\ccs\Release\</path>
         <kind>archive</kind>
         <file>driverlib.a</file>
         <name>gpio.obj</name>
      </input_file>
      <input_file id="fl-ea">
         <path>C:\ti\CC3200SDK_1.3.0\cc3200-sdk\driverlib\ccs\Release\</path>
         <kind>archive</kind>
         <file>driverlib.a</file>
         <name>interrupt.obj</name>
      </input_file>
      <input_file id="fl-eb">
         <path>C:\ti\CC3200SDK_1.3.0\cc3200-sdk\driverlib\ccs\Release\</path>
         <kind>archive</kind>
         <file>driverlib.a</file>
         <name>pin.obj</name>
      </input_file>
      <input_file id="fl-ec">
         <path>C:\ti\CC3200SDK_1.3.0\cc3200-sdk\driverlib\ccs\Release\</path>
         <kind>archive</kind>
         <file>driverlib.a</file>
         <name>prcm.obj</name>
      </input_file>
      <input_file id="fl-ed">
         <path>C:\ti\CC3200SDK_1.3.0\cc3200-sdk\driverlib\ccs\Release\</path>
         <kind>archive</kind>
         <file>driverlib.a</file>
         <name>uart.obj</name>
      </input_file>
      <input_file id="fl-ee">
         <path>C:\ti\CC3200SDK_1.3.0\cc3200-sdk\driverlib\ccs\Release\</path>
         <kind>archive</kind>
         <file>driverlib.a</file>
         <name>utils.obj</name>
      </input_file>
      <input_file id="fl-ef">
         <path>C:\ti\CC3200SDK_1.3.0\cc3200-sdk\driverlib\ccs\Release\</path>
         <kind>archive</kind>
         <file>driverlib.a</file>
         <name>cpu.obj</name>
      </input_file>
      <input_file id="fl-f0">
         <path>C:\ti\CC3200SDK_1.3.0\cc3200-sdk\driverlib\ccs\Release\</path>
         <kind>archive</kind>
         <file>driverlib.a</file>
         <name>flash.obj</name>
      </input_file>
      <input_file id="fl-f1">
         <path>C:\ti\CC3200SDK_1.3.0\cc3200-sdk\simplelink\ccs\NON_OS\</path>
         <kind>archive</kind>
         <file>simplelink.a</file>
         <name>device.obj</name>
      </input_file>
      <input_file id="fl-f2">
         <path>C:\ti\CC3200SDK_1.3.0\cc3200-sdk\simplelink\ccs\NON_OS\</path>
         <kind>archive</kind>
         <file>simplelink.a</file>
         <name>driver.obj</name>
      </input_file>
      <input_file id="fl-f3">
         <path>C:\ti\CC3200SDK_1.3.0\cc3200-sdk\simplelink\ccs\NON_OS\</path>
         <kind>archive</kind>
         <file>simplelink.a</file>
         <name>netapp.obj</name>
      </input_file>
      <input_file id="fl-f4">
         <path>C:\ti\CC3200SDK_1.3.0\cc3200-sdk\simplelink\ccs\NON_OS\</path>
         <kind>archive</kind>
         <file>simplelink.a</file>
         <name>netcfg.obj</name>
      </input_file>
      <input_file id="fl-f5">
         <path>C:\ti\CC3200SDK_1.3.0\cc3200-sdk\simplelink\ccs\NON_OS\</path>
         <kind>archive</kind>
         <file>simplelink.a</file>
         <name>nonos.obj</name>
      </input_file>
      <input_file id="fl-f6">
         <path>C:\ti\CC3200SDK_1.3.0\cc3200-sdk\simplelink\ccs\NON_OS\</path>
         <kind>archive</kind>
         <file>simplelink.a</file>
         <name>socket.obj</name>
      </input_file>
      <input_file id="fl-f7">
         <path>C:\ti\CC3200SDK_1.3.0\cc3200-sdk\simplelink\ccs\NON_OS\</path>
         <kind>archive</kind>
         <file>simplelink.a</file>
         <name>wlan.obj</name>
      </input_file>
      <input_file id="fl-f8">
         <path>C:\ti\CC3200SDK_1.3.0\cc3200-sdk\simplelink\ccs\NON_OS\</path>
         <kind>archive</kind>
         <file>simplelink.a</file>
         <name>cc_pal.obj</name>
      </input_file>
      <input_file id="fl-f9">
         <path>C:\ti\CC3200SDK_1.3.0\cc3200-sdk\driverlib\ccs\Release\</path>
         <kind>archive</kind>
         <file>driverlib.a</file>
         <name>spi.obj</name>
      </input_file>
      <input_file id="fl-fa">
         <path>C:\ti\CC3200SDK_1.3.0\cc3200-sdk\driverlib\ccs\Release\</path>
         <kind>archive</kind>
         <file>driverlib.a</file>
         <name>timer.obj</name>
      </input_file>
      <input_file id="fl-fb">
         <path>C:\ti\CC3200SDK_1.3.0\cc3200-sdk\driverlib\ccs\Release\</path>
         <kind>archive</kind>
         <file>driverlib.a</file>
         <name>udma.obj</name>
      </input_file>
   </input_file_list>
   <object_component_list>
      <object_component id="oc-f">
         <name>.intvecs</name>
         <load_address>0x20004000</load_address>
         <run_address>0x20004000</run_address>
         <size>0x400</size>
         <input_file_ref idref="fl-6"/>
      </object_component>
      <object_component id="oc-a8">
         <name>.text</name>
         <load_address>0x20004400</load_address>
         <run_address>0x20004400</run_address>
         <size>0x1214</size>
         <input_file_ref idref="fl-3"/>
      </object_component>
      <object_component id="oc-3c6">
         <name>.text</name>
         <load_address>0x20005614</load_address>
         <run_address>0x20005614</run_address>
         <size>0x1122</size>
         <input_file_ref idref="fl-d4"/>
      </object_component>
      <object_component id="oc-62e">
         <name>.text:IntDefaultHandler</name>
         <load_address>0x20006736</load_address>
         <run_address>0x20006736</run_address>
         <size>0x2</size>
         <input_file_ref idref="fl-ea"/>
      </object_component>
      <object_component id="oc-63d">
         <name>.text:_SlDrvMsgRead</name>
         <load_address>0x20006738</load_address>
         <run_address>0x20006738</run_address>
         <size>0x590</size>
         <input_file_ref idref="fl-f2"/>
      </object_component>
      <object_component id="oc-215">
         <name>.text</name>
         <load_address>0x20006cc8</load_address>
         <run_address>0x20006cc8</run_address>
         <size>0x3d0</size>
         <input_file_ref idref="fl-ca"/>
      </object_component>
      <object_component id="oc-152">
         <name>.text</name>
         <load_address>0x20007098</load_address>
         <run_address>0x20007098</run_address>
         <size>0x398</size>
         <input_file_ref idref="fl-2"/>
      </object_component>
      <object_component id="oc-d8">
         <name>.text</name>
         <load_address>0x20007430</load_address>
         <run_address>0x20007430</run_address>
         <size>0x280</size>
         <input_file_ref idref="fl-7"/>
      </object_component>
      <object_component id="oc-14c">
         <name>.text:sl_WlanConnect</name>
         <load_address>0x200076b0</load_address>
         <run_address>0x200076b0</run_address>
         <size>0x27c</size>
         <input_file_ref idref="fl-f7"/>
      </object_component>
      <object_component id="oc-6b9">
         <name>.text:_SlDrvRxHdrRead</name>
         <load_address>0x2000792c</load_address>
         <run_address>0x2000792c</run_address>
         <size>0x24c</size>
         <input_file_ref idref="fl-f2"/>
      </object_component>
      <object_component id="oc-56f">
         <name>.text</name>
         <load_address>0x20007b78</load_address>
         <run_address>0x20007b78</run_address>
         <size>0x1f4</size>
         <input_file_ref idref="fl-e6"/>
      </object_component>
      <object_component id="oc-3e2">
         <name>.text:_SlDrvDataReadOp</name>
         <load_address>0x20007d6c</load_address>
         <run_address>0x20007d6c</run_address>
         <size>0x1e4</size>
         <input_file_ref idref="fl-f2"/>
      </object_component>
      <object_component id="oc-26d">
         <name>.text:_SlDrvReleasePoolObj</name>
         <load_address>0x20007f50</load_address>
         <run_address>0x20007f50</run_address>
         <size>0x1d0</size>
         <input_file_ref idref="fl-f2"/>
      </object_component>
      <object_component id="oc-598">
         <name>.text</name>
         <load_address>0x20008120</load_address>
         <run_address>0x20008120</run_address>
         <size>0x1b6</size>
         <input_file_ref idref="fl-da"/>
      </object_component>
      <object_component id="oc-59">
         <name>.text</name>
         <load_address>0x200082d6</load_address>
         <run_address>0x200082d6</run_address>
         <size>0x2</size>
         <input_file_ref idref="fl-cc"/>
      </object_component>
      <object_component id="oc-243">
         <name>.text:_SlDrvDriverCBInit</name>
         <load_address>0x200082d8</load_address>
         <run_address>0x200082d8</run_address>
         <size>0x1b4</size>
         <input_file_ref idref="fl-f2"/>
      </object_component>
      <object_component id="oc-4e5">
         <name>.text:_SlDrvMsgWrite</name>
         <load_address>0x2000848c</load_address>
         <run_address>0x2000848c</run_address>
         <size>0x19c</size>
         <input_file_ref idref="fl-f2"/>
      </object_component>
      <object_component id="oc-376">
         <name>.text:_SlDrvWaitForPoolObj</name>
         <load_address>0x20008628</load_address>
         <run_address>0x20008628</run_address>
         <size>0x190</size>
         <input_file_ref idref="fl-f2"/>
      </object_component>
      <object_component id="oc-188">
         <name>.text:sl_Connect</name>
         <load_address>0x200087b8</load_address>
         <run_address>0x200087b8</run_address>
         <size>0x18c</size>
         <input_file_ref idref="fl-f6"/>
      </object_component>
      <object_component id="oc-146">
         <name>.text:PRCMCC3200MCUInit</name>
         <load_address>0x20008944</load_address>
         <run_address>0x20008944</run_address>
         <size>0x178</size>
         <input_file_ref idref="fl-ec"/>
      </object_component>
      <object_component id="oc-6cb">
         <name>.text:_SlFindAndSetActiveObj</name>
         <load_address>0x20008abc</load_address>
         <run_address>0x20008abc</run_address>
         <size>0x170</size>
         <input_file_ref idref="fl-f2"/>
      </object_component>
      <object_component id="oc-3d4">
         <name>.text:_SlDrvDataWriteOp</name>
         <load_address>0x20008c2c</load_address>
         <run_address>0x20008c2c</run_address>
         <size>0x150</size>
         <input_file_ref idref="fl-f2"/>
      </object_component>
      <object_component id="oc-249">
         <name>.text:spi_Open</name>
         <load_address>0x20008d7c</load_address>
         <run_address>0x20008d7c</run_address>
         <size>0x148</size>
         <input_file_ref idref="fl-f8"/>
      </object_component>
      <object_component id="oc-4eb">
         <name>.text:_SlDrvMsgReadCmdCtx</name>
         <load_address>0x20008ec4</load_address>
         <run_address>0x20008ec4</run_address>
         <size>0x144</size>
         <input_file_ref idref="fl-f2"/>
      </object_component>
      <object_component id="oc-16a">
         <name>.text:sl_NetAppDnsGetHostByName</name>
         <load_address>0x20009008</load_address>
         <run_address>0x20009008</run_address>
         <size>0x144</size>
         <input_file_ref idref="fl-f3"/>
      </object_component>
      <object_component id="oc-57e">
         <name>.text</name>
         <load_address>0x2000914c</load_address>
         <run_address>0x2000914c</run_address>
         <size>0x136</size>
         <input_file_ref idref="fl-dc"/>
      </object_component>
      <object_component id="oc-a0">
         <name>.text</name>
         <load_address>0x20009282</load_address>
         <run_address>0x20009282</run_address>
         <size>0x2</size>
         <input_file_ref idref="fl-e4"/>
      </object_component>
      <object_component id="oc-1a3">
         <name>.text:sl_Send</name>
         <load_address>0x20009284</load_address>
         <run_address>0x20009284</run_address>
         <size>0x134</size>
         <input_file_ref idref="fl-f6"/>
      </object_component>
      <object_component id="oc-2b2">
         <name>.text:_SlDrvDriverCBDeinit</name>
         <load_address>0x200093b8</load_address>
         <run_address>0x200093b8</run_address>
         <size>0x130</size>
         <input_file_ref idref="fl-f2"/>
      </object_component>
      <object_component id="oc-724">
         <name>.text:_SlDrvNetAppEventHandler</name>
         <load_address>0x200094e8</load_address>
         <run_address>0x200094e8</run_address>
         <size>0x104</size>
         <input_file_ref idref="fl-f3"/>
      </object_component>
      <object_component id="oc-579">
         <name>.text</name>
         <load_address>0x200095ec</load_address>
         <run_address>0x200095ec</run_address>
         <size>0xfc</size>
         <input_file_ref idref="fl-dd"/>
      </object_component>
      <object_component id="oc-f7">
         <name>.text:sl_Stop</name>
         <load_address>0x200096e8</load_address>
         <run_address>0x200096e8</run_address>
         <size>0xf0</size>
         <input_file_ref idref="fl-f1"/>
      </object_component>
      <object_component id="oc-6c5">
         <name>.text:spi_Read</name>
         <load_address>0x200097d8</load_address>
         <run_address>0x200097d8</run_address>
         <size>0xf0</size>
         <input_file_ref idref="fl-f8"/>
      </object_component>
      <object_component id="oc-7c4">
         <name>.text:uDMAChannelTransferSet</name>
         <load_address>0x200098c8</load_address>
         <run_address>0x200098c8</run_address>
         <size>0xf0</size>
         <input_file_ref idref="fl-fb"/>
      </object_component>
      <object_component id="oc-e5">
         <name>.text:sl_Start</name>
         <load_address>0x200099b8</load_address>
         <run_address>0x200099b8</run_address>
         <size>0xec</size>
         <input_file_ref idref="fl-f1"/>
      </object_component>
      <object_component id="oc-643">
         <name>.text:_SlAsyncEventGenericHandler</name>
         <load_address>0x20009aa4</load_address>
         <run_address>0x20009aa4</run_address>
         <size>0xe8</size>
         <input_file_ref idref="fl-f2"/>
      </object_component>
      <object_component id="oc-4cc">
         <name>.text:_SlDrvMsgReadSpawnCtx</name>
         <load_address>0x20009b8c</load_address>
         <run_address>0x20009b8c</run_address>
         <size>0xe8</size>
         <input_file_ref idref="fl-f2"/>
      </object_component>
      <object_component id="oc-2ed">
         <name>.text:sl_NetAppMDNSRegisterUnregisterService</name>
         <load_address>0x20009c74</load_address>
         <run_address>0x20009c74</run_address>
         <size>0xe4</size>
         <input_file_ref idref="fl-f3"/>
      </object_component>
      <object_component id="oc-6bf">
         <name>.text:_SlDrvClassifyRxMsg</name>
         <load_address>0x20009d58</load_address>
         <run_address>0x20009d58</run_address>
         <size>0xdc</size>
         <input_file_ref idref="fl-f2"/>
      </object_component>
      <object_component id="oc-5a3">
         <name>.text</name>
         <load_address>0x20009e34</load_address>
         <run_address>0x20009e34</run_address>
         <size>0xd0</size>
         <input_file_ref idref="fl-e3"/>
      </object_component>
      <object_component id="oc-782">
         <name>.text:_sl_HandleAsync_DnsGetHostByService</name>
         <load_address>0x20009f04</load_address>
         <run_address>0x20009f04</run_address>
         <size>0xcc</size>
         <input_file_ref idref="fl-f3"/>
      </object_component>
      <object_component id="oc-fd">
         <name>.text:sl_DevGet</name>
         <load_address>0x20009fd0</load_address>
         <run_address>0x20009fd0</run_address>
         <size>0xcc</size>
         <input_file_ref idref="fl-f1"/>
      </object_component>
      <object_component id="oc-4ac">
         <name>.text:_SlRemoveFromList</name>
         <load_address>0x2000a09c</load_address>
         <run_address>0x2000a09c</run_address>
         <size>0xc4</size>
         <input_file_ref idref="fl-f2"/>
      </object_component>
      <object_component id="oc-296">
         <name>.text:_SlDrvCmdOp</name>
         <load_address>0x2000a160</load_address>
         <run_address>0x2000a160</run_address>
         <size>0xc0</size>
         <input_file_ref idref="fl-f2"/>
      </object_component>
      <object_component id="oc-41d">
         <name>.text:_SlNonOsSemGet</name>
         <load_address>0x2000a220</load_address>
         <run_address>0x2000a220</run_address>
         <size>0xb0</size>
         <input_file_ref idref="fl-f5"/>
      </object_component>
      <object_component id="oc-48b">
         <name>.text:IntDisable</name>
         <load_address>0x2000a2d0</load_address>
         <run_address>0x2000a2d0</run_address>
         <size>0xa8</size>
         <input_file_ref idref="fl-ea"/>
      </object_component>
      <object_component id="oc-140">
         <name>.text:IntEnable</name>
         <load_address>0x2000a378</load_address>
         <run_address>0x2000a378</run_address>
         <size>0xa8</size>
         <input_file_ref idref="fl-ea"/>
      </object_component>
      <object_component id="oc-4a5">
         <name>.text:_SlDriverHandleError</name>
         <load_address>0x2000a420</load_address>
         <run_address>0x2000a420</run_address>
         <size>0xa4</size>
         <input_file_ref idref="fl-f2"/>
      </object_component>
      <object_component id="oc-43a">
         <name>.text:SPIConfigSetExpClk</name>
         <load_address>0x2000a4c4</load_address>
         <run_address>0x2000a4c4</run_address>
         <size>0xa0</size>
         <input_file_ref idref="fl-f9"/>
      </object_component>
      <object_component id="oc-1af">
         <name>.text:sl_Recv</name>
         <load_address>0x2000a564</load_address>
         <run_address>0x2000a564</run_address>
         <size>0xa0</size>
         <input_file_ref idref="fl-f6"/>
      </object_component>
      <object_component id="oc-41">
         <name>.text</name>
         <load_address>0x2000a604</load_address>
         <run_address>0x2000a604</run_address>
         <size>0x9c</size>
         <input_file_ref idref="fl-c8"/>
      </object_component>
      <object_component id="oc-774">
         <name>.text:_SlDrvDeviceEventHandler</name>
         <load_address>0x2000a6a0</load_address>
         <run_address>0x2000a6a0</run_address>
         <size>0x9a</size>
         <input_file_ref idref="fl-f1"/>
      </object_component>
      <object_component id="oc-159">
         <name>.text:sl_DevSet</name>
         <load_address>0x2000a73c</load_address>
         <run_address>0x2000a73c</run_address>
         <size>0x98</size>
         <input_file_ref idref="fl-f1"/>
      </object_component>
      <object_component id="oc-115">
         <name>.text:sl_NetCfgSet</name>
         <load_address>0x2000a7d4</load_address>
         <run_address>0x2000a7d4</run_address>
         <size>0x98</size>
         <input_file_ref idref="fl-f4"/>
      </object_component>
      <object_component id="oc-182">
         <name>.text:sl_SetSockOpt</name>
         <load_address>0x2000a86c</load_address>
         <run_address>0x2000a86c</run_address>
         <size>0x98</size>
         <input_file_ref idref="fl-f6"/>
      </object_component>
      <object_component id="oc-11b">
         <name>.text:sl_WlanSet</name>
         <load_address>0x2000a904</load_address>
         <run_address>0x2000a904</run_address>
         <size>0x98</size>
         <input_file_ref idref="fl-f7"/>
      </object_component>
      <object_component id="oc-64c">
         <name>.text:spi_Write</name>
         <load_address>0x2000a99c</load_address>
         <run_address>0x2000a99c</run_address>
         <size>0x98</size>
         <input_file_ref idref="fl-f8"/>
      </object_component>
      <object_component id="oc-1eb">
         <name>.text:PRCMPeripheralClockGet</name>
         <load_address>0x2000aa34</load_address>
         <run_address>0x2000aa34</run_address>
         <size>0x94</size>
         <input_file_ref idref="fl-ec"/>
      </object_component>
      <object_component id="oc-77c">
         <name>.text:_sl_HandleAsync_DnsGetHostByName</name>
         <load_address>0x2000aac8</load_address>
         <run_address>0x2000aac8</run_address>
         <size>0x90</size>
         <input_file_ref idref="fl-f3"/>
      </object_component>
      <object_component id="oc-72a">
         <name>.text:_sl_HandleAsync_PingResponse</name>
         <load_address>0x2000ab58</load_address>
         <run_address>0x2000ab58</run_address>
         <size>0x90</size>
         <input_file_ref idref="fl-f3"/>
      </object_component>
      <object_component id="oc-103">
         <name>.text:sl_WlanPolicySet</name>
         <load_address>0x2000abe8</load_address>
         <run_address>0x2000abe8</run_address>
         <size>0x90</size>
         <input_file_ref idref="fl-f7"/>
      </object_component>
      <object_component id="oc-731">
         <name>.text:SetupDMAReceive</name>
         <load_address>0x2000ac78</load_address>
         <run_address>0x2000ac78</run_address>
         <size>0x8c</size>
         <input_file_ref idref="fl-f8"/>
      </object_component>
      <object_component id="oc-6d6">
         <name>.text:SetupDMASend</name>
         <load_address>0x2000ad04</load_address>
         <run_address>0x2000ad04</run_address>
         <size>0x8c</size>
         <input_file_ref idref="fl-f8"/>
      </object_component>
      <object_component id="oc-5f2">
         <name>.text:_SlDrvIsTimeoutExpired</name>
         <load_address>0x2000ad90</load_address>
         <run_address>0x2000ad90</run_address>
         <size>0x8c</size>
         <input_file_ref idref="fl-f2"/>
      </object_component>
      <object_component id="oc-7d5">
         <name>.text:_sl_HandleAsync_InitComplete</name>
         <load_address>0x2000ae1c</load_address>
         <run_address>0x2000ae1c</run_address>
         <size>0x8c</size>
         <input_file_ref idref="fl-f1"/>
      </object_component>
      <object_component id="oc-17c">
         <name>.text:sl_Socket</name>
         <load_address>0x2000aea8</load_address>
         <run_address>0x2000aea8</run_address>
         <size>0x8c</size>
         <input_file_ref idref="fl-f6"/>
      </object_component>
      <object_component id="oc-55e">
         <name>.text:PinConfigSet</name>
         <load_address>0x2000af34</load_address>
         <run_address>0x2000af34</run_address>
         <size>0x88</size>
         <input_file_ref idref="fl-eb"/>
      </object_component>
      <object_component id="oc-1fd">
         <name>.text</name>
         <load_address>0x2000afbc</load_address>
         <run_address>0x2000afbc</run_address>
         <size>0x88</size>
         <input_file_ref idref="fl-d2"/>
      </object_component>
      <object_component id="oc-574">
         <name>.text:__aeabi_cdcmple</name>
         <load_address>0x2000b044</load_address>
         <run_address>0x2000b044</run_address>
         <size>0x86</size>
         <input_file_ref idref="fl-db"/>
      </object_component>
      <object_component id="oc-583">
         <name>.text:__aeabi_cdrcmple</name>
         <load_address>0x2000b0ca</load_address>
         <run_address>0x2000b0ca</run_address>
         <size>0x86</size>
         <input_file_ref idref="fl-db"/>
      </object_component>
      <object_component id="oc-12d">
         <name>.text:sl_WlanRxFilterSet</name>
         <load_address>0x2000b150</load_address>
         <run_address>0x2000b150</run_address>
         <size>0x84</size>
         <input_file_ref idref="fl-f7"/>
      </object_component>
      <object_component id="oc-338">
         <name>.text:GPIOIntTypeSet</name>
         <load_address>0x2000b1d4</load_address>
         <run_address>0x2000b1d4</run_address>
         <size>0x82</size>
         <input_file_ref idref="fl-e9"/>
      </object_component>
      <object_component id="oc-7a4">
         <name>.text:_sl_HandleAsync_Connect</name>
         <load_address>0x2000b258</load_address>
         <run_address>0x2000b258</run_address>
         <size>0x80</size>
         <input_file_ref idref="fl-f6"/>
      </object_component>
      <object_component id="oc-737">
         <name>.text:spi_Read_CPU</name>
         <load_address>0x2000b2d8</load_address>
         <run_address>0x2000b2d8</run_address>
         <size>0x80</size>
         <input_file_ref idref="fl-f8"/>
      </object_component>
      <object_component id="oc-6e8">
         <name>.text:spi_Write_CPU</name>
         <load_address>0x2000b358</load_address>
         <run_address>0x2000b358</run_address>
         <size>0x80</size>
         <input_file_ref idref="fl-f8"/>
      </object_component>
      <object_component id="oc-4d">
         <name>.text</name>
         <load_address>0x2000b3d8</load_address>
         <run_address>0x2000b3d8</run_address>
         <size>0x7a</size>
         <input_file_ref idref="fl-cb"/>
      </object_component>
      <object_component id="oc-2ac">
         <name>.text:spi_Close</name>
         <load_address>0x2000b454</load_address>
         <run_address>0x2000b454</run_address>
         <size>0x78</size>
         <input_file_ref idref="fl-f8"/>
      </object_component>
      <object_component id="oc-1f1">
         <name>.text:UARTConfigSetExpClk</name>
         <load_address>0x2000b4cc</load_address>
         <run_address>0x2000b4cc</run_address>
         <size>0x76</size>
         <input_file_ref idref="fl-ed"/>
      </object_component>
      <object_component id="oc-eb">
         <name>.text:_SlNonOsMainLoopTask</name>
         <load_address>0x2000b544</load_address>
         <run_address>0x2000b544</run_address>
         <size>0x74</size>
         <input_file_ref idref="fl-f5"/>
      </object_component>
      <object_component id="oc-65">
         <name>.text</name>
         <load_address>0x2000b5b8</load_address>
         <run_address>0x2000b5b8</run_address>
         <size>0x70</size>
         <input_file_ref idref="fl-d7"/>
      </object_component>
      <object_component id="oc-7df">
         <name>.text:_SlDrvCmdSend</name>
         <load_address>0x2000b628</load_address>
         <run_address>0x2000b628</run_address>
         <size>0x6c</size>
         <input_file_ref idref="fl-f2"/>
      </object_component>
      <object_component id="oc-78e">
         <name>.text:_sl_NetAppSendTokenValue</name>
         <load_address>0x2000b694</load_address>
         <run_address>0x2000b694</run_address>
         <size>0x6c</size>
         <input_file_ref idref="fl-f3"/>
      </object_component>
      <object_component id="oc-12">
         <name>.text:decompress:lzss</name>
         <load_address>0x2000b700</load_address>
         <run_address>0x2000b700</run_address>
         <size>0x68</size>
         <input_file_ref idref="fl-c4"/>
      </object_component>
      <object_component id="oc-4c6">
         <name>.text:_SlNonOsSpawn</name>
         <load_address>0x2000b768</load_address>
         <run_address>0x2000b768</run_address>
         <size>0x64</size>
         <input_file_ref idref="fl-f5"/>
      </object_component>
      <object_component id="oc-79e">
         <name>.text:_sl_HandleAsync_Accept</name>
         <load_address>0x2000b7cc</load_address>
         <run_address>0x2000b7cc</run_address>
         <size>0x64</size>
         <input_file_ref idref="fl-f6"/>
      </object_component>
      <object_component id="oc-121">
         <name>.text:sl_NetAppMDNSUnRegisterService</name>
         <load_address>0x2000b830</load_address>
         <run_address>0x2000b830</run_address>
         <size>0x64</size>
         <input_file_ref idref="fl-f3"/>
      </object_component>
      <object_component id="oc-609">
         <name>.text:uDMAChannelAttributeDisable</name>
         <load_address>0x2000b894</load_address>
         <run_address>0x2000b894</run_address>
         <size>0x64</size>
         <input_file_ref idref="fl-fb"/>
      </object_component>
      <object_component id="oc-7be">
         <name>.text:uDMAChannelAttributeEnable</name>
         <load_address>0x2000b8f8</load_address>
         <run_address>0x2000b8f8</run_address>
         <size>0x64</size>
         <input_file_ref idref="fl-fb"/>
      </object_component>
      <object_component id="oc-19d">
         <name>.text</name>
         <load_address>0x2000b95c</load_address>
         <run_address>0x2000b95c</run_address>
         <size>0x60</size>
         <input_file_ref idref="fl-ce"/>
      </object_component>
      <object_component id="oc-1a9">
         <name>.text:sl_Close</name>
         <load_address>0x2000b9bc</load_address>
         <run_address>0x2000b9bc</run_address>
         <size>0x60</size>
         <input_file_ref idref="fl-f6"/>
      </object_component>
      <object_component id="oc-109">
         <name>.text:sl_WlanProfileDel</name>
         <load_address>0x2000ba1c</load_address>
         <run_address>0x2000ba1c</run_address>
         <size>0x60</size>
         <input_file_ref idref="fl-f7"/>
      </object_component>
      <object_component id="oc-f1">
         <name>.text:sl_WlanSetMode</name>
         <load_address>0x2000ba7c</load_address>
         <run_address>0x2000ba7c</run_address>
         <size>0x60</size>
         <input_file_ref idref="fl-f7"/>
      </object_component>
      <object_component id="oc-59d">
         <name>.text</name>
         <load_address>0x2000badc</load_address>
         <run_address>0x2000badc</run_address>
         <size>0x5c</size>
         <input_file_ref idref="fl-e2"/>
      </object_component>
      <object_component id="oc-497">
         <name>.text:IntPendClear</name>
         <load_address>0x2000bb38</load_address>
         <run_address>0x2000bb38</run_address>
         <size>0x58</size>
         <input_file_ref idref="fl-ea"/>
      </object_component>
      <object_component id="oc-321">
         <name>.text:PRCMPeripheralReset</name>
         <load_address>0x2000bb90</load_address>
         <run_address>0x2000bb90</run_address>
         <size>0x58</size>
         <input_file_ref idref="fl-ec"/>
      </object_component>
      <object_component id="oc-18f">
         <name>.text</name>
         <load_address>0x2000bbe8</load_address>
         <run_address>0x2000bbe8</run_address>
         <size>0x58</size>
         <input_file_ref idref="fl-5"/>
      </object_component>
      <object_component id="oc-33e">
         <name>.text:IntPrioritySet</name>
         <load_address>0x2000bc40</load_address>
         <run_address>0x2000bc40</run_address>
         <size>0x54</size>
         <input_file_ref idref="fl-ea"/>
      </object_component>
      <object_component id="oc-27f">
         <name>.text:_SlDrvRxIrqHandler</name>
         <load_address>0x2000bc94</load_address>
         <run_address>0x2000bc94</run_address>
         <size>0x54</size>
         <input_file_ref idref="fl-f2"/>
      </object_component>
      <object_component id="oc-7aa">
         <name>.text:_sl_HandleAsync_Select</name>
         <load_address>0x2000bce8</load_address>
         <run_address>0x2000bce8</run_address>
         <size>0x54</size>
         <input_file_ref idref="fl-f6"/>
      </object_component>
      <object_component id="oc-71">
         <name>.text</name>
         <load_address>0x2000bd3c</load_address>
         <run_address>0x2000bd3c</run_address>
         <size>0x54</size>
         <input_file_ref idref="fl-c7"/>
      </object_component>
      <object_component id="oc-58d">
         <name>.text</name>
         <load_address>0x2000bd90</load_address>
         <run_address>0x2000bd90</run_address>
         <size>0x54</size>
         <input_file_ref idref="fl-e0"/>
      </object_component>
      <object_component id="oc-7b0">
         <name>.text:_sl_HandleAsync_Stop</name>
         <load_address>0x2000bde4</load_address>
         <run_address>0x2000bde4</run_address>
         <size>0x50</size>
         <input_file_ref idref="fl-f1"/>
      </object_component>
      <object_component id="oc-464">
         <name>.text:SPIIntEnable</name>
         <load_address>0x2000be34</load_address>
         <run_address>0x2000be34</run_address>
         <size>0x4c</size>
         <input_file_ref idref="fl-f9"/>
      </object_component>
      <object_component id="oc-657">
         <name>.text:SPIIntNumberGet</name>
         <load_address>0x2000be80</load_address>
         <run_address>0x2000be80</run_address>
         <size>0x4c</size>
         <input_file_ref idref="fl-f9"/>
      </object_component>
      <object_component id="oc-24f">
         <name>.text:_SlDrvProtectAsyncRespSetting</name>
         <load_address>0x2000becc</load_address>
         <run_address>0x2000becc</run_address>
         <size>0x4c</size>
         <input_file_ref idref="fl-f2"/>
      </object_component>
      <object_component id="oc-3a7">
         <name>.text:_sl_BuildAddress</name>
         <load_address>0x2000bf18</load_address>
         <run_address>0x2000bf18</run_address>
         <size>0x4c</size>
         <input_file_ref idref="fl-f6"/>
      </object_component>
      <object_component id="oc-5af">
         <name>.text</name>
         <load_address>0x2000bf64</load_address>
         <run_address>0x2000bf64</run_address>
         <size>0x4c</size>
         <input_file_ref idref="fl-d6"/>
      </object_component>
      <object_component id="oc-9a">
         <name>.text</name>
         <load_address>0x2000bfb0</load_address>
         <run_address>0x2000bfb0</run_address>
         <size>0x4c</size>
         <input_file_ref idref="fl-d8"/>
      </object_component>
      <object_component id="oc-603">
         <name>.text:uDMAChannelAssign</name>
         <load_address>0x2000bffc</load_address>
         <run_address>0x2000bffc</run_address>
         <size>0x4c</size>
         <input_file_ref idref="fl-fb"/>
      </object_component>
      <object_component id="oc-539">
         <name>.text:GPIOGetIntNumber</name>
         <load_address>0x2000c048</load_address>
         <run_address>0x2000c048</run_address>
         <size>0x48</size>
         <input_file_ref idref="fl-e9"/>
      </object_component>
      <object_component id="oc-625">
         <name>.text:SPIIntClear</name>
         <load_address>0x2000c090</load_address>
         <run_address>0x2000c090</run_address>
         <size>0x48</size>
         <input_file_ref idref="fl-f9"/>
      </object_component>
      <object_component id="oc-2d8">
         <name>.text:_SlDrvBasicCmd</name>
         <load_address>0x2000c0d8</load_address>
         <run_address>0x2000c0d8</run_address>
         <size>0x48</size>
         <input_file_ref idref="fl-f2"/>
      </object_component>
      <object_component id="oc-588">
         <name>.text</name>
         <load_address>0x2000c120</load_address>
         <run_address>0x2000c120</run_address>
         <size>0x48</size>
         <input_file_ref idref="fl-de"/>
      </object_component>
      <object_component id="oc-614">
         <name>.text:SPIDmaMaskGet</name>
         <load_address>0x2000c168</load_address>
         <run_address>0x2000c168</run_address>
         <size>0x44</size>
         <input_file_ref idref="fl-f9"/>
      </object_component>
      <object_component id="oc-754">
         <name>.text:TimerConfigure</name>
         <load_address>0x2000c1ac</load_address>
         <run_address>0x2000c1ac</run_address>
         <size>0x44</size>
         <input_file_ref idref="fl-fa"/>
      </object_component>
      <object_component id="oc-267">
         <name>.text:_SlDrvSyncObjWaitTimeout</name>
         <load_address>0x2000c1f0</load_address>
         <run_address>0x2000c1f0</run_address>
         <size>0x44</size>
         <input_file_ref idref="fl-f2"/>
      </object_component>
      <object_component id="oc-744">
         <name>.text:cc_SetupTransfer</name>
         <load_address>0x2000c234</load_address>
         <run_address>0x2000c234</run_address>
         <size>0x44</size>
         <input_file_ref idref="fl-f8"/>
      </object_component>
      <object_component id="oc-176">
         <name>.text:sl_Htonl</name>
         <load_address>0x2000c278</load_address>
         <run_address>0x2000c278</run_address>
         <size>0x42</size>
         <input_file_ref idref="fl-f6"/>
      </object_component>
      <object_component id="oc-564">
         <name>.text:PinModeSet</name>
         <load_address>0x2000c2bc</load_address>
         <run_address>0x2000c2bc</run_address>
         <size>0x40</size>
         <input_file_ref idref="fl-eb"/>
      </object_component>
      <object_component id="oc-3ce">
         <name>.text:_sl_TruncatePayloadByProtocol</name>
         <load_address>0x2000c2fc</load_address>
         <run_address>0x2000c2fc</run_address>
         <size>0x40</size>
         <input_file_ref idref="fl-f6"/>
      </object_component>
      <object_component id="oc-24">
         <name>.text</name>
         <load_address>0x2000c33c</load_address>
         <run_address>0x2000c33c</run_address>
         <size>0x40</size>
         <input_file_ref idref="fl-c3"/>
      </object_component>
      <object_component id="oc-25b">
         <name>.text:NwpRegisterInterruptHandler</name>
         <load_address>0x2000c37c</load_address>
         <run_address>0x2000c37c</run_address>
         <size>0x3e</size>
         <input_file_ref idref="fl-f8"/>
      </object_component>
      <object_component id="oc-795">
         <name>.text:CopyPingResultsToReport</name>
         <load_address>0x2000c3ba</load_address>
         <run_address>0x2000c3ba</run_address>
         <size>0x3c</size>
         <input_file_ref idref="fl-f3"/>
      </object_component>
      <object_component id="oc-31b">
         <name>.text:PRCMPeripheralClkEnable</name>
         <load_address>0x2000c3f8</load_address>
         <run_address>0x2000c3f8</run_address>
         <size>0x3c</size>
         <input_file_ref idref="fl-ec"/>
      </object_component>
      <object_component id="oc-70a">
         <name>.text:simplelink_timerA2_start</name>
         <load_address>0x2000c434</load_address>
         <run_address>0x2000c434</run_address>
         <size>0x3c</size>
         <input_file_ref idref="fl-f8"/>
      </object_component>
      <object_component id="oc-170">
         <name>.text:sl_Htons</name>
         <load_address>0x2000c470</load_address>
         <run_address>0x2000c470</run_address>
         <size>0x3c</size>
         <input_file_ref idref="fl-f6"/>
      </object_component>
      <object_component id="oc-7b8">
         <name>.text:uDMAChannelControlSet</name>
         <load_address>0x2000c4ac</load_address>
         <run_address>0x2000c4ac</run_address>
         <size>0x3c</size>
         <input_file_ref idref="fl-fb"/>
      </object_component>
      <object_component id="oc-255">
         <name>.text:NwpPowerOff</name>
         <load_address>0x2000c4e8</load_address>
         <run_address>0x2000c4e8</run_address>
         <size>0x38</size>
         <input_file_ref idref="fl-f8"/>
      </object_component>
      <object_component id="oc-10f">
         <name>.text:sl_WlanDisconnect</name>
         <load_address>0x2000c520</load_address>
         <run_address>0x2000c520</run_address>
         <size>0x38</size>
         <input_file_ref idref="fl-f7"/>
      </object_component>
      <object_component id="oc-3b7">
         <name>.text:GPIODirModeSet</name>
         <load_address>0x2000c558</load_address>
         <run_address>0x2000c558</run_address>
         <size>0x36</size>
         <input_file_ref idref="fl-e9"/>
      </object_component>
      <object_component id="oc-440">
         <name>.text:PRCMPeripheralStatusGet</name>
         <load_address>0x2000c590</load_address>
         <run_address>0x2000c590</run_address>
         <size>0x34</size>
         <input_file_ref idref="fl-ec"/>
      </object_component>
      <object_component id="oc-458">
         <name>.text:SPIFIFOLevelSet</name>
         <load_address>0x2000c5c4</load_address>
         <run_address>0x2000c5c4</run_address>
         <size>0x34</size>
         <input_file_ref idref="fl-f9"/>
      </object_component>
      <object_component id="oc-3b1">
         <name>.text:PinTypeGPIO</name>
         <load_address>0x2000c5f8</load_address>
         <run_address>0x2000c5f8</run_address>
         <size>0x30</size>
         <input_file_ref idref="fl-eb"/>
      </object_component>
      <object_component id="oc-3f0">
         <name>.text:UARTDisable</name>
         <load_address>0x2000c628</load_address>
         <run_address>0x2000c628</run_address>
         <size>0x30</size>
         <input_file_ref idref="fl-ed"/>
      </object_component>
      <object_component id="oc-593">
         <name>.text</name>
         <load_address>0x2000c658</load_address>
         <run_address>0x2000c658</run_address>
         <size>0x2e</size>
         <input_file_ref idref="fl-df"/>
      </object_component>
      <object_component id="oc-261">
         <name>.text:NwpPowerOn</name>
         <load_address>0x2000c688</load_address>
         <run_address>0x2000c688</run_address>
         <size>0x2c</size>
         <input_file_ref idref="fl-f8"/>
      </object_component>
      <object_component id="oc-309">
         <name>.text:PRCMSysResetCauseGet</name>
         <load_address>0x2000c6b4</load_address>
         <run_address>0x2000c6b4</run_address>
         <size>0x2c</size>
         <input_file_ref idref="fl-ec"/>
      </object_component>
      <object_component id="oc-4d9">
         <name>.text:_SlDrvObjGlobalLockWaitForever</name>
         <load_address>0x2000c6e0</load_address>
         <run_address>0x2000c6e0</run_address>
         <size>0x2c</size>
         <input_file_ref idref="fl-f2"/>
      </object_component>
      <object_component id="oc-37c">
         <name>.text:_SlDrvProtectionObjLockWaitForever</name>
         <load_address>0x2000c70c</load_address>
         <run_address>0x2000c70c</run_address>
         <size>0x2c</size>
         <input_file_ref idref="fl-f2"/>
      </object_component>
      <object_component id="oc-760">
         <name>.text:TimerLoadSet</name>
         <load_address>0x2000c738</load_address>
         <run_address>0x2000c738</run_address>
         <size>0x2a</size>
         <input_file_ref idref="fl-fa"/>
      </object_component>
      <object_component id="oc-75a">
         <name>.text:TimerPrescaleSet</name>
         <load_address>0x2000c762</load_address>
         <run_address>0x2000c762</run_address>
         <size>0x2a</size>
         <input_file_ref idref="fl-fa"/>
      </object_component>
      <object_component id="oc-327">
         <name>.text:PRCMPeripheralClkDisable</name>
         <load_address>0x2000c78c</load_address>
         <run_address>0x2000c78c</run_address>
         <size>0x28</size>
         <input_file_ref idref="fl-ec"/>
      </object_component>
      <object_component id="oc-4df">
         <name>.text:_SlDrvGlobalObjUnLock</name>
         <load_address>0x2000c7b4</load_address>
         <run_address>0x2000c7b4</run_address>
         <size>0x28</size>
         <input_file_ref idref="fl-f2"/>
      </object_component>
      <object_component id="oc-382">
         <name>.text:_SlDrvProtectionObjUnLock</name>
         <load_address>0x2000c7dc</load_address>
         <run_address>0x2000c7dc</run_address>
         <size>0x28</size>
         <input_file_ref idref="fl-f2"/>
      </object_component>
      <object_component id="oc-388">
         <name>.text:_SlDrvSyncObjWaitForever</name>
         <load_address>0x2000c804</load_address>
         <run_address>0x2000c804</run_address>
         <size>0x28</size>
         <input_file_ref idref="fl-f2"/>
      </object_component>
      <object_component id="oc-5cd">
         <name>.text:_SlDrvObjLockWaitForever</name>
         <load_address>0x2000c82c</load_address>
         <run_address>0x2000c82c</run_address>
         <size>0x26</size>
         <input_file_ref idref="fl-f2"/>
      </object_component>
      <object_component id="oc-476">
         <name>.text:DmaSpiSwIntHandler</name>
         <load_address>0x2000c854</load_address>
         <run_address>0x2000c854</run_address>
         <size>0x24</size>
         <input_file_ref idref="fl-f8"/>
      </object_component>
      <object_component id="oc-491">
         <name>.text:IntUnregister</name>
         <load_address>0x2000c878</load_address>
         <run_address>0x2000c878</run_address>
         <size>0x24</size>
         <input_file_ref idref="fl-ea"/>
      </object_component>
      <object_component id="oc-3f6">
         <name>.text:UARTEnable</name>
         <load_address>0x2000c89c</load_address>
         <run_address>0x2000c89c</run_address>
         <size>0x24</size>
         <input_file_ref idref="fl-ed"/>
      </object_component>
      <object_component id="oc-20f">
         <name>.text</name>
         <load_address>0x2000c8c0</load_address>
         <run_address>0x2000c8c0</run_address>
         <size>0x24</size>
         <input_file_ref idref="fl-c9"/>
      </object_component>
      <object_component id="oc-434">
         <name>.text:SPIReset</name>
         <load_address>0x2000c8e4</load_address>
         <run_address>0x2000c8e4</run_address>
         <size>0x22</size>
         <input_file_ref idref="fl-f9"/>
      </object_component>
      <object_component id="oc-6e2">
         <name>.text:SPIWordCountSet</name>
         <load_address>0x2000c906</load_address>
         <run_address>0x2000c906</run_address>
         <size>0x22</size>
         <input_file_ref idref="fl-f9"/>
      </object_component>
      <object_component id="oc-356">
         <name>.text:GPIOPinWrite</name>
         <load_address>0x2000c928</load_address>
         <run_address>0x2000c928</run_address>
         <size>0x20</size>
         <input_file_ref idref="fl-e9"/>
      </object_component>
      <object_component id="oc-45e">
         <name>.text:IntRegister</name>
         <load_address>0x2000c948</load_address>
         <run_address>0x2000c948</run_address>
         <size>0x20</size>
         <input_file_ref idref="fl-ea"/>
      </object_component>
      <object_component id="oc-2a6">
         <name>.text:NwpPrePowerOffTimout0</name>
         <load_address>0x2000c968</load_address>
         <run_address>0x2000c968</run_address>
         <size>0x20</size>
         <input_file_ref idref="fl-f8"/>
      </object_component>
      <object_component id="oc-6a7">
         <name>.text:TimerGetCurrentTimestamp</name>
         <load_address>0x2000c988</load_address>
         <run_address>0x2000c988</run_address>
         <size>0x20</size>
         <input_file_ref idref="fl-f8"/>
      </object_component>
      <object_component id="oc-5d3">
         <name>.text:_SlDrvObjUnLock</name>
         <load_address>0x2000c9a8</load_address>
         <run_address>0x2000c9a8</run_address>
         <size>0x20</size>
         <input_file_ref idref="fl-f2"/>
      </object_component>
      <object_component id="oc-4b2">
         <name>.text:_SlDrvSyncObjSignal</name>
         <load_address>0x2000c9c8</load_address>
         <run_address>0x2000c9c8</run_address>
         <size>0x20</size>
         <input_file_ref idref="fl-f2"/>
      </object_component>
      <object_component id="oc-344">
         <name>.text:GPIOIntRegister</name>
         <load_address>0x2000c9e8</load_address>
         <run_address>0x2000c9e8</run_address>
         <size>0x1e</size>
         <input_file_ref idref="fl-e9"/>
      </object_component>
      <object_component id="oc-766">
         <name>.text:TimerEnable</name>
         <load_address>0x2000ca06</load_address>
         <run_address>0x2000ca06</run_address>
         <size>0x1e</size>
         <input_file_ref idref="fl-fa"/>
      </object_component>
      <object_component id="oc-1f7">
         <name>.text:UARTCharPut</name>
         <load_address>0x2000ca24</load_address>
         <run_address>0x2000ca24</run_address>
         <size>0x1e</size>
         <input_file_ref idref="fl-ed"/>
      </object_component>
      <object_component id="oc-446">
         <name>.text:cc_UDMAChannelSelect</name>
         <load_address>0x2000ca42</load_address>
         <run_address>0x2000ca42</run_address>
         <size>0x1e</size>
         <input_file_ref idref="fl-f8"/>
      </object_component>
      <object_component id="oc-710">
         <name>.text:TimerValueGet</name>
         <load_address>0x2000ca60</load_address>
         <run_address>0x2000ca60</run_address>
         <size>0x1c</size>
         <input_file_ref idref="fl-fa"/>
      </object_component>
      <object_component id="oc-209">
         <name>.text:UARTCharGetNonBlocking</name>
         <load_address>0x2000ca7c</load_address>
         <run_address>0x2000ca7c</run_address>
         <size>0x1c</size>
         <input_file_ref idref="fl-ed"/>
      </object_component>
      <object_component id="oc-5ec">
         <name>.text:_SlDrvStartMeasureTimeout</name>
         <load_address>0x2000ca98</load_address>
         <run_address>0x2000ca98</run_address>
         <size>0x1c</size>
         <input_file_ref idref="fl-f2"/>
      </object_component>
      <object_component id="oc-5b5">
         <name>.text</name>
         <load_address>0x2000cab4</load_address>
         <run_address>0x2000cab4</run_address>
         <size>0x1c</size>
         <input_file_ref idref="fl-e1"/>
      </object_component>
      <object_component id="oc-7ca">
         <name>.text:uDMAChannelEnable</name>
         <load_address>0x2000cad0</load_address>
         <run_address>0x2000cad0</run_address>
         <size>0x1c</size>
         <input_file_ref idref="fl-fb"/>
      </object_component>
      <object_component id="oc-350">
         <name>.text:GPIOIntEnable</name>
         <load_address>0x2000caec</load_address>
         <run_address>0x2000caec</run_address>
         <size>0x1a</size>
         <input_file_ref idref="fl-e9"/>
      </object_component>
      <object_component id="oc-3bd">
         <name>.text:PinTypeUART</name>
         <load_address>0x2000cb06</load_address>
         <run_address>0x2000cb06</run_address>
         <size>0x1a</size>
         <input_file_ref idref="fl-eb"/>
      </object_component>
      <object_component id="oc-503">
         <name>.text:SPIDmaDisable</name>
         <load_address>0x2000cb20</load_address>
         <run_address>0x2000cb20</run_address>
         <size>0x1a</size>
         <input_file_ref idref="fl-f9"/>
      </object_component>
      <object_component id="oc-452">
         <name>.text:SPIDmaEnable</name>
         <load_address>0x2000cb3a</load_address>
         <run_address>0x2000cb3a</run_address>
         <size>0x1a</size>
         <input_file_ref idref="fl-f9"/>
      </object_component>
      <object_component id="oc-4fd">
         <name>.text:SPIFIFODisable</name>
         <load_address>0x2000cb54</load_address>
         <run_address>0x2000cb54</run_address>
         <size>0x1a</size>
         <input_file_ref idref="fl-f9"/>
      </object_component>
      <object_component id="oc-44c">
         <name>.text:SPIFIFOEnable</name>
         <load_address>0x2000cb6e</load_address>
         <run_address>0x2000cb6e</run_address>
         <size>0x1a</size>
         <input_file_ref idref="fl-f9"/>
      </object_component>
      <object_component id="oc-4f7">
         <name>.text:SPIIntUnregister</name>
         <load_address>0x2000cb88</load_address>
         <run_address>0x2000cb88</run_address>
         <size>0x1a</size>
         <input_file_ref idref="fl-f9"/>
      </object_component>
      <object_component id="oc-362">
         <name>.text:GPIOPinRead</name>
         <load_address>0x2000cba2</load_address>
         <run_address>0x2000cba2</run_address>
         <size>0x18</size>
         <input_file_ref idref="fl-e9"/>
      </object_component>
      <object_component id="oc-428">
         <name>.text:SPICSDisable</name>
         <load_address>0x2000cbba</load_address>
         <run_address>0x2000cbba</run_address>
         <size>0x18</size>
         <input_file_ref idref="fl-f9"/>
      </object_component>
      <object_component id="oc-6dc">
         <name>.text:SPICSEnable</name>
         <load_address>0x2000cbd2</load_address>
         <run_address>0x2000cbd2</run_address>
         <size>0x18</size>
         <input_file_ref idref="fl-f9"/>
      </object_component>
      <object_component id="oc-42e">
         <name>.text:SPIDisable</name>
         <load_address>0x2000cbea</load_address>
         <run_address>0x2000cbea</run_address>
         <size>0x18</size>
         <input_file_ref idref="fl-f9"/>
      </object_component>
      <object_component id="oc-46a">
         <name>.text:SPIEnable</name>
         <load_address>0x2000cc02</load_address>
         <run_address>0x2000cc02</run_address>
         <size>0x18</size>
         <input_file_ref idref="fl-f9"/>
      </object_component>
      <object_component id="oc-203">
         <name>.text:UARTCharsAvail</name>
         <load_address>0x2000cc1a</load_address>
         <run_address>0x2000cc1a</run_address>
         <size>0x18</size>
         <input_file_ref idref="fl-ed"/>
      </object_component>
      <object_component id="oc-417">
         <name>.text:_SlNonOsSemSet</name>
         <load_address>0x2000cc32</load_address>
         <run_address>0x2000cc32</run_address>
         <size>0x18</size>
         <input_file_ref idref="fl-f5"/>
      </object_component>
      <object_component id="oc-273">
         <name>.text:_sl_GetStartResponseConvert</name>
         <load_address>0x2000cc4c</load_address>
         <run_address>0x2000cc4c</run_address>
         <size>0x18</size>
         <input_file_ref idref="fl-f1"/>
      </object_component>
      <object_component id="oc-6b">
         <name>.text</name>
         <load_address>0x2000cc64</load_address>
         <run_address>0x2000cc64</run_address>
         <size>0x18</size>
         <input_file_ref idref="fl-d5"/>
      </object_component>
      <object_component id="oc-30f">
         <name>.text:PRCMHIBRegRead</name>
         <load_address>0x2000cc7c</load_address>
         <run_address>0x2000cc7c</run_address>
         <size>0x16</size>
         <input_file_ref idref="fl-ec"/>
      </object_component>
      <object_component id="oc-315">
         <name>.text:PRCMHIBRegWrite</name>
         <load_address>0x2000cc92</load_address>
         <run_address>0x2000cc92</run_address>
         <size>0x16</size>
         <input_file_ref idref="fl-ec"/>
      </object_component>
      <object_component id="oc-32e">
         <name>.text:_SlDrvMemZero</name>
         <load_address>0x2000cca8</load_address>
         <run_address>0x2000cca8</run_address>
         <size>0x16</size>
         <input_file_ref idref="fl-f2"/>
      </object_component>
      <object_component id="oc-5a9">
         <name>.text</name>
         <load_address>0x2000ccbe</load_address>
         <run_address>0x2000ccbe</run_address>
         <size>0x16</size>
         <input_file_ref idref="fl-e5"/>
      </object_component>
      <object_component id="oc-2fe">
         <name>.text:CPUcpsie</name>
         <load_address>0x2000ccd4</load_address>
         <run_address>0x2000ccd4</run_address>
         <size>0x14</size>
         <input_file_ref idref="fl-ef"/>
      </object_component>
      <object_component id="oc-34a">
         <name>.text:GPIOIntClear</name>
         <load_address>0x2000cce8</load_address>
         <run_address>0x2000cce8</run_address>
         <size>0x14</size>
         <input_file_ref idref="fl-e9"/>
      </object_component>
      <object_component id="oc-134">
         <name>.text:IntVTableBaseSet</name>
         <load_address>0x2000ccfc</load_address>
         <run_address>0x2000ccfc</run_address>
         <size>0x14</size>
         <input_file_ref idref="fl-ea"/>
      </object_component>
      <object_component id="oc-1d3">
         <name>.text</name>
         <load_address>0x2000cd10</load_address>
         <run_address>0x2000cd10</run_address>
         <size>0x14</size>
         <input_file_ref idref="fl-d3"/>
      </object_component>
      <object_component id="oc-197">
         <name>.text</name>
         <load_address>0x2000cd24</load_address>
         <run_address>0x2000cd24</run_address>
         <size>0x14</size>
         <input_file_ref idref="fl-d0"/>
      </object_component>
      <object_component id="oc-164">
         <name>.text</name>
         <load_address>0x2000cd38</load_address>
         <run_address>0x2000cd38</run_address>
         <size>0x14</size>
         <input_file_ref idref="fl-d1"/>
      </object_component>
      <object_component id="oc-788">
         <name>.text:_SlDrvDispatchHttpServerEvents</name>
         <load_address>0x2000cd4c</load_address>
         <run_address>0x2000cd4c</run_address>
         <size>0x10</size>
         <input_file_ref idref="fl-f2"/>
      </object_component>
      <object_component id="oc-2c1">
         <name>.text:_SlDrvResetCmdExt</name>
         <load_address>0x2000cd5c</load_address>
         <run_address>0x2000cd5c</run_address>
         <size>0xe</size>
         <input_file_ref idref="fl-f2"/>
      </object_component>
      <object_component id="oc-18">
         <name>.text:decompress:none</name>
         <load_address>0x2000cd6a</load_address>
         <run_address>0x2000cd6a</run_address>
         <size>0xe</size>
         <input_file_ref idref="fl-c5"/>
      </object_component>
      <object_component id="oc-2d">
         <name>.text</name>
         <load_address>0x2000cd78</load_address>
         <run_address>0x2000cd78</run_address>
         <size>0xe</size>
         <input_file_ref idref="fl-6"/>
      </object_component>
      <object_component id="oc-484">
         <name>.text:NwpMaskInterrupt</name>
         <load_address>0x2000cd88</load_address>
         <run_address>0x2000cd88</run_address>
         <size>0xc</size>
         <input_file_ref idref="fl-f8"/>
      </object_component>
      <object_component id="oc-49e">
         <name>.text:NwpUnMaskInterrupt</name>
         <load_address>0x2000cd94</load_address>
         <run_address>0x2000cd94</run_address>
         <size>0xc</size>
         <input_file_ref idref="fl-f8"/>
      </object_component>
      <object_component id="oc-1e">
         <name>.text:decompress:ZI</name>
         <load_address>0x2000cda0</load_address>
         <run_address>0x2000cda0</run_address>
         <size>0xc</size>
         <input_file_ref idref="fl-c6"/>
      </object_component>
      <object_component id="oc-13a">
         <name>.text:IntMasterEnable</name>
         <load_address>0x2000cdac</load_address>
         <run_address>0x2000cdac</run_address>
         <size>0xa</size>
         <input_file_ref idref="fl-ea"/>
      </object_component>
      <object_component id="oc-688">
         <name>.text</name>
         <load_address>0x2000cdb6</load_address>
         <run_address>0x2000cdb6</run_address>
         <size>0x8</size>
         <input_file_ref idref="fl-e8"/>
      </object_component>
      <object_component id="oc-158">
         <name>.text:UtilsDelay</name>
         <load_address>0x2000cdbe</load_address>
         <run_address>0x2000cdbe</run_address>
         <size>0x6</size>
         <input_file_ref idref="fl-ee"/>
      </object_component>
      <object_component id="oc-5f">
         <name>.text</name>
         <load_address>0x2000cdc4</load_address>
         <run_address>0x2000cdc4</run_address>
         <size>0x4</size>
         <input_file_ref idref="fl-cd"/>
      </object_component>
      <object_component id="oc-695">
         <name>.const:.string:_ctypes_</name>
         <load_address>0x2000cdc8</load_address>
         <run_address>0x2000cdc8</run_address>
         <size>0x101</size>
         <input_file_ref idref="fl-d9"/>
      </object_component>
      <object_component id="oc-672">
         <name>.const:g_ulPinToPadMap</name>
         <load_address>0x2000cecc</load_address>
         <run_address>0x2000cecc</run_address>
         <size>0x100</size>
         <input_file_ref idref="fl-eb"/>
      </object_component>
      <object_component id="oc-535">
         <name>.const:g_pulRegs</name>
         <load_address>0x2000cfcc</load_address>
         <run_address>0x2000cfcc</run_address>
         <size>0xd4</size>
         <input_file_ref idref="fl-ea"/>
      </object_component>
      <object_component id="oc-52a">
         <name>.const:PRCM_PeriphRegsList</name>
         <load_address>0x2000d0a0</load_address>
         <run_address>0x2000d0a0</run_address>
         <size>0xa8</size>
         <input_file_ref idref="fl-ec"/>
      </object_component>
      <object_component id="oc-305">
         <name>.const</name>
         <load_address>0x2000d148</load_address>
         <run_address>0x2000d148</run_address>
         <size>0x80</size>
         <input_file_ref idref="fl-ea"/>
      </object_component>
      <object_component id="oc-6d2">
         <name>.const:OpcodeTranslateTable</name>
         <load_address>0x2000d1c8</load_address>
         <run_address>0x2000d1c8</run_address>
         <size>0x3c</size>
         <input_file_ref idref="fl-f2"/>
      </object_component>
      <object_component id="oc-73e">
         <name>.const:_SlActionLookupTable</name>
         <load_address>0x2000d204</load_address>
         <run_address>0x2000d204</run_address>
         <size>0x38</size>
         <input_file_ref idref="fl-f2"/>
      </object_component>
      <object_component id="oc-127">
         <name>.const:$P$T1$2</name>
         <load_address>0x2000d23c</load_address>
         <run_address>0x2000d23c</run_address>
         <size>0x2c</size>
         <input_file_ref idref="fl-3"/>
      </object_component>
      <object_component id="oc-22a">
         <name>.const:.string</name>
         <load_address>0x2000d268</load_address>
         <run_address>0x2000d268</run_address>
         <size>0x2c</size>
         <input_file_ref idref="fl-3"/>
      </object_component>
      <object_component id="oc-6f1">
         <name>.const:g_ppulSPIIntMap</name>
         <load_address>0x2000d294</load_address>
         <run_address>0x2000d294</run_address>
         <size>0x24</size>
         <input_file_ref idref="fl-f9"/>
      </object_component>
      <object_component id="oc-133">
         <name>.const:.string:$P$T0$1</name>
         <load_address>0x2000d2b8</load_address>
         <run_address>0x2000d2b8</run_address>
         <size>0x22</size>
         <input_file_ref idref="fl-3"/>
      </object_component>
      <object_component id="oc-721">
         <name>.const:RxMsgClassLUT</name>
         <load_address>0x2000d2dc</load_address>
         <run_address>0x2000d2dc</run_address>
         <size>0x20</size>
         <input_file_ref idref="fl-f2"/>
      </object_component>
      <object_component id="oc-6b3">
         <name>.const</name>
         <load_address>0x2000d2fc</load_address>
         <run_address>0x2000d2fc</run_address>
         <size>0x18</size>
         <input_file_ref idref="fl-f9"/>
      </object_component>
      <object_component id="oc-195">
         <name>.const:.string:$P$T6$7</name>
         <load_address>0x2000d314</load_address>
         <run_address>0x2000d314</run_address>
         <size>0x15</size>
         <input_file_ref idref="fl-3"/>
      </object_component>
      <object_component id="oc-71a">
         <name>.const:$P$T0$1</name>
         <load_address>0x2000d32c</load_address>
         <run_address>0x2000d32c</run_address>
         <size>0x14</size>
         <input_file_ref idref="fl-f2"/>
      </object_component>
      <object_component id="oc-5f8">
         <name>.const:$P$T0$1</name>
         <load_address>0x2000d340</load_address>
         <run_address>0x2000d340</run_address>
         <size>0x14</size>
         <input_file_ref idref="fl-f5"/>
      </object_component>
      <object_component id="oc-12a">
         <name>.const:$P$T2$3</name>
         <load_address>0x2000d354</load_address>
         <run_address>0x2000d354</run_address>
         <size>0x14</size>
         <input_file_ref idref="fl-3"/>
      </object_component>
      <object_component id="oc-5c9">
         <name>.const:.string:_SlPayloadByProtocolLUT</name>
         <load_address>0x2000d368</load_address>
         <run_address>0x2000d368</run_address>
         <size>0x10</size>
         <input_file_ref idref="fl-f6"/>
      </object_component>
      <object_component id="oc-15f">
         <name>.const:$P$T4$5</name>
         <load_address>0x2000d378</load_address>
         <run_address>0x2000d378</run_address>
         <size>0xc</size>
         <input_file_ref idref="fl-3"/>
      </object_component>
      <object_component id="oc-162">
         <name>.const:.string:$P$T3$4</name>
         <load_address>0x2000d384</load_address>
         <run_address>0x2000d384</run_address>
         <size>0xc</size>
         <input_file_ref idref="fl-3"/>
      </object_component>
      <object_component id="oc-18e">
         <name>.const:.string:$P$T5$6</name>
         <load_address>0x2000d390</load_address>
         <run_address>0x2000d390</run_address>
         <size>0x9</size>
         <input_file_ref idref="fl-3"/>
      </object_component>
      <object_component id="oc-4b9">
         <name>.const:StartResponseLUT</name>
         <load_address>0x2000d399</load_address>
         <run_address>0x2000d399</run_address>
         <size>0x8</size>
         <input_file_ref idref="fl-f1"/>
      </object_component>
      <object_component id="oc-71d">
         <name>.const:g_H2NCnysPattern</name>
         <load_address>0x2000d3a4</load_address>
         <run_address>0x2000d3a4</run_address>
         <size>0x8</size>
         <input_file_ref idref="fl-f2"/>
      </object_component>
      <object_component id="oc-652">
         <name>.const:g_H2NSyncPattern</name>
         <load_address>0x2000d3ac</load_address>
         <run_address>0x2000d3ac</run_address>
         <size>0x8</size>
         <input_file_ref idref="fl-f2"/>
      </object_component>
      <object_component id="oc-196">
         <name>.const:.string:$P$T7$8</name>
         <load_address>0x2000d3b4</load_address>
         <run_address>0x2000d3b4</run_address>
         <size>0x5</size>
         <input_file_ref idref="fl-3"/>
      </object_component>
      <object_component id="oc-334">
         <name>.const:$P$T0$1</name>
         <load_address>0x2000d3ba</load_address>
         <run_address>0x2000d3ba</run_address>
         <size>0x4</size>
         <input_file_ref idref="fl-f7"/>
      </object_component>
      <object_component id="oc-3ad">
         <name>.const:$P$T2$3</name>
         <load_address>0x2000d3be</load_address>
         <run_address>0x2000d3be</run_address>
         <size>0x4</size>
         <input_file_ref idref="fl-f6"/>
      </object_component>
      <object_component id="oc-2c7">
         <name>.const:_SlDeviceGetCmdCtrl</name>
         <load_address>0x2000d3c2</load_address>
         <run_address>0x2000d3c2</run_address>
         <size>0x4</size>
         <input_file_ref idref="fl-f1"/>
      </object_component>
      <object_component id="oc-36e">
         <name>.const:_SlDeviceSetCmdCtrl</name>
         <load_address>0x2000d3c6</load_address>
         <run_address>0x2000d3c6</run_address>
         <size>0x4</size>
         <input_file_ref idref="fl-f1"/>
      </object_component>
      <object_component id="oc-38e">
         <name>.const:_SlGetHostByNameCtrl</name>
         <load_address>0x2000d3ca</load_address>
         <run_address>0x2000d3ca</run_address>
         <size>0x4</size>
         <input_file_ref idref="fl-f3"/>
      </object_component>
      <object_component id="oc-7e5">
[...]
         <object_component_ref idref="oc-774"/>
      </symbol>
      <symbol id="sm-976">
         <name>_sl_HandleAsync_Stop</name>
         <value>0x2000bde5</value>
         <object_component_ref idref="oc-7b0"/>
      </symbol>
      <symbol id="sm-977">
         <name>sl_DevSet</name>
         <value>0x2000a73d</value>
         <object_component_ref idref="oc-159"/>
      </symbol>
      <symbol id="sm-978">
         <name>sl_Stop</name>
         <value>0x200096e9</value>
         <object_component_ref idref="oc-f7"/>
      </symbol>
      <symbol id="sm-979">
         <name>sl_Start</name>
         <value>0x200099b9</value>
         <object_component_ref idref="oc-e5"/>
      </symbol>
      <symbol id="sm-97a">
         <name>sl_DevGet</name>
         <value>0x20009fd1</value>
         <object_component_ref idref="oc-fd"/>
      </symbol>
      <symbol id="sm-c29">
         <name>RxIrqCnt</name>
         <value>0x2001f214</value>
      </symbol>
      <symbol id="sm-c2a">
         <name>g_bDeviceRestartIsRequired</name>
         <value>0x2001f215</value>
      </symbol>
      <symbol id="sm-c2b">
         <name>_SlDrvProtectionObjUnLock</name>
         <value>0x2000c7dd</value>
         <object_component_ref idref="oc-382"/>
      </symbol>
      <symbol id="sm-c2c">
         <name>_SlDrvBasicCmd</name>
         <value>0x2000c0d9</value>
         <object_component_ref idref="oc-2d8"/>
      </symbol>
      <symbol id="sm-c2d">
         <name>_SlDrvObjUnLock</name>
         <value>0x2000c9a9</value>
         <object_component_ref idref="oc-5d3"/>
      </symbol>
      <symbol id="sm-c2e">
         <name>_SlDrvObjLockWaitForever</name>
         <value>0x2000c82d</value>
         <object_component_ref idref="oc-5cd"/>
      </symbol>
      <symbol id="sm-c2f">
         <name>_SlDrvMsgReadSpawnCtx</name>
         <value>0x20009b8d</value>
         <object_component_ref idref="oc-4cc"/>
      </symbol>
      <symbol id="sm-c30">
         <name>_SlDrvDispatchHttpServerEvents</name>
         <value>0x2000cd4d</value>
         <object_component_ref idref="oc-788"/>
      </symbol>
      <symbol id="sm-c31">
         <name>_SlDriverHandleError</name>
         <value>0x2000a421</value>
         <object_component_ref idref="oc-4a5"/>
      </symbol>
      <symbol id="sm-c32">
         <name>_SlDrvDriverCBDeinit</name>
         <value>0x200093b9</value>
         <object_component_ref idref="oc-2b2"/>
      </symbol>
      <symbol id="sm-c33">
         <name>_SlDrvStartMeasureTimeout</name>
         <value>0x2000ca99</value>
         <object_component_ref idref="oc-5ec"/>
      </symbol>
      <symbol id="sm-c34">
         <name>_SlDrvResetCmdExt</name>
         <value>0x2000cd5d</value>
         <object_component_ref idref="oc-2c1"/>
      </symbol>
      <symbol id="sm-c35">
         <name>_SlDrvIsTimeoutExpired</name>
         <value>0x2000ad91</value>
         <object_component_ref idref="oc-5f2"/>
      </symbol>
      <symbol id="sm-c36">
         <name>_SlDrvProtectAsyncRespSetting</name>
         <value>0x2000becd</value>
         <object_component_ref idref="oc-24f"/>
      </symbol>
      <symbol id="sm-c37">
         <name>_SlDrvReleasePoolObj</name>
         <value>0x20007f51</value>
         <object_component_ref idref="oc-26d"/>
      </symbol>
      <symbol id="sm-c38">
         <name>OpcodeTranslateTable</name>
         <value>0x2000d1c8</value>
         <object_component_ref idref="oc-6d2"/>
      </symbol>
      <symbol id="sm-c39">
         <name>pPingCallBackFunc</name>
         <value>0x2001f284</value>
         <object_component_ref idref="oc-27c"/>
      </symbol>
      <symbol id="sm-c3a">
         <name>_SlDrvDriverCBInit</name>
         <value>0x200082d9</value>
         <object_component_ref idref="oc-243"/>
      </symbol>
      <symbol id="sm-c3b">
         <name>g_pCB</name>
         <value>0x2001f280</value>
         <object_component_ref idref="oc-27c"/>
      </symbol>
      <symbol id="sm-c3c">
         <name>_SlDrvProtectionObjLockWaitForever</name>
         <value>0x2000c70d</value>
         <object_component_ref idref="oc-37c"/>
      </symbol>
      <symbol id="sm-c3d">
         <name>_SlDrvCmdOp</name>
         <value>0x2000a161</value>
         <object_component_ref idref="oc-296"/>
      </symbol>
      <symbol id="sm-c3e">
         <name>_SlDrvSyncObjWaitTimeout</name>
         <value>0x2000c1f1</value>
         <object_component_ref idref="oc-267"/>
      </symbol>
      <symbol id="sm-c3f">
         <name>_SlDrvGlobalObjUnLock</name>
         <value>0x2000c7b5</value>
         <object_component_ref idref="oc-4df"/>
      </symbol>
      <symbol id="sm-c40">
         <name>_SlDrvMemZero</name>
         <value>0x2000cca9</value>
         <object_component_ref idref="oc-32e"/>
      </symbol>
      <symbol id="sm-c41">
         <name>_SlDrvWaitForPoolObj</name>
         <value>0x20008629</value>
         <object_component_ref idref="oc-376"/>
      </symbol>
      <symbol id="sm-c42">
         <name>_SlDrvSyncObjSignal</name>
         <value>0x2000c9c9</value>
         <object_component_ref idref="oc-4b2"/>
      </symbol>
      <symbol id="sm-c43">
         <name>_SlDrvDataReadOp</name>
         <value>0x20007d6d</value>
         <object_component_ref idref="oc-3e2"/>
      </symbol>
      <symbol id="sm-c44">
         <name>_SlDrvDataWriteOp</name>
         <value>0x20008c2d</value>
         <object_component_ref idref="oc-3d4"/>
      </symbol>
      <symbol id="sm-c45">
         <name>_SlDrvRxIrqHandler</name>
         <value>0x2000bc95</value>
         <object_component_ref idref="oc-27f"/>
      </symbol>
      <symbol id="sm-c46">
         <name>_SlDrvSyncObjWaitForever</name>
         <value>0x2000c805</value>
         <object_component_ref idref="oc-388"/>
      </symbol>
      <symbol id="sm-c47">
         <name>g_SlDeviceStatus</name>
         <value>0x2001f27c</value>
         <object_component_ref idref="oc-27c"/>
      </symbol>
      <symbol id="sm-c48">
         <name>_SlDrvCmdSend</name>
         <value>0x2000b629</value>
         <object_component_ref idref="oc-7df"/>
      </symbol>
      <symbol id="sm-c49">
         <name>_SlActionLookupTable</name>
         <value>0x2000d204</value>
         <object_component_ref idref="oc-73e"/>
      </symbol>
      <symbol id="sm-cf1">
         <name>sl_NetAppMDNSUnRegisterService</name>
         <value>0x2000b831</value>
         <object_component_ref idref="oc-121"/>
      </symbol>
      <symbol id="sm-cf2">
         <name>_SlNetAppSendTokenValueCmdCtrl</name>
         <value>0x2000d3ce</value>
         <object_component_ref idref="oc-7e5"/>
      </symbol>
      <symbol id="sm-cf3">
         <name>sl_NetAppDnsGetHostByName</name>
         <value>0x20009009</value>
         <object_component_ref idref="oc-16a"/>
      </symbol>
      <symbol id="sm-cf4">
         <name>_sl_HandleAsync_DnsGetHostByName</name>
         <value>0x2000aac9</value>
         <object_component_ref idref="oc-77c"/>
      </symbol>
      <symbol id="sm-cf5">
         <name>_sl_HandleAsync_PingResponse</name>
         <value>0x2000ab59</value>
         <object_component_ref idref="oc-72a"/>
      </symbol>
      <symbol id="sm-cf6">
         <name>_SlDrvNetAppEventHandler</name>
         <value>0x200094e9</value>
         <object_component_ref idref="oc-724"/>
      </symbol>
      <symbol id="sm-cf7">
         <name>_sl_HandleAsync_DnsGetHostByService</name>
         <value>0x20009f05</value>
         <object_component_ref idref="oc-782"/>
      </symbol>
      <symbol id="sm-cf8">
         <name>_sl_NetAppSendTokenValue</name>
         <value>0x2000b695</value>
         <object_component_ref idref="oc-78e"/>
      </symbol>
      <symbol id="sm-cf9">
         <name>sl_NetAppMDNSRegisterUnregisterService</name>
         <value>0x20009c75</value>
         <object_component_ref idref="oc-2ed"/>
      </symbol>
      <symbol id="sm-d1b">
         <name>sl_NetCfgSet</name>
         <value>0x2000a7d5</value>
         <object_component_ref idref="oc-115"/>
      </symbol>
      <symbol id="sm-d63">
         <name>_SlNonOsSemSet</name>
         <value>0x2000cc33</value>
         <object_component_ref idref="oc-417"/>
      </symbol>
      <symbol id="sm-d64">
         <name>_SlNonOsSpawn</name>
         <value>0x2000b769</value>
         <object_component_ref idref="oc-4c6"/>
      </symbol>
      <symbol id="sm-d65">
         <name>_SlNonOsSemGet</name>
         <value>0x2000a221</value>
         <object_component_ref idref="oc-41d"/>
      </symbol>
      <symbol id="sm-d66">
         <name>_SlNonOsMainLoopTask</name>
         <value>0x2000b545</value>
         <object_component_ref idref="oc-eb"/>
      </symbol>
      <symbol id="sm-d67">
         <name>g__SlNonOsCB</name>
         <value>0x2001f21c</value>
         <object_component_ref idref="oc-291"/>
      </symbol>
      <symbol id="sm-e68">
         <name>sl_Recv</name>
         <value>0x2000a565</value>
         <object_component_ref idref="oc-1af"/>
      </symbol>
      <symbol id="sm-e69">
         <name>sl_Send</name>
         <value>0x20009285</value>
         <object_component_ref idref="oc-1a3"/>
      </symbol>
      <symbol id="sm-e6a">
         <name>_sl_HandleAsync_Connect</name>
         <value>0x2000b259</value>
         <object_component_ref idref="oc-7a4"/>
      </symbol>
      <symbol id="sm-e6b">
         <name>sl_Htonl</name>
         <value>0x2000c279</value>
         <object_component_ref idref="oc-176"/>
      </symbol>
      <symbol id="sm-e6c">
         <name>sl_Htons</name>
         <value>0x2000c471</value>
         <object_component_ref idref="oc-170"/>
      </symbol>
      <symbol id="sm-e6d">
         <name>sl_Connect</name>
         <value>0x200087b9</value>
         <object_component_ref idref="oc-188"/>
      </symbol>
      <symbol id="sm-e6e">
         <name>sl_Socket</name>
         <value>0x2000aea9</value>
         <object_component_ref idref="oc-17c"/>
      </symbol>
      <symbol id="sm-e6f">
         <name>_sl_HandleAsync_Select</name>
         <value>0x2000bce9</value>
         <object_component_ref idref="oc-7aa"/>
      </symbol>
      <symbol id="sm-e70">
         <name>sl_Close</name>
         <value>0x2000b9bd</value>
         <object_component_ref idref="oc-1a9"/>
      </symbol>
      <symbol id="sm-e71">
         <name>_sl_HandleAsync_Accept</name>
         <value>0x2000b7cd</value>
         <object_component_ref idref="oc-79e"/>
      </symbol>
      <symbol id="sm-e72">
         <name>sl_SetSockOpt</name>
         <value>0x2000a86d</value>
         <object_component_ref idref="oc-182"/>
      </symbol>
      <symbol id="sm-f2c">
         <name>sl_WlanDisconnect</name>
         <value>0x2000c521</value>
         <object_component_ref idref="oc-10f"/>
      </symbol>
      <symbol id="sm-f2d">
         <name>sl_WlanPolicySet</name>
         <value>0x2000abe9</value>
         <object_component_ref idref="oc-103"/>
      </symbol>
      <symbol id="sm-f2e">
         <name>sl_WlanProfileDel</name>
         <value>0x2000ba1d</value>
         <object_component_ref idref="oc-109"/>
      </symbol>
      <symbol id="sm-f2f">
         <name>sl_WlanRxFilterSet</name>
         <value>0x2000b151</value>
         <object_component_ref idref="oc-12d"/>
      </symbol>
      <symbol id="sm-f30">
         <name>sl_WlanConnect</name>
         <value>0x200076b1</value>
         <object_component_ref idref="oc-14c"/>
      </symbol>
      <symbol id="sm-f31">
         <name>sl_WlanSet</name>
         <value>0x2000a905</value>
         <object_component_ref idref="oc-11b"/>
      </symbol>
      <symbol id="sm-f32">
         <name>sl_WlanSetMode</name>
         <value>0x2000ba7d</value>
         <object_component_ref idref="oc-f1"/>
      </symbol>
      <symbol id="sm-1052">
         <name>g_ucDinDout</name>
         <value>0x2001f168</value>
      </symbol>
      <symbol id="sm-1053">
         <name>g_cDummy</name>
         <value>0x2001f216</value>
      </symbol>
      <symbol id="sm-1054">
         <name>NwpMaskInterrupt</name>
         <value>0x2000cd89</value>
         <object_component_ref idref="oc-484"/>
      </symbol>
      <symbol id="sm-1055">
         <name>NwpPrePowerOffTimout0</name>
         <value>0x2000c969</value>
         <object_component_ref idref="oc-2a6"/>
      </symbol>
      <symbol id="sm-1056">
         <name>NwpRegisterInterruptHandler</name>
         <value>0x2000c37d</value>
         <object_component_ref idref="oc-25b"/>
      </symbol>
      <symbol id="sm-1057">
         <name>g_pHostIntHdl</name>
         <value>0x2001f2b4</value>
         <object_component_ref idref="oc-470"/>
      </symbol>
      <symbol id="sm-1058">
         <name>simplelink_timerA2_start</name>
         <value>0x2000c435</value>
         <object_component_ref idref="oc-70a"/>
      </symbol>
      <symbol id="sm-1059">
         <name>NwpUnMaskInterrupt</name>
         <value>0x2000cd95</value>
         <object_component_ref idref="oc-49e"/>
      </symbol>
      <symbol id="sm-105a">
         <name>NwpPowerOff</name>
         <value>0x2000c4e9</value>
         <object_component_ref idref="oc-255"/>
      </symbol>
      <symbol id="sm-105b">
         <name>TimerGetCurrentTimestamp</name>
         <value>0x2000c989</value>
         <object_component_ref idref="oc-6a7"/>
      </symbol>
      <symbol id="sm-105c">
         <name>spi_Read</name>
         <value>0x200097d9</value>
         <object_component_ref idref="oc-6c5"/>
      </symbol>
      <symbol id="sm-105d">
         <name>DmaSpiSwIntHandler</name>
         <value>0x2000c855</value>
         <object_component_ref idref="oc-476"/>
      </symbol>
      <symbol id="sm-105e">
         <name>NwpPowerOn</name>
         <value>0x2000c689</value>
         <object_component_ref idref="oc-261"/>
      </symbol>
      <symbol id="sm-105f">
         <name>spi_Close</name>
         <value>0x2000b455</value>
         <object_component_ref idref="oc-2ac"/>
      </symbol>
      <symbol id="sm-1060">
         <name>spi_Write</name>
         <value>0x2000a99d</value>
         <object_component_ref idref="oc-64c"/>
      </symbol>
      <symbol id="sm-1061">
         <name>spi_Open</name>
         <value>0x20008d7d</value>
         <object_component_ref idref="oc-249"/>
      </symbol>
      <symbol id="sm-1062">
         <name>g_ucDMAEnabled</name>
         <value>0x2001f2b8</value>
         <object_component_ref idref="oc-470"/>
      </symbol>
      <symbol id="sm-1063">
         <name>g_SpiFd</name>
         <value>0x2001f2b0</value>
         <object_component_ref idref="oc-470"/>
      </symbol>
      <symbol id="sm-111e">
         <name>SPIFIFODisable</name>
         <value>0x2000cb55</value>
         <object_component_ref idref="oc-4fd"/>
      </symbol>
      <symbol id="sm-111f">
         <name>SPICSEnable</name>
         <value>0x2000cbd3</value>
         <object_component_ref idref="oc-6dc"/>
      </symbol>
      <symbol id="sm-1120">
         <name>SPIDisable</name>
         <value>0x2000cbeb</value>
         <object_component_ref idref="oc-42e"/>
      </symbol>
      <symbol id="sm-1121">
         <name>SPIFIFOEnable</name>
         <value>0x2000cb6f</value>
         <object_component_ref idref="oc-44c"/>
      </symbol>
      <symbol id="sm-1122">
         <name>SPIWordCountSet</name>
         <value>0x2000c907</value>
         <object_component_ref idref="oc-6e2"/>
      </symbol>
      <symbol id="sm-1123">
         <name>SPIEnable</name>
         <value>0x2000cc03</value>
         <object_component_ref idref="oc-46a"/>
      </symbol>
      <symbol id="sm-1124">
         <name>SPIDmaEnable</name>
         <value>0x2000cb3b</value>
         <object_component_ref idref="oc-452"/>
      </symbol>
      <symbol id="sm-1125">
         <name>SPIConfigSetExpClk</name>
         <value>0x2000a4c5</value>
         <object_component_ref idref="oc-43a"/>
      </symbol>
      <symbol id="sm-1126">
         <name>SPIIntUnregister</name>
         <value>0x2000cb89</value>
         <object_component_ref idref="oc-4f7"/>
      </symbol>
      <symbol id="sm-1127">
         <name>SPIFIFOLevelSet</name>
         <value>0x2000c5c5</value>
         <object_component_ref idref="oc-458"/>
      </symbol>
      <symbol id="sm-1128">
         <name>SPIDmaDisable</name>
         <value>0x2000cb21</value>
         <object_component_ref idref="oc-503"/>
      </symbol>
      <symbol id="sm-1129">
         <name>SPIReset</name>
         <value>0x2000c8e5</value>
         <object_component_ref idref="oc-434"/>
      </symbol>
      <symbol id="sm-112a">
         <name>SPIIntEnable</name>
         <value>0x2000be35</value>
         <object_component_ref idref="oc-464"/>
      </symbol>
      <symbol id="sm-112b">
         <name>SPIIntClear</name>
         <value>0x2000c091</value>
         <object_component_ref idref="oc-625"/>
      </symbol>
      <symbol id="sm-112c">
         <name>SPICSDisable</name>
         <value>0x2000cbbb</value>
         <object_component_ref idref="oc-428"/>
      </symbol>
      <symbol id="sm-115f">
         <name>TimerLoadSet</name>
         <value>0x2000c739</value>
         <object_component_ref idref="oc-760"/>
      </symbol>
      <symbol id="sm-1160">
         <name>TimerEnable</name>
         <value>0x2000ca07</value>
         <object_component_ref idref="oc-766"/>
      </symbol>
      <symbol id="sm-1161">
         <name>TimerValueGet</name>
         <value>0x2000ca61</value>
         <object_component_ref idref="oc-710"/>
      </symbol>
      <symbol id="sm-1162">
         <name>TimerPrescaleSet</name>
         <value>0x2000c763</value>
         <object_component_ref idref="oc-75a"/>
      </symbol>
      <symbol id="sm-1163">
         <name>TimerConfigure</name>
         <value>0x2000c1ad</value>
         <object_component_ref idref="oc-754"/>
      </symbol>
      <symbol id="sm-11ba">
         <name>uDMAChannelControlSet</name>
         <value>0x2000c4ad</value>
         <object_component_ref idref="oc-7b8"/>
      </symbol>
      <symbol id="sm-11bb">
         <name>uDMAChannelAttributeEnable</name>
         <value>0x2000b8f9</value>
         <object_component_ref idref="oc-7be"/>
      </symbol>
      <symbol id="sm-11bc">
         <name>uDMAChannelTransferSet</name>
         <value>0x200098c9</value>
         <object_component_ref idref="oc-7c4"/>
      </symbol>
      <symbol id="sm-11bd">
         <name>uDMAChannelAssign</name>
         <value>0x2000bffd</value>
         <object_component_ref idref="oc-603"/>
      </symbol>
      <symbol id="sm-11be">
         <name>uDMAChannelAttributeDisable</name>
         <value>0x2000b895</value>
         <object_component_ref idref="oc-609"/>
      </symbol>
      <symbol id="sm-11bf">
         <name>uDMAChannelEnable</name>
         <value>0x2000cad1</value>
         <object_component_ref idref="oc-7ca"/>
      </symbol>
      <symbol id="sm-11c0">
         <name>__TI_static_base__</name>
         <value>0x2000d408</value>
      </symbol>
      <symbol id="sm-11c3">
         <name>SHT$$INIT_ARRAY$$Limit</name>
         <value>0x0</value>
      </symbol>
      <symbol id="sm-11c4">
         <name>SHT$$INIT_ARRAY$$Base</name>
         <value>0x0</value>
      </symbol>
   </symbol_table>
   <title>Link successful</title>
</link_info>
