******************************************************************************
                  TI ARM Linker PC v16.9.6                     
******************************************************************************
>> Linked Thu Mar 08 21:20:16 2018

OUTPUT FILE NAME:   <SSL_REST_API_AWS_w.out>
ENTRY POINT SYMBOL: "_c_int00"  address: 2000ab39


MEMORY CONFIGURATION

         name            origin    length      used     unused   attr    fill
----------------------  --------  ---------  --------  --------  ----  --------
  SRAM_CODE             20004000   00013000  00007d6e  0000b292  RW X
  SRAM_DATA             20017000   00019000  000099a8  0000f658  RW X


SEGMENT ALLOCATION MAP

run origin  load origin   length   init length attrs members
----------  ----------- ---------- ----------- ----- -------
20004000    20004000    00007d78   00007d78    r-x
  20004000    20004000    00000400   00000400    r-- .intvecs
  20004400    20004400    00006e12   00006e12    r-x .text
  2000b218    2000b218    00000a84   00000a84    r-- .const
  2000bca0    2000bca0    000000d8   000000d8    r-- .cinit
20017000    20017000    000089a8   00000000    rw-
  20017000    20017000    00008000   00000000    rw- .sysmem
  2001f000    2001f000    00000730   00000000    rw- .data
  2001f730    2001f730    00000278   00000000    rw- .bss
2002f000    2002f000    00001000   00000000    rw-
  2002f000    2002f000    00001000   00000000    rw- .stack


SECTION ALLOCATION MAP

 output                                  attributes/
section   page    origin      length       input sections
--------  ----  ----------  ----------   ----------------
.intvecs   0    20004000    00000400     
                  20004000    00000400     startup_ccs.obj (.intvecs)

.init_array 
*          0    20004000    00000000     UNINITIALIZED

.text      0    20004400    00006e12     
                  20004400    00001122     rtsv7M4_T_le_eabi.lib : _printfi.obj (.text)
                  20005522    00000002     driverlib.a : interrupt.obj (.text:IntDefaultHandler)
                  20005524    00000e0c     main.obj (.text)
                  20006330    00000a80     Adafruit_GFX.obj (.text)
                  20006db0    00000704     rtsv7M4_T_le_eabi.lib : k_rem_pio2.obj (.text)
                  200074b4    000005c0                           : s_cos.obj (.text)
                  20007a74    000005c0                           : s_sin.obj (.text)
                  20008034    00000476     Adafruit_OLED.obj (.text)
                  200084aa    00000002     rtsv7M4_T_le_eabi.lib : mpu_init.obj (.text)
                  200084ac    000003d0                           : memory.obj (.text)
                  2000887c    00000398     gpio_if.obj (.text)
                  20008c14    00000280     uart_if.obj (.text)
                  20008e94    000001f4     rtsv7M4_T_le_eabi.lib : ull_div_t2.obj (.text)
                  20009088    000001b6                           : fd_add_t2.obj (.text)
                  2000923e    00000002                           : startup.obj (.text)
                  20009240    00000198     timer_if.obj (.text)
                  200093d8    00000178     driverlib.a : prcm.obj (.text:PRCMCC3200MCUInit)
                  20009550    00000168     rtsv7M4_T_le_eabi.lib : k_sin.obj (.text)
                  200096b8    00000160                           : k_cos.obj (.text)
                  20009818    00000144     pin_mux_config.obj (.text)
                  2000995c    00000136     rtsv7M4_T_le_eabi.lib : fd_div_t2.obj (.text)
                  20009a92    000000fc                           : fd_mul_t2.obj (.text)
                  20009b8e    000000fa                           : fs_add_t2.obj (.text)
                  20009c88    000000f4                           : s_floor.obj (.text)
                  20009d7c    000000d0                           : s_scalbn.obj (.text)
                  20009e4c    000000a8     driverlib.a : interrupt.obj (.text:IntDisable)
                  20009ef4    000000a8                 : interrupt.obj (.text:IntEnable)
                  20009f9c    000000a0                 : spi.obj (.text:SPIConfigSetExpClk)
                  2000a03c    0000009c     rtsv7M4_T_le_eabi.lib : memcpy_t2.obj (.text)
                  2000a0d8    00000094     driverlib.a : prcm.obj (.text:PRCMPeripheralClockGet)
                  2000a16c    00000088                 : pin.obj (.text:PinConfigSet)
                  2000a1f4    00000088     rtsv7M4_T_le_eabi.lib : vsnprintf.obj (.text)
                  2000a27c    00000086                           : fd_cmp_t2.obj (.text:__aeabi_cdcmple)
                  2000a302    00000086                           : fd_cmp_t2.obj (.text:__aeabi_cdrcmple)
                  2000a388    00000082     driverlib.a : gpio.obj (.text:GPIOIntTypeSet)
                  2000a40a    0000007a     rtsv7M4_T_le_eabi.lib : memset_t2.obj (.text)
                  2000a484    00000076     driverlib.a : uart.obj (.text:UARTConfigSetExpClk)
                  2000a4fa    00000002     --HOLE-- [fill = 0]
                  2000a4fc    00000070                 : timer.obj (.text:TimerIntRegister)
                  2000a56c    00000070     rtsv7M4_T_le_eabi.lib : autoinit.obj (.text)
                  2000a5dc    0000006e                           : fd_tos_t2.obj (.text)
                  2000a64a    00000002     --HOLE-- [fill = 0]
                  2000a64c    00000068     driverlib.a : timer.obj (.text:TimerIntUnregister)
                  2000a6b4    00000068     rtsv7M4_T_le_eabi.lib : copy_decompress_lzss.obj (.text:decompress:lzss)
                  2000a71c    00000060                           : fs_cmp_t2.obj (.text:__aeabi_cfcmple)
                  2000a77c    00000060                           : fs_cmp_t2.obj (.text:__aeabi_cfrcmple)
                  2000a7dc    0000005c                           : s_frexp.obj (.text)
                  2000a838    00000058     driverlib.a : prcm.obj (.text:PRCMPeripheralReset)
                  2000a890    00000054                 : interrupt.obj (.text:IntPrioritySet)
                  2000a8e4    00000054     rtsv7M4_T_le_eabi.lib : exit.obj (.text)
                  2000a938    00000054                           : ltoa.obj (.text)
                  2000a98c    0000004c                           : atoi.obj (.text)
                  2000a9d8    0000004c                           : cpy_tbl.obj (.text)
                  2000aa24    00000048     driverlib.a : gpio.obj (.text:GPIOGetIntNumber)
                  2000aa6c    00000048     rtsv7M4_T_le_eabi.lib : fd_toi_t2.obj (.text)
                  2000aab4    00000044     driverlib.a : timer.obj (.text:TimerConfigure)
                  2000aaf8    00000040                 : pin.obj (.text:PinModeSet)
                  2000ab38    00000040     rtsv7M4_T_le_eabi.lib : boot.obj (.text)
                  2000ab78    0000003c     driverlib.a : prcm.obj (.text:PRCMPeripheralClkEnable)
                  2000abb4    00000038     rtsv7M4_T_le_eabi.lib : fs_tod_t2.obj (.text)
                  2000abec    00000038                           : fs_toi_t2.obj (.text)
                  2000ac24    00000036     driverlib.a : gpio.obj (.text:GPIODirModeSet)
                  2000ac5a    00000030                 : pin.obj (.text:PinTypeGPIO)
                  2000ac8a    00000002     --HOLE-- [fill = 0]
                  2000ac8c    00000030                 : uart.obj (.text:UARTDisable)
                  2000acbc    0000002e     rtsv7M4_T_le_eabi.lib : i_tofd_t2.obj (.text)
                  2000acea    00000002     --HOLE-- [fill = 0]
                  2000acec    0000002c     driverlib.a : prcm.obj (.text:PRCMSysResetCauseGet)
                  2000ad18    0000002a                 : timer.obj (.text:TimerLoadSet)
                  2000ad42    0000002a                 : timer.obj (.text:TimerPrescaleSet)
                  2000ad6c    00000028                 : prcm.obj (.text:PRCMPeripheralClkDisable)
                  2000ad94    00000024                 : interrupt.obj (.text:IntUnregister)
                  2000adb8    00000024                 : uart.obj (.text:UARTEnable)
                  2000addc    00000024     rtsv7M4_T_le_eabi.lib : memmov.obj (.text)
                  2000ae00    00000022     driverlib.a : gpio.obj (.text:GPIOIntStatus)
                  2000ae22    00000022                 : spi.obj (.text:SPIReset)
                  2000ae44    00000022                 : timer.obj (.text:TimerValueSet)
                  2000ae66    00000020                 : gpio.obj (.text:GPIOPinWrite)
                  2000ae86    00000002     --HOLE-- [fill = 0]
                  2000ae88    00000020                 : interrupt.obj (.text:IntRegister)
                  2000aea8    00000020                 : spi.obj (.text:SPIDataGet)
                  2000aec8    0000001e                 : gpio.obj (.text:GPIOIntRegister)
                  2000aee6    0000001e                 : spi.obj (.text:SPIDataPut)
                  2000af04    0000001e                 : timer.obj (.text:TimerDisable)
                  2000af22    0000001e                 : timer.obj (.text:TimerEnable)
                  2000af40    0000001e                 : timer.obj (.text:TimerIntStatus)
                  2000af5e    0000001e                 : uart.obj (.text:UARTCharPut)
                  2000af7c    0000001c                 : timer.obj (.text:TimerValueGet)
                  2000af98    0000001c                 : uart.obj (.text:UARTCharGetNonBlocking)
                  2000afb4    0000001c     rtsv7M4_T_le_eabi.lib : memccpy.obj (.text)
                  2000afd0    0000001a     driverlib.a : gpio.obj (.text:GPIOIntDisable)
                  2000afea    0000001a                 : gpio.obj (.text:GPIOIntEnable)
                  2000b004    0000001a                 : pin.obj (.text:PinTypeSPI)
                  2000b01e    0000001a                 : pin.obj (.text:PinTypeUART)
                  2000b038    0000001a                 : spi.obj (.text:SPIFIFOEnable)
                  2000b052    00000018                 : gpio.obj (.text:GPIOPinRead)
                  2000b06a    00000018                 : spi.obj (.text:SPICSDisable)
                  2000b082    00000018                 : spi.obj (.text:SPICSEnable)
                  2000b09a    00000018                 : spi.obj (.text:SPIEnable)
                  2000b0b2    00000018                 : timer.obj (.text:TimerIntDisable)
                  2000b0ca    00000018                 : timer.obj (.text:TimerIntEnable)
                  2000b0e2    00000018                 : uart.obj (.text:UARTCharsAvail)
                  2000b0fa    00000002     --HOLE-- [fill = 0]
                  2000b0fc    00000018     rtsv7M4_T_le_eabi.lib : args_main.obj (.text)
                  2000b114    00000016     driverlib.a : prcm.obj (.text:PRCMHIBRegRead)
                  2000b12a    00000016                 : prcm.obj (.text:PRCMHIBRegWrite)
                  2000b140    00000016     rtsv7M4_T_le_eabi.lib : strchr.obj (.text)
                  2000b156    00000014     driverlib.a : cpu.obj (.text:CPUcpsie)
                  2000b16a    00000014                 : gpio.obj (.text:GPIOIntClear)
                  2000b17e    00000002     --HOLE-- [fill = 0]
                  2000b180    00000014                 : interrupt.obj (.text:IntVTableBaseSet)
                  2000b194    00000014     rtsv7M4_T_le_eabi.lib : _lock.obj (.text)
                  2000b1a8    00000014                           : strlen.obj (.text)
                  2000b1bc    00000012     driverlib.a : timer.obj (.text:TimerIntClear)
                  2000b1ce    0000000e     rtsv7M4_T_le_eabi.lib : copy_decompress_none.obj (.text:decompress:none)
                  2000b1dc    0000000e     startup_ccs.obj (.text)
                  2000b1ea    0000000c     rtsv7M4_T_le_eabi.lib : copy_zero_init.obj (.text:decompress:ZI)
                  2000b1f6    0000000a     driverlib.a : interrupt.obj (.text:IntMasterEnable)
                  2000b200    00000008     rtsv7M4_T_le_eabi.lib : s_copysign.obj (.text)
                  2000b208    00000006     driverlib.a : utils.obj (.text:UtilsDelay)
                  2000b20e    00000004     rtsv7M4_T_le_eabi.lib : pre_init.obj (.text)

.const     0    2000b218    00000a84     
                  2000b218    000004fb     Adafruit_GFX.obj (.const:.string:font)
                  2000b713    00000005     --HOLE-- [fill = 0]
                  2000b718    00000158     rtsv7M4_T_le_eabi.lib : k_rem_pio2.obj (.const:$O1$$)
                  2000b870    00000101                           : ctype.obj (.const:.string:_ctypes_)
                  2000b971    00000003     --HOLE-- [fill = 0]
                  2000b974    00000100     driverlib.a : pin.obj (.const:g_ulPinToPadMap)
                  2000ba74    000000d4                 : interrupt.obj (.const:g_pulRegs)
                  2000bb48    000000a8                 : prcm.obj (.const:PRCM_PeriphRegsList)
                  2000bbf0    00000080                 : interrupt.obj (.const)
                  2000bc70    0000002c     main.obj (.const:.string)

.cinit     0    2000bca0    000000d8     
                  2000bca0    000000ae     (.cinit..data.load) [load image, compression = lzss]
                  2000bd4e    00000002     --HOLE-- [fill = 0]
                  2000bd50    0000000c     (__TI_handler_table)
                  2000bd5c    00000004     --HOLE-- [fill = 0]
                  2000bd60    00000008     (.cinit..bss.load) [load image, compression = zero_init]
                  2000bd68    00000010     (__TI_cinit_table)

.sysmem    0    20017000    00008000     UNINITIALIZED
                  20017000    00000008     rtsv7M4_T_le_eabi.lib : memory.obj (.sysmem)
                  20017008    00007ff8     --HOLE--

.data      0    2001f000    00000730     UNINITIALIZED
                  2001f000    00000690     main.obj (.data:buttons)
                  2001f690    00000028     main.obj (.data:pong)
                  2001f6b8    00000015     Adafruit_GFX.obj (.data)
                  2001f6cd    00000003     --HOLE--
                  2001f6d0    00000014     gpio_if.obj (.data:ulReg)
                  2001f6e4    00000010     main.obj (.data)
                  2001f6f4    0000000c     rtsv7M4_T_le_eabi.lib : exit.obj (.data:$O1$$)
                  2001f700    0000000c                           : memory.obj (.data:$O1$$)
                  2001f70c    0000000c     gpio_if.obj (.data)
                  2001f718    00000008     rtsv7M4_T_le_eabi.lib : _lock.obj (.data:$O1$$)
                  2001f720    00000008     main.obj (.data:gpioin)
                  2001f728    00000004     rtsv7M4_T_le_eabi.lib : errno.obj (.data)
                  2001f72c    00000004                           : stkdepth_vars.obj (.data)

.bss       0    2001f730    00000278     UNINITIALIZED
                  2001f730    0000008c     (.common:bitSequence)
                  2001f7bc    0000008c     (.common:timeInterval)
                  2001f848    0000008c     (.common:timeOfInterrupt)
                  2001f8d4    00000040     (.common:buffer)
                  2001f914    00000040     (.common:receiverBuffer)
                  2001f954    00000024     (.common:g_ucConnectionSSID)
                  2001f978    00000008     (.common:g_ucConnectionBSSID)
                  2001f980    00000004     uart_if.obj (.bss)
                  2001f984    00000004     (.common:_readTime)
                  2001f988    00000004     (.common:_time)
                  2001f98c    00000004     (.common:deleteFlag)
                  2001f990    00000004     (.common:interruptCounter)
                  2001f994    00000004     (.common:pulseCounter)
                  2001f998    00000004     (.common:readIndex)
                  2001f99c    00000004     (.common:receiverLineNumber)
                  2001f9a0    00000004     (.common:time)
                  2001f9a4    00000001     (.common:currRead)
                  2001f9a5    00000001     (.common:g_ucLED1Pin)
                  2001f9a6    00000001     (.common:g_ucLED2Pin)
                  2001f9a7    00000001     (.common:g_ucLED3Pin)

.stack     0    2002f000    00001000     UNINITIALIZED
                  2002f000    00001000     --HOLE--

MODULE SUMMARY

       Module                     code    ro data   rw data
       ------                     ----    -------   -------
    .\
       main.obj                   3596    44        2369   
       Adafruit_GFX.obj           2688    1275      21     
       Adafruit_OLED.obj          1142    0         0      
       startup_ccs.obj            14      1024      0      
       gpio_if.obj                920     0         35     
       uart_if.obj                640     0         4      
       timer_if.obj               408     0         0      
       pin_mux_config.obj         324     0         0      
    +--+--------------------------+-------+---------+---------+
       Total:                     9732    2343      2429   
                                                           
    C:/ti/CC3200SDK_1.3.0/cc3200-sdk/driverlib/ccs/Release/driverlib.a
       prcm.obj                   800     168       0      
       interrupt.obj              520     340       0      
       timer.obj                  586     0         0      
       pin.obj                    300     256       0      
       gpio.obj                   448     0         0      
       spi.obj                    354     0         0      
       uart.obj                   284     0         0      
       cpu.obj                    20      0         0      
       utils.obj                  6       0         0      
    +--+--------------------------+-------+---------+---------+
       Total:                     3318    764       0      
                                                           
    C:\ti\ccsv7\tools\compiler\ti-cgt-arm_16.9.6.LTS\lib\rtsv7M4_T_le_eabi.lib
       _printfi.obj               4386    0         0      
       k_rem_pio2.obj             1796    344       0      
       s_cos.obj                  1472    0         0      
       s_sin.obj                  1472    0         0      
       memory.obj                 976     0         12     
       ull_div_t2.obj             500     0         0      
       fd_add_t2.obj              438     0         0      
       k_sin.obj                  360     0         0      
       k_cos.obj                  352     0         0      
       fd_div_t2.obj              310     0         0      
       fd_cmp_t2.obj              268     0         0      
       ctype.obj                  0       257       0      
       fd_mul_t2.obj              252     0         0      
       fs_add_t2.obj              250     0         0      
       s_floor.obj                244     0         0      
       s_scalbn.obj               208     0         0      
       fs_cmp_t2.obj              192     0         0      
       memcpy_t2.obj              156     0         0      
       vsnprintf.obj              136     0         0      
       memset_t2.obj              122     0         0      
       autoinit.obj               112     0         0      
       fd_tos_t2.obj              110     0         0      
       copy_decompress_lzss.obj   104     0         0      
       exit.obj                   84      0         12     
       s_frexp.obj                92      0         0      
       ltoa.obj                   84      0         0      
       atoi.obj                   76      0         0      
       cpy_tbl.obj                76      0         0      
       fd_toi_t2.obj              72      0         0      
       boot.obj                   64      0         0      
       fs_tod_t2.obj              56      0         0      
       fs_toi_t2.obj              56      0         0      
       i_tofd_t2.obj              46      0         0      
       memmov.obj                 36      0         0      
       _lock.obj                  20      0         8      
       memccpy.obj                28      0         0      
       args_main.obj              24      0         0      
       strchr.obj                 22      0         0      
       strlen.obj                 20      0         0      
       copy_decompress_none.obj   14      0         0      
       copy_zero_init.obj         12      0         0      
       s_copysign.obj             8       0         0      
       errno.obj                  0       0         4      
       pre_init.obj               4       0         0      
       stkdepth_vars.obj          0       0         4      
       mpu_init.obj               2       0         0      
       startup.obj                2       0         0      
    +--+--------------------------+-------+---------+---------+
       Total:                     15114   601       40     
                                                           
       Heap:                      0       0         32768  
       Stack:                     0       0         4096   
       Linker Generated:          0       210       0      
    +--+--------------------------+-------+---------+---------+
       Grand Total:               28164   3918      39333  


LINKER GENERATED COPY TABLES

__TI_cinit_table @ 2000bd68 records: 2, size/record: 8, table size: 16
	.data: load addr=2000bca0, load size=000000ae bytes, run addr=2001f000, run size=00000730 bytes, compression=lzss
	.bss: load addr=2000bd60, load size=00000008 bytes, run addr=2001f730, run size=00000278 bytes, compression=zero_init


LINKER GENERATED HANDLER TABLE

__TI_handler_table @ 2000bd50 records: 3, size/record: 4, table size: 12
	index: 0, handler: __TI_decompress_lzss
	index: 1, handler: __TI_decompress_none
	index: 2, handler: __TI_zero_init


GLOBAL SYMBOLS: SORTED ALPHABETICALLY BY Name 

address   name                           
-------   ----                           
20008095  Adafruit_Init                  
2000a8e5  C$$EXIT                        
2000b157  CPUcpsie                       
20008c55  ClearTerm                      
2000820b  Color565                       
20008c5f  Error                          
2000ac25  GPIODirModeSet                 
2000b16b  GPIOIntClear                   
2000afd1  GPIOIntDisable                 
2000afeb  GPIOIntEnable                  
2000aec9  GPIOIntRegister                
2000ae01  GPIOIntStatus                  
2000a389  GPIOIntTypeSet                 
2000b053  GPIOPinRead                    
2000ae67  GPIOPinWrite                   
20008b3d  GPIO_IF_ConfigureNIntEnable    
20008bc9  GPIO_IF_Get                    
20008af7  GPIO_IF_GetPortNPin            
200088b9  GPIO_IF_LedConfigure           
200089ab  GPIO_IF_LedOff                 
200088f7  GPIO_IF_LedOn                  
20008a5f  GPIO_IF_LedStatus              
20008ac9  GPIO_IF_LedToggle              
20008b85  GPIO_IF_Set                    
200060e1  GameLogic                      
20008c97  GetCmd                         
20005d8d  GetMessage                     
20008c15  InitTerm                       
20009e4d  IntDisable                     
20009ef5  IntEnable                      
2000b1f7  IntMasterEnable                
2000a891  IntPrioritySet                 
2000ae89  IntRegister                    
2000ad95  IntUnregister                  
2000b181  IntVTableBaseSet               
20008c33  Message                        
20006cdb  Outstr                         
200093d9  PRCMCC3200MCUInit              
2000b115  PRCMHIBRegRead                 
2000b12b  PRCMHIBRegWrite                
2000ad6d  PRCMPeripheralClkDisable       
2000ab79  PRCMPeripheralClkEnable        
2000a0d9  PRCMPeripheralClockGet         
2000a839  PRCMPeripheralReset            
2000aced  PRCMSysResetCauseGet           
2000a16d  PinConfigSet                   
2000aaf9  PinModeSet                     
20009819  PinMuxConfig                   
2000ac5b  PinTypeGPIO                    
2000b005  PinTypeSPI                     
2000b01f  PinTypeUART                    
20008dd5  Report                         
2000b1dd  ResetISR                       
UNDEFED   SHT$$INIT_ARRAY$$Base          
UNDEFED   SHT$$INIT_ARRAY$$Limit         
2000b06b  SPICSDisable                   
2000b083  SPICSEnable                    
20009f9d  SPIConfigSetExpClk             
2000aea9  SPIDataGet                     
2000aee7  SPIDataPut                     
2000b09b  SPIEnable                      
2000b039  SPIFIFOEnable                  
2000ae23  SPIReset                       
20005773  SPI_Init                       
200059c9  SimpleLinkGeneralEventHandler  
200059ad  SimpleLinkHttpServerCallback   
20005905  SimpleLinkNetAppEventHandler   
200059ed  SimpleLinkSockEventHandler     
200057e5  SimpleLinkWlanEventHandler     
2000aab5  TimerConfigure                 
2000af05  TimerDisable                   
2000af23  TimerEnable                    
2000b1bd  TimerIntClear                  
2000b0b3  TimerIntDisable                
2000b0cb  TimerIntEnable                 
2000a4fd  TimerIntRegister               
2000af41  TimerIntStatus                 
2000a64d  TimerIntUnregister             
2000ad19  TimerLoadSet                   
2000ad43  TimerPrescaleSet               
20005525  TimerRefIntHandler             
2000af7d  TimerValueGet                  
2000ae45  TimerValueSet                  
20009387  Timer_IF_DeInit                
200093b9  Timer_IF_GetCount              
200092c1  Timer_IF_Init                  
200092f3  Timer_IF_IntSetup              
2000933f  Timer_IF_InterruptClear        
200093a1  Timer_IF_ReLoad                
20009357  Timer_IF_Start                 
20009377  Timer_IF_Stop                  
20008d3d  TrimSpace                      
2000af99  UARTCharGetNonBlocking         
2000af5f  UARTCharPut                    
2000b0e3  UARTCharsAvail                 
2000a485  UARTConfigSetExpClk            
2000ac8d  UARTDisable                    
2000adb9  UARTEnable                     
2000b209  UtilsDelay                     
20030000  __STACK_END                    
00001000  __STACK_SIZE                   
00008000  __SYSMEM_SIZE                  
2000bd68  __TI_CINIT_Base                
2000bd78  __TI_CINIT_Limit               
2000bd50  __TI_Handler_Table_Base        
2000bd5c  __TI_Handler_Table_Limit       
2000a56d  __TI_auto_init                 
2001f6f4  __TI_cleanup_ptr               
2000a6b5  __TI_decompress_lzss           
2000b1cf  __TI_decompress_none           
2001f6f8  __TI_dtors_ptr                 
2001f6fc  __TI_enable_exit_profile_output
ffffffff  __TI_pprof_out_hndl            
20004c39  __TI_printfi                   
ffffffff  __TI_prof_data_size            
ffffffff  __TI_prof_data_start           
2000bca0  __TI_static_base__             
2000b1eb  __TI_zero_init                 
2000a27d  __aeabi_cdcmpeq                
2000a27d  __aeabi_cdcmple                
2000a303  __aeabi_cdrcmple               
2000a71d  __aeabi_cfcmpeq                
2000a71d  __aeabi_cfcmple                
2000a77d  __aeabi_cfrcmple               
2000a5dd  __aeabi_d2f                    
2000aa6d  __aeabi_d2iz                   
20009093  __aeabi_dadd                   
2000995d  __aeabi_ddiv                   
20009a93  __aeabi_dmul                   
20009089  __aeabi_dsub                   
2000abb5  __aeabi_f2d                    
2000abed  __aeabi_f2iz                   
20009b93  __aeabi_fadd                   
20009b8f  __aeabi_fsub                   
2000acbd  __aeabi_i2d                    
2000a40b  __aeabi_memclr                 
2000a40b  __aeabi_memclr4                
2000a40b  __aeabi_memclr8                
2000a03d  __aeabi_memcpy                 
2000a03d  __aeabi_memcpy4                
2000a03d  __aeabi_memcpy8                
2000a40d  __aeabi_memset                 
2000a40d  __aeabi_memset4                
2000a40d  __aeabi_memset8                
20008e95  __aeabi_uldivmod               
ffffffff  __binit__                      
ffffffff  __c_args__                     
200096b9  __kernel_cos                   
20006db1  __kernel_rem_pio2              
20009551  __kernel_sin                   
200084ab  __mpu_init                     
2002f000  __stack                        
2000b0fd  _args_main                     
2000ab39  _c_int00                       
2000b870  _ctypes_                       
2001f718  _lock                          
2000b1a3  _nop                           
2001f984  _readTime                      
2000b19b  _register_lock                 
2000b195  _register_unlock               
20017000  _sys_memory                    
2000923f  _system_post_cinit             
2000b20f  _system_pre_init               
2001f988  _time                          
2001f71c  _unlock                        
2000a8e9  abort                          
2000a98d  atoi                           
ffffffff  binit                          
2001f730  bitSequence                    
2001f8d4  buffer                         
2001f000  buttons                        
2000884d  calloc                         
20005587  compareBitPatterns             
2000554b  compareTwoSequence             
2000a9d9  copy_in                        
2000b201  copysign                       
2000b201  copysignl                      
200074b5  cos                            
200074b5  cosl                           
2001f9a4  currRead                       
2001f6b8  cursor_x                       
2001f6bc  cursor_y                       
2000573b  decode                         
2001f98c  deleteFlag                     
20005a67  displayBanner                  
20006b8f  drawChar                       
20006331  drawCircle                     
20006465  drawCircleHelper               
200083b5  drawFastHLine                  
20008319  drawFastVLine                  
200066ab  drawLine                       
20008451  drawPixel                      
20006797  drawRect                       
200067e5  drawRoundRect                  
2000694d  drawTriangle                   
2001f728  errno                          
2000a8f1  exit                           
20006583  fillCircle                     
200065bd  fillCircleHelper               
20008263  fillRect                       
200068d3  fillRoundRect                  
2000824d  fillScreen                     
2000698f  fillTriangle                   
20009c89  floor                          
20009c89  floorl                         
20008597  free                           
2000a7dd  frexp                          
2000a7dd  frexpl                         
2001f6f0  g_Host                         
20004000  g_pfnVectors                   
2001f978  g_ucConnectionBSSID            
2001f954  g_ucConnectionSSID             
2001f9a5  g_ucLED1Pin                    
2001f9a6  g_ucLED2Pin                    
2001f9a7  g_ucLED3Pin                    
2001f70c  g_uiLED1Port                   
2001f710  g_uiLED2Port                   
2001f714  g_uiLED3Port                   
2001f6ec  g_ulGatewayIP                  
2001f6e8  g_ulPingPacketsRecv            
2001f6e4  g_ulStatus                     
200081c7  goTo                           
20006d8f  height                         
20005671  initializeArr                  
200056ad  initializeVariables            
2001f990  interruptCounter               
2000848f  invert                         
20009d7d  ldexp                          
20009d7d  ldexpl                         
2000a939  ltoa                           
20006261  main                           
2001f72c  main_func_sp                   
2000852d  malloc                         
20008761  memalign                       
2000afb5  memccpy                        
2000a03d  memcpy                         
2000addd  memmove                        
2000a413  memset                         
200084ad  minit                          
200056e7  printBuffer                    
20005a51  printErrConvenience            
2001f994  pulseCounter                   
2001f998  readIndex                      
20008657  realloc                        
2001f914  receiverBuffer                 
2001f99c  receiverLineNumber             
20009d7d  scalbn                         
20009d7d  scalbnl                        
20006d27  setCursor                      
20006d5f  setTextColor                   
20006d3f  setTextSize                    
20006d77  setTextWrap                    
20007a75  sin                            
20007a75  sinl                           
2000b141  strchr                         
2000b1a9  strlen                         
2001f6c8  textbgcolor                    
2001f6c4  textcolor                      
2001f6c0  textsize                       
2001f9a0  time                           
2001f7bc  timeInterval                   
2001f848  timeOfInterrupt                
2000563f  timerInit                      
2000a1f5  vsnprintf                      
20006d8b  width                          
2001f6cc  wrap                           
20008035  writeCommand                   
20008065  writeData                      


GLOBAL SYMBOLS: SORTED BY Symbol Address 

address   name                           
-------   ----                           
00001000  __STACK_SIZE                   
00008000  __SYSMEM_SIZE                  
20004000  g_pfnVectors                   
20004c39  __TI_printfi                   
20005525  TimerRefIntHandler             
2000554b  compareTwoSequence             
20005587  compareBitPatterns             
2000563f  timerInit                      
20005671  initializeArr                  
200056ad  initializeVariables            
200056e7  printBuffer                    
2000573b  decode                         
20005773  SPI_Init                       
200057e5  SimpleLinkWlanEventHandler     
20005905  SimpleLinkNetAppEventHandler   
200059ad  SimpleLinkHttpServerCallback   
200059c9  SimpleLinkGeneralEventHandler  
200059ed  SimpleLinkSockEventHandler     
20005a51  printErrConvenience            
20005a67  displayBanner                  
20005d8d  GetMessage                     
200060e1  GameLogic                      
20006261  main                           
20006331  drawCircle                     
20006465  drawCircleHelper               
20006583  fillCircle                     
200065bd  fillCircleHelper               
200066ab  drawLine                       
20006797  drawRect                       
200067e5  drawRoundRect                  
200068d3  fillRoundRect                  
2000694d  drawTriangle                   
2000698f  fillTriangle                   
20006b8f  drawChar                       
20006cdb  Outstr                         
20006d27  setCursor                      
20006d3f  setTextSize                    
20006d5f  setTextColor                   
20006d77  setTextWrap                    
20006d8b  width                          
20006d8f  height                         
20006db1  __kernel_rem_pio2              
200074b5  cos                            
200074b5  cosl                           
20007a75  sin                            
20007a75  sinl                           
20008035  writeCommand                   
20008065  writeData                      
20008095  Adafruit_Init                  
200081c7  goTo                           
2000820b  Color565                       
2000824d  fillScreen                     
20008263  fillRect                       
20008319  drawFastVLine                  
200083b5  drawFastHLine                  
20008451  drawPixel                      
2000848f  invert                         
200084ab  __mpu_init                     
200084ad  minit                          
2000852d  malloc                         
20008597  free                           
20008657  realloc                        
20008761  memalign                       
2000884d  calloc                         
200088b9  GPIO_IF_LedConfigure           
200088f7  GPIO_IF_LedOn                  
200089ab  GPIO_IF_LedOff                 
20008a5f  GPIO_IF_LedStatus              
20008ac9  GPIO_IF_LedToggle              
20008af7  GPIO_IF_GetPortNPin            
20008b3d  GPIO_IF_ConfigureNIntEnable    
20008b85  GPIO_IF_Set                    
20008bc9  GPIO_IF_Get                    
20008c15  InitTerm                       
20008c33  Message                        
20008c55  ClearTerm                      
20008c5f  Error                          
20008c97  GetCmd                         
20008d3d  TrimSpace                      
20008dd5  Report                         
20008e95  __aeabi_uldivmod               
20009089  __aeabi_dsub                   
20009093  __aeabi_dadd                   
2000923f  _system_post_cinit             
200092c1  Timer_IF_Init                  
200092f3  Timer_IF_IntSetup              
2000933f  Timer_IF_InterruptClear        
20009357  Timer_IF_Start                 
20009377  Timer_IF_Stop                  
20009387  Timer_IF_DeInit                
200093a1  Timer_IF_ReLoad                
200093b9  Timer_IF_GetCount              
200093d9  PRCMCC3200MCUInit              
20009551  __kernel_sin                   
200096b9  __kernel_cos                   
20009819  PinMuxConfig                   
2000995d  __aeabi_ddiv                   
20009a93  __aeabi_dmul                   
20009b8f  __aeabi_fsub                   
20009b93  __aeabi_fadd                   
20009c89  floor                          
20009c89  floorl                         
20009d7d  ldexp                          
20009d7d  ldexpl                         
20009d7d  scalbn                         
20009d7d  scalbnl                        
20009e4d  IntDisable                     
20009ef5  IntEnable                      
20009f9d  SPIConfigSetExpClk             
2000a03d  __aeabi_memcpy                 
2000a03d  __aeabi_memcpy4                
2000a03d  __aeabi_memcpy8                
2000a03d  memcpy                         
2000a0d9  PRCMPeripheralClockGet         
2000a16d  PinConfigSet                   
2000a1f5  vsnprintf                      
2000a27d  __aeabi_cdcmpeq                
2000a27d  __aeabi_cdcmple                
2000a303  __aeabi_cdrcmple               
2000a389  GPIOIntTypeSet                 
2000a40b  __aeabi_memclr                 
2000a40b  __aeabi_memclr4                
2000a40b  __aeabi_memclr8                
2000a40d  __aeabi_memset                 
2000a40d  __aeabi_memset4                
2000a40d  __aeabi_memset8                
2000a413  memset                         
2000a485  UARTConfigSetExpClk            
2000a4fd  TimerIntRegister               
2000a56d  __TI_auto_init                 
2000a5dd  __aeabi_d2f                    
2000a64d  TimerIntUnregister             
2000a6b5  __TI_decompress_lzss           
2000a71d  __aeabi_cfcmpeq                
2000a71d  __aeabi_cfcmple                
2000a77d  __aeabi_cfrcmple               
2000a7dd  frexp                          
2000a7dd  frexpl                         
2000a839  PRCMPeripheralReset            
2000a891  IntPrioritySet                 
2000a8e5  C$$EXIT                        
2000a8e9  abort                          
2000a8f1  exit                           
2000a939  ltoa                           
2000a98d  atoi                           
2000a9d9  copy_in                        
2000aa6d  __aeabi_d2iz                   
2000aab5  TimerConfigure                 
2000aaf9  PinModeSet                     
2000ab39  _c_int00                       
2000ab79  PRCMPeripheralClkEnable        
2000abb5  __aeabi_f2d                    
2000abed  __aeabi_f2iz                   
2000ac25  GPIODirModeSet                 
2000ac5b  PinTypeGPIO                    
2000ac8d  UARTDisable                    
2000acbd  __aeabi_i2d                    
2000aced  PRCMSysResetCauseGet           
2000ad19  TimerLoadSet                   
2000ad43  TimerPrescaleSet               
2000ad6d  PRCMPeripheralClkDisable       
2000ad95  IntUnregister                  
2000adb9  UARTEnable                     
2000addd  memmove                        
2000ae01  GPIOIntStatus                  
2000ae23  SPIReset                       
2000ae45  TimerValueSet                  
2000ae67  GPIOPinWrite                   
2000ae89  IntRegister                    
2000aea9  SPIDataGet                     
2000aec9  GPIOIntRegister                
2000aee7  SPIDataPut                     
2000af05  TimerDisable                   
2000af23  TimerEnable                    
2000af41  TimerIntStatus                 
2000af5f  UARTCharPut                    
2000af7d  TimerValueGet                  
2000af99  UARTCharGetNonBlocking         
2000afb5  memccpy                        
2000afd1  GPIOIntDisable                 
2000afeb  GPIOIntEnable                  
2000b005  PinTypeSPI                     
2000b01f  PinTypeUART                    
2000b039  SPIFIFOEnable                  
2000b053  GPIOPinRead                    
2000b06b  SPICSDisable                   
2000b083  SPICSEnable                    
2000b09b  SPIEnable                      
2000b0b3  TimerIntDisable                
2000b0cb  TimerIntEnable                 
2000b0e3  UARTCharsAvail                 
2000b0fd  _args_main                     
2000b115  PRCMHIBRegRead                 
2000b12b  PRCMHIBRegWrite                
2000b141  strchr                         
2000b157  CPUcpsie                       
2000b16b  GPIOIntClear                   
2000b181  IntVTableBaseSet               
2000b195  _register_unlock               
2000b19b  _register_lock                 
2000b1a3  _nop                           
2000b1a9  strlen                         
2000b1bd  TimerIntClear                  
2000b1cf  __TI_decompress_none           
2000b1dd  ResetISR                       
2000b1eb  __TI_zero_init                 
2000b1f7  IntMasterEnable                
2000b201  copysign                       
2000b201  copysignl                      
2000b209  UtilsDelay                     
2000b20f  _system_pre_init               
2000b870  _ctypes_                       
2000bca0  __TI_static_base__             
2000bd50  __TI_Handler_Table_Base        
2000bd5c  __TI_Handler_Table_Limit       
2000bd68  __TI_CINIT_Base                
2000bd78  __TI_CINIT_Limit               
20017000  _sys_memory                    
2001f000  buttons                        
2001f6b8  cursor_x                       
2001f6bc  cursor_y                       
2001f6c0  textsize                       
2001f6c4  textcolor                      
2001f6c8  textbgcolor                    
2001f6cc  wrap                           
2001f6e4  g_ulStatus                     
2001f6e8  g_ulPingPacketsRecv            
2001f6ec  g_ulGatewayIP                  
2001f6f0  g_Host                         
2001f6f4  __TI_cleanup_ptr               
2001f6f8  __TI_dtors_ptr                 
2001f6fc  __TI_enable_exit_profile_output
2001f70c  g_uiLED1Port                   
2001f710  g_uiLED2Port                   
2001f714  g_uiLED3Port                   
2001f718  _lock                          
2001f71c  _unlock                        
2001f728  errno                          
2001f72c  main_func_sp                   
2001f730  bitSequence                    
2001f7bc  timeInterval                   
2001f848  timeOfInterrupt                
2001f8d4  buffer                         
2001f914  receiverBuffer                 
2001f954  g_ucConnectionSSID             
2001f978  g_ucConnectionBSSID            
2001f984  _readTime                      
2001f988  _time                          
2001f98c  deleteFlag                     
2001f990  interruptCounter               
2001f994  pulseCounter                   
2001f998  readIndex                      
2001f99c  receiverLineNumber             
2001f9a0  time                           
2001f9a4  currRead                       
2001f9a5  g_ucLED1Pin                    
2001f9a6  g_ucLED2Pin                    
2001f9a7  g_ucLED3Pin                    
2002f000  __stack                        
20030000  __STACK_END                    
ffffffff  __TI_pprof_out_hndl            
ffffffff  __TI_prof_data_size            
ffffffff  __TI_prof_data_start           
ffffffff  __binit__                      
ffffffff  __c_args__                     
ffffffff  binit                          
UNDEFED   SHT$$INIT_ARRAY$$Base          
UNDEFED   SHT$$INIT_ARRAY$$Limit         

[268 symbols]
