******************************************************************************
                  TI ARM Linker PC v16.9.6                     
******************************************************************************
>> Linked Thu Mar 15 06:25:08 2018

OUTPUT FILE NAME:   <SSL_REST_API_AWS_w.out>
ENTRY POINT SYMBOL: "_c_int00"  address: 20010109


MEMORY CONFIGURATION

         name            origin    length      used     unused   attr    fill
----------------------  --------  ---------  --------  --------  ----  --------
  SRAM_CODE             20004000   00013000  0000da30  000055d0  RW X
  SRAM_DATA             20017000   00020000  0000a59c  00015a64  RW X


SEGMENT ALLOCATION MAP

run origin  load origin   length   init length attrs members
----------  ----------- ---------- ----------- ----- -------
20004000    20004000    0000da38   0000da38    r-x
  20004000    20004000    00000400   00000400    r-- .intvecs
  20004400    20004400    0000c8e4   0000c8e4    r-x .text
  20010ce8    20010ce8    00000ca4   00000ca4    r-- .const
  20011990    20011990    000000a8   000000a8    r-- .cinit
20017000    20017000    0000959c   00000000    rw-
  20017000    20017000    00008000   00000000    rw- .sysmem
  2001f000    2001f000    00000e14   00000000    rw- .bss
  2001fe14    2001fe14    00000788   00000000    rw- .data
20036000    20036000    00001000   00000000    rw-
  20036000    20036000    00001000   00000000    rw- .stack


SECTION ALLOCATION MAP

 output                                  attributes/
section   page    origin      length       input sections
--------  ----  ----------  ----------   ----------------
.intvecs   0    20004000    00000400     
                  20004000    00000400     startup_ccs.obj (.intvecs)

.init_array 
*          0    20004000    00000000     UNINITIALIZED

.text      0    20004400    0000c8e4     
                  20004400    00001d7c     main.obj (.text)
                  2000617c    00001122     rtsv7M4_T_le_eabi.lib : _printfi.obj (.text)
                  2000729e    00000002     driverlib.a : interrupt.obj (.text:IntDefaultHandler)
                  200072a0    00000a80     Adafruit_GFX.obj (.text)
                  20007d20    00000a30     test.obj (.text)
                  20008750    00000704     rtsv7M4_T_le_eabi.lib : k_rem_pio2.obj (.text)
                  20008e54    000005c0                           : s_cos.obj (.text)
                  20009414    000005c0                           : s_sin.obj (.text)
                  200099d4    00000590     simplelink.a : driver.obj (.text:_SlDrvMsgRead)
                  20009f64    00000476     Adafruit_OLED.obj (.text)
                  2000a3da    00000002     rtsv7M4_T_le_eabi.lib : mpu_init.obj (.text)
                  2000a3dc    000003d0                           : memory.obj (.text)
                  2000a7ac    00000398     gpio_if.obj (.text)
                  2000ab44    00000280     uart_if.obj (.text)
                  2000adc4    0000027c     simplelink.a : wlan.obj (.text:sl_WlanConnect)
                  2000b040    0000024c                  : driver.obj (.text:_SlDrvRxHdrRead)
                  2000b28c    000001f4     rtsv7M4_T_le_eabi.lib : ull_div_t2.obj (.text)
                  2000b480    000001e4     simplelink.a : driver.obj (.text:_SlDrvDataReadOp)
                  2000b664    000001d0                  : driver.obj (.text:_SlDrvReleasePoolObj)
                  2000b834    000001b6     rtsv7M4_T_le_eabi.lib : fd_add_t2.obj (.text)
                  2000b9ea    00000002                           : startup.obj (.text)
                  2000b9ec    000001b4     simplelink.a : driver.obj (.text:_SlDrvDriverCBInit)
                  2000bba0    0000019c                  : driver.obj (.text:_SlDrvMsgWrite)
                  2000bd3c    00000198     timer_if.obj (.text)
                  2000bed4    00000190     simplelink.a : driver.obj (.text:_SlDrvWaitForPoolObj)
                  2000c064    0000018c                  : socket.obj (.text:sl_Connect)
                  2000c1f0    00000178     driverlib.a : prcm.obj (.text:PRCMCC3200MCUInit)
                  2000c368    00000170     simplelink.a : driver.obj (.text:_SlFindAndSetActiveObj)
                  2000c4d8    00000168     rtsv7M4_T_le_eabi.lib : k_sin.obj (.text)
                  2000c640    00000160                           : k_cos.obj (.text)
                  2000c7a0    00000150     simplelink.a : driver.obj (.text:_SlDrvDataWriteOp)
                  2000c8f0    00000148                  : cc_pal.obj (.text:spi_Open)
                  2000ca38    00000144                  : driver.obj (.text:_SlDrvMsgReadCmdCtx)
                  2000cb7c    00000144     pin_mux_config.obj (.text)
                  2000ccc0    00000144     simplelink.a : netapp.obj (.text:sl_NetAppDnsGetHostByName)
                  2000ce04    00000136     rtsv7M4_T_le_eabi.lib : fd_div_t2.obj (.text)
                  2000cf3a    00000002     --HOLE-- [fill = 0]
                  2000cf3c    00000134     simplelink.a : socket.obj (.text:sl_Send)
                  2000d070    00000130                  : driver.obj (.text:_SlDrvDriverCBDeinit)
                  2000d1a0    00000104                  : netapp.obj (.text:_SlDrvNetAppEventHandler)
                  2000d2a4    000000fc     rtsv7M4_T_le_eabi.lib : fd_mul_t2.obj (.text)
                  2000d3a0    000000f4                           : s_floor.obj (.text)
                  2000d494    000000f0     simplelink.a : device.obj (.text:sl_Stop)
                  2000d584    000000f0                  : cc_pal.obj (.text:spi_Read)
                  2000d674    000000f0     driverlib.a : udma.obj (.text:uDMAChannelTransferSet)
                  2000d764    000000ec     simplelink.a : device.obj (.text:sl_Start)
                  2000d850    000000e8                  : driver.obj (.text:_SlAsyncEventGenericHandler)
                  2000d938    000000e8                  : driver.obj (.text:_SlDrvMsgReadSpawnCtx)
                  2000da20    000000e4                  : netapp.obj (.text:sl_NetAppMDNSRegisterUnregisterService)
                  2000db04    000000dc                  : driver.obj (.text:_SlDrvClassifyRxMsg)
                  2000dbe0    000000d0     rtsv7M4_T_le_eabi.lib : s_scalbn.obj (.text)
                  2000dcb0    000000cc     simplelink.a : netapp.obj (.text:_sl_HandleAsync_DnsGetHostByService)
                  2000dd7c    000000cc                  : device.obj (.text:sl_DevGet)
                  2000de48    000000c4                  : driver.obj (.text:_SlRemoveFromList)
                  2000df0c    000000c0                  : driver.obj (.text:_SlDrvCmdOp)
                  2000dfcc    000000b0                  : nonos.obj (.text:_SlNonOsSemGet)
                  2000e07c    000000a8     driverlib.a : interrupt.obj (.text:IntDisable)
                  2000e124    000000a8                 : interrupt.obj (.text:IntEnable)
                  2000e1cc    000000a4     simplelink.a : driver.obj (.text:_SlDriverHandleError)
                  2000e270    000000a0     driverlib.a : spi.obj (.text:SPIConfigSetExpClk)
                  2000e310    000000a0     simplelink.a : socket.obj (.text:sl_Recv)
                  2000e3b0    0000009c     rtsv7M4_T_le_eabi.lib : memcpy_t2.obj (.text)
                  2000e44c    0000009a     simplelink.a : device.obj (.text:_SlDrvDeviceEventHandler)
                  2000e4e6    00000002     --HOLE-- [fill = 0]
                  2000e4e8    00000098                  : device.obj (.text:sl_DevSet)
                  2000e580    00000098                  : netcfg.obj (.text:sl_NetCfgSet)
                  2000e618    00000098                  : socket.obj (.text:sl_SetSockOpt)
                  2000e6b0    00000098                  : wlan.obj (.text:sl_WlanSet)
                  2000e748    00000098                  : cc_pal.obj (.text:spi_Write)
                  2000e7e0    00000094     driverlib.a : prcm.obj (.text:PRCMPeripheralClockGet)
                  2000e874    00000090     simplelink.a : netapp.obj (.text:_sl_HandleAsync_DnsGetHostByName)
                  2000e904    00000090                  : netapp.obj (.text:_sl_HandleAsync_PingResponse)
                  2000e994    00000090                  : wlan.obj (.text:sl_WlanPolicySet)
                  2000ea24    0000008c                  : cc_pal.obj (.text:SetupDMAReceive)
                  2000eab0    0000008c                  : cc_pal.obj (.text:SetupDMASend)
                  2000eb3c    0000008c                  : driver.obj (.text:_SlDrvIsTimeoutExpired)
                  2000ebc8    0000008c                  : device.obj (.text:_sl_HandleAsync_InitComplete)
                  2000ec54    0000008c                  : socket.obj (.text:sl_Socket)
                  2000ece0    00000088     driverlib.a : pin.obj (.text:PinConfigSet)
                  2000ed68    00000088     rtsv7M4_T_le_eabi.lib : vsnprintf.obj (.text)
                  2000edf0    00000086                           : fd_cmp_t2.obj (.text:__aeabi_cdcmple)
                  2000ee76    00000086                           : fd_cmp_t2.obj (.text:__aeabi_cdrcmple)
                  2000eefc    00000084     simplelink.a : wlan.obj (.text:sl_WlanRxFilterSet)
                  2000ef80    00000082     driverlib.a : gpio.obj (.text:GPIOIntTypeSet)
                  2000f002    00000002     --HOLE-- [fill = 0]
                  2000f004    00000080     simplelink.a : socket.obj (.text:_sl_HandleAsync_Connect)
                  2000f084    00000080                  : cc_pal.obj (.text:spi_Read_CPU)
                  2000f104    00000080                  : cc_pal.obj (.text:spi_Write_CPU)
                  2000f184    0000007a     rtsv7M4_T_le_eabi.lib : memset_t2.obj (.text)
                  2000f1fe    00000002     --HOLE-- [fill = 0]
                  2000f200    00000078     simplelink.a : cc_pal.obj (.text:spi_Close)
                  2000f278    00000076     driverlib.a : uart.obj (.text:UARTConfigSetExpClk)
                  2000f2ee    00000002     --HOLE-- [fill = 0]
                  2000f2f0    00000074     simplelink.a : nonos.obj (.text:_SlNonOsMainLoopTask)
                  2000f364    00000070     driverlib.a : timer.obj (.text:TimerIntRegister)
                  2000f3d4    00000070     rtsv7M4_T_le_eabi.lib : autoinit.obj (.text)
                  2000f444    0000006c     simplelink.a : driver.obj (.text:_SlDrvCmdSend)
                  2000f4b0    0000006c                  : netapp.obj (.text:_sl_NetAppSendTokenValue)
                  2000f51c    00000068     driverlib.a : timer.obj (.text:TimerIntUnregister)
                  2000f584    00000068     rtsv7M4_T_le_eabi.lib : copy_decompress_lzss.obj (.text:decompress:lzss)
                  2000f5ec    00000064     simplelink.a : nonos.obj (.text:_SlNonOsSpawn)
                  2000f650    00000064                  : socket.obj (.text:_sl_HandleAsync_Accept)
                  2000f6b4    00000064                  : netapp.obj (.text:sl_NetAppMDNSUnRegisterService)
                  2000f718    00000064     driverlib.a : udma.obj (.text:uDMAChannelAttributeDisable)
                  2000f77c    00000064                 : udma.obj (.text:uDMAChannelAttributeEnable)
                  2000f7e0    00000060     rtsv7M4_T_le_eabi.lib : sprintf.obj (.text)
                  2000f840    00000060     simplelink.a : wlan.obj (.text:sl_WlanProfileDel)
                  2000f8a0    00000060                  : wlan.obj (.text:sl_WlanSetMode)
                  2000f900    0000005c     rtsv7M4_T_le_eabi.lib : s_frexp.obj (.text)
                  2000f95c    00000058     driverlib.a : interrupt.obj (.text:IntPendClear)
                  2000f9b4    00000058                 : prcm.obj (.text:PRCMPeripheralReset)
                  2000fa0c    00000054                 : interrupt.obj (.text:IntPrioritySet)
                  2000fa60    00000054     simplelink.a : driver.obj (.text:_SlDrvRxIrqHandler)
                  2000fab4    00000054                  : socket.obj (.text:_sl_HandleAsync_Select)
                  2000fb08    00000054     rtsv7M4_T_le_eabi.lib : exit.obj (.text)
                  2000fb5c    00000054                           : ltoa.obj (.text)
                  2000fbb0    00000050     simplelink.a : device.obj (.text:_sl_HandleAsync_Stop)
                  2000fc00    0000004c     driverlib.a : spi.obj (.text:SPIIntEnable)
                  2000fc4c    0000004c                 : spi.obj (.text:SPIIntNumberGet)
                  2000fc98    0000004c     simplelink.a : driver.obj (.text:_SlDrvProtectAsyncRespSetting)
                  2000fce4    0000004c                  : socket.obj (.text:_sl_BuildAddress)
                  2000fd30    0000004c     rtsv7M4_T_le_eabi.lib : atoi.obj (.text)
                  2000fd7c    0000004c                           : cpy_tbl.obj (.text)
                  2000fdc8    0000004c     driverlib.a : udma.obj (.text:uDMAChannelAssign)
                  2000fe14    00000048                 : gpio.obj (.text:GPIOGetIntNumber)
                  2000fe5c    00000048                 : spi.obj (.text:SPIIntClear)
                  2000fea4    00000048     simplelink.a : driver.obj (.text:_SlDrvBasicCmd)
                  2000feec    00000048     rtsv7M4_T_le_eabi.lib : fd_toi_t2.obj (.text)
                  2000ff34    00000044     driverlib.a : spi.obj (.text:SPIDmaMaskGet)
                  2000ff78    00000044                 : timer.obj (.text:TimerConfigure)
                  2000ffbc    00000044     simplelink.a : driver.obj (.text:_SlDrvSyncObjWaitTimeout)
                  20010000    00000044                  : cc_pal.obj (.text:cc_SetupTransfer)
                  20010044    00000042                  : socket.obj (.text:sl_Htonl)
                  20010086    00000002     --HOLE-- [fill = 0]
                  20010088    00000040     driverlib.a : pin.obj (.text:PinModeSet)
                  200100c8    00000040     simplelink.a : socket.obj (.text:_sl_TruncatePayloadByProtocol)
                  20010108    00000040     rtsv7M4_T_le_eabi.lib : boot.obj (.text)
                  20010148    0000003e     simplelink.a : cc_pal.obj (.text:NwpRegisterInterruptHandler)
                  20010186    0000003c                  : netapp.obj (.text:CopyPingResultsToReport)
                  200101c2    00000002     --HOLE-- [fill = 0]
                  200101c4    0000003c     driverlib.a : prcm.obj (.text:PRCMPeripheralClkEnable)
                  20010200    0000003c     simplelink.a : cc_pal.obj (.text:simplelink_timerA2_start)
                  2001023c    0000003c                  : socket.obj (.text:sl_Htons)
                  20010278    0000003c     driverlib.a : udma.obj (.text:uDMAChannelControlSet)
                  200102b4    00000038     simplelink.a : cc_pal.obj (.text:NwpPowerOff)
                  200102ec    00000038                  : wlan.obj (.text:sl_WlanDisconnect)
                  20010324    00000036     driverlib.a : gpio.obj (.text:GPIODirModeSet)
                  2001035a    00000002     --HOLE-- [fill = 0]
                  2001035c    00000034                 : prcm.obj (.text:PRCMPeripheralStatusGet)
                  20010390    00000034                 : spi.obj (.text:SPIFIFOLevelSet)
                  200103c4    00000030                 : pin.obj (.text:PinTypeGPIO)
                  200103f4    00000030                 : uart.obj (.text:UARTDisable)
                  20010424    0000002e     rtsv7M4_T_le_eabi.lib : i_tofd_t2.obj (.text)
                  20010452    00000002     --HOLE-- [fill = 0]
                  20010454    0000002c     simplelink.a : cc_pal.obj (.text:NwpPowerOn)
                  20010480    0000002c     driverlib.a : prcm.obj (.text:PRCMSysResetCauseGet)
                  200104ac    0000002c     simplelink.a : driver.obj (.text:_SlDrvObjGlobalLockWaitForever)
                  200104d8    0000002c                  : driver.obj (.text:_SlDrvProtectionObjLockWaitForever)
                  20010504    0000002a     driverlib.a : timer.obj (.text:TimerLoadSet)
                  2001052e    0000002a                 : timer.obj (.text:TimerPrescaleSet)
                  20010558    00000028                 : prcm.obj (.text:PRCMPeripheralClkDisable)
                  20010580    00000028     simplelink.a : driver.obj (.text:_SlDrvGlobalObjUnLock)
                  200105a8    00000028                  : driver.obj (.text:_SlDrvProtectionObjUnLock)
                  200105d0    00000028                  : driver.obj (.text:_SlDrvSyncObjWaitForever)
                  200105f8    00000026                  : driver.obj (.text:_SlDrvObjLockWaitForever)
                  2001061e    00000002     --HOLE-- [fill = 0]
                  20010620    00000024                  : cc_pal.obj (.text:DmaSpiSwIntHandler)
                  20010644    00000024     driverlib.a : interrupt.obj (.text:IntUnregister)
                  20010668    00000024                 : uart.obj (.text:UARTEnable)
                  2001068c    00000024     rtsv7M4_T_le_eabi.lib : memmov.obj (.text)
                  200106b0    00000022     driverlib.a : gpio.obj (.text:GPIOIntStatus)
                  200106d2    00000022                 : spi.obj (.text:SPIReset)
                  200106f4    00000022                 : spi.obj (.text:SPIWordCountSet)
                  20010716    00000022                 : timer.obj (.text:TimerValueSet)
                  20010738    00000020                 : gpio.obj (.text:GPIOPinWrite)
                  20010758    00000020                 : interrupt.obj (.text:IntRegister)
                  20010778    00000020     simplelink.a : cc_pal.obj (.text:NwpPrePowerOffTimout0)
                  20010798    00000020     driverlib.a : spi.obj (.text:SPIDataGet)
                  200107b8    00000020     simplelink.a : cc_pal.obj (.text:TimerGetCurrentTimestamp)
                  200107d8    00000020                  : driver.obj (.text:_SlDrvObjUnLock)
                  200107f8    00000020                  : driver.obj (.text:_SlDrvSyncObjSignal)
                  20010818    0000001e     driverlib.a : gpio.obj (.text:GPIOIntRegister)
                  20010836    0000001e                 : spi.obj (.text:SPIDataPut)
                  20010854    0000001e                 : timer.obj (.text:TimerDisable)
                  20010872    0000001e                 : timer.obj (.text:TimerEnable)
                  20010890    0000001e                 : timer.obj (.text:TimerIntStatus)
                  200108ae    0000001e                 : uart.obj (.text:UARTCharPut)
                  200108cc    0000001e     simplelink.a : cc_pal.obj (.text:cc_UDMAChannelSelect)
                  200108ea    0000001e     rtsv7M4_T_le_eabi.lib : strcat.obj (.text)
                  20010908    0000001c     driverlib.a : timer.obj (.text:TimerValueGet)
                  20010924    0000001c                 : uart.obj (.text:UARTCharGetNonBlocking)
                  20010940    0000001c     simplelink.a : driver.obj (.text:_SlDrvStartMeasureTimeout)
                  2001095c    0000001c     rtsv7M4_T_le_eabi.lib : memccpy.obj (.text)
                  20010978    0000001c     driverlib.a : udma.obj (.text:uDMAChannelEnable)
                  20010994    0000001a                 : gpio.obj (.text:GPIOIntDisable)
                  200109ae    0000001a                 : gpio.obj (.text:GPIOIntEnable)
                  200109c8    0000001a                 : pin.obj (.text:PinTypeSPI)
                  200109e2    0000001a                 : pin.obj (.text:PinTypeUART)
                  200109fc    0000001a                 : spi.obj (.text:SPIDmaDisable)
                  20010a16    0000001a                 : spi.obj (.text:SPIDmaEnable)
                  20010a30    0000001a                 : spi.obj (.text:SPIFIFODisable)
                  20010a4a    0000001a                 : spi.obj (.text:SPIFIFOEnable)
                  20010a64    0000001a                 : spi.obj (.text:SPIIntUnregister)
                  20010a7e    00000018                 : gpio.obj (.text:GPIOPinRead)
                  20010a96    00000018                 : spi.obj (.text:SPICSDisable)
                  20010aae    00000018                 : spi.obj (.text:SPICSEnable)
                  20010ac6    00000018                 : spi.obj (.text:SPIDisable)
                  20010ade    00000018                 : spi.obj (.text:SPIEnable)
                  20010af6    00000018                 : timer.obj (.text:TimerIntDisable)
                  20010b0e    00000018                 : timer.obj (.text:TimerIntEnable)
                  20010b26    00000018                 : uart.obj (.text:UARTCharsAvail)
                  20010b3e    00000018     simplelink.a : nonos.obj (.text:_SlNonOsSemSet)
                  20010b56    00000002     --HOLE-- [fill = 0]
                  20010b58    00000018                  : device.obj (.text:_sl_GetStartResponseConvert)
                  20010b70    00000018     rtsv7M4_T_le_eabi.lib : args_main.obj (.text)
                  20010b88    00000016     driverlib.a : prcm.obj (.text:PRCMHIBRegRead)
                  20010b9e    00000016                 : prcm.obj (.text:PRCMHIBRegWrite)
                  20010bb4    00000016     simplelink.a : driver.obj (.text:_SlDrvMemZero)
                  20010bca    00000016     rtsv7M4_T_le_eabi.lib : strchr.obj (.text)
                  20010be0    00000014     driverlib.a : cpu.obj (.text:CPUcpsie)
                  20010bf4    00000014                 : gpio.obj (.text:GPIOIntClear)
                  20010c08    00000014                 : interrupt.obj (.text:IntVTableBaseSet)
                  20010c1c    00000014     rtsv7M4_T_le_eabi.lib : _lock.obj (.text)
                  20010c30    00000014                           : strcpy.obj (.text)
                  20010c44    00000014                           : strlen.obj (.text)
                  20010c58    00000012     driverlib.a : timer.obj (.text:TimerIntClear)
                  20010c6a    00000010     simplelink.a : driver.obj (.text:_SlDrvDispatchHttpServerEvents)
                  20010c7a    0000000e                  : driver.obj (.text:_SlDrvResetCmdExt)
                  20010c88    0000000e     rtsv7M4_T_le_eabi.lib : copy_decompress_none.obj (.text:decompress:none)
                  20010c96    0000000e     startup_ccs.obj (.text)
                  20010ca4    0000000c     simplelink.a : cc_pal.obj (.text:NwpMaskInterrupt)
                  20010cb0    0000000c                  : cc_pal.obj (.text:NwpUnMaskInterrupt)
                  20010cbc    0000000c     rtsv7M4_T_le_eabi.lib : copy_zero_init.obj (.text:decompress:ZI)
                  20010cc8    0000000a     driverlib.a : interrupt.obj (.text:IntMasterEnable)
                  20010cd2    00000008     rtsv7M4_T_le_eabi.lib : s_copysign.obj (.text)
                  20010cda    00000006     driverlib.a : utils.obj (.text:UtilsDelay)
                  20010ce0    00000004     rtsv7M4_T_le_eabi.lib : pre_init.obj (.text)

.const     0    20010ce8    00000ca4     
                  20010ce8    000004fb     Adafruit_GFX.obj (.const:.string:font)
                  200111e3    00000001     --HOLE-- [fill = 0]
                  200111e4    00000004     simplelink.a : wlan.obj (.const:$P$T0$1)
                  200111e8    00000158     rtsv7M4_T_le_eabi.lib : k_rem_pio2.obj (.const:$O1$$)
                  20011340    00000101                           : ctype.obj (.const:.string:_ctypes_)
                  20011441    00000003     --HOLE-- [fill = 0]
                  20011444    00000100     driverlib.a : pin.obj (.const:g_ulPinToPadMap)
                  20011544    000000d4                 : interrupt.obj (.const:g_pulRegs)
                  20011618    000000a8                 : prcm.obj (.const:PRCM_PeriphRegsList)
                  200116c0    00000080                 : interrupt.obj (.const)
                  20011740    0000003c     simplelink.a : driver.obj (.const:OpcodeTranslateTable)
                  2001177c    00000038                  : driver.obj (.const:_SlActionLookupTable)
                  200117b4    0000002c     main.obj (.const:$P$T1$2)
                  200117e0    0000002c     main.obj (.const:.string)
                  2001180c    00000024     driverlib.a : spi.obj (.const:g_ppulSPIIntMap)
                  20011830    00000022     main.obj (.const:.string:$P$T0$1)
                  20011852    00000002     --HOLE-- [fill = 0]
                  20011854    00000020     simplelink.a : driver.obj (.const:RxMsgClassLUT)
                  20011874    00000018     driverlib.a : spi.obj (.const)
                  2001188c    00000015     main.obj (.const:.string:$P$T7$8)
                  200118a1    00000003     --HOLE-- [fill = 0]
                  200118a4    00000014     simplelink.a : driver.obj (.const:$P$T0$1)
                  200118b8    00000014                  : nonos.obj (.const:$P$T0$1)
                  200118cc    00000014     main.obj (.const:$P$T2$3)
                  200118e0    00000012     main.obj (.const:.string:$P$T6$7)
                  200118f2    00000010     simplelink.a : socket.obj (.const:.string:_SlPayloadByProtocolLUT)
                  20011902    00000002     --HOLE-- [fill = 0]
                  20011904    0000000c     main.obj (.const:$P$T4$5)
                  20011910    0000000c     main.obj (.const:.string:$P$T3$4)
                  2001191c    00000009     main.obj (.const:.string:$P$T5$6)
                  20011925    00000008     simplelink.a : device.obj (.const:StartResponseLUT)
                  2001192d    00000003     --HOLE-- [fill = 0]
                  20011930    00000008                  : driver.obj (.const:g_H2NCnysPattern)
                  20011938    00000008                  : driver.obj (.const:g_H2NSyncPattern)
                  20011940    00000008     main.obj (.const)
                  20011948    00000004     simplelink.a : socket.obj (.const:$P$T2$3)
                  2001194c    00000004                  : device.obj (.const:_SlDeviceGetCmdCtrl)
                  20011950    00000004                  : device.obj (.const:_SlDeviceSetCmdCtrl)
                  20011954    00000004                  : netapp.obj (.const:_SlGetHostByNameCtrl)
                  20011958    00000004                  : netapp.obj (.const:_SlNetAppSendTokenValueCmdCtrl)
                  2001195c    00000004                  : netcfg.obj (.const:_SlNetCfgSetCmdCtrl)
                  20011960    00000004                  : wlan.obj (.const:_SlPolicySetCmdCtrl)
                  20011964    00000004                  : wlan.obj (.const:_SlProfileDelCmdCtrl)
                  20011968    00000004                  : socket.obj (.const:_SlRecvCmdCtrl)
                  2001196c    00000004                  : netapp.obj (.const:_SlRegisterServiceCtrl)
                  20011970    00000004                  : wlan.obj (.const:_SlRxFilterSetCmdCtrl)
                  20011974    00000004                  : socket.obj (.const:_SlSendCmdCtrl)
                  20011978    00000004                  : socket.obj (.const:_SlSetSockOptCmdCtrl)
                  2001197c    00000004                  : socket.obj (.const:_SlSockSocketCmdCtrl)
                  20011980    00000004                  : device.obj (.const:_SlStopCmdCtrl)
                  20011984    00000004                  : wlan.obj (.const:_SlWlanCfgSetCmdCtrl)
                  20011988    00000004                  : wlan.obj (.const:_SlWlanSetModeCmdCtrl)

.cinit     0    20011990    000000a8     
                  20011990    00000083     (.cinit..data.load) [load image, compression = lzss]
                  20011a13    00000001     --HOLE-- [fill = 0]
                  20011a14    0000000c     (__TI_handler_table)
                  20011a20    00000008     (.cinit..bss.load) [load image, compression = zero_init]
                  20011a28    00000010     (__TI_cinit_table)

.sysmem    0    20017000    00008000     UNINITIALIZED
                  20017000    00000008     rtsv7M4_T_le_eabi.lib : memory.obj (.sysmem)
                  20017008    00007ff8     --HOLE--

.bss       0    2001f000    00000e14     UNINITIALIZED
                  2001f000    000005b4     (.common:recvJSON)
                  2001f5b4    00000400     main.obj (.bss:json)
                  2001f9b4    00000168     simplelink.a : driver.obj (.bss:g_StatMem)
                  2001fb1c    0000008c     (.common:bitSequence)
                  2001fba8    0000008c     (.common:timeInterval)
                  2001fc34    0000008c     (.common:timeOfInterrupt)
                  2001fcc0    00000050     (.common:g_ucDinDout)
                  2001fd10    00000040     (.common:buffer)
                  2001fd50    00000040     (.common:receiverBuffer)
                  2001fd90    0000002c     (.common:g_time)
                  2001fdbc    00000024     (.common:g_ucConnectionSSID)
                  2001fde0    00000008     (.common:g_ucConnectionBSSID)
                  2001fde8    00000004     uart_if.obj (.bss)
                  2001fdec    00000004     (.common:_readTime)
                  2001fdf0    00000004     (.common:_time)
                  2001fdf4    00000004     (.common:deleteFlag)
                  2001fdf8    00000004     (.common:interruptCounter)
                  2001fdfc    00000004     (.common:pulseCounter)
                  2001fe00    00000004     (.common:readIndex)
                  2001fe04    00000004     (.common:receiverLineNumber)
                  2001fe08    00000004     (.common:time)
                  2001fe0c    00000001     (.common:RxIrqCnt)
                  2001fe0d    00000001     (.common:currRead)
                  2001fe0e    00000001     (.common:g_bDeviceRestartIsRequired)
                  2001fe0f    00000001     (.common:g_cDummy)
                  2001fe10    00000001     (.common:g_ucLED1Pin)
                  2001fe11    00000001     (.common:g_ucLED2Pin)
                  2001fe12    00000001     (.common:g_ucLED3Pin)
                  2001fe13    00000001     (.common:lastRead)

.data      0    2001fe14    00000788     UNINITIALIZED
                  2001fe14    00000690     main.obj (.data:buttons)
                  200204a4    0000003c     simplelink.a : nonos.obj (.data:g__SlNonOsCB)
                  200204e0    00000024     main.obj (.data:state)
                  20020504    00000015     Adafruit_GFX.obj (.data)
                  20020519    00000003     --HOLE--
                  2002051c    00000014     main.obj (.data)
                  20020530    00000014     gpio_if.obj (.data:ulReg)
                  20020544    0000000d     simplelink.a : driver.obj (.data)
                  20020551    00000003     --HOLE--
                  20020554    0000000c     rtsv7M4_T_le_eabi.lib : exit.obj (.data:$O1$$)
                  20020560    0000000c                           : memory.obj (.data:$O1$$)
                  2002056c    0000000c     gpio_if.obj (.data)
                  20020578    00000009     simplelink.a : cc_pal.obj (.data)
                  20020581    00000003     --HOLE--
                  20020584    00000008     rtsv7M4_T_le_eabi.lib : _lock.obj (.data:$O1$$)
                  2002058c    00000008     main.obj (.data:gpioin)
                  20020594    00000004     rtsv7M4_T_le_eabi.lib : errno.obj (.data)
                  20020598    00000004                           : stkdepth_vars.obj (.data)

.stack     0    20036000    00001000     UNINITIALIZED
                  20036000    00001000     --HOLE--

MODULE SUMMARY

       Module                     code    ro data   rw data
       ------                     ----    -------   -------
    .\
       main.obj                   7548    222       4898   
       Adafruit_GFX.obj           2688    1275      21     
       test.obj                   2608    0         0      
       Adafruit_OLED.obj          1142    0         0      
       startup_ccs.obj            14      1024      0      
       gpio_if.obj                920     0         35     
       uart_if.obj                640     0         4      
       timer_if.obj               408     0         0      
       pin_mux_config.obj         324     0         0      
    +--+--------------------------+-------+---------+---------+
       Total:                     16292   2521      4958   
                                                           
    C:/ti/CC3200SDK_1.3.0/cc3200-sdk/driverlib/ccs/Release/driverlib.a
       prcm.obj                   852     168       0      
       interrupt.obj              608     340       0      
       spi.obj                    860     60        0      
       udma.obj                   604     0         0      
       timer.obj                  586     0         0      
       pin.obj                    300     256       0      
       gpio.obj                   448     0         0      
       uart.obj                   284     0         0      
       cpu.obj                    20      0         0      
       utils.obj                  6       0         0      
    +--+--------------------------+-------+---------+---------+
       Total:                     4568    824       0      
                                                           
    C:/ti/CC3200SDK_1.3.0/cc3200-sdk/simplelink/ccs/NON_OS/simplelink.a
       driver.obj                 7714    184       375    
       cc_pal.obj                 1820    0         90     
       socket.obj                 1734    36        0      
       netapp.obj                 1572    12        0      
       wlan.obj                   1312    24        0      
       device.obj                 1230    20        0      
       nonos.obj                  416     20        60     
       netcfg.obj                 152     4         0      
    +--+--------------------------+-------+---------+---------+
       Total:                     15950   300       525    
                                                           
    C:\ti\ccsv7\tools\compiler\ti-cgt-arm_16.9.6.LTS\lib\rtsv7M4_T_le_eabi.lib
       _printfi.obj               4386    0         0      
       k_rem_pio2.obj             1796    344       0      
       s_cos.obj                  1472    0         0      
       s_sin.obj                  1472    0         0      
       memory.obj                 976     0         12     
       ull_div_t2.obj             500     0         0      
       fd_add_t2.obj              438     0         0      
       k_sin.obj                  360     0         0      
       k_cos.obj                  352     0         0      
       fd_div_t2.obj              310     0         0      
       fd_cmp_t2.obj              268     0         0      
       ctype.obj                  0       257       0      
       fd_mul_t2.obj              252     0         0      
       s_floor.obj                244     0         0      
       s_scalbn.obj               208     0         0      
       memcpy_t2.obj              156     0         0      
       vsnprintf.obj              136     0         0      
       memset_t2.obj              122     0         0      
       autoinit.obj               112     0         0      
       copy_decompress_lzss.obj   104     0         0      
       exit.obj                   84      0         12     
       sprintf.obj                96      0         0      
       s_frexp.obj                92      0         0      
       ltoa.obj                   84      0         0      
       atoi.obj                   76      0         0      
       cpy_tbl.obj                76      0         0      
       fd_toi_t2.obj              72      0         0      
       boot.obj                   64      0         0      
       i_tofd_t2.obj              46      0         0      
       memmov.obj                 36      0         0      
       strcat.obj                 30      0         0      
       _lock.obj                  20      0         8      
       memccpy.obj                28      0         0      
       args_main.obj              24      0         0      
       strchr.obj                 22      0         0      
       strcpy.obj                 20      0         0      
       strlen.obj                 20      0         0      
       copy_decompress_none.obj   14      0         0      
       copy_zero_init.obj         12      0         0      
       s_copysign.obj             8       0         0      
       errno.obj                  0       0         4      
       pre_init.obj               4       0         0      
       stkdepth_vars.obj          0       0         4      
       mpu_init.obj               2       0         0      
       startup.obj                2       0         0      
    +--+--------------------------+-------+---------+---------+
       Total:                     14596   601       40     
                                                           
       Heap:                      0       0         32768  
       Stack:                     0       0         4096   
       Linker Generated:          0       167       0      
    +--+--------------------------+-------+---------+---------+
       Grand Total:               51406   4413      42387  


LINKER GENERATED COPY TABLES

__TI_cinit_table @ 20011a28 records: 2, size/record: 8, table size: 16
	.data: load addr=20011990, load size=00000083 bytes, run addr=2001fe14, run size=00000788 bytes, compression=lzss
	.bss: load addr=20011a20, load size=00000008 bytes, run addr=2001f000, run size=00000e14 bytes, compression=zero_init


LINKER GENERATED HANDLER TABLE

__TI_handler_table @ 20011a14 records: 3, size/record: 4, table size: 12
	index: 0, handler: __TI_decompress_lzss
	index: 1, handler: __TI_decompress_none
	index: 2, handler: __TI_zero_init


GLOBAL SYMBOLS: SORTED ALPHABETICALLY BY Name 

address   name                                  
-------   ----                                  
20009fc5  Adafruit_Init                         
2000fb09  C$$EXIT                               
20010be1  CPUcpsie                              
2000ab85  ClearTerm                             
2000a13b  Color565                              
20010621  DmaSpiSwIntHandler                    
20005bc9  Draw                                  
20007d21  DrawBall                              
2000ab8f  Error                                 
20010325  GPIODirModeSet                        
20010bf5  GPIOIntClear                          
20010995  GPIOIntDisable                        
200109af  GPIOIntEnable                         
20010819  GPIOIntRegister                       
200106b1  GPIOIntStatus                         
2000ef81  GPIOIntTypeSet                        
20010a7f  GPIOPinRead                           
20010739  GPIOPinWrite                          
2000aa6d  GPIO_IF_ConfigureNIntEnable           
2000aaf9  GPIO_IF_Get                           
2000aa27  GPIO_IF_GetPortNPin                   
2000a7e9  GPIO_IF_LedConfigure                  
2000a8db  GPIO_IF_LedOff                        
2000a827  GPIO_IF_LedOn                         
2000a98f  GPIO_IF_LedStatus                     
2000a9f9  GPIO_IF_LedToggle                     
2000aab5  GPIO_IF_Set                           
20005ee9  GameLogic                             
2000abc7  GetCmd                                
20005b65  GetMessage                            
2000ab45  InitTerm                              
2000e07d  IntDisable                            
2000e125  IntEnable                             
20010cc9  IntMasterEnable                       
2000f95d  IntPendClear                          
2000fa0d  IntPrioritySet                        
20010759  IntRegister                           
20010645  IntUnregister                         
20010c09  IntVTableBaseSet                      
2000ab63  Message                               
20010ca5  NwpMaskInterrupt                      
200102b5  NwpPowerOff                           
20010455  NwpPowerOn                            
20010779  NwpPrePowerOffTimout0                 
20010149  NwpRegisterInterruptHandler           
20010cb1  NwpUnMaskInterrupt                    
20011740  OpcodeTranslateTable                  
20007c4b  Outstr                                
2000c1f1  PRCMCC3200MCUInit                     
20010b89  PRCMHIBRegRead                        
20010b9f  PRCMHIBRegWrite                       
20010559  PRCMPeripheralClkDisable              
200101c5  PRCMPeripheralClkEnable               
2000e7e1  PRCMPeripheralClockGet                
2000f9b5  PRCMPeripheralReset                   
2001035d  PRCMPeripheralStatusGet               
20010481  PRCMSysResetCauseGet                  
2000ece1  PinConfigSet                          
20010089  PinModeSet                            
2000cb7d  PinMuxConfig                          
200103c5  PinTypeGPIO                           
200109c9  PinTypeSPI                            
200109e3  PinTypeUART                           
2000ad05  Report                                
20010c97  ResetISR                              
2001fe0c  RxIrqCnt                              
UNDEFED   SHT$$INIT_ARRAY$$Base                 
UNDEFED   SHT$$INIT_ARRAY$$Limit                
20010a97  SPICSDisable                          
20010aaf  SPICSEnable                           
2000e271  SPIConfigSetExpClk                    
20010799  SPIDataGet                            
20010837  SPIDataPut                            
20010ac7  SPIDisable                            
200109fd  SPIDmaDisable                         
20010a17  SPIDmaEnable                          
20010adf  SPIEnable                             
20010a31  SPIFIFODisable                        
20010a4b  SPIFIFOEnable                         
20010391  SPIFIFOLevelSet                       
2000fe5d  SPIIntClear                           
2000fc01  SPIIntEnable                          
20010a65  SPIIntUnregister                      
200106d3  SPIReset                              
200106f5  SPIWordCountSet                       
20004651  SPI_Init                              
200048b1  SimpleLinkGeneralEventHandler         
20004895  SimpleLinkHttpServerCallback          
200047ed  SimpleLinkNetAppEventHandler          
200048d5  SimpleLinkSockEventHandler            
200046cd  SimpleLinkWlanEventHandler            
2000ff79  TimerConfigure                        
20010855  TimerDisable                          
20010873  TimerEnable                           
200107b9  TimerGetCurrentTimestamp              
20010c59  TimerIntClear                         
20010af7  TimerIntDisable                       
20010b0f  TimerIntEnable                        
2000f365  TimerIntRegister                      
20010891  TimerIntStatus                        
2000f51d  TimerIntUnregister                    
20010505  TimerLoadSet                          
2001052f  TimerPrescaleSet                      
20004401  TimerRefIntHandler                    
20010909  TimerValueGet                         
20010717  TimerValueSet                         
2000be83  Timer_IF_DeInit                       
2000beb5  Timer_IF_GetCount                     
2000bdbd  Timer_IF_Init                         
2000bdef  Timer_IF_IntSetup                     
2000be3b  Timer_IF_InterruptClear               
2000be9d  Timer_IF_ReLoad                       
2000be53  Timer_IF_Start                        
2000be73  Timer_IF_Stop                         
2000ac6d  TrimSpace                             
20010925  UARTCharGetNonBlocking                
200108af  UARTCharPut                           
20010b27  UARTCharsAvail                        
2000f279  UARTConfigSetExpClk                   
200103f5  UARTDisable                           
20010669  UARTEnable                            
20010cdb  UtilsDelay                            
2001177c  _SlActionLookupTable                  
2000e1cd  _SlDriverHandleError                  
2000fea5  _SlDrvBasicCmd                        
2000df0d  _SlDrvCmdOp                           
2000f445  _SlDrvCmdSend                         
2000b481  _SlDrvDataReadOp                      
2000c7a1  _SlDrvDataWriteOp                     
2000e44d  _SlDrvDeviceEventHandler              
20010c6b  _SlDrvDispatchHttpServerEvents        
2000d071  _SlDrvDriverCBDeinit                  
2000b9ed  _SlDrvDriverCBInit                    
20010581  _SlDrvGlobalObjUnLock                 
2000eb3d  _SlDrvIsTimeoutExpired                
20010bb5  _SlDrvMemZero                         
2000d939  _SlDrvMsgReadSpawnCtx                 
2000d1a1  _SlDrvNetAppEventHandler              
200105f9  _SlDrvObjLockWaitForever              
200107d9  _SlDrvObjUnLock                       
2000fc99  _SlDrvProtectAsyncRespSetting         
200104d9  _SlDrvProtectionObjLockWaitForever    
200105a9  _SlDrvProtectionObjUnLock             
2000b665  _SlDrvReleasePoolObj                  
20010c7b  _SlDrvResetCmdExt                     
2000fa61  _SlDrvRxIrqHandler                    
20010941  _SlDrvStartMeasureTimeout             
200107f9  _SlDrvSyncObjSignal                   
200105d1  _SlDrvSyncObjWaitForever              
2000ffbd  _SlDrvSyncObjWaitTimeout              
2000bed5  _SlDrvWaitForPoolObj                  
20011958  _SlNetAppSendTokenValueCmdCtrl        
2000f2f1  _SlNonOsMainLoopTask                  
2000dfcd  _SlNonOsSemGet                        
20010b3f  _SlNonOsSemSet                        
2000f5ed  _SlNonOsSpawn                         
20037000  __STACK_END                           
00001000  __STACK_SIZE                          
00008000  __SYSMEM_SIZE                         
20011a28  __TI_CINIT_Base                       
20011a38  __TI_CINIT_Limit                      
20011a14  __TI_Handler_Table_Base               
20011a20  __TI_Handler_Table_Limit              
2000f3d5  __TI_auto_init                        
20020554  __TI_cleanup_ptr                      
2000f585  __TI_decompress_lzss                  
20010c89  __TI_decompress_none                  
20020558  __TI_dtors_ptr                        
2002055c  __TI_enable_exit_profile_output       
ffffffff  __TI_pprof_out_hndl                   
200069b5  __TI_printfi                          
ffffffff  __TI_prof_data_size                   
ffffffff  __TI_prof_data_start                  
20011990  __TI_static_base__                    
20010cbd  __TI_zero_init                        
2000edf1  __aeabi_cdcmpeq                       
2000edf1  __aeabi_cdcmple                       
2000ee77  __aeabi_cdrcmple                      
2000feed  __aeabi_d2iz                          
2000b83f  __aeabi_dadd                          
2000ce05  __aeabi_ddiv                          
2000d2a5  __aeabi_dmul                          
2000b835  __aeabi_dsub                          
20010425  __aeabi_i2d                           
2000f185  __aeabi_memclr                        
2000f185  __aeabi_memclr4                       
2000f185  __aeabi_memclr8                       
2000e3b1  __aeabi_memcpy                        
2000e3b1  __aeabi_memcpy4                       
2000e3b1  __aeabi_memcpy8                       
2000f187  __aeabi_memset                        
2000f187  __aeabi_memset4                       
2000f187  __aeabi_memset8                       
2000b28d  __aeabi_uldivmod                      
ffffffff  __binit__                             
ffffffff  __c_args__                            
2000c641  __kernel_cos                          
20008751  __kernel_rem_pio2                     
2000c4d9  __kernel_sin                          
2000a3db  __mpu_init                            
20036000  __stack                               
20010b71  _args_main                            
20010109  _c_int00                              
20011340  _ctypes_                              
20020584  _lock                                 
20010c2b  _nop                                  
2001fdec  _readTime                             
20010c23  _register_lock                        
20010c1d  _register_unlock                      
2000f651  _sl_HandleAsync_Accept                
2000f005  _sl_HandleAsync_Connect               
2000e875  _sl_HandleAsync_DnsGetHostByName      
2000dcb1  _sl_HandleAsync_DnsGetHostByService   
2000ebc9  _sl_HandleAsync_InitComplete          
2000e905  _sl_HandleAsync_PingResponse          
2000fab5  _sl_HandleAsync_Select                
2000fbb1  _sl_HandleAsync_Stop                  
2000f4b1  _sl_NetAppSendTokenValue              
20017000  _sys_memory                           
2000b9eb  _system_post_cinit                    
20010ce1  _system_pre_init                      
2001fdf0  _time                                 
20020588  _unlock                               
2000fb0d  abort                                 
2000fd31  atoi                                  
ffffffff  binit                                 
2001fb1c  bitSequence                           
2001fd10  buffer                                
2001fe14  buttons                               
2000a77d  calloc                                
20004463  compareBitPatterns                    
20004427  compareTwoSequence                    
2000fd7d  copy_in                               
20010cd3  copysign                              
20010cd3  copysignl                             
20008e55  cos                                   
20008e55  cosl                                  
2001fe0d  currRead                              
20020504  cursor_x                              
20020508  cursor_y                              
20004619  decode                                
20007d45  delay                                 
2001fdf4  deleteFlag                            
20005b11  displayBanner                         
20007d79  drawAllFont                           
20007aff  drawChar                              
200072a1  drawCircle                            
200073d5  drawCircleHelper                      
2000a2e5  drawFastHLine                         
2000a249  drawFastVLine                         
20007ef7  drawHorizontalLines                   
2000761b  drawLine                              
2000a381  drawPixel                             
20007707  drawRect                              
20007755  drawRoundRect                         
200078bd  drawTriangle                          
20007fb1  drawVerticalLines                     
20020594  errno                                 
2000fb15  exit                                  
200074f3  fillCircle                            
2000752d  fillCircleHelper                      
2000a193  fillRect                              
20007843  fillRoundRect                         
2000a17d  fillScreen                            
200078ff  fillTriangle                          
2000d3a1  floor                                 
2000d3a1  floorl                                
2000a4c7  free                                  
2000f901  frexp                                 
2000f901  frexpl                                
20020528  g_Host                                
20020544  g_SlDeviceStatus                      
20020578  g_SpiFd                               
200204a4  g__SlNonOsCB                          
2001fe0e  g_bDeviceRestartIsRequired            
2001fe0f  g_cDummy                              
20020548  g_pCB                                 
2002057c  g_pHostIntHdl                         
20004000  g_pfnVectors                          
2001fd90  g_time                                
2001fde0  g_ucConnectionBSSID                   
2001fdbc  g_ucConnectionSSID                    
20020580  g_ucDMAEnabled                        
2001fcc0  g_ucDinDout                           
2001fe10  g_ucLED1Pin                           
2001fe11  g_ucLED2Pin                           
2001fe12  g_ucLED3Pin                           
2002056c  g_uiLED1Port                          
20020570  g_uiLED2Port                          
20020574  g_uiLED3Port                          
20020524  g_ulGatewayIP                         
20020520  g_ulPingPacketsRecv                   
2002051c  g_ulStatus                            
2000a0f7  goTo                                  
20007cff  height                                
20004543  initializeArr                         
2000457f  initializeVariables                   
2001fdf8  interruptCounter                      
2000a3bf  invert                                
2002052c  isPlayerOne                           
2001fe13  lastRead                              
200085b1  lcdTestPattern                        
20008681  lcdTestPattern2                       
2000dbe1  ldexp                                 
2000dbe1  ldexpl                                
2000fb5d  ltoa                                  
20006083  main                                  
20020598  main_func_sp                          
2000a45d  malloc                                
2000a691  memalign                              
2001095d  memccpy                               
2000e3b1  memcpy                                
2001068d  memmove                               
2000f18d  memset                                
2000a3dd  minit                                 
2002054c  pPingCallBackFunc                     
20011940  pedalSize                             
20011944  pedalWidth                            
200045c5  printBuffer                           
200052ff  printErrConvenience                   
20007dfb  printHelloWorld                       
2001fdfc  pulseCounter                          
2001fe00  readIndex                             
200059b9  readJSON                              
2000a587  realloc                               
2001fd50  receiverBuffer                        
2001fe04  receiverLineNumber                    
2001f000  recvJSON                              
2000dbe1  scalbn                                
2000dbe1  scalbnl                               
20007c97  setCursor                             
20007ccf  setTextColor                          
20007caf  setTextSize                           
20007ce7  setTextWrap                           
20010201  simplelink_timerA2_start              
20009415  sin                                   
20009415  sinl                                  
2000c065  sl_Connect                            
2000dd7d  sl_DevGet                             
2000e4e9  sl_DevSet                             
20010045  sl_Htonl                              
2001023d  sl_Htons                              
2000ccc1  sl_NetAppDnsGetHostByName             
2000da21  sl_NetAppMDNSRegisterUnregisterService
2000f6b5  sl_NetAppMDNSUnRegisterService        
2000e581  sl_NetCfgSet                          
2000e311  sl_Recv                               
2000cf3d  sl_Send                               
2000e619  sl_SetSockOpt                         
2000ec55  sl_Socket                             
2000d765  sl_Start                              
2000d495  sl_Stop                               
2000adc5  sl_WlanConnect                        
200102ed  sl_WlanDisconnect                     
2000e995  sl_WlanPolicySet                      
2000f841  sl_WlanProfileDel                     
2000eefd  sl_WlanRxFilterSet                    
2000e6b1  sl_WlanSet                            
2000f8a1  sl_WlanSetMode                        
2000f201  spi_Close                             
2000c8f1  spi_Open                              
2000d585  spi_Read                              
2000e749  spi_Write                             
2000f7e1  sprintf                               
200108eb  strcat                                
20010bcb  strchr                                
20010c31  strcpy                                
20010c45  strlen                                
20008275  testdrawcircles                       
200080e5  testdrawrects                         
20008073  testfastlines                         
20008203  testfillcircles                       
20008145  testfillrects                         
200083e3  testlines                             
20008371  testroundrects                        
200082ef  testtriangles                         
20020514  textbgcolor                           
20020510  textcolor                             
2002050c  textsize                              
2001fe08  time                                  
2001fba8  timeInterval                          
2001fc34  timeOfInterrupt                       
20004511  timerInit                             
2000fdc9  uDMAChannelAssign                     
2000f719  uDMAChannelAttributeDisable           
2000f77d  uDMAChannelAttributeEnable            
20010279  uDMAChannelControlSet                 
20010979  uDMAChannelEnable                     
2000d675  uDMAChannelTransferSet                
2000578d  updateJSON                            
2000ed69  vsnprintf                             
20007cfb  width                                 
20020518  wrap                                  
20009f65  writeCommand                          
20009f95  writeData                             


GLOBAL SYMBOLS: SORTED BY Symbol Address 

address   name                                  
-------   ----                                  
00001000  __STACK_SIZE                          
00008000  __SYSMEM_SIZE                         
20004000  g_pfnVectors                          
20004401  TimerRefIntHandler                    
20004427  compareTwoSequence                    
20004463  compareBitPatterns                    
20004511  timerInit                             
20004543  initializeArr                         
2000457f  initializeVariables                   
200045c5  printBuffer                           
20004619  decode                                
20004651  SPI_Init                              
200046cd  SimpleLinkWlanEventHandler            
200047ed  SimpleLinkNetAppEventHandler          
20004895  SimpleLinkHttpServerCallback          
200048b1  SimpleLinkGeneralEventHandler         
200048d5  SimpleLinkSockEventHandler            
200052ff  printErrConvenience                   
2000578d  updateJSON                            
200059b9  readJSON                              
20005b11  displayBanner                         
20005b65  GetMessage                            
20005bc9  Draw                                  
20005ee9  GameLogic                             
20006083  main                                  
200069b5  __TI_printfi                          
200072a1  drawCircle                            
200073d5  drawCircleHelper                      
200074f3  fillCircle                            
2000752d  fillCircleHelper                      
2000761b  drawLine                              
20007707  drawRect                              
20007755  drawRoundRect                         
20007843  fillRoundRect                         
200078bd  drawTriangle                          
200078ff  fillTriangle                          
20007aff  drawChar                              
20007c4b  Outstr                                
20007c97  setCursor                             
20007caf  setTextSize                           
20007ccf  setTextColor                          
20007ce7  setTextWrap                           
20007cfb  width                                 
20007cff  height                                
20007d21  DrawBall                              
20007d45  delay                                 
20007d79  drawAllFont                           
20007dfb  printHelloWorld                       
20007ef7  drawHorizontalLines                   
20007fb1  drawVerticalLines                     
20008073  testfastlines                         
200080e5  testdrawrects                         
20008145  testfillrects                         
20008203  testfillcircles                       
20008275  testdrawcircles                       
200082ef  testtriangles                         
20008371  testroundrects                        
200083e3  testlines                             
200085b1  lcdTestPattern                        
20008681  lcdTestPattern2                       
20008751  __kernel_rem_pio2                     
20008e55  cos                                   
20008e55  cosl                                  
20009415  sin                                   
20009415  sinl                                  
20009f65  writeCommand                          
20009f95  writeData                             
20009fc5  Adafruit_Init                         
2000a0f7  goTo                                  
2000a13b  Color565                              
2000a17d  fillScreen                            
2000a193  fillRect                              
2000a249  drawFastVLine                         
2000a2e5  drawFastHLine                         
2000a381  drawPixel                             
2000a3bf  invert                                
2000a3db  __mpu_init                            
2000a3dd  minit                                 
2000a45d  malloc                                
2000a4c7  free                                  
2000a587  realloc                               
2000a691  memalign                              
2000a77d  calloc                                
2000a7e9  GPIO_IF_LedConfigure                  
2000a827  GPIO_IF_LedOn                         
2000a8db  GPIO_IF_LedOff                        
2000a98f  GPIO_IF_LedStatus                     
2000a9f9  GPIO_IF_LedToggle                     
2000aa27  GPIO_IF_GetPortNPin                   
2000aa6d  GPIO_IF_ConfigureNIntEnable           
2000aab5  GPIO_IF_Set                           
2000aaf9  GPIO_IF_Get                           
2000ab45  InitTerm                              
2000ab63  Message                               
2000ab85  ClearTerm                             
2000ab8f  Error                                 
2000abc7  GetCmd                                
2000ac6d  TrimSpace                             
2000ad05  Report                                
2000adc5  sl_WlanConnect                        
2000b28d  __aeabi_uldivmod                      
2000b481  _SlDrvDataReadOp                      
2000b665  _SlDrvReleasePoolObj                  
2000b835  __aeabi_dsub                          
2000b83f  __aeabi_dadd                          
2000b9eb  _system_post_cinit                    
2000b9ed  _SlDrvDriverCBInit                    
2000bdbd  Timer_IF_Init                         
2000bdef  Timer_IF_IntSetup                     
2000be3b  Timer_IF_InterruptClear               
2000be53  Timer_IF_Start                        
2000be73  Timer_IF_Stop                         
2000be83  Timer_IF_DeInit                       
2000be9d  Timer_IF_ReLoad                       
2000beb5  Timer_IF_GetCount                     
2000bed5  _SlDrvWaitForPoolObj                  
2000c065  sl_Connect                            
2000c1f1  PRCMCC3200MCUInit                     
2000c4d9  __kernel_sin                          
2000c641  __kernel_cos                          
2000c7a1  _SlDrvDataWriteOp                     
2000c8f1  spi_Open                              
2000cb7d  PinMuxConfig                          
2000ccc1  sl_NetAppDnsGetHostByName             
2000ce05  __aeabi_ddiv                          
2000cf3d  sl_Send                               
2000d071  _SlDrvDriverCBDeinit                  
2000d1a1  _SlDrvNetAppEventHandler              
2000d2a5  __aeabi_dmul                          
2000d3a1  floor                                 
2000d3a1  floorl                                
2000d495  sl_Stop                               
2000d585  spi_Read                              
2000d675  uDMAChannelTransferSet                
2000d765  sl_Start                              
2000d939  _SlDrvMsgReadSpawnCtx                 
2000da21  sl_NetAppMDNSRegisterUnregisterService
2000dbe1  ldexp                                 
2000dbe1  ldexpl                                
2000dbe1  scalbn                                
2000dbe1  scalbnl                               
2000dcb1  _sl_HandleAsync_DnsGetHostByService   
2000dd7d  sl_DevGet                             
2000df0d  _SlDrvCmdOp                           
2000dfcd  _SlNonOsSemGet                        
2000e07d  IntDisable                            
2000e125  IntEnable                             
2000e1cd  _SlDriverHandleError                  
2000e271  SPIConfigSetExpClk                    
2000e311  sl_Recv                               
2000e3b1  __aeabi_memcpy                        
2000e3b1  __aeabi_memcpy4                       
2000e3b1  __aeabi_memcpy8                       
2000e3b1  memcpy                                
2000e44d  _SlDrvDeviceEventHandler              
2000e4e9  sl_DevSet                             
2000e581  sl_NetCfgSet                          
2000e619  sl_SetSockOpt                         
2000e6b1  sl_WlanSet                            
2000e749  spi_Write                             
2000e7e1  PRCMPeripheralClockGet                
2000e875  _sl_HandleAsync_DnsGetHostByName      
2000e905  _sl_HandleAsync_PingResponse          
2000e995  sl_WlanPolicySet                      
2000eb3d  _SlDrvIsTimeoutExpired                
2000ebc9  _sl_HandleAsync_InitComplete          
2000ec55  sl_Socket                             
2000ece1  PinConfigSet                          
2000ed69  vsnprintf                             
2000edf1  __aeabi_cdcmpeq                       
2000edf1  __aeabi_cdcmple                       
2000ee77  __aeabi_cdrcmple                      
2000eefd  sl_WlanRxFilterSet                    
2000ef81  GPIOIntTypeSet                        
2000f005  _sl_HandleAsync_Connect               
2000f185  __aeabi_memclr                        
2000f185  __aeabi_memclr4                       
2000f185  __aeabi_memclr8                       
2000f187  __aeabi_memset                        
2000f187  __aeabi_memset4                       
2000f187  __aeabi_memset8                       
2000f18d  memset                                
2000f201  spi_Close                             
2000f279  UARTConfigSetExpClk                   
2000f2f1  _SlNonOsMainLoopTask                  
2000f365  TimerIntRegister                      
2000f3d5  __TI_auto_init                        
2000f445  _SlDrvCmdSend                         
2000f4b1  _sl_NetAppSendTokenValue              
2000f51d  TimerIntUnregister                    
2000f585  __TI_decompress_lzss                  
2000f5ed  _SlNonOsSpawn                         
2000f651  _sl_HandleAsync_Accept                
2000f6b5  sl_NetAppMDNSUnRegisterService        
2000f719  uDMAChannelAttributeDisable           
2000f77d  uDMAChannelAttributeEnable            
2000f7e1  sprintf                               
2000f841  sl_WlanProfileDel                     
2000f8a1  sl_WlanSetMode                        
2000f901  frexp                                 
2000f901  frexpl                                
2000f95d  IntPendClear                          
2000f9b5  PRCMPeripheralReset                   
2000fa0d  IntPrioritySet                        
2000fa61  _SlDrvRxIrqHandler                    
2000fab5  _sl_HandleAsync_Select                
2000fb09  C$$EXIT                               
2000fb0d  abort                                 
2000fb15  exit                                  
2000fb5d  ltoa                                  
2000fbb1  _sl_HandleAsync_Stop                  
2000fc01  SPIIntEnable                          
2000fc99  _SlDrvProtectAsyncRespSetting         
2000fd31  atoi                                  
2000fd7d  copy_in                               
2000fdc9  uDMAChannelAssign                     
2000fe5d  SPIIntClear                           
2000fea5  _SlDrvBasicCmd                        
2000feed  __aeabi_d2iz                          
2000ff79  TimerConfigure                        
2000ffbd  _SlDrvSyncObjWaitTimeout              
20010045  sl_Htonl                              
20010089  PinModeSet                            
20010109  _c_int00                              
20010149  NwpRegisterInterruptHandler           
200101c5  PRCMPeripheralClkEnable               
20010201  simplelink_timerA2_start              
2001023d  sl_Htons                              
20010279  uDMAChannelControlSet                 
200102b5  NwpPowerOff                           
200102ed  sl_WlanDisconnect                     
20010325  GPIODirModeSet                        
2001035d  PRCMPeripheralStatusGet               
20010391  SPIFIFOLevelSet                       
200103c5  PinTypeGPIO                           
200103f5  UARTDisable                           
20010425  __aeabi_i2d                           
20010455  NwpPowerOn                            
20010481  PRCMSysResetCauseGet                  
200104d9  _SlDrvProtectionObjLockWaitForever    
20010505  TimerLoadSet                          
2001052f  TimerPrescaleSet                      
20010559  PRCMPeripheralClkDisable              
20010581  _SlDrvGlobalObjUnLock                 
200105a9  _SlDrvProtectionObjUnLock             
200105d1  _SlDrvSyncObjWaitForever              
200105f9  _SlDrvObjLockWaitForever              
20010621  DmaSpiSwIntHandler                    
20010645  IntUnregister                         
20010669  UARTEnable                            
2001068d  memmove                               
200106b1  GPIOIntStatus                         
200106d3  SPIReset                              
200106f5  SPIWordCountSet                       
20010717  TimerValueSet                         
20010739  GPIOPinWrite                          
20010759  IntRegister                           
20010779  NwpPrePowerOffTimout0                 
20010799  SPIDataGet                            
200107b9  TimerGetCurrentTimestamp              
200107d9  _SlDrvObjUnLock                       
200107f9  _SlDrvSyncObjSignal                   
20010819  GPIOIntRegister                       
20010837  SPIDataPut                            
20010855  TimerDisable                          
20010873  TimerEnable                           
20010891  TimerIntStatus                        
200108af  UARTCharPut                           
200108eb  strcat                                
20010909  TimerValueGet                         
20010925  UARTCharGetNonBlocking                
20010941  _SlDrvStartMeasureTimeout             
2001095d  memccpy                               
20010979  uDMAChannelEnable                     
20010995  GPIOIntDisable                        
200109af  GPIOIntEnable                         
200109c9  PinTypeSPI                            
200109e3  PinTypeUART                           
200109fd  SPIDmaDisable                         
20010a17  SPIDmaEnable                          
20010a31  SPIFIFODisable                        
20010a4b  SPIFIFOEnable                         
20010a65  SPIIntUnregister                      
20010a7f  GPIOPinRead                           
20010a97  SPICSDisable                          
20010aaf  SPICSEnable                           
20010ac7  SPIDisable                            
20010adf  SPIEnable                             
20010af7  TimerIntDisable                       
20010b0f  TimerIntEnable                        
20010b27  UARTCharsAvail                        
20010b3f  _SlNonOsSemSet                        
20010b71  _args_main                            
20010b89  PRCMHIBRegRead                        
20010b9f  PRCMHIBRegWrite                       
20010bb5  _SlDrvMemZero                         
20010bcb  strchr                                
20010be1  CPUcpsie                              
20010bf5  GPIOIntClear                          
20010c09  IntVTableBaseSet                      
20010c1d  _register_unlock                      
20010c23  _register_lock                        
20010c2b  _nop                                  
20010c31  strcpy                                
20010c45  strlen                                
20010c59  TimerIntClear                         
20010c6b  _SlDrvDispatchHttpServerEvents        
20010c7b  _SlDrvResetCmdExt                     
20010c89  __TI_decompress_none                  
20010c97  ResetISR                              
20010ca5  NwpMaskInterrupt                      
20010cb1  NwpUnMaskInterrupt                    
20010cbd  __TI_zero_init                        
20010cc9  IntMasterEnable                       
20010cd3  copysign                              
20010cd3  copysignl                             
20010cdb  UtilsDelay                            
20010ce1  _system_pre_init                      
20011340  _ctypes_                              
20011740  OpcodeTranslateTable                  
2001177c  _SlActionLookupTable                  
20011940  pedalSize                             
20011944  pedalWidth                            
20011958  _SlNetAppSendTokenValueCmdCtrl        
20011990  __TI_static_base__                    
20011a14  __TI_Handler_Table_Base               
20011a20  __TI_Handler_Table_Limit              
20011a28  __TI_CINIT_Base                       
20011a38  __TI_CINIT_Limit                      
20017000  _sys_memory                           
2001f000  recvJSON                              
2001fb1c  bitSequence                           
2001fba8  timeInterval                          
2001fc34  timeOfInterrupt                       
2001fcc0  g_ucDinDout                           
2001fd10  buffer                                
2001fd50  receiverBuffer                        
2001fd90  g_time                                
2001fdbc  g_ucConnectionSSID                    
2001fde0  g_ucConnectionBSSID                   
2001fdec  _readTime                             
2001fdf0  _time                                 
2001fdf4  deleteFlag                            
2001fdf8  interruptCounter                      
2001fdfc  pulseCounter                          
2001fe00  readIndex                             
2001fe04  receiverLineNumber                    
2001fe08  time                                  
2001fe0c  RxIrqCnt                              
2001fe0d  currRead                              
2001fe0e  g_bDeviceRestartIsRequired            
2001fe0f  g_cDummy                              
2001fe10  g_ucLED1Pin                           
2001fe11  g_ucLED2Pin                           
2001fe12  g_ucLED3Pin                           
2001fe13  lastRead                              
2001fe14  buttons                               
200204a4  g__SlNonOsCB                          
20020504  cursor_x                              
20020508  cursor_y                              
2002050c  textsize                              
20020510  textcolor                             
20020514  textbgcolor                           
20020518  wrap                                  
2002051c  g_ulStatus                            
20020520  g_ulPingPacketsRecv                   
20020524  g_ulGatewayIP                         
20020528  g_Host                                
2002052c  isPlayerOne                           
20020544  g_SlDeviceStatus                      
20020548  g_pCB                                 
2002054c  pPingCallBackFunc                     
20020554  __TI_cleanup_ptr                      
20020558  __TI_dtors_ptr                        
2002055c  __TI_enable_exit_profile_output       
2002056c  g_uiLED1Port                          
20020570  g_uiLED2Port                          
20020574  g_uiLED3Port                          
20020578  g_SpiFd                               
2002057c  g_pHostIntHdl                         
20020580  g_ucDMAEnabled                        
20020584  _lock                                 
20020588  _unlock                               
20020594  errno                                 
20020598  main_func_sp                          
20036000  __stack                               
20037000  __STACK_END                           
ffffffff  __TI_pprof_out_hndl                   
ffffffff  __TI_prof_data_size                   
ffffffff  __TI_prof_data_start                  
ffffffff  __binit__                             
ffffffff  __c_args__                            
ffffffff  binit                                 
UNDEFED   SHT$$INIT_ARRAY$$Base                 
UNDEFED   SHT$$INIT_ARRAY$$Limit                

[395 symbols]
