******************************************************************************
                  TI ARM Linker PC v16.9.6                     
******************************************************************************
>> Linked Sat Mar 10 18:34:24 2018

OUTPUT FILE NAME:   <SSL_REST_API_AWS_w.out>
ENTRY POINT SYMBOL: "_c_int00"  address: 2000c5f5


MEMORY CONFIGURATION

         name            origin    length      used     unused   attr    fill
----------------------  --------  ---------  --------  --------  ----  --------
  SRAM_CODE             20004000   00013000  0000983a  000097c6  RW X
  SRAM_DATA             20017000   00019000  000099fb  0000f605  RW X


SEGMENT ALLOCATION MAP

run origin  load origin   length   init length attrs members
----------  ----------- ---------- ----------- ----- -------
20004000    20004000    00009840   00009840    r-x
  20004000    20004000    00000400   00000400    r-- .intvecs
  20004400    20004400    00008d58   00008d58    r-x .text
  2000d158    2000d158    00000622   00000622    r-- .const
  2000d780    2000d780    000000c0   000000c0    r-- .cinit
20017000    20017000    000089fb   00000000    rw-
  20017000    20017000    00008000   00000000    rw- .sysmem
  2001f000    2001f000    00000748   00000000    rw- .data
  2001f748    2001f748    000002b3   00000000    rw- .bss
2002f000    2002f000    00001000   00000000    rw-
  2002f000    2002f000    00001000   00000000    rw- .stack


SECTION ALLOCATION MAP

 output                                  attributes/
section   page    origin      length       input sections
--------  ----  ----------  ----------   ----------------
.intvecs   0    20004000    00000400     
                  20004000    00000400     startup_ccs.obj (.intvecs)

.init_array 
*          0    20004000    00000000     UNINITIALIZED

.text      0    20004400    00008d58     
                  20004400    00001300     main.obj (.text)
                  20005700    00001122     rtsv7M4_T_le_eabi.lib : _printfi.obj (.text)
                  20006822    00000002     driverlib.a : interrupt.obj (.text:IntDefaultHandler)
                  20006824    00000590     simplelink.a : driver.obj (.text:_SlDrvMsgRead)
                  20006db4    00000476     Adafruit_OLED.obj (.text)
                  2000722a    00000002     rtsv7M4_T_le_eabi.lib : mpu_init.obj (.text)
                  2000722c    000003d0                           : memory.obj (.text)
                  200075fc    00000398     gpio_if.obj (.text)
                  20007994    00000280     uart_if.obj (.text)
                  20007c14    0000027c     simplelink.a : wlan.obj (.text:sl_WlanConnect)
                  20007e90    0000024c                  : driver.obj (.text:_SlDrvRxHdrRead)
                  200080dc    000001f4     rtsv7M4_T_le_eabi.lib : ull_div_t2.obj (.text)
                  200082d0    000001d0     simplelink.a : driver.obj (.text:_SlDrvReleasePoolObj)
                  200084a0    000001b6     rtsv7M4_T_le_eabi.lib : fd_add_t2.obj (.text)
                  20008656    00000002                           : startup.obj (.text)
                  20008658    000001b4     simplelink.a : driver.obj (.text:_SlDrvDriverCBInit)
                  2000880c    0000019c                  : driver.obj (.text:_SlDrvMsgWrite)
                  200089a8    00000198     timer_if.obj (.text)
                  20008b40    00000190     simplelink.a : driver.obj (.text:_SlDrvWaitForPoolObj)
                  20008cd0    0000018c                  : socket.obj (.text:sl_Connect)
                  20008e5c    00000178     driverlib.a : prcm.obj (.text:PRCMCC3200MCUInit)
                  20008fd4    00000170     simplelink.a : driver.obj (.text:_SlFindAndSetActiveObj)
                  20009144    00000148                  : cc_pal.obj (.text:spi_Open)
                  2000928c    00000144                  : driver.obj (.text:_SlDrvMsgReadCmdCtx)
                  200093d0    00000144     pin_mux_config.obj (.text)
                  20009514    00000144     simplelink.a : netapp.obj (.text:sl_NetAppDnsGetHostByName)
                  20009658    00000136     rtsv7M4_T_le_eabi.lib : fd_div_t2.obj (.text)
                  2000978e    00000002     --HOLE-- [fill = 0]
                  20009790    00000130     simplelink.a : driver.obj (.text:_SlDrvDriverCBDeinit)
                  200098c0    00000104                  : netapp.obj (.text:_SlDrvNetAppEventHandler)
                  200099c4    000000fc     rtsv7M4_T_le_eabi.lib : fd_mul_t2.obj (.text)
                  20009ac0    000000f0     simplelink.a : device.obj (.text:sl_Stop)
                  20009bb0    000000f0                  : cc_pal.obj (.text:spi_Read)
                  20009ca0    000000f0     driverlib.a : udma.obj (.text:uDMAChannelTransferSet)
                  20009d90    000000ec     simplelink.a : device.obj (.text:sl_Start)
                  20009e7c    000000e8                  : driver.obj (.text:_SlAsyncEventGenericHandler)
                  20009f64    000000e8                  : driver.obj (.text:_SlDrvMsgReadSpawnCtx)
                  2000a04c    000000e4                  : netapp.obj (.text:sl_NetAppMDNSRegisterUnregisterService)
                  2000a130    000000dc                  : driver.obj (.text:_SlDrvClassifyRxMsg)
                  2000a20c    000000d0     rtsv7M4_T_le_eabi.lib : s_scalbn.obj (.text)
                  2000a2dc    000000cc     simplelink.a : netapp.obj (.text:_sl_HandleAsync_DnsGetHostByService)
                  2000a3a8    000000cc                  : device.obj (.text:sl_DevGet)
                  2000a474    000000c4                  : driver.obj (.text:_SlRemoveFromList)
                  2000a538    000000c0                  : driver.obj (.text:_SlDrvCmdOp)
                  2000a5f8    000000b0                  : nonos.obj (.text:_SlNonOsSemGet)
                  2000a6a8    000000a8     driverlib.a : interrupt.obj (.text:IntDisable)
                  2000a750    000000a8                 : interrupt.obj (.text:IntEnable)
                  2000a7f8    000000a4     simplelink.a : driver.obj (.text:_SlDriverHandleError)
                  2000a89c    000000a0     driverlib.a : spi.obj (.text:SPIConfigSetExpClk)
                  2000a93c    0000009c     rtsv7M4_T_le_eabi.lib : memcpy_t2.obj (.text)
                  2000a9d8    0000009a     simplelink.a : device.obj (.text:_SlDrvDeviceEventHandler)
                  2000aa72    00000002     --HOLE-- [fill = 0]
                  2000aa74    00000098                  : device.obj (.text:sl_DevSet)
                  2000ab0c    00000098                  : netcfg.obj (.text:sl_NetCfgSet)
                  2000aba4    00000098                  : socket.obj (.text:sl_SetSockOpt)
                  2000ac3c    00000098                  : wlan.obj (.text:sl_WlanSet)
                  2000acd4    00000098                  : cc_pal.obj (.text:spi_Write)
                  2000ad6c    00000094     driverlib.a : prcm.obj (.text:PRCMPeripheralClockGet)
                  2000ae00    00000090     simplelink.a : netapp.obj (.text:_sl_HandleAsync_DnsGetHostByName)
                  2000ae90    00000090                  : netapp.obj (.text:_sl_HandleAsync_PingResponse)
                  2000af20    00000090                  : wlan.obj (.text:sl_WlanPolicySet)
                  2000afb0    0000008c                  : cc_pal.obj (.text:SetupDMAReceive)
                  2000b03c    0000008c                  : cc_pal.obj (.text:SetupDMASend)
                  2000b0c8    0000008c                  : driver.obj (.text:_SlDrvIsTimeoutExpired)
                  2000b154    0000008c                  : device.obj (.text:_sl_HandleAsync_InitComplete)
                  2000b1e0    0000008c                  : socket.obj (.text:sl_Socket)
                  2000b26c    00000088     driverlib.a : pin.obj (.text:PinConfigSet)
                  2000b2f4    00000088     rtsv7M4_T_le_eabi.lib : vsnprintf.obj (.text)
                  2000b37c    00000086                           : fd_cmp_t2.obj (.text:__aeabi_cdcmple)
                  2000b402    00000086                           : fd_cmp_t2.obj (.text:__aeabi_cdrcmple)
                  2000b488    00000084     simplelink.a : wlan.obj (.text:sl_WlanRxFilterSet)
                  2000b50c    00000082     driverlib.a : gpio.obj (.text:GPIOIntTypeSet)
                  2000b58e    00000002     --HOLE-- [fill = 0]
                  2000b590    00000080     simplelink.a : socket.obj (.text:_sl_HandleAsync_Connect)
                  2000b610    00000080                  : cc_pal.obj (.text:spi_Read_CPU)
                  2000b690    00000080                  : cc_pal.obj (.text:spi_Write_CPU)
                  2000b710    0000007a     rtsv7M4_T_le_eabi.lib : memset_t2.obj (.text)
                  2000b78a    00000002     --HOLE-- [fill = 0]
                  2000b78c    00000078     simplelink.a : cc_pal.obj (.text:spi_Close)
                  2000b804    00000076     driverlib.a : uart.obj (.text:UARTConfigSetExpClk)
                  2000b87a    00000002     --HOLE-- [fill = 0]
                  2000b87c    00000074     simplelink.a : nonos.obj (.text:_SlNonOsMainLoopTask)
                  2000b8f0    00000070     driverlib.a : timer.obj (.text:TimerIntRegister)
                  2000b960    00000070     rtsv7M4_T_le_eabi.lib : autoinit.obj (.text)
                  2000b9d0    0000006c     simplelink.a : driver.obj (.text:_SlDrvCmdSend)
                  2000ba3c    0000006c                  : netapp.obj (.text:_sl_NetAppSendTokenValue)
                  2000baa8    00000068     driverlib.a : timer.obj (.text:TimerIntUnregister)
                  2000bb10    00000068     rtsv7M4_T_le_eabi.lib : copy_decompress_lzss.obj (.text:decompress:lzss)
                  2000bb78    00000064     simplelink.a : nonos.obj (.text:_SlNonOsSpawn)
                  2000bbdc    00000064                  : socket.obj (.text:_sl_HandleAsync_Accept)
                  2000bc40    00000064                  : netapp.obj (.text:sl_NetAppMDNSUnRegisterService)
                  2000bca4    00000064     driverlib.a : udma.obj (.text:uDMAChannelAttributeDisable)
                  2000bd08    00000064                 : udma.obj (.text:uDMAChannelAttributeEnable)
                  2000bd6c    00000060     simplelink.a : wlan.obj (.text:sl_WlanProfileDel)
                  2000bdcc    00000060                  : wlan.obj (.text:sl_WlanSetMode)
                  2000be2c    0000005c     rtsv7M4_T_le_eabi.lib : s_frexp.obj (.text)
                  2000be88    00000058     driverlib.a : interrupt.obj (.text:IntPendClear)
                  2000bee0    00000058                 : prcm.obj (.text:PRCMPeripheralReset)
                  2000bf38    00000054                 : interrupt.obj (.text:IntPrioritySet)
                  2000bf8c    00000054     simplelink.a : driver.obj (.text:_SlDrvRxIrqHandler)
                  2000bfe0    00000054                  : socket.obj (.text:_sl_HandleAsync_Select)
                  2000c034    00000054     rtsv7M4_T_le_eabi.lib : exit.obj (.text)
                  2000c088    00000054                           : ltoa.obj (.text)
                  2000c0dc    00000050     simplelink.a : device.obj (.text:_sl_HandleAsync_Stop)
                  2000c12c    0000004c     driverlib.a : spi.obj (.text:SPIIntEnable)
                  2000c178    0000004c                 : spi.obj (.text:SPIIntNumberGet)
                  2000c1c4    0000004c     simplelink.a : driver.obj (.text:_SlDrvProtectAsyncRespSetting)
                  2000c210    0000004c                  : socket.obj (.text:_sl_BuildAddress)
                  2000c25c    0000004c     rtsv7M4_T_le_eabi.lib : atoi.obj (.text)
                  2000c2a8    0000004c                           : cpy_tbl.obj (.text)
                  2000c2f4    0000004c     driverlib.a : udma.obj (.text:uDMAChannelAssign)
                  2000c340    00000048                 : gpio.obj (.text:GPIOGetIntNumber)
                  2000c388    00000048                 : spi.obj (.text:SPIIntClear)
                  2000c3d0    00000048     simplelink.a : driver.obj (.text:_SlDrvBasicCmd)
                  2000c418    00000048     rtsv7M4_T_le_eabi.lib : fd_toi_t2.obj (.text)
                  2000c460    00000044     driverlib.a : spi.obj (.text:SPIDmaMaskGet)
                  2000c4a4    00000044                 : timer.obj (.text:TimerConfigure)
                  2000c4e8    00000044     simplelink.a : driver.obj (.text:_SlDrvSyncObjWaitTimeout)
                  2000c52c    00000044                  : cc_pal.obj (.text:cc_SetupTransfer)
                  2000c570    00000042                  : socket.obj (.text:sl_Htonl)
                  2000c5b2    00000002     --HOLE-- [fill = 0]
                  2000c5b4    00000040     driverlib.a : pin.obj (.text:PinModeSet)
                  2000c5f4    00000040     rtsv7M4_T_le_eabi.lib : boot.obj (.text)
                  2000c634    0000003e     simplelink.a : cc_pal.obj (.text:NwpRegisterInterruptHandler)
                  2000c672    0000003c                  : netapp.obj (.text:CopyPingResultsToReport)
                  2000c6ae    00000002     --HOLE-- [fill = 0]
                  2000c6b0    0000003c     driverlib.a : prcm.obj (.text:PRCMPeripheralClkEnable)
                  2000c6ec    0000003c     simplelink.a : cc_pal.obj (.text:simplelink_timerA2_start)
                  2000c728    0000003c                  : socket.obj (.text:sl_Htons)
                  2000c764    0000003c     driverlib.a : udma.obj (.text:uDMAChannelControlSet)
                  2000c7a0    00000038     simplelink.a : cc_pal.obj (.text:NwpPowerOff)
                  2000c7d8    00000038                  : wlan.obj (.text:sl_WlanDisconnect)
                  2000c810    00000036     driverlib.a : gpio.obj (.text:GPIODirModeSet)
                  2000c846    00000002     --HOLE-- [fill = 0]
                  2000c848    00000034                 : prcm.obj (.text:PRCMPeripheralStatusGet)
                  2000c87c    00000034                 : spi.obj (.text:SPIFIFOLevelSet)
                  2000c8b0    00000030                 : pin.obj (.text:PinTypeGPIO)
                  2000c8e0    00000030                 : uart.obj (.text:UARTDisable)
                  2000c910    0000002e     rtsv7M4_T_le_eabi.lib : i_tofd_t2.obj (.text)
                  2000c93e    00000002     --HOLE-- [fill = 0]
                  2000c940    0000002c     simplelink.a : cc_pal.obj (.text:NwpPowerOn)
                  2000c96c    0000002c     driverlib.a : prcm.obj (.text:PRCMSysResetCauseGet)
                  2000c998    0000002c     simplelink.a : driver.obj (.text:_SlDrvObjGlobalLockWaitForever)
                  2000c9c4    0000002c                  : driver.obj (.text:_SlDrvProtectionObjLockWaitForever)
                  2000c9f0    0000002a     driverlib.a : timer.obj (.text:TimerLoadSet)
                  2000ca1a    0000002a                 : timer.obj (.text:TimerPrescaleSet)
                  2000ca44    00000028                 : prcm.obj (.text:PRCMPeripheralClkDisable)
                  2000ca6c    00000028     simplelink.a : driver.obj (.text:_SlDrvGlobalObjUnLock)
                  2000ca94    00000028                  : driver.obj (.text:_SlDrvProtectionObjUnLock)
                  2000cabc    00000028                  : driver.obj (.text:_SlDrvSyncObjWaitForever)
                  2000cae4    00000024                  : cc_pal.obj (.text:DmaSpiSwIntHandler)
                  2000cb08    00000024     driverlib.a : interrupt.obj (.text:IntUnregister)
                  2000cb2c    00000024                 : uart.obj (.text:UARTEnable)
                  2000cb50    00000024     rtsv7M4_T_le_eabi.lib : memmov.obj (.text)
                  2000cb74    00000022     driverlib.a : gpio.obj (.text:GPIOIntStatus)
                  2000cb96    00000022                 : spi.obj (.text:SPIReset)
                  2000cbb8    00000022                 : spi.obj (.text:SPIWordCountSet)
                  2000cbda    00000022                 : timer.obj (.text:TimerValueSet)
                  2000cbfc    00000020                 : gpio.obj (.text:GPIOPinWrite)
                  2000cc1c    00000020                 : interrupt.obj (.text:IntRegister)
                  2000cc3c    00000020     simplelink.a : cc_pal.obj (.text:NwpPrePowerOffTimout0)
                  2000cc5c    00000020     driverlib.a : spi.obj (.text:SPIDataGet)
                  2000cc7c    00000020     simplelink.a : cc_pal.obj (.text:TimerGetCurrentTimestamp)
                  2000cc9c    00000020                  : driver.obj (.text:_SlDrvSyncObjSignal)
                  2000ccbc    0000001e     driverlib.a : gpio.obj (.text:GPIOIntRegister)
                  2000ccda    0000001e                 : spi.obj (.text:SPIDataPut)
                  2000ccf8    0000001e                 : timer.obj (.text:TimerDisable)
                  2000cd16    0000001e                 : timer.obj (.text:TimerEnable)
                  2000cd34    0000001e                 : timer.obj (.text:TimerIntStatus)
                  2000cd52    0000001e                 : uart.obj (.text:UARTCharPut)
                  2000cd70    0000001e     simplelink.a : cc_pal.obj (.text:cc_UDMAChannelSelect)
                  2000cd8e    0000001c     driverlib.a : timer.obj (.text:TimerValueGet)
                  2000cdaa    0000001c                 : uart.obj (.text:UARTCharGetNonBlocking)
                  2000cdc6    0000001c     simplelink.a : driver.obj (.text:_SlDrvStartMeasureTimeout)
                  2000cde2    0000001c     rtsv7M4_T_le_eabi.lib : memccpy.obj (.text)
                  2000cdfe    00000002     --HOLE-- [fill = 0]
                  2000ce00    0000001c     driverlib.a : udma.obj (.text:uDMAChannelEnable)
                  2000ce1c    0000001a                 : gpio.obj (.text:GPIOIntDisable)
                  2000ce36    0000001a                 : gpio.obj (.text:GPIOIntEnable)
                  2000ce50    0000001a                 : pin.obj (.text:PinTypeSPI)
                  2000ce6a    0000001a                 : pin.obj (.text:PinTypeUART)
                  2000ce84    0000001a                 : spi.obj (.text:SPIDmaDisable)
                  2000ce9e    0000001a                 : spi.obj (.text:SPIDmaEnable)
                  2000ceb8    0000001a                 : spi.obj (.text:SPIFIFODisable)
                  2000ced2    0000001a                 : spi.obj (.text:SPIFIFOEnable)
                  2000ceec    0000001a                 : spi.obj (.text:SPIIntUnregister)
                  2000cf06    00000018                 : gpio.obj (.text:GPIOPinRead)
                  2000cf1e    00000018                 : spi.obj (.text:SPICSDisable)
                  2000cf36    00000018                 : spi.obj (.text:SPICSEnable)
                  2000cf4e    00000018                 : spi.obj (.text:SPIDisable)
                  2000cf66    00000018                 : spi.obj (.text:SPIEnable)
                  2000cf7e    00000018                 : timer.obj (.text:TimerIntDisable)
                  2000cf96    00000018                 : timer.obj (.text:TimerIntEnable)
                  2000cfae    00000018                 : uart.obj (.text:UARTCharsAvail)
                  2000cfc6    00000018     simplelink.a : nonos.obj (.text:_SlNonOsSemSet)
                  2000cfde    00000002     --HOLE-- [fill = 0]
                  2000cfe0    00000018                  : device.obj (.text:_sl_GetStartResponseConvert)
                  2000cff8    00000018     rtsv7M4_T_le_eabi.lib : args_main.obj (.text)
                  2000d010    00000016     driverlib.a : prcm.obj (.text:PRCMHIBRegRead)
                  2000d026    00000016                 : prcm.obj (.text:PRCMHIBRegWrite)
                  2000d03c    00000016     simplelink.a : driver.obj (.text:_SlDrvMemZero)
                  2000d052    00000016     rtsv7M4_T_le_eabi.lib : strchr.obj (.text)
                  2000d068    00000014     driverlib.a : cpu.obj (.text:CPUcpsie)
                  2000d07c    00000014                 : gpio.obj (.text:GPIOIntClear)
                  2000d090    00000014                 : interrupt.obj (.text:IntVTableBaseSet)
                  2000d0a4    00000014     rtsv7M4_T_le_eabi.lib : _lock.obj (.text)
                  2000d0b8    00000014                           : strlen.obj (.text)
                  2000d0cc    00000012     driverlib.a : timer.obj (.text:TimerIntClear)
                  2000d0de    00000010     simplelink.a : driver.obj (.text:_SlDrvDispatchHttpServerEvents)
                  2000d0ee    0000000e                  : driver.obj (.text:_SlDrvResetCmdExt)
                  2000d0fc    0000000e     rtsv7M4_T_le_eabi.lib : copy_decompress_none.obj (.text:decompress:none)
                  2000d10a    0000000e     startup_ccs.obj (.text)
                  2000d118    0000000c     simplelink.a : cc_pal.obj (.text:NwpMaskInterrupt)
                  2000d124    0000000c                  : cc_pal.obj (.text:NwpUnMaskInterrupt)
                  2000d130    0000000c     rtsv7M4_T_le_eabi.lib : copy_zero_init.obj (.text:decompress:ZI)
                  2000d13c    0000000a     driverlib.a : interrupt.obj (.text:IntMasterEnable)
                  2000d146    00000008     rtsv7M4_T_le_eabi.lib : s_copysign.obj (.text)
                  2000d14e    00000006     driverlib.a : utils.obj (.text:UtilsDelay)
                  2000d154    00000004     rtsv7M4_T_le_eabi.lib : pre_init.obj (.text)

.const     0    2000d158    00000622     
                  2000d158    00000101     rtsv7M4_T_le_eabi.lib : ctype.obj (.const:.string:_ctypes_)
                  2000d259    00000003     --HOLE-- [fill = 0]
                  2000d25c    00000100     driverlib.a : pin.obj (.const:g_ulPinToPadMap)
                  2000d35c    000000d4                 : interrupt.obj (.const:g_pulRegs)
                  2000d430    000000a8                 : prcm.obj (.const:PRCM_PeriphRegsList)
                  2000d4d8    00000080                 : interrupt.obj (.const)
                  2000d558    0000003c     simplelink.a : driver.obj (.const:OpcodeTranslateTable)
                  2000d594    00000038                  : driver.obj (.const:_SlActionLookupTable)
                  2000d5cc    0000002c     main.obj (.const:$P$T1$2)
                  2000d5f8    0000002c     main.obj (.const:.string)
                  2000d624    00000024     driverlib.a : spi.obj (.const:g_ppulSPIIntMap)
                  2000d648    00000022     main.obj (.const:.string:$P$T0$1)
                  2000d66a    00000002     --HOLE-- [fill = 0]
                  2000d66c    00000020     simplelink.a : driver.obj (.const:RxMsgClassLUT)
                  2000d68c    00000018     driverlib.a : spi.obj (.const)
                  2000d6a4    00000015     main.obj (.const:.string:$P$T6$7)
                  2000d6b9    00000003     --HOLE-- [fill = 0]
                  2000d6bc    00000014     simplelink.a : driver.obj (.const:$P$T0$1)
                  2000d6d0    00000014                  : nonos.obj (.const:$P$T0$1)
                  2000d6e4    00000014     main.obj (.const:$P$T2$3)
                  2000d6f8    0000000c     main.obj (.const:$P$T4$5)
                  2000d704    0000000c     main.obj (.const:.string:$P$T3$4)
                  2000d710    00000009     main.obj (.const:.string:$P$T5$6)
                  2000d719    00000008     simplelink.a : device.obj (.const:StartResponseLUT)
                  2000d721    00000003     --HOLE-- [fill = 0]
                  2000d724    00000008                  : driver.obj (.const:g_H2NCnysPattern)
                  2000d72c    00000008                  : driver.obj (.const:g_H2NSyncPattern)
                  2000d734    00000005     main.obj (.const:.string:$P$T7$8)
                  2000d739    00000001     --HOLE-- [fill = 0]
                  2000d73a    00000004     simplelink.a : wlan.obj (.const:$P$T0$1)
                  2000d73e    00000004                  : socket.obj (.const:$P$T2$3)
                  2000d742    00000004                  : device.obj (.const:_SlDeviceGetCmdCtrl)
                  2000d746    00000004                  : device.obj (.const:_SlDeviceSetCmdCtrl)
                  2000d74a    00000004                  : netapp.obj (.const:_SlGetHostByNameCtrl)
                  2000d74e    00000004                  : netapp.obj (.const:_SlNetAppSendTokenValueCmdCtrl)
                  2000d752    00000004                  : netcfg.obj (.const:_SlNetCfgSetCmdCtrl)
                  2000d756    00000004                  : wlan.obj (.const:_SlPolicySetCmdCtrl)
                  2000d75a    00000004                  : wlan.obj (.const:_SlProfileDelCmdCtrl)
                  2000d75e    00000004                  : netapp.obj (.const:_SlRegisterServiceCtrl)
                  2000d762    00000004                  : wlan.obj (.const:_SlRxFilterSetCmdCtrl)
                  2000d766    00000004                  : socket.obj (.const:_SlSetSockOptCmdCtrl)
                  2000d76a    00000004                  : socket.obj (.const:_SlSockSocketCmdCtrl)
                  2000d76e    00000004                  : device.obj (.const:_SlStopCmdCtrl)
                  2000d772    00000004                  : wlan.obj (.const:_SlWlanCfgSetCmdCtrl)
                  2000d776    00000004                  : wlan.obj (.const:_SlWlanSetModeCmdCtrl)

.cinit     0    2000d780    000000c0     
                  2000d780    00000099     (.cinit..data.load) [load image, compression = lzss]
                  2000d819    00000003     --HOLE-- [fill = 0]
                  2000d81c    0000000c     (__TI_handler_table)
                  2000d828    00000008     (.cinit..bss.load) [load image, compression = zero_init]
                  2000d830    00000010     (__TI_cinit_table)

.sysmem    0    20017000    00008000     UNINITIALIZED
                  20017000    00000008     rtsv7M4_T_le_eabi.lib : memory.obj (.sysmem)
                  20017008    00007ff8     --HOLE--

.data      0    2001f000    00000748     UNINITIALIZED
                  2001f000    00000690     main.obj (.data:buttons)
                  2001f690    0000003c     simplelink.a : nonos.obj (.data:g__SlNonOsCB)
                  2001f6cc    00000014     gpio_if.obj (.data:ulReg)
                  2001f6e0    00000010     main.obj (.data)
                  2001f6f0    0000000d     simplelink.a : driver.obj (.data)
                  2001f6fd    00000003     --HOLE--
                  2001f700    0000000c     rtsv7M4_T_le_eabi.lib : exit.obj (.data:$O1$$)
                  2001f70c    0000000c                           : memory.obj (.data:$O1$$)
                  2001f718    0000000c     gpio_if.obj (.data)
                  2001f724    00000009     simplelink.a : cc_pal.obj (.data)
                  2001f72d    00000003     --HOLE--
                  2001f730    00000008     rtsv7M4_T_le_eabi.lib : _lock.obj (.data:$O1$$)
                  2001f738    00000008     main.obj (.data:gpioin)
                  2001f740    00000004     rtsv7M4_T_le_eabi.lib : errno.obj (.data)
                  2001f744    00000004                           : stkdepth_vars.obj (.data)

.bss       0    2001f748    000002b3     UNINITIALIZED
                  2001f748    00000168     simplelink.a : driver.obj (.bss:g_StatMem)
                  2001f8b0    0000008c     (.common:bitSequence)
                  2001f93c    00000050     (.common:g_ucDinDout)
                  2001f98c    0000002c     (.common:g_time)
                  2001f9b8    00000024     (.common:g_ucConnectionSSID)
                  2001f9dc    00000008     (.common:g_ucConnectionBSSID)
                  2001f9e4    00000004     uart_if.obj (.bss)
                  2001f9e8    00000004     (.common:_time)
                  2001f9ec    00000004     (.common:interruptCounter)
                  2001f9f0    00000004     (.common:time)
                  2001f9f4    00000001     (.common:RxIrqCnt)
                  2001f9f5    00000001     (.common:currRead)
                  2001f9f6    00000001     (.common:g_bDeviceRestartIsRequired)
                  2001f9f7    00000001     (.common:g_cDummy)
                  2001f9f8    00000001     (.common:g_ucLED1Pin)
                  2001f9f9    00000001     (.common:g_ucLED2Pin)
                  2001f9fa    00000001     (.common:g_ucLED3Pin)

.stack     0    2002f000    00001000     UNINITIALIZED
                  2002f000    00001000     --HOLE--

MODULE SUMMARY

       Module                     code    ro data   rw data
       ------                     ----    -------   -------
    .\
       main.obj                   4864    201       1945   
       Adafruit_OLED.obj          1142    0         0      
       startup_ccs.obj            14      1024      0      
       gpio_if.obj                920     0         35     
       uart_if.obj                640     0         4      
       timer_if.obj               408     0         0      
       pin_mux_config.obj         324     0         0      
    +--+--------------------------+-------+---------+---------+
       Total:                     8312    1225      1984   
                                                           
    C:/ti/CC3200SDK_1.3.0/cc3200-sdk/driverlib/ccs/Release/driverlib.a
       prcm.obj                   852     168       0      
       interrupt.obj              608     340       0      
       spi.obj                    860     60        0      
       udma.obj                   604     0         0      
       timer.obj                  586     0         0      
       pin.obj                    300     256       0      
       gpio.obj                   448     0         0      
       uart.obj                   284     0         0      
       cpu.obj                    20      0         0      
       utils.obj                  6       0         0      
    +--+--------------------------+-------+---------+---------+
       Total:                     4568    824       0      
                                                           
    C:/ti/CC3200SDK_1.3.0/cc3200-sdk/simplelink/ccs/NON_OS/simplelink.a
       driver.obj                 6824    184       375    
       cc_pal.obj                 1820    0         90     
       netapp.obj                 1572    12        0      
       wlan.obj                   1312    24        0      
       device.obj                 1230    20        0      
       socket.obj                 1202    12        0      
       nonos.obj                  416     20        60     
       netcfg.obj                 152     4         0      
    +--+--------------------------+-------+---------+---------+
       Total:                     14528   276       525    
                                                           
    C:\ti\ccsv7\tools\compiler\ti-cgt-arm_16.9.6.LTS\lib\rtsv7M4_T_le_eabi.lib
       _printfi.obj               4386    0         0      
       memory.obj                 976     0         12     
       ull_div_t2.obj             500     0         0      
       fd_add_t2.obj              438     0         0      
       fd_div_t2.obj              310     0         0      
       fd_cmp_t2.obj              268     0         0      
       ctype.obj                  0       257       0      
       fd_mul_t2.obj              252     0         0      
       s_scalbn.obj               208     0         0      
       memcpy_t2.obj              156     0         0      
       vsnprintf.obj              136     0         0      
       memset_t2.obj              122     0         0      
       autoinit.obj               112     0         0      
       copy_decompress_lzss.obj   104     0         0      
       exit.obj                   84      0         12     
       s_frexp.obj                92      0         0      
       ltoa.obj                   84      0         0      
       atoi.obj                   76      0         0      
       cpy_tbl.obj                76      0         0      
       fd_toi_t2.obj              72      0         0      
       boot.obj                   64      0         0      
       i_tofd_t2.obj              46      0         0      
       memmov.obj                 36      0         0      
       _lock.obj                  20      0         8      
       memccpy.obj                28      0         0      
       args_main.obj              24      0         0      
       strchr.obj                 22      0         0      
       strlen.obj                 20      0         0      
       copy_decompress_none.obj   14      0         0      
       copy_zero_init.obj         12      0         0      
       s_copysign.obj             8       0         0      
       errno.obj                  0       0         4      
       pre_init.obj               4       0         0      
       stkdepth_vars.obj          0       0         4      
       mpu_init.obj               2       0         0      
       startup.obj                2       0         0      
    +--+--------------------------+-------+---------+---------+
       Total:                     8754    257       40     
                                                           
       Heap:                      0       0         32768  
       Stack:                     0       0         4096   
       Linker Generated:          0       189       0      
    +--+--------------------------+-------+---------+---------+
       Grand Total:               36162   2771      39413  


LINKER GENERATED COPY TABLES

__TI_cinit_table @ 2000d830 records: 2, size/record: 8, table size: 16
	.data: load addr=2000d780, load size=00000099 bytes, run addr=2001f000, run size=00000748 bytes, compression=lzss
	.bss: load addr=2000d828, load size=00000008 bytes, run addr=2001f748, run size=000002b3 bytes, compression=zero_init


LINKER GENERATED HANDLER TABLE

__TI_handler_table @ 2000d81c records: 3, size/record: 4, table size: 12
	index: 0, handler: __TI_decompress_lzss
	index: 1, handler: __TI_decompress_none
	index: 2, handler: __TI_zero_init


GLOBAL SYMBOLS: SORTED ALPHABETICALLY BY Name 

address   name                                  
-------   ----                                  
20006e15  Adafruit_Init                         
2000c035  C$$EXIT                               
2000d069  CPUcpsie                              
200079d5  ClearTerm                             
20006f8b  Color565                              
200052b1  DisplayBanner                         
2000cae5  DmaSpiSwIntHandler                    
200079df  Error                                 
2000c811  GPIODirModeSet                        
2000d07d  GPIOIntClear                          
2000ce1d  GPIOIntDisable                        
2000ce37  GPIOIntEnable                         
2000ccbd  GPIOIntRegister                       
2000cb75  GPIOIntStatus                         
2000b50d  GPIOIntTypeSet                        
2000cf07  GPIOPinRead                           
2000cbfd  GPIOPinWrite                          
200078bd  GPIO_IF_ConfigureNIntEnable           
20007949  GPIO_IF_Get                           
20007877  GPIO_IF_GetPortNPin                   
20007639  GPIO_IF_LedConfigure                  
2000772b  GPIO_IF_LedOff                        
20007677  GPIO_IF_LedOn                         
200077df  GPIO_IF_LedStatus                     
20007849  GPIO_IF_LedToggle                     
20007905  GPIO_IF_Set                           
20007a17  GetCmd                                
200052cd  GetMessage                            
20007995  InitTerm                              
2000a6a9  IntDisable                            
2000a751  IntEnable                             
2000d13d  IntMasterEnable                       
2000be89  IntPendClear                          
2000bf39  IntPrioritySet                        
2000cc1d  IntRegister                           
2000cb09  IntUnregister                         
2000d091  IntVTableBaseSet                      
200079b3  Message                               
2000d119  NwpMaskInterrupt                      
2000c7a1  NwpPowerOff                           
2000c941  NwpPowerOn                            
2000cc3d  NwpPrePowerOffTimout0                 
2000c635  NwpRegisterInterruptHandler           
2000d125  NwpUnMaskInterrupt                    
2000d558  OpcodeTranslateTable                  
20008e5d  PRCMCC3200MCUInit                     
2000d011  PRCMHIBRegRead                        
2000d027  PRCMHIBRegWrite                       
2000ca45  PRCMPeripheralClkDisable              
2000c6b1  PRCMPeripheralClkEnable               
2000ad6d  PRCMPeripheralClockGet                
2000bee1  PRCMPeripheralReset                   
2000c849  PRCMPeripheralStatusGet               
2000c96d  PRCMSysResetCauseGet                  
2000b26d  PinConfigSet                          
2000c5b5  PinModeSet                            
200093d1  PinMuxConfig                          
2000c8b1  PinTypeGPIO                           
2000ce51  PinTypeSPI                            
2000ce6b  PinTypeUART                           
20007b55  Report                                
2000d10b  ResetISR                              
2001f9f4  RxIrqCnt                              
UNDEFED   SHT$$INIT_ARRAY$$Base                 
UNDEFED   SHT$$INIT_ARRAY$$Limit                
2000cf1f  SPICSDisable                          
2000cf37  SPICSEnable                           
2000a89d  SPIConfigSetExpClk                    
2000cc5d  SPIDataGet                            
2000ccdb  SPIDataPut                            
2000cf4f  SPIDisable                            
2000ce85  SPIDmaDisable                         
2000ce9f  SPIDmaEnable                          
2000cf67  SPIEnable                             
2000ceb9  SPIFIFODisable                        
2000ced3  SPIFIFOEnable                         
2000c87d  SPIFIFOLevelSet                       
2000c389  SPIIntClear                           
2000c12d  SPIIntEnable                          
2000ceed  SPIIntUnregister                      
2000cb97  SPIReset                              
2000cbb9  SPIWordCountSet                       
200045a5  SPI_Init                              
200047d9  SimpleLinkGeneralEventHandler         
200047c1  SimpleLinkHttpServerCallback          
20004719  SimpleLinkNetAppEventHandler          
200047f9  SimpleLinkSockEventHandler            
200045f5  SimpleLinkWlanEventHandler            
2000c4a5  TimerConfigure                        
2000ccf9  TimerDisable                          
2000cd17  TimerEnable                           
2000cc7d  TimerGetCurrentTimestamp              
20004505  TimerInit                             
2000d0cd  TimerIntClear                         
2000cf7f  TimerIntDisable                       
2000cf97  TimerIntEnable                        
2000b8f1  TimerIntRegister                      
2000cd35  TimerIntStatus                        
2000baa9  TimerIntUnregister                    
2000c9f1  TimerLoadSet                          
2000ca1b  TimerPrescaleSet                      
20004401  TimerRefIntHandler                    
2000cd8f  TimerValueGet                         
2000cbdb  TimerValueSet                         
20008aef  Timer_IF_DeInit                       
20008b21  Timer_IF_GetCount                     
20008a29  Timer_IF_Init                         
20008a5b  Timer_IF_IntSetup                     
20008aa7  Timer_IF_InterruptClear               
20008b09  Timer_IF_ReLoad                       
20008abf  Timer_IF_Start                        
20008adf  Timer_IF_Stop                         
20007abd  TrimSpace                             
2000cdab  UARTCharGetNonBlocking                
2000cd53  UARTCharPut                           
2000cfaf  UARTCharsAvail                        
2000b805  UARTConfigSetExpClk                   
2000c8e1  UARTDisable                           
2000cb2d  UARTEnable                            
2000d14f  UtilsDelay                            
2000d594  _SlActionLookupTable                  
2000a7f9  _SlDriverHandleError                  
2000c3d1  _SlDrvBasicCmd                        
2000a539  _SlDrvCmdOp                           
2000b9d1  _SlDrvCmdSend                         
2000a9d9  _SlDrvDeviceEventHandler              
2000d0df  _SlDrvDispatchHttpServerEvents        
20009791  _SlDrvDriverCBDeinit                  
20008659  _SlDrvDriverCBInit                    
2000ca6d  _SlDrvGlobalObjUnLock                 
2000b0c9  _SlDrvIsTimeoutExpired                
2000d03d  _SlDrvMemZero                         
20009f65  _SlDrvMsgReadSpawnCtx                 
200098c1  _SlDrvNetAppEventHandler              
2000c1c5  _SlDrvProtectAsyncRespSetting         
2000c9c5  _SlDrvProtectionObjLockWaitForever    
2000ca95  _SlDrvProtectionObjUnLock             
200082d1  _SlDrvReleasePoolObj                  
2000d0ef  _SlDrvResetCmdExt                     
2000bf8d  _SlDrvRxIrqHandler                    
2000cdc7  _SlDrvStartMeasureTimeout             
2000cc9d  _SlDrvSyncObjSignal                   
2000cabd  _SlDrvSyncObjWaitForever              
2000c4e9  _SlDrvSyncObjWaitTimeout              
20008b41  _SlDrvWaitForPoolObj                  
2000d74e  _SlNetAppSendTokenValueCmdCtrl        
2000b87d  _SlNonOsMainLoopTask                  
2000a5f9  _SlNonOsSemGet                        
2000cfc7  _SlNonOsSemSet                        
2000bb79  _SlNonOsSpawn                         
20030000  __STACK_END                           
00001000  __STACK_SIZE                          
00008000  __SYSMEM_SIZE                         
2000d830  __TI_CINIT_Base                       
2000d840  __TI_CINIT_Limit                      
2000d81c  __TI_Handler_Table_Base               
2000d828  __TI_Handler_Table_Limit              
2000b961  __TI_auto_init                        
2001f700  __TI_cleanup_ptr                      
2000bb11  __TI_decompress_lzss                  
2000d0fd  __TI_decompress_none                  
2001f704  __TI_dtors_ptr                        
2001f708  __TI_enable_exit_profile_output       
ffffffff  __TI_pprof_out_hndl                   
20005f39  __TI_printfi                          
ffffffff  __TI_prof_data_size                   
ffffffff  __TI_prof_data_start                  
2000d780  __TI_static_base__                    
2000d131  __TI_zero_init                        
2000b37d  __aeabi_cdcmpeq                       
2000b37d  __aeabi_cdcmple                       
2000b403  __aeabi_cdrcmple                      
2000c419  __aeabi_d2iz                          
200084ab  __aeabi_dadd                          
20009659  __aeabi_ddiv                          
200099c5  __aeabi_dmul                          
200084a1  __aeabi_dsub                          
2000c911  __aeabi_i2d                           
2000b711  __aeabi_memclr                        
2000b711  __aeabi_memclr4                       
2000b711  __aeabi_memclr8                       
2000a93d  __aeabi_memcpy                        
2000a93d  __aeabi_memcpy4                       
2000a93d  __aeabi_memcpy8                       
2000b713  __aeabi_memset                        
2000b713  __aeabi_memset4                       
2000b713  __aeabi_memset8                       
200080dd  __aeabi_uldivmod                      
ffffffff  __binit__                             
ffffffff  __c_args__                            
2000722b  __mpu_init                            
2002f000  __stack                               
2000cff9  _args_main                            
2000c5f5  _c_int00                              
2000d158  _ctypes_                              
2001f730  _lock                                 
2000d0b3  _nop                                  
2000d0ab  _register_lock                        
2000d0a5  _register_unlock                      
2000bbdd  _sl_HandleAsync_Accept                
2000b591  _sl_HandleAsync_Connect               
2000ae01  _sl_HandleAsync_DnsGetHostByName      
2000a2dd  _sl_HandleAsync_DnsGetHostByService   
2000b155  _sl_HandleAsync_InitComplete          
2000ae91  _sl_HandleAsync_PingResponse          
2000bfe1  _sl_HandleAsync_Select                
2000c0dd  _sl_HandleAsync_Stop                  
2000ba3d  _sl_NetAppSendTokenValue              
20017000  _sys_memory                           
20008657  _system_post_cinit                    
2000d155  _system_pre_init                      
2001f9e8  _time                                 
2001f734  _unlock                               
2000c039  abort                                 
2000c25d  atoi                                  
ffffffff  binit                                 
2001f8b0  bitSequence                           
2001f000  buttons                               
200075cd  calloc                                
2000445b  compareBitPatterns                    
2000441f  compareTwoSequence                    
2000c2a9  copy_in                               
2000d147  copysign                              
2000d147  copysignl                             
2001f9f5  currRead                              
2000456d  decode                                
20007135  drawFastHLine                         
20007099  drawFastVLine                         
200071d1  drawPixel                             
2001f740  errno                                 
2000c041  exit                                  
20006fe3  fillRect                              
20006fcd  fillScreen                            
20007317  free                                  
2000be2d  frexp                                 
2000be2d  frexpl                                
2001f6ec  g_Host                                
2001f6f0  g_SlDeviceStatus                      
2001f724  g_SpiFd                               
2001f690  g__SlNonOsCB                          
2001f9f6  g_bDeviceRestartIsRequired            
2001f9f7  g_cDummy                              
2001f6f4  g_pCB                                 
2001f728  g_pHostIntHdl                         
20004000  g_pfnVectors                          
2001f98c  g_time                                
2001f9dc  g_ucConnectionBSSID                   
2001f9b8  g_ucConnectionSSID                    
2001f72c  g_ucDMAEnabled                        
2001f93c  g_ucDinDout                           
2001f9f8  g_ucLED1Pin                           
2001f9f9  g_ucLED2Pin                           
2001f9fa  g_ucLED3Pin                           
2001f718  g_uiLED1Port                          
2001f71c  g_uiLED2Port                          
2001f720  g_uiLED3Port                          
2001f6e8  g_ulGatewayIP                         
2001f6e4  g_ulPingPacketsRecv                   
2001f6e0  g_ulStatus                            
20006f47  goTo                                  
20004537  initializeArr                         
2000455f  initializeVariables                   
2001f9ec  interruptCounter                      
2000720f  invert                                
2000a20d  ldexp                                 
2000a20d  ldexpl                                
2000c089  ltoa                                  
200055b5  main                                  
2001f744  main_func_sp                          
200072ad  malloc                                
200074e1  memalign                              
2000cde3  memccpy                               
2000a93d  memcpy                                
2000cb51  memmove                               
2000b719  memset                                
2000722d  minit                                 
2001f6f8  pPingCallBackFunc                     
200051d3  printErrConvenience                   
200073d7  realloc                               
2000a20d  scalbn                                
2000a20d  scalbnl                               
2000c6ed  simplelink_timerA2_start              
20008cd1  sl_Connect                            
2000a3a9  sl_DevGet                             
2000aa75  sl_DevSet                             
2000c571  sl_Htonl                              
2000c729  sl_Htons                              
20009515  sl_NetAppDnsGetHostByName             
2000a04d  sl_NetAppMDNSRegisterUnregisterService
2000bc41  sl_NetAppMDNSUnRegisterService        
2000ab0d  sl_NetCfgSet                          
2000aba5  sl_SetSockOpt                         
2000b1e1  sl_Socket                             
20009d91  sl_Start                              
20009ac1  sl_Stop                               
20007c15  sl_WlanConnect                        
2000c7d9  sl_WlanDisconnect                     
2000af21  sl_WlanPolicySet                      
2000bd6d  sl_WlanProfileDel                     
2000b489  sl_WlanRxFilterSet                    
2000ac3d  sl_WlanSet                            
2000bdcd  sl_WlanSetMode                        
2000b78d  spi_Close                             
20009145  spi_Open                              
20009bb1  spi_Read                              
2000acd5  spi_Write                             
2000d053  strchr                                
2000d0b9  strlen                                
2001f9f0  time                                  
2000c2f5  uDMAChannelAssign                     
2000bca5  uDMAChannelAttributeDisable           
2000bd09  uDMAChannelAttributeEnable            
2000c765  uDMAChannelControlSet                 
2000ce01  uDMAChannelEnable                     
20009ca1  uDMAChannelTransferSet                
2000b2f5  vsnprintf                             
20006db5  writeCommand                          
20006de5  writeData                             


GLOBAL SYMBOLS: SORTED BY Symbol Address 

address   name                                  
-------   ----                                  
00001000  __STACK_SIZE                          
00008000  __SYSMEM_SIZE                         
20004000  g_pfnVectors                          
20004401  TimerRefIntHandler                    
2000441f  compareTwoSequence                    
2000445b  compareBitPatterns                    
20004505  TimerInit                             
20004537  initializeArr                         
2000455f  initializeVariables                   
2000456d  decode                                
200045a5  SPI_Init                              
200045f5  SimpleLinkWlanEventHandler            
20004719  SimpleLinkNetAppEventHandler          
200047c1  SimpleLinkHttpServerCallback          
200047d9  SimpleLinkGeneralEventHandler         
200047f9  SimpleLinkSockEventHandler            
200051d3  printErrConvenience                   
200052b1  DisplayBanner                         
200052cd  GetMessage                            
200055b5  main                                  
20005f39  __TI_printfi                          
20006db5  writeCommand                          
20006de5  writeData                             
20006e15  Adafruit_Init                         
20006f47  goTo                                  
20006f8b  Color565                              
20006fcd  fillScreen                            
20006fe3  fillRect                              
20007099  drawFastVLine                         
20007135  drawFastHLine                         
200071d1  drawPixel                             
2000720f  invert                                
2000722b  __mpu_init                            
2000722d  minit                                 
200072ad  malloc                                
20007317  free                                  
200073d7  realloc                               
200074e1  memalign                              
200075cd  calloc                                
20007639  GPIO_IF_LedConfigure                  
20007677  GPIO_IF_LedOn                         
2000772b  GPIO_IF_LedOff                        
200077df  GPIO_IF_LedStatus                     
20007849  GPIO_IF_LedToggle                     
20007877  GPIO_IF_GetPortNPin                   
200078bd  GPIO_IF_ConfigureNIntEnable           
20007905  GPIO_IF_Set                           
20007949  GPIO_IF_Get                           
20007995  InitTerm                              
200079b3  Message                               
200079d5  ClearTerm                             
200079df  Error                                 
20007a17  GetCmd                                
20007abd  TrimSpace                             
20007b55  Report                                
20007c15  sl_WlanConnect                        
200080dd  __aeabi_uldivmod                      
200082d1  _SlDrvReleasePoolObj                  
200084a1  __aeabi_dsub                          
200084ab  __aeabi_dadd                          
20008657  _system_post_cinit                    
20008659  _SlDrvDriverCBInit                    
20008a29  Timer_IF_Init                         
20008a5b  Timer_IF_IntSetup                     
20008aa7  Timer_IF_InterruptClear               
20008abf  Timer_IF_Start                        
20008adf  Timer_IF_Stop                         
20008aef  Timer_IF_DeInit                       
20008b09  Timer_IF_ReLoad                       
20008b21  Timer_IF_GetCount                     
20008b41  _SlDrvWaitForPoolObj                  
20008cd1  sl_Connect                            
20008e5d  PRCMCC3200MCUInit                     
20009145  spi_Open                              
200093d1  PinMuxConfig                          
20009515  sl_NetAppDnsGetHostByName             
20009659  __aeabi_ddiv                          
20009791  _SlDrvDriverCBDeinit                  
200098c1  _SlDrvNetAppEventHandler              
200099c5  __aeabi_dmul                          
20009ac1  sl_Stop                               
20009bb1  spi_Read                              
20009ca1  uDMAChannelTransferSet                
20009d91  sl_Start                              
20009f65  _SlDrvMsgReadSpawnCtx                 
2000a04d  sl_NetAppMDNSRegisterUnregisterService
2000a20d  ldexp                                 
2000a20d  ldexpl                                
2000a20d  scalbn                                
2000a20d  scalbnl                               
2000a2dd  _sl_HandleAsync_DnsGetHostByService   
2000a3a9  sl_DevGet                             
2000a539  _SlDrvCmdOp                           
2000a5f9  _SlNonOsSemGet                        
2000a6a9  IntDisable                            
2000a751  IntEnable                             
2000a7f9  _SlDriverHandleError                  
2000a89d  SPIConfigSetExpClk                    
2000a93d  __aeabi_memcpy                        
2000a93d  __aeabi_memcpy4                       
2000a93d  __aeabi_memcpy8                       
2000a93d  memcpy                                
2000a9d9  _SlDrvDeviceEventHandler              
2000aa75  sl_DevSet                             
2000ab0d  sl_NetCfgSet                          
2000aba5  sl_SetSockOpt                         
2000ac3d  sl_WlanSet                            
2000acd5  spi_Write                             
2000ad6d  PRCMPeripheralClockGet                
2000ae01  _sl_HandleAsync_DnsGetHostByName      
2000ae91  _sl_HandleAsync_PingResponse          
2000af21  sl_WlanPolicySet                      
2000b0c9  _SlDrvIsTimeoutExpired                
2000b155  _sl_HandleAsync_InitComplete          
2000b1e1  sl_Socket                             
2000b26d  PinConfigSet                          
2000b2f5  vsnprintf                             
2000b37d  __aeabi_cdcmpeq                       
2000b37d  __aeabi_cdcmple                       
2000b403  __aeabi_cdrcmple                      
2000b489  sl_WlanRxFilterSet                    
2000b50d  GPIOIntTypeSet                        
2000b591  _sl_HandleAsync_Connect               
2000b711  __aeabi_memclr                        
2000b711  __aeabi_memclr4                       
2000b711  __aeabi_memclr8                       
2000b713  __aeabi_memset                        
2000b713  __aeabi_memset4                       
2000b713  __aeabi_memset8                       
2000b719  memset                                
2000b78d  spi_Close                             
2000b805  UARTConfigSetExpClk                   
2000b87d  _SlNonOsMainLoopTask                  
2000b8f1  TimerIntRegister                      
2000b961  __TI_auto_init                        
2000b9d1  _SlDrvCmdSend                         
2000ba3d  _sl_NetAppSendTokenValue              
2000baa9  TimerIntUnregister                    
2000bb11  __TI_decompress_lzss                  
2000bb79  _SlNonOsSpawn                         
2000bbdd  _sl_HandleAsync_Accept                
2000bc41  sl_NetAppMDNSUnRegisterService        
2000bca5  uDMAChannelAttributeDisable           
2000bd09  uDMAChannelAttributeEnable            
2000bd6d  sl_WlanProfileDel                     
2000bdcd  sl_WlanSetMode                        
2000be2d  frexp                                 
2000be2d  frexpl                                
2000be89  IntPendClear                          
2000bee1  PRCMPeripheralReset                   
2000bf39  IntPrioritySet                        
2000bf8d  _SlDrvRxIrqHandler                    
2000bfe1  _sl_HandleAsync_Select                
2000c035  C$$EXIT                               
2000c039  abort                                 
2000c041  exit                                  
2000c089  ltoa                                  
2000c0dd  _sl_HandleAsync_Stop                  
2000c12d  SPIIntEnable                          
2000c1c5  _SlDrvProtectAsyncRespSetting         
2000c25d  atoi                                  
2000c2a9  copy_in                               
2000c2f5  uDMAChannelAssign                     
2000c389  SPIIntClear                           
2000c3d1  _SlDrvBasicCmd                        
2000c419  __aeabi_d2iz                          
2000c4a5  TimerConfigure                        
2000c4e9  _SlDrvSyncObjWaitTimeout              
2000c571  sl_Htonl                              
2000c5b5  PinModeSet                            
2000c5f5  _c_int00                              
2000c635  NwpRegisterInterruptHandler           
2000c6b1  PRCMPeripheralClkEnable               
2000c6ed  simplelink_timerA2_start              
2000c729  sl_Htons                              
2000c765  uDMAChannelControlSet                 
2000c7a1  NwpPowerOff                           
2000c7d9  sl_WlanDisconnect                     
2000c811  GPIODirModeSet                        
2000c849  PRCMPeripheralStatusGet               
2000c87d  SPIFIFOLevelSet                       
2000c8b1  PinTypeGPIO                           
2000c8e1  UARTDisable                           
2000c911  __aeabi_i2d                           
2000c941  NwpPowerOn                            
2000c96d  PRCMSysResetCauseGet                  
2000c9c5  _SlDrvProtectionObjLockWaitForever    
2000c9f1  TimerLoadSet                          
2000ca1b  TimerPrescaleSet                      
2000ca45  PRCMPeripheralClkDisable              
2000ca6d  _SlDrvGlobalObjUnLock                 
2000ca95  _SlDrvProtectionObjUnLock             
2000cabd  _SlDrvSyncObjWaitForever              
2000cae5  DmaSpiSwIntHandler                    
2000cb09  IntUnregister                         
2000cb2d  UARTEnable                            
2000cb51  memmove                               
2000cb75  GPIOIntStatus                         
2000cb97  SPIReset                              
2000cbb9  SPIWordCountSet                       
2000cbdb  TimerValueSet                         
2000cbfd  GPIOPinWrite                          
2000cc1d  IntRegister                           
2000cc3d  NwpPrePowerOffTimout0                 
2000cc5d  SPIDataGet                            
2000cc7d  TimerGetCurrentTimestamp              
2000cc9d  _SlDrvSyncObjSignal                   
2000ccbd  GPIOIntRegister                       
2000ccdb  SPIDataPut                            
2000ccf9  TimerDisable                          
2000cd17  TimerEnable                           
2000cd35  TimerIntStatus                        
2000cd53  UARTCharPut                           
2000cd8f  TimerValueGet                         
2000cdab  UARTCharGetNonBlocking                
2000cdc7  _SlDrvStartMeasureTimeout             
2000cde3  memccpy                               
2000ce01  uDMAChannelEnable                     
2000ce1d  GPIOIntDisable                        
2000ce37  GPIOIntEnable                         
2000ce51  PinTypeSPI                            
2000ce6b  PinTypeUART                           
2000ce85  SPIDmaDisable                         
2000ce9f  SPIDmaEnable                          
2000ceb9  SPIFIFODisable                        
2000ced3  SPIFIFOEnable                         
2000ceed  SPIIntUnregister                      
2000cf07  GPIOPinRead                           
2000cf1f  SPICSDisable                          
2000cf37  SPICSEnable                           
2000cf4f  SPIDisable                            
2000cf67  SPIEnable                             
2000cf7f  TimerIntDisable                       
2000cf97  TimerIntEnable                        
2000cfaf  UARTCharsAvail                        
2000cfc7  _SlNonOsSemSet                        
2000cff9  _args_main                            
2000d011  PRCMHIBRegRead                        
2000d027  PRCMHIBRegWrite                       
2000d03d  _SlDrvMemZero                         
2000d053  strchr                                
2000d069  CPUcpsie                              
2000d07d  GPIOIntClear                          
2000d091  IntVTableBaseSet                      
2000d0a5  _register_unlock                      
2000d0ab  _register_lock                        
2000d0b3  _nop                                  
2000d0b9  strlen                                
2000d0cd  TimerIntClear                         
2000d0df  _SlDrvDispatchHttpServerEvents        
2000d0ef  _SlDrvResetCmdExt                     
2000d0fd  __TI_decompress_none                  
2000d10b  ResetISR                              
2000d119  NwpMaskInterrupt                      
2000d125  NwpUnMaskInterrupt                    
2000d131  __TI_zero_init                        
2000d13d  IntMasterEnable                       
2000d147  copysign                              
2000d147  copysignl                             
2000d14f  UtilsDelay                            
2000d155  _system_pre_init                      
2000d158  _ctypes_                              
2000d558  OpcodeTranslateTable                  
2000d594  _SlActionLookupTable                  
2000d74e  _SlNetAppSendTokenValueCmdCtrl        
2000d780  __TI_static_base__                    
2000d81c  __TI_Handler_Table_Base               
2000d828  __TI_Handler_Table_Limit              
2000d830  __TI_CINIT_Base                       
2000d840  __TI_CINIT_Limit                      
20017000  _sys_memory                           
2001f000  buttons                               
2001f690  g__SlNonOsCB                          
2001f6e0  g_ulStatus                            
2001f6e4  g_ulPingPacketsRecv                   
2001f6e8  g_ulGatewayIP                         
2001f6ec  g_Host                                
2001f6f0  g_SlDeviceStatus                      
2001f6f4  g_pCB                                 
2001f6f8  pPingCallBackFunc                     
2001f700  __TI_cleanup_ptr                      
2001f704  __TI_dtors_ptr                        
2001f708  __TI_enable_exit_profile_output       
2001f718  g_uiLED1Port                          
2001f71c  g_uiLED2Port                          
2001f720  g_uiLED3Port                          
2001f724  g_SpiFd                               
2001f728  g_pHostIntHdl                         
2001f72c  g_ucDMAEnabled                        
2001f730  _lock                                 
2001f734  _unlock                               
2001f740  errno                                 
2001f744  main_func_sp                          
2001f8b0  bitSequence                           
2001f93c  g_ucDinDout                           
2001f98c  g_time                                
2001f9b8  g_ucConnectionSSID                    
2001f9dc  g_ucConnectionBSSID                   
2001f9e8  _time                                 
2001f9ec  interruptCounter                      
2001f9f0  time                                  
2001f9f4  RxIrqCnt                              
2001f9f5  currRead                              
2001f9f6  g_bDeviceRestartIsRequired            
2001f9f7  g_cDummy                              
2001f9f8  g_ucLED1Pin                           
2001f9f9  g_ucLED2Pin                           
2001f9fa  g_ucLED3Pin                           
2002f000  __stack                               
20030000  __STACK_END                           
ffffffff  __TI_pprof_out_hndl                   
ffffffff  __TI_prof_data_size                   
ffffffff  __TI_prof_data_start                  
ffffffff  __binit__                             
ffffffff  __c_args__                            
ffffffff  binit                                 
UNDEFED   SHT$$INIT_ARRAY$$Base                 
UNDEFED   SHT$$INIT_ARRAY$$Limit                

[318 symbols]
