******************************************************************************
                  TI ARM Linker PC v16.9.6                     
******************************************************************************
>> Linked Thu Mar 15 10:19:38 2018

OUTPUT FILE NAME:   <SSL_REST_API_AWS_w.out>
ENTRY POINT SYMBOL: "_c_int00"  address: 2000f879


MEMORY CONFIGURATION

         name            origin    length      used     unused   attr    fill
----------------------  --------  ---------  --------  --------  ----  --------
  SRAM_CODE             20004000   00013000  0000d1ac  00005e54  RW X
  SRAM_DATA             20017000   00020000  0000a598  00015a68  RW X


SEGMENT ALLOCATION MAP

run origin  load origin   length   init length attrs members
----------  ----------- ---------- ----------- ----- -------
20004000    20004000    0000d1b0   0000d1b0    r-x
  20004000    20004000    00000400   00000400    r-- .intvecs
  20004400    20004400    0000c054   0000c054    r-x .text
  20010458    20010458    00000ca8   00000ca8    r-- .const
  20011100    20011100    000000b0   000000b0    r-- .cinit
20017000    20017000    00009598   00000000    rw-
  20017000    20017000    00008000   00000000    rw- .sysmem
  2001f000    2001f000    00000e10   00000000    rw- .bss
  2001fe10    2001fe10    00000788   00000000    rw- .data
20036000    20036000    00001000   00000000    rw-
  20036000    20036000    00001000   00000000    rw- .stack


SECTION ALLOCATION MAP

 output                                  attributes/
section   page    origin      length       input sections
--------  ----  ----------  ----------   ----------------
.intvecs   0    20004000    00000400     
                  20004000    00000400     startup_ccs.obj (.intvecs)

.init_array 
*          0    20004000    00000000     UNINITIALIZED

.text      0    20004400    0000c054     
                  20004400    00001ebc     main.obj (.text)
                  200062bc    00001122     rtsv7M4_T_le_eabi.lib : _printfi.obj (.text)
                  200073de    00000002     driverlib.a : interrupt.obj (.text:IntDefaultHandler)
                  200073e0    00000a80     Adafruit_GFX.obj (.text)
                  20007e60    00000704     rtsv7M4_T_le_eabi.lib : k_rem_pio2.obj (.text)
                  20008564    000005c0                           : s_cos.obj (.text)
                  20008b24    000005c0                           : s_sin.obj (.text)
                  200090e4    00000590     simplelink.a : driver.obj (.text:_SlDrvMsgRead)
                  20009674    00000476     Adafruit_OLED.obj (.text)
                  20009aea    00000002     rtsv7M4_T_le_eabi.lib : mpu_init.obj (.text)
                  20009aec    000003d0                           : memory.obj (.text)
                  20009ebc    00000398     gpio_if.obj (.text)
                  2000a254    00000280     uart_if.obj (.text)
                  2000a4d4    0000027c     simplelink.a : wlan.obj (.text:sl_WlanConnect)
                  2000a750    0000024c                  : driver.obj (.text:_SlDrvRxHdrRead)
                  2000a99c    000001f4     rtsv7M4_T_le_eabi.lib : ull_div_t2.obj (.text)
                  2000ab90    000001e4     simplelink.a : driver.obj (.text:_SlDrvDataReadOp)
                  2000ad74    000001d0                  : driver.obj (.text:_SlDrvReleasePoolObj)
                  2000af44    000001b6     rtsv7M4_T_le_eabi.lib : fd_add_t2.obj (.text)
                  2000b0fa    00000002                           : startup.obj (.text)
                  2000b0fc    000001b4     simplelink.a : driver.obj (.text:_SlDrvDriverCBInit)
                  2000b2b0    0000019c                  : driver.obj (.text:_SlDrvMsgWrite)
                  2000b44c    00000198     timer_if.obj (.text)
                  2000b5e4    00000190     simplelink.a : driver.obj (.text:_SlDrvWaitForPoolObj)
                  2000b774    0000018c                  : socket.obj (.text:sl_Connect)
                  2000b900    00000178     driverlib.a : prcm.obj (.text:PRCMCC3200MCUInit)
                  2000ba78    00000170     simplelink.a : driver.obj (.text:_SlFindAndSetActiveObj)
                  2000bbe8    00000168     rtsv7M4_T_le_eabi.lib : k_sin.obj (.text)
                  2000bd50    00000160                           : k_cos.obj (.text)
                  2000beb0    00000150     simplelink.a : driver.obj (.text:_SlDrvDataWriteOp)
                  2000c000    00000148                  : cc_pal.obj (.text:spi_Open)
                  2000c148    00000144                  : driver.obj (.text:_SlDrvMsgReadCmdCtx)
                  2000c28c    00000144     pin_mux_config.obj (.text)
                  2000c3d0    00000144     simplelink.a : netapp.obj (.text:sl_NetAppDnsGetHostByName)
                  2000c514    00000136     rtsv7M4_T_le_eabi.lib : fd_div_t2.obj (.text)
                  2000c64a    00000002     --HOLE-- [fill = 0]
                  2000c64c    00000134     simplelink.a : socket.obj (.text:sl_Send)
                  2000c780    00000130                  : driver.obj (.text:_SlDrvDriverCBDeinit)
                  2000c8b0    00000104                  : netapp.obj (.text:_SlDrvNetAppEventHandler)
                  2000c9b4    000000fc     rtsv7M4_T_le_eabi.lib : fd_mul_t2.obj (.text)
                  2000cab0    000000f4                           : s_floor.obj (.text)
                  2000cba4    000000f0     simplelink.a : device.obj (.text:sl_Stop)
                  2000cc94    000000f0                  : cc_pal.obj (.text:spi_Read)
                  2000cd84    000000f0     driverlib.a : udma.obj (.text:uDMAChannelTransferSet)
                  2000ce74    000000ec     simplelink.a : device.obj (.text:sl_Start)
                  2000cf60    000000e8                  : driver.obj (.text:_SlAsyncEventGenericHandler)
                  2000d048    000000e8                  : driver.obj (.text:_SlDrvMsgReadSpawnCtx)
                  2000d130    000000e4                  : netapp.obj (.text:sl_NetAppMDNSRegisterUnregisterService)
                  2000d214    000000dc                  : driver.obj (.text:_SlDrvClassifyRxMsg)
                  2000d2f0    000000d0     rtsv7M4_T_le_eabi.lib : s_scalbn.obj (.text)
                  2000d3c0    000000cc     simplelink.a : netapp.obj (.text:_sl_HandleAsync_DnsGetHostByService)
                  2000d48c    000000cc                  : device.obj (.text:sl_DevGet)
                  2000d558    000000c4                  : driver.obj (.text:_SlRemoveFromList)
                  2000d61c    000000c0                  : driver.obj (.text:_SlDrvCmdOp)
                  2000d6dc    000000b0                  : nonos.obj (.text:_SlNonOsSemGet)
                  2000d78c    000000a8     driverlib.a : interrupt.obj (.text:IntDisable)
                  2000d834    000000a8                 : interrupt.obj (.text:IntEnable)
                  2000d8dc    000000a4     simplelink.a : driver.obj (.text:_SlDriverHandleError)
                  2000d980    000000a0     driverlib.a : spi.obj (.text:SPIConfigSetExpClk)
                  2000da20    000000a0     simplelink.a : socket.obj (.text:sl_Recv)
                  2000dac0    0000009c     rtsv7M4_T_le_eabi.lib : memcpy_t2.obj (.text)
                  2000db5c    0000009a     simplelink.a : device.obj (.text:_SlDrvDeviceEventHandler)
                  2000dbf6    00000002     --HOLE-- [fill = 0]
                  2000dbf8    00000098                  : device.obj (.text:sl_DevSet)
                  2000dc90    00000098                  : netcfg.obj (.text:sl_NetCfgSet)
                  2000dd28    00000098                  : socket.obj (.text:sl_SetSockOpt)
                  2000ddc0    00000098                  : wlan.obj (.text:sl_WlanSet)
                  2000de58    00000098                  : cc_pal.obj (.text:spi_Write)
                  2000def0    00000094     driverlib.a : prcm.obj (.text:PRCMPeripheralClockGet)
                  2000df84    00000090     simplelink.a : netapp.obj (.text:_sl_HandleAsync_DnsGetHostByName)
                  2000e014    00000090                  : netapp.obj (.text:_sl_HandleAsync_PingResponse)
                  2000e0a4    00000090                  : wlan.obj (.text:sl_WlanPolicySet)
                  2000e134    0000008c                  : cc_pal.obj (.text:SetupDMAReceive)
                  2000e1c0    0000008c                  : cc_pal.obj (.text:SetupDMASend)
                  2000e24c    0000008c                  : driver.obj (.text:_SlDrvIsTimeoutExpired)
                  2000e2d8    0000008c                  : device.obj (.text:_sl_HandleAsync_InitComplete)
                  2000e364    0000008c                  : socket.obj (.text:sl_Socket)
                  2000e3f0    00000088     driverlib.a : pin.obj (.text:PinConfigSet)
                  2000e478    00000088     rtsv7M4_T_le_eabi.lib : vsnprintf.obj (.text)
                  2000e500    00000086                           : fd_cmp_t2.obj (.text:__aeabi_cdcmple)
                  2000e586    00000086                           : fd_cmp_t2.obj (.text:__aeabi_cdrcmple)
                  2000e60c    00000084     simplelink.a : wlan.obj (.text:sl_WlanRxFilterSet)
                  2000e690    00000082     driverlib.a : gpio.obj (.text:GPIOIntTypeSet)
                  2000e712    00000002     --HOLE-- [fill = 0]
                  2000e714    00000080     simplelink.a : socket.obj (.text:_sl_HandleAsync_Connect)
                  2000e794    00000080                  : cc_pal.obj (.text:spi_Read_CPU)
                  2000e814    00000080                  : cc_pal.obj (.text:spi_Write_CPU)
                  2000e894    0000007a     rtsv7M4_T_le_eabi.lib : memset_t2.obj (.text)
                  2000e90e    00000002     --HOLE-- [fill = 0]
                  2000e910    00000078     simplelink.a : cc_pal.obj (.text:spi_Close)
                  2000e988    00000076     driverlib.a : uart.obj (.text:UARTConfigSetExpClk)
                  2000e9fe    00000002     --HOLE-- [fill = 0]
                  2000ea00    00000074     simplelink.a : nonos.obj (.text:_SlNonOsMainLoopTask)
                  2000ea74    00000070     driverlib.a : timer.obj (.text:TimerIntRegister)
                  2000eae4    00000070     rtsv7M4_T_le_eabi.lib : autoinit.obj (.text)
                  2000eb54    0000006c     simplelink.a : driver.obj (.text:_SlDrvCmdSend)
                  2000ebc0    0000006c                  : netapp.obj (.text:_sl_NetAppSendTokenValue)
                  2000ec2c    00000068     driverlib.a : timer.obj (.text:TimerIntUnregister)
                  2000ec94    00000068     rtsv7M4_T_le_eabi.lib : copy_decompress_lzss.obj (.text:decompress:lzss)
                  2000ecfc    00000064     simplelink.a : nonos.obj (.text:_SlNonOsSpawn)
                  2000ed60    00000064                  : socket.obj (.text:_sl_HandleAsync_Accept)
                  2000edc4    00000064                  : netapp.obj (.text:sl_NetAppMDNSUnRegisterService)
                  2000ee28    00000064     driverlib.a : udma.obj (.text:uDMAChannelAttributeDisable)
                  2000ee8c    00000064                 : udma.obj (.text:uDMAChannelAttributeEnable)
                  2000eef0    00000060     rtsv7M4_T_le_eabi.lib : sprintf.obj (.text)
                  2000ef50    00000060     simplelink.a : socket.obj (.text:sl_Close)
                  2000efb0    00000060                  : wlan.obj (.text:sl_WlanProfileDel)
                  2000f010    00000060                  : wlan.obj (.text:sl_WlanSetMode)
                  2000f070    0000005c     rtsv7M4_T_le_eabi.lib : s_frexp.obj (.text)
                  2000f0cc    00000058     driverlib.a : interrupt.obj (.text:IntPendClear)
                  2000f124    00000058                 : prcm.obj (.text:PRCMPeripheralReset)
                  2000f17c    00000054                 : interrupt.obj (.text:IntPrioritySet)
                  2000f1d0    00000054     simplelink.a : driver.obj (.text:_SlDrvRxIrqHandler)
                  2000f224    00000054                  : socket.obj (.text:_sl_HandleAsync_Select)
                  2000f278    00000054     rtsv7M4_T_le_eabi.lib : exit.obj (.text)
                  2000f2cc    00000054                           : ltoa.obj (.text)
                  2000f320    00000050     simplelink.a : device.obj (.text:_sl_HandleAsync_Stop)
                  2000f370    0000004c     driverlib.a : spi.obj (.text:SPIIntEnable)
                  2000f3bc    0000004c                 : spi.obj (.text:SPIIntNumberGet)
                  2000f408    0000004c     simplelink.a : driver.obj (.text:_SlDrvProtectAsyncRespSetting)
                  2000f454    0000004c                  : socket.obj (.text:_sl_BuildAddress)
                  2000f4a0    0000004c     rtsv7M4_T_le_eabi.lib : atoi.obj (.text)
                  2000f4ec    0000004c                           : cpy_tbl.obj (.text)
                  2000f538    0000004c     driverlib.a : udma.obj (.text:uDMAChannelAssign)
                  2000f584    00000048                 : gpio.obj (.text:GPIOGetIntNumber)
                  2000f5cc    00000048                 : spi.obj (.text:SPIIntClear)
                  2000f614    00000048     simplelink.a : driver.obj (.text:_SlDrvBasicCmd)
                  2000f65c    00000048     rtsv7M4_T_le_eabi.lib : fd_toi_t2.obj (.text)
                  2000f6a4    00000044     driverlib.a : spi.obj (.text:SPIDmaMaskGet)
                  2000f6e8    00000044                 : timer.obj (.text:TimerConfigure)
                  2000f72c    00000044     simplelink.a : driver.obj (.text:_SlDrvSyncObjWaitTimeout)
                  2000f770    00000044                  : cc_pal.obj (.text:cc_SetupTransfer)
                  2000f7b4    00000042                  : socket.obj (.text:sl_Htonl)
                  2000f7f6    00000002     --HOLE-- [fill = 0]
                  2000f7f8    00000040     driverlib.a : pin.obj (.text:PinModeSet)
                  2000f838    00000040     simplelink.a : socket.obj (.text:_sl_TruncatePayloadByProtocol)
                  2000f878    00000040     rtsv7M4_T_le_eabi.lib : boot.obj (.text)
                  2000f8b8    0000003e     simplelink.a : cc_pal.obj (.text:NwpRegisterInterruptHandler)
                  2000f8f6    0000003c                  : netapp.obj (.text:CopyPingResultsToReport)
                  2000f932    00000002     --HOLE-- [fill = 0]
                  2000f934    0000003c     driverlib.a : prcm.obj (.text:PRCMPeripheralClkEnable)
                  2000f970    0000003c     simplelink.a : cc_pal.obj (.text:simplelink_timerA2_start)
                  2000f9ac    0000003c                  : socket.obj (.text:sl_Htons)
                  2000f9e8    0000003c     driverlib.a : udma.obj (.text:uDMAChannelControlSet)
                  2000fa24    00000038     simplelink.a : cc_pal.obj (.text:NwpPowerOff)
                  2000fa5c    00000038                  : wlan.obj (.text:sl_WlanDisconnect)
                  2000fa94    00000036     driverlib.a : gpio.obj (.text:GPIODirModeSet)
                  2000faca    00000002     --HOLE-- [fill = 0]
                  2000facc    00000034                 : prcm.obj (.text:PRCMPeripheralStatusGet)
                  2000fb00    00000034                 : spi.obj (.text:SPIFIFOLevelSet)
                  2000fb34    00000030                 : pin.obj (.text:PinTypeGPIO)
                  2000fb64    00000030                 : uart.obj (.text:UARTDisable)
                  2000fb94    0000002e     rtsv7M4_T_le_eabi.lib : i_tofd_t2.obj (.text)
                  2000fbc2    00000002     --HOLE-- [fill = 0]
                  2000fbc4    0000002c     simplelink.a : cc_pal.obj (.text:NwpPowerOn)
                  2000fbf0    0000002c     driverlib.a : prcm.obj (.text:PRCMSysResetCauseGet)
                  2000fc1c    0000002c     simplelink.a : driver.obj (.text:_SlDrvObjGlobalLockWaitForever)
                  2000fc48    0000002c                  : driver.obj (.text:_SlDrvProtectionObjLockWaitForever)
                  2000fc74    0000002a     driverlib.a : timer.obj (.text:TimerLoadSet)
                  2000fc9e    0000002a                 : timer.obj (.text:TimerPrescaleSet)
                  2000fcc8    00000028                 : prcm.obj (.text:PRCMPeripheralClkDisable)
                  2000fcf0    00000028     simplelink.a : driver.obj (.text:_SlDrvGlobalObjUnLock)
                  2000fd18    00000028                  : driver.obj (.text:_SlDrvProtectionObjUnLock)
                  2000fd40    00000028                  : driver.obj (.text:_SlDrvSyncObjWaitForever)
                  2000fd68    00000026                  : driver.obj (.text:_SlDrvObjLockWaitForever)
                  2000fd8e    00000002     --HOLE-- [fill = 0]
                  2000fd90    00000024                  : cc_pal.obj (.text:DmaSpiSwIntHandler)
                  2000fdb4    00000024     driverlib.a : interrupt.obj (.text:IntUnregister)
                  2000fdd8    00000024                 : uart.obj (.text:UARTEnable)
                  2000fdfc    00000024     rtsv7M4_T_le_eabi.lib : memmov.obj (.text)
                  2000fe20    00000022     driverlib.a : gpio.obj (.text:GPIOIntStatus)
                  2000fe42    00000022                 : spi.obj (.text:SPIReset)
                  2000fe64    00000022                 : spi.obj (.text:SPIWordCountSet)
                  2000fe86    00000022                 : timer.obj (.text:TimerValueSet)
                  2000fea8    00000020                 : gpio.obj (.text:GPIOPinWrite)
                  2000fec8    00000020                 : interrupt.obj (.text:IntRegister)
                  2000fee8    00000020     simplelink.a : cc_pal.obj (.text:NwpPrePowerOffTimout0)
                  2000ff08    00000020     driverlib.a : spi.obj (.text:SPIDataGet)
                  2000ff28    00000020     simplelink.a : cc_pal.obj (.text:TimerGetCurrentTimestamp)
                  2000ff48    00000020                  : driver.obj (.text:_SlDrvObjUnLock)
                  2000ff68    00000020                  : driver.obj (.text:_SlDrvSyncObjSignal)
                  2000ff88    0000001e     driverlib.a : gpio.obj (.text:GPIOIntRegister)
                  2000ffa6    0000001e                 : spi.obj (.text:SPIDataPut)
                  2000ffc4    0000001e                 : timer.obj (.text:TimerDisable)
                  2000ffe2    0000001e                 : timer.obj (.text:TimerEnable)
                  20010000    0000001e                 : timer.obj (.text:TimerIntStatus)
                  2001001e    0000001e                 : uart.obj (.text:UARTCharPut)
                  2001003c    0000001e     simplelink.a : cc_pal.obj (.text:cc_UDMAChannelSelect)
                  2001005a    0000001e     rtsv7M4_T_le_eabi.lib : strcat.obj (.text)
                  20010078    0000001c     driverlib.a : timer.obj (.text:TimerValueGet)
                  20010094    0000001c                 : uart.obj (.text:UARTCharGetNonBlocking)
                  200100b0    0000001c     simplelink.a : driver.obj (.text:_SlDrvStartMeasureTimeout)
                  200100cc    0000001c     rtsv7M4_T_le_eabi.lib : memccpy.obj (.text)
                  200100e8    0000001c     driverlib.a : udma.obj (.text:uDMAChannelEnable)
                  20010104    0000001a                 : gpio.obj (.text:GPIOIntDisable)
                  2001011e    0000001a                 : gpio.obj (.text:GPIOIntEnable)
                  20010138    0000001a                 : pin.obj (.text:PinTypeSPI)
                  20010152    0000001a                 : pin.obj (.text:PinTypeUART)
                  2001016c    0000001a                 : spi.obj (.text:SPIDmaDisable)
                  20010186    0000001a                 : spi.obj (.text:SPIDmaEnable)
                  200101a0    0000001a                 : spi.obj (.text:SPIFIFODisable)
                  200101ba    0000001a                 : spi.obj (.text:SPIFIFOEnable)
                  200101d4    0000001a                 : spi.obj (.text:SPIIntUnregister)
                  200101ee    00000018                 : gpio.obj (.text:GPIOPinRead)
                  20010206    00000018                 : spi.obj (.text:SPICSDisable)
                  2001021e    00000018                 : spi.obj (.text:SPICSEnable)
                  20010236    00000018                 : spi.obj (.text:SPIDisable)
                  2001024e    00000018                 : spi.obj (.text:SPIEnable)
                  20010266    00000018                 : timer.obj (.text:TimerIntDisable)
                  2001027e    00000018                 : timer.obj (.text:TimerIntEnable)
                  20010296    00000018                 : uart.obj (.text:UARTCharsAvail)
                  200102ae    00000018     simplelink.a : nonos.obj (.text:_SlNonOsSemSet)
                  200102c6    00000002     --HOLE-- [fill = 0]
                  200102c8    00000018                  : device.obj (.text:_sl_GetStartResponseConvert)
                  200102e0    00000018     rtsv7M4_T_le_eabi.lib : args_main.obj (.text)
                  200102f8    00000016     driverlib.a : prcm.obj (.text:PRCMHIBRegRead)
                  2001030e    00000016                 : prcm.obj (.text:PRCMHIBRegWrite)
                  20010324    00000016     simplelink.a : driver.obj (.text:_SlDrvMemZero)
                  2001033a    00000016     rtsv7M4_T_le_eabi.lib : strchr.obj (.text)
                  20010350    00000014     driverlib.a : cpu.obj (.text:CPUcpsie)
                  20010364    00000014                 : gpio.obj (.text:GPIOIntClear)
                  20010378    00000014                 : interrupt.obj (.text:IntVTableBaseSet)
                  2001038c    00000014     rtsv7M4_T_le_eabi.lib : _lock.obj (.text)
                  200103a0    00000014                           : strcpy.obj (.text)
                  200103b4    00000014                           : strlen.obj (.text)
                  200103c8    00000012     driverlib.a : timer.obj (.text:TimerIntClear)
                  200103da    00000010     simplelink.a : driver.obj (.text:_SlDrvDispatchHttpServerEvents)
                  200103ea    0000000e                  : driver.obj (.text:_SlDrvResetCmdExt)
                  200103f8    0000000e     rtsv7M4_T_le_eabi.lib : copy_decompress_none.obj (.text:decompress:none)
                  20010406    0000000e     startup_ccs.obj (.text)
                  20010414    0000000c     simplelink.a : cc_pal.obj (.text:NwpMaskInterrupt)
                  20010420    0000000c                  : cc_pal.obj (.text:NwpUnMaskInterrupt)
                  2001042c    0000000c     rtsv7M4_T_le_eabi.lib : copy_zero_init.obj (.text:decompress:ZI)
                  20010438    0000000a     driverlib.a : interrupt.obj (.text:IntMasterEnable)
                  20010442    00000008     rtsv7M4_T_le_eabi.lib : s_copysign.obj (.text)
                  2001044a    00000006     driverlib.a : utils.obj (.text:UtilsDelay)
                  20010450    00000004     rtsv7M4_T_le_eabi.lib : pre_init.obj (.text)

.const     0    20010458    00000ca8     
                  20010458    000004fb     Adafruit_GFX.obj (.const:.string:font)
                  20010953    00000001     --HOLE-- [fill = 0]
                  20010954    00000004     simplelink.a : wlan.obj (.const:$P$T0$1)
                  20010958    00000158     rtsv7M4_T_le_eabi.lib : k_rem_pio2.obj (.const:$O1$$)
                  20010ab0    00000101                           : ctype.obj (.const:.string:_ctypes_)
                  20010bb1    00000003     --HOLE-- [fill = 0]
                  20010bb4    00000100     driverlib.a : pin.obj (.const:g_ulPinToPadMap)
                  20010cb4    000000d4                 : interrupt.obj (.const:g_pulRegs)
                  20010d88    000000a8                 : prcm.obj (.const:PRCM_PeriphRegsList)
                  20010e30    00000080                 : interrupt.obj (.const)
                  20010eb0    0000003c     simplelink.a : driver.obj (.const:OpcodeTranslateTable)
                  20010eec    00000038                  : driver.obj (.const:_SlActionLookupTable)
                  20010f24    0000002c     main.obj (.const:$P$T1$2)
                  20010f50    0000002c     main.obj (.const:.string)
                  20010f7c    00000024     driverlib.a : spi.obj (.const:g_ppulSPIIntMap)
                  20010fa0    00000022     main.obj (.const:.string:$P$T0$1)
                  20010fc2    00000002     --HOLE-- [fill = 0]
                  20010fc4    00000020     simplelink.a : driver.obj (.const:RxMsgClassLUT)
                  20010fe4    00000018     driverlib.a : spi.obj (.const)
                  20010ffc    00000015     main.obj (.const:.string:$P$T7$8)
                  20011011    00000003     --HOLE-- [fill = 0]
                  20011014    00000014     simplelink.a : driver.obj (.const:$P$T0$1)
                  20011028    00000014                  : nonos.obj (.const:$P$T0$1)
                  2001103c    00000014     main.obj (.const:$P$T2$3)
                  20011050    00000012     main.obj (.const:.string:$P$T6$7)
                  20011062    00000010     simplelink.a : socket.obj (.const:.string:_SlPayloadByProtocolLUT)
                  20011072    00000002     --HOLE-- [fill = 0]
                  20011074    0000000c     main.obj (.const:$P$T4$5)
                  20011080    0000000c     main.obj (.const:.string:$P$T3$4)
                  2001108c    00000009     main.obj (.const:.string:$P$T5$6)
                  20011095    00000008     simplelink.a : device.obj (.const:StartResponseLUT)
                  2001109d    00000003     --HOLE-- [fill = 0]
                  200110a0    00000008                  : driver.obj (.const:g_H2NCnysPattern)
                  200110a8    00000008                  : driver.obj (.const:g_H2NSyncPattern)
                  200110b0    00000008     main.obj (.const)
                  200110b8    00000004     simplelink.a : socket.obj (.const:$P$T2$3)
                  200110bc    00000004                  : device.obj (.const:_SlDeviceGetCmdCtrl)
                  200110c0    00000004                  : device.obj (.const:_SlDeviceSetCmdCtrl)
                  200110c4    00000004                  : netapp.obj (.const:_SlGetHostByNameCtrl)
                  200110c8    00000004                  : netapp.obj (.const:_SlNetAppSendTokenValueCmdCtrl)
                  200110cc    00000004                  : netcfg.obj (.const:_SlNetCfgSetCmdCtrl)
                  200110d0    00000004                  : wlan.obj (.const:_SlPolicySetCmdCtrl)
                  200110d4    00000004                  : wlan.obj (.const:_SlProfileDelCmdCtrl)
                  200110d8    00000004                  : socket.obj (.const:_SlRecvCmdCtrl)
                  200110dc    00000004                  : netapp.obj (.const:_SlRegisterServiceCtrl)
                  200110e0    00000004                  : wlan.obj (.const:_SlRxFilterSetCmdCtrl)
                  200110e4    00000004                  : socket.obj (.const:_SlSendCmdCtrl)
                  200110e8    00000004                  : socket.obj (.const:_SlSetSockOptCmdCtrl)
                  200110ec    00000004                  : socket.obj (.const:_SlSockCloseCmdCtrl)
                  200110f0    00000004                  : socket.obj (.const:_SlSockSocketCmdCtrl)
                  200110f4    00000004                  : device.obj (.const:_SlStopCmdCtrl)
                  200110f8    00000004                  : wlan.obj (.const:_SlWlanCfgSetCmdCtrl)
                  200110fc    00000004                  : wlan.obj (.const:_SlWlanSetModeCmdCtrl)

.cinit     0    20011100    000000b0     
                  20011100    00000089     (.cinit..data.load) [load image, compression = lzss]
                  20011189    00000003     --HOLE-- [fill = 0]
                  2001118c    0000000c     (__TI_handler_table)
                  20011198    00000008     (.cinit..bss.load) [load image, compression = zero_init]
                  200111a0    00000010     (__TI_cinit_table)

.sysmem    0    20017000    00008000     UNINITIALIZED
                  20017000    00000008     rtsv7M4_T_le_eabi.lib : memory.obj (.sysmem)
                  20017008    00007ff8     --HOLE--

.bss       0    2001f000    00000e10     UNINITIALIZED
                  2001f000    000005b4     (.common:recvJSON)
                  2001f5b4    00000400     main.obj (.bss:json)
                  2001f9b4    00000168     simplelink.a : driver.obj (.bss:g_StatMem)
                  2001fb1c    0000008c     (.common:bitSequence)
                  2001fba8    0000008c     (.common:timeInterval)
                  2001fc34    0000008c     (.common:timeOfInterrupt)
                  2001fcc0    00000050     (.common:g_ucDinDout)
                  2001fd10    00000040     (.common:buffer)
                  2001fd50    00000040     (.common:receiverBuffer)
                  2001fd90    0000002c     (.common:g_time)
                  2001fdbc    00000024     (.common:g_ucConnectionSSID)
                  2001fde0    00000008     (.common:g_ucConnectionBSSID)
                  2001fde8    00000004     uart_if.obj (.bss)
                  2001fdec    00000004     (.common:_readTime)
                  2001fdf0    00000004     (.common:_time)
                  2001fdf4    00000004     (.common:interruptCounter)
                  2001fdf8    00000004     (.common:pulseCounter)
                  2001fdfc    00000004     (.common:readIndex)
                  2001fe00    00000004     (.common:receiverLineNumber)
                  2001fe04    00000004     (.common:time)
                  2001fe08    00000001     (.common:RxIrqCnt)
                  2001fe09    00000001     (.common:currRead)
                  2001fe0a    00000001     (.common:g_bDeviceRestartIsRequired)
                  2001fe0b    00000001     (.common:g_cDummy)
                  2001fe0c    00000001     (.common:g_ucLED1Pin)
                  2001fe0d    00000001     (.common:g_ucLED2Pin)
                  2001fe0e    00000001     (.common:g_ucLED3Pin)
                  2001fe0f    00000001     (.common:lastRead)

.data      0    2001fe10    00000788     UNINITIALIZED
                  2001fe10    00000690     main.obj (.data:buttons)
                  200204a0    0000003c     simplelink.a : nonos.obj (.data:g__SlNonOsCB)
                  200204dc    00000024     main.obj (.data:state)
                  20020500    00000015     Adafruit_GFX.obj (.data)
                  20020515    00000003     --HOLE--
                  20020518    00000014     main.obj (.data)
                  2002052c    00000014     gpio_if.obj (.data:ulReg)
                  20020540    0000000d     simplelink.a : driver.obj (.data)
                  2002054d    00000003     --HOLE--
                  20020550    0000000c     rtsv7M4_T_le_eabi.lib : exit.obj (.data:$O1$$)
                  2002055c    0000000c                           : memory.obj (.data:$O1$$)
                  20020568    0000000c     gpio_if.obj (.data)
                  20020574    00000009     simplelink.a : cc_pal.obj (.data)
                  2002057d    00000003     --HOLE--
                  20020580    00000008     rtsv7M4_T_le_eabi.lib : _lock.obj (.data:$O1$$)
                  20020588    00000008     main.obj (.data:gpioin)
                  20020590    00000004     rtsv7M4_T_le_eabi.lib : errno.obj (.data)
                  20020594    00000004                           : stkdepth_vars.obj (.data)

.stack     0    20036000    00001000     UNINITIALIZED
                  20036000    00001000     --HOLE--

MODULE SUMMARY

       Module                     code    ro data   rw data
       ------                     ----    -------   -------
    .\
       main.obj                   7868    222       4894   
       Adafruit_GFX.obj           2688    1275      21     
       Adafruit_OLED.obj          1142    0         0      
       startup_ccs.obj            14      1024      0      
       gpio_if.obj                920     0         35     
       uart_if.obj                640     0         4      
       timer_if.obj               408     0         0      
       pin_mux_config.obj         324     0         0      
    +--+--------------------------+-------+---------+---------+
       Total:                     14004   2521      4954   
                                                           
    C:/ti/CC3200SDK_1.3.0/cc3200-sdk/driverlib/ccs/Release/driverlib.a
       prcm.obj                   852     168       0      
       interrupt.obj              608     340       0      
       spi.obj                    860     60        0      
       udma.obj                   604     0         0      
       timer.obj                  586     0         0      
       pin.obj                    300     256       0      
       gpio.obj                   448     0         0      
       uart.obj                   284     0         0      
       cpu.obj                    20      0         0      
       utils.obj                  6       0         0      
    +--+--------------------------+-------+---------+---------+
       Total:                     4568    824       0      
                                                           
    C:/ti/CC3200SDK_1.3.0/cc3200-sdk/simplelink/ccs/NON_OS/simplelink.a
       driver.obj                 7714    184       375    
       cc_pal.obj                 1820    0         90     
       socket.obj                 1830    40        0      
       netapp.obj                 1572    12        0      
       wlan.obj                   1312    24        0      
       device.obj                 1230    20        0      
       nonos.obj                  416     20        60     
       netcfg.obj                 152     4         0      
    +--+--------------------------+-------+---------+---------+
       Total:                     16046   304       525    
                                                           
    C:\ti\ccsv7\tools\compiler\ti-cgt-arm_16.9.6.LTS\lib\rtsv7M4_T_le_eabi.lib
       _printfi.obj               4386    0         0      
       k_rem_pio2.obj             1796    344       0      
       s_cos.obj                  1472    0         0      
       s_sin.obj                  1472    0         0      
       memory.obj                 976     0         12     
       ull_div_t2.obj             500     0         0      
       fd_add_t2.obj              438     0         0      
       k_sin.obj                  360     0         0      
       k_cos.obj                  352     0         0      
       fd_div_t2.obj              310     0         0      
       fd_cmp_t2.obj              268     0         0      
       ctype.obj                  0       257       0      
       fd_mul_t2.obj              252     0         0      
       s_floor.obj                244     0         0      
       s_scalbn.obj               208     0         0      
       memcpy_t2.obj              156     0         0      
       vsnprintf.obj              136     0         0      
       memset_t2.obj              122     0         0      
       autoinit.obj               112     0         0      
       copy_decompress_lzss.obj   104     0         0      
       exit.obj                   84      0         12     
       sprintf.obj                96      0         0      
       s_frexp.obj                92      0         0      
       ltoa.obj                   84      0         0      
       atoi.obj                   76      0         0      
       cpy_tbl.obj                76      0         0      
       fd_toi_t2.obj              72      0         0      
       boot.obj                   64      0         0      
       i_tofd_t2.obj              46      0         0      
       memmov.obj                 36      0         0      
       strcat.obj                 30      0         0      
       _lock.obj                  20      0         8      
       memccpy.obj                28      0         0      
       args_main.obj              24      0         0      
       strchr.obj                 22      0         0      
       strcpy.obj                 20      0         0      
       strlen.obj                 20      0         0      
       copy_decompress_none.obj   14      0         0      
       copy_zero_init.obj         12      0         0      
       s_copysign.obj             8       0         0      
       errno.obj                  0       0         4      
       pre_init.obj               4       0         0      
       stkdepth_vars.obj          0       0         4      
       mpu_init.obj               2       0         0      
       startup.obj                2       0         0      
    +--+--------------------------+-------+---------+---------+
       Total:                     14596   601       40     
                                                           
       Heap:                      0       0         32768  
       Stack:                     0       0         4096   
       Linker Generated:          0       173       0      
    +--+--------------------------+-------+---------+---------+
       Grand Total:               49214   4423      42383  


LINKER GENERATED COPY TABLES

__TI_cinit_table @ 200111a0 records: 2, size/record: 8, table size: 16
	.data: load addr=20011100, load size=00000089 bytes, run addr=2001fe10, run size=00000788 bytes, compression=lzss
	.bss: load addr=20011198, load size=00000008 bytes, run addr=2001f000, run size=00000e10 bytes, compression=zero_init


LINKER GENERATED HANDLER TABLE

__TI_handler_table @ 2001118c records: 3, size/record: 4, table size: 12
	index: 0, handler: __TI_decompress_lzss
	index: 1, handler: __TI_decompress_none
	index: 2, handler: __TI_zero_init


GLOBAL SYMBOLS: SORTED ALPHABETICALLY BY Name 

address   name                                  
-------   ----                                  
200096d5  Adafruit_Init                         
2000f279  C$$EXIT                               
20010351  CPUcpsie                              
2000a295  ClearTerm                             
2000984b  Color565                              
2000fd91  DmaSpiSwIntHandler                    
20005ce1  Draw                                  
2000a29f  Error                                 
2000fa95  GPIODirModeSet                        
20010365  GPIOIntClear                          
20010105  GPIOIntDisable                        
2001011f  GPIOIntEnable                         
2000ff89  GPIOIntRegister                       
2000fe21  GPIOIntStatus                         
2000e691  GPIOIntTypeSet                        
200101ef  GPIOPinRead                           
2000fea9  GPIOPinWrite                          
2000a17d  GPIO_IF_ConfigureNIntEnable           
2000a209  GPIO_IF_Get                           
2000a137  GPIO_IF_GetPortNPin                   
20009ef9  GPIO_IF_LedConfigure                  
20009feb  GPIO_IF_LedOff                        
20009f37  GPIO_IF_LedOn                         
2000a09f  GPIO_IF_LedStatus                     
2000a109  GPIO_IF_LedToggle                     
2000a1c5  GPIO_IF_Set                           
20006009  GameLogic                             
2000a2d7  GetCmd                                
20005c3d  GetMessage                            
2000a255  InitTerm                              
2000d78d  IntDisable                            
2000d835  IntEnable                             
20010439  IntMasterEnable                       
2000f0cd  IntPendClear                          
2000f17d  IntPrioritySet                        
2000fec9  IntRegister                           
2000fdb5  IntUnregister                         
20010379  IntVTableBaseSet                      
2000a273  Message                               
20010415  NwpMaskInterrupt                      
2000fa25  NwpPowerOff                           
2000fbc5  NwpPowerOn                            
2000fee9  NwpPrePowerOffTimout0                 
2000f8b9  NwpRegisterInterruptHandler           
20010421  NwpUnMaskInterrupt                    
20010eb0  OpcodeTranslateTable                  
20007d8b  Outstr                                
2000b901  PRCMCC3200MCUInit                     
200102f9  PRCMHIBRegRead                        
2001030f  PRCMHIBRegWrite                       
2000fcc9  PRCMPeripheralClkDisable              
2000f935  PRCMPeripheralClkEnable               
2000def1  PRCMPeripheralClockGet                
2000f125  PRCMPeripheralReset                   
2000facd  PRCMPeripheralStatusGet               
2000fbf1  PRCMSysResetCauseGet                  
2000e3f1  PinConfigSet                          
2000f7f9  PinModeSet                            
2000c28d  PinMuxConfig                          
2000fb35  PinTypeGPIO                           
20010139  PinTypeSPI                            
20010153  PinTypeUART                           
2000a415  Report                                
20010407  ResetISR                              
2001fe08  RxIrqCnt                              
UNDEFED   SHT$$INIT_ARRAY$$Base                 
UNDEFED   SHT$$INIT_ARRAY$$Limit                
20010207  SPICSDisable                          
2001021f  SPICSEnable                           
2000d981  SPIConfigSetExpClk                    
2000ff09  SPIDataGet                            
2000ffa7  SPIDataPut                            
20010237  SPIDisable                            
2001016d  SPIDmaDisable                         
20010187  SPIDmaEnable                          
2001024f  SPIEnable                             
200101a1  SPIFIFODisable                        
200101bb  SPIFIFOEnable                         
2000fb01  SPIFIFOLevelSet                       
2000f5cd  SPIIntClear                           
2000f371  SPIIntEnable                          
200101d5  SPIIntUnregister                      
2000fe43  SPIReset                              
2000fe65  SPIWordCountSet                       
20004651  SPI_Init                              
200048b1  SimpleLinkGeneralEventHandler         
20004895  SimpleLinkHttpServerCallback          
200047ed  SimpleLinkNetAppEventHandler          
200048d5  SimpleLinkSockEventHandler            
200046cd  SimpleLinkWlanEventHandler            
2000f6e9  TimerConfigure                        
2000ffc5  TimerDisable                          
2000ffe3  TimerEnable                           
2000ff29  TimerGetCurrentTimestamp              
200103c9  TimerIntClear                         
20010267  TimerIntDisable                       
2001027f  TimerIntEnable                        
2000ea75  TimerIntRegister                      
20010001  TimerIntStatus                        
2000ec2d  TimerIntUnregister                    
2000fc75  TimerLoadSet                          
2000fc9f  TimerPrescaleSet                      
20004401  TimerRefIntHandler                    
20010079  TimerValueGet                         
2000fe87  TimerValueSet                         
2000b593  Timer_IF_DeInit                       
2000b5c5  Timer_IF_GetCount                     
2000b4cd  Timer_IF_Init                         
2000b4ff  Timer_IF_IntSetup                     
2000b54b  Timer_IF_InterruptClear               
2000b5ad  Timer_IF_ReLoad                       
2000b563  Timer_IF_Start                        
2000b583  Timer_IF_Stop                         
2000a37d  TrimSpace                             
20010095  UARTCharGetNonBlocking                
2001001f  UARTCharPut                           
20010297  UARTCharsAvail                        
2000e989  UARTConfigSetExpClk                   
2000fb65  UARTDisable                           
2000fdd9  UARTEnable                            
2001044b  UtilsDelay                            
20010eec  _SlActionLookupTable                  
2000d8dd  _SlDriverHandleError                  
2000f615  _SlDrvBasicCmd                        
2000d61d  _SlDrvCmdOp                           
2000eb55  _SlDrvCmdSend                         
2000ab91  _SlDrvDataReadOp                      
2000beb1  _SlDrvDataWriteOp                     
2000db5d  _SlDrvDeviceEventHandler              
200103db  _SlDrvDispatchHttpServerEvents        
2000c781  _SlDrvDriverCBDeinit                  
2000b0fd  _SlDrvDriverCBInit                    
2000fcf1  _SlDrvGlobalObjUnLock                 
2000e24d  _SlDrvIsTimeoutExpired                
20010325  _SlDrvMemZero                         
2000d049  _SlDrvMsgReadSpawnCtx                 
2000c8b1  _SlDrvNetAppEventHandler              
2000fd69  _SlDrvObjLockWaitForever              
2000ff49  _SlDrvObjUnLock                       
2000f409  _SlDrvProtectAsyncRespSetting         
2000fc49  _SlDrvProtectionObjLockWaitForever    
2000fd19  _SlDrvProtectionObjUnLock             
2000ad75  _SlDrvReleasePoolObj                  
200103eb  _SlDrvResetCmdExt                     
2000f1d1  _SlDrvRxIrqHandler                    
200100b1  _SlDrvStartMeasureTimeout             
2000ff69  _SlDrvSyncObjSignal                   
2000fd41  _SlDrvSyncObjWaitForever              
2000f72d  _SlDrvSyncObjWaitTimeout              
2000b5e5  _SlDrvWaitForPoolObj                  
200110c8  _SlNetAppSendTokenValueCmdCtrl        
2000ea01  _SlNonOsMainLoopTask                  
2000d6dd  _SlNonOsSemGet                        
200102af  _SlNonOsSemSet                        
2000ecfd  _SlNonOsSpawn                         
20037000  __STACK_END                           
00001000  __STACK_SIZE                          
00008000  __SYSMEM_SIZE                         
200111a0  __TI_CINIT_Base                       
200111b0  __TI_CINIT_Limit                      
2001118c  __TI_Handler_Table_Base               
20011198  __TI_Handler_Table_Limit              
2000eae5  __TI_auto_init                        
20020550  __TI_cleanup_ptr                      
2000ec95  __TI_decompress_lzss                  
200103f9  __TI_decompress_none                  
20020554  __TI_dtors_ptr                        
20020558  __TI_enable_exit_profile_output       
ffffffff  __TI_pprof_out_hndl                   
20006af5  __TI_printfi                          
ffffffff  __TI_prof_data_size                   
ffffffff  __TI_prof_data_start                  
20011100  __TI_static_base__                    
2001042d  __TI_zero_init                        
2000e501  __aeabi_cdcmpeq                       
2000e501  __aeabi_cdcmple                       
2000e587  __aeabi_cdrcmple                      
2000f65d  __aeabi_d2iz                          
2000af4f  __aeabi_dadd                          
2000c515  __aeabi_ddiv                          
2000c9b5  __aeabi_dmul                          
2000af45  __aeabi_dsub                          
2000fb95  __aeabi_i2d                           
2000e895  __aeabi_memclr                        
2000e895  __aeabi_memclr4                       
2000e895  __aeabi_memclr8                       
2000dac1  __aeabi_memcpy                        
2000dac1  __aeabi_memcpy4                       
2000dac1  __aeabi_memcpy8                       
2000e897  __aeabi_memset                        
2000e897  __aeabi_memset4                       
2000e897  __aeabi_memset8                       
2000a99d  __aeabi_uldivmod                      
ffffffff  __binit__                             
ffffffff  __c_args__                            
2000bd51  __kernel_cos                          
20007e61  __kernel_rem_pio2                     
2000bbe9  __kernel_sin                          
20009aeb  __mpu_init                            
20036000  __stack                               
200102e1  _args_main                            
2000f879  _c_int00                              
20010ab0  _ctypes_                              
20020580  _lock                                 
2001039b  _nop                                  
2001fdec  _readTime                             
20010393  _register_lock                        
2001038d  _register_unlock                      
2000ed61  _sl_HandleAsync_Accept                
2000e715  _sl_HandleAsync_Connect               
2000df85  _sl_HandleAsync_DnsGetHostByName      
2000d3c1  _sl_HandleAsync_DnsGetHostByService   
2000e2d9  _sl_HandleAsync_InitComplete          
2000e015  _sl_HandleAsync_PingResponse          
2000f225  _sl_HandleAsync_Select                
2000f321  _sl_HandleAsync_Stop                  
2000ebc1  _sl_NetAppSendTokenValue              
20017000  _sys_memory                           
2000b0fb  _system_post_cinit                    
20010451  _system_pre_init                      
2001fdf0  _time                                 
20020584  _unlock                               
2000f27d  abort                                 
2000f4a1  atoi                                  
ffffffff  binit                                 
2001fb1c  bitSequence                           
2001fd10  buffer                                
2001fe10  buttons                               
20009e8d  calloc                                
20004463  compareBitPatterns                    
20004427  compareTwoSequence                    
2000f4ed  copy_in                               
20010443  copysign                              
20010443  copysignl                             
20008565  cos                                   
20008565  cosl                                  
2001fe09  currRead                              
20020500  cursor_x                              
20020504  cursor_y                              
20004619  decode                                
20005be5  displayBanner                         
20007c3f  drawChar                              
200073e1  drawCircle                            
20007515  drawCircleHelper                      
200099f5  drawFastHLine                         
20009959  drawFastVLine                         
2000775b  drawLine                              
20009a91  drawPixel                             
20007847  drawRect                              
20007895  drawRoundRect                         
200079fd  drawTriangle                          
20020590  errno                                 
2000f285  exit                                  
20007633  fillCircle                            
2000766d  fillCircleHelper                      
200098a3  fillRect                              
20007983  fillRoundRect                         
2000988d  fillScreen                            
20007a3f  fillTriangle                          
2000cab1  floor                                 
2000cab1  floorl                                
20009bd7  free                                  
2000f071  frexp                                 
2000f071  frexpl                                
20020524  g_Host                                
20020540  g_SlDeviceStatus                      
20020574  g_SpiFd                               
200204a0  g__SlNonOsCB                          
2001fe0a  g_bDeviceRestartIsRequired            
2001fe0b  g_cDummy                              
20020544  g_pCB                                 
20020578  g_pHostIntHdl                         
20004000  g_pfnVectors                          
2001fd90  g_time                                
2001fde0  g_ucConnectionBSSID                   
2001fdbc  g_ucConnectionSSID                    
2002057c  g_ucDMAEnabled                        
2001fcc0  g_ucDinDout                           
2001fe0c  g_ucLED1Pin                           
2001fe0d  g_ucLED2Pin                           
2001fe0e  g_ucLED3Pin                           
20020568  g_uiLED1Port                          
2002056c  g_uiLED2Port                          
20020570  g_uiLED3Port                          
20020520  g_ulGatewayIP                         
2002051c  g_ulPingPacketsRecv                   
20020518  g_ulStatus                            
20009807  goTo                                  
20007e3f  height                                
20004543  initializeArr                         
2000457f  initializeVariables                   
2001fdf4  interruptCounter                      
20009acf  invert                                
20020528  isPlayerOne                           
2001fe0f  lastRead                              
2000d2f1  ldexp                                 
2000d2f1  ldexpl                                
2000f2cd  ltoa                                  
200061af  main                                  
20020594  main_func_sp                          
20009b6d  malloc                                
20009da1  memalign                              
200100cd  memccpy                               
2000dac1  memcpy                                
2000fdfd  memmove                               
2000e89d  memset                                
20009aed  minit                                 
20020548  pPingCallBackFunc                     
200110b0  pedalSize                             
200110b4  pedalWidth                            
200045c5  printBuffer                           
200052fb  printErrConvenience                   
2001fdf8  pulseCounter                          
2001fdfc  readIndex                             
20005ad1  readJSON                              
20009c97  realloc                               
2001fd50  receiverBuffer                        
2001fe00  receiverLineNumber                    
2001f000  recvJSON                              
2000d2f1  scalbn                                
2000d2f1  scalbnl                               
20007dd7  setCursor                             
20007e0f  setTextColor                          
20007def  setTextSize                           
20007e27  setTextWrap                           
2000f971  simplelink_timerA2_start              
20008b25  sin                                   
20008b25  sinl                                  
2000ef51  sl_Close                              
2000b775  sl_Connect                            
2000d48d  sl_DevGet                             
2000dbf9  sl_DevSet                             
2000f7b5  sl_Htonl                              
2000f9ad  sl_Htons                              
2000c3d1  sl_NetAppDnsGetHostByName             
2000d131  sl_NetAppMDNSRegisterUnregisterService
2000edc5  sl_NetAppMDNSUnRegisterService        
2000dc91  sl_NetCfgSet                          
2000da21  sl_Recv                               
2000c64d  sl_Send                               
2000dd29  sl_SetSockOpt                         
2000e365  sl_Socket                             
2000ce75  sl_Start                              
2000cba5  sl_Stop                               
2000a4d5  sl_WlanConnect                        
2000fa5d  sl_WlanDisconnect                     
2000e0a5  sl_WlanPolicySet                      
2000efb1  sl_WlanProfileDel                     
2000e60d  sl_WlanRxFilterSet                    
2000ddc1  sl_WlanSet                            
2000f011  sl_WlanSetMode                        
2000e911  spi_Close                             
2000c001  spi_Open                              
2000cc95  spi_Read                              
2000de59  spi_Write                             
2000eef1  sprintf                               
2001005b  strcat                                
2001033b  strchr                                
200103a1  strcpy                                
200103b5  strlen                                
20020510  textbgcolor                           
2002050c  textcolor                             
20020508  textsize                              
2001fe04  time                                  
2001fba8  timeInterval                          
2001fc34  timeOfInterrupt                       
20004511  timerInit                             
2000f539  uDMAChannelAssign                     
2000ee29  uDMAChannelAttributeDisable           
2000ee8d  uDMAChannelAttributeEnable            
2000f9e9  uDMAChannelControlSet                 
200100e9  uDMAChannelEnable                     
2000cd85  uDMAChannelTransferSet                
20005925  updateJSON                            
2000e479  vsnprintf                             
20007e3b  width                                 
20020514  wrap                                  
20009675  writeCommand                          
200096a5  writeData                             


GLOBAL SYMBOLS: SORTED BY Symbol Address 

address   name                                  
-------   ----                                  
00001000  __STACK_SIZE                          
00008000  __SYSMEM_SIZE                         
20004000  g_pfnVectors                          
20004401  TimerRefIntHandler                    
20004427  compareTwoSequence                    
20004463  compareBitPatterns                    
20004511  timerInit                             
20004543  initializeArr                         
2000457f  initializeVariables                   
200045c5  printBuffer                           
20004619  decode                                
20004651  SPI_Init                              
200046cd  SimpleLinkWlanEventHandler            
200047ed  SimpleLinkNetAppEventHandler          
20004895  SimpleLinkHttpServerCallback          
200048b1  SimpleLinkGeneralEventHandler         
200048d5  SimpleLinkSockEventHandler            
200052fb  printErrConvenience                   
20005925  updateJSON                            
20005ad1  readJSON                              
20005be5  displayBanner                         
20005c3d  GetMessage                            
20005ce1  Draw                                  
20006009  GameLogic                             
200061af  main                                  
20006af5  __TI_printfi                          
200073e1  drawCircle                            
20007515  drawCircleHelper                      
20007633  fillCircle                            
2000766d  fillCircleHelper                      
2000775b  drawLine                              
20007847  drawRect                              
20007895  drawRoundRect                         
20007983  fillRoundRect                         
200079fd  drawTriangle                          
20007a3f  fillTriangle                          
20007c3f  drawChar                              
20007d8b  Outstr                                
20007dd7  setCursor                             
20007def  setTextSize                           
20007e0f  setTextColor                          
20007e27  setTextWrap                           
20007e3b  width                                 
20007e3f  height                                
20007e61  __kernel_rem_pio2                     
20008565  cos                                   
20008565  cosl                                  
20008b25  sin                                   
20008b25  sinl                                  
20009675  writeCommand                          
200096a5  writeData                             
200096d5  Adafruit_Init                         
20009807  goTo                                  
2000984b  Color565                              
2000988d  fillScreen                            
200098a3  fillRect                              
20009959  drawFastVLine                         
200099f5  drawFastHLine                         
20009a91  drawPixel                             
20009acf  invert                                
20009aeb  __mpu_init                            
20009aed  minit                                 
20009b6d  malloc                                
20009bd7  free                                  
20009c97  realloc                               
20009da1  memalign                              
20009e8d  calloc                                
20009ef9  GPIO_IF_LedConfigure                  
20009f37  GPIO_IF_LedOn                         
20009feb  GPIO_IF_LedOff                        
2000a09f  GPIO_IF_LedStatus                     
2000a109  GPIO_IF_LedToggle                     
2000a137  GPIO_IF_GetPortNPin                   
2000a17d  GPIO_IF_ConfigureNIntEnable           
2000a1c5  GPIO_IF_Set                           
2000a209  GPIO_IF_Get                           
2000a255  InitTerm                              
2000a273  Message                               
2000a295  ClearTerm                             
2000a29f  Error                                 
2000a2d7  GetCmd                                
2000a37d  TrimSpace                             
2000a415  Report                                
2000a4d5  sl_WlanConnect                        
2000a99d  __aeabi_uldivmod                      
2000ab91  _SlDrvDataReadOp                      
2000ad75  _SlDrvReleasePoolObj                  
2000af45  __aeabi_dsub                          
2000af4f  __aeabi_dadd                          
2000b0fb  _system_post_cinit                    
2000b0fd  _SlDrvDriverCBInit                    
2000b4cd  Timer_IF_Init                         
2000b4ff  Timer_IF_IntSetup                     
2000b54b  Timer_IF_InterruptClear               
2000b563  Timer_IF_Start                        
2000b583  Timer_IF_Stop                         
2000b593  Timer_IF_DeInit                       
2000b5ad  Timer_IF_ReLoad                       
2000b5c5  Timer_IF_GetCount                     
2000b5e5  _SlDrvWaitForPoolObj                  
2000b775  sl_Connect                            
2000b901  PRCMCC3200MCUInit                     
2000bbe9  __kernel_sin                          
2000bd51  __kernel_cos                          
2000beb1  _SlDrvDataWriteOp                     
2000c001  spi_Open                              
2000c28d  PinMuxConfig                          
2000c3d1  sl_NetAppDnsGetHostByName             
2000c515  __aeabi_ddiv                          
2000c64d  sl_Send                               
2000c781  _SlDrvDriverCBDeinit                  
2000c8b1  _SlDrvNetAppEventHandler              
2000c9b5  __aeabi_dmul                          
2000cab1  floor                                 
2000cab1  floorl                                
2000cba5  sl_Stop                               
2000cc95  spi_Read                              
2000cd85  uDMAChannelTransferSet                
2000ce75  sl_Start                              
2000d049  _SlDrvMsgReadSpawnCtx                 
2000d131  sl_NetAppMDNSRegisterUnregisterService
2000d2f1  ldexp                                 
2000d2f1  ldexpl                                
2000d2f1  scalbn                                
2000d2f1  scalbnl                               
2000d3c1  _sl_HandleAsync_DnsGetHostByService   
2000d48d  sl_DevGet                             
2000d61d  _SlDrvCmdOp                           
2000d6dd  _SlNonOsSemGet                        
2000d78d  IntDisable                            
2000d835  IntEnable                             
2000d8dd  _SlDriverHandleError                  
2000d981  SPIConfigSetExpClk                    
2000da21  sl_Recv                               
2000dac1  __aeabi_memcpy                        
2000dac1  __aeabi_memcpy4                       
2000dac1  __aeabi_memcpy8                       
2000dac1  memcpy                                
2000db5d  _SlDrvDeviceEventHandler              
2000dbf9  sl_DevSet                             
2000dc91  sl_NetCfgSet                          
2000dd29  sl_SetSockOpt                         
2000ddc1  sl_WlanSet                            
2000de59  spi_Write                             
2000def1  PRCMPeripheralClockGet                
2000df85  _sl_HandleAsync_DnsGetHostByName      
2000e015  _sl_HandleAsync_PingResponse          
2000e0a5  sl_WlanPolicySet                      
2000e24d  _SlDrvIsTimeoutExpired                
2000e2d9  _sl_HandleAsync_InitComplete          
2000e365  sl_Socket                             
2000e3f1  PinConfigSet                          
2000e479  vsnprintf                             
2000e501  __aeabi_cdcmpeq                       
2000e501  __aeabi_cdcmple                       
2000e587  __aeabi_cdrcmple                      
2000e60d  sl_WlanRxFilterSet                    
2000e691  GPIOIntTypeSet                        
2000e715  _sl_HandleAsync_Connect               
2000e895  __aeabi_memclr                        
2000e895  __aeabi_memclr4                       
2000e895  __aeabi_memclr8                       
2000e897  __aeabi_memset                        
2000e897  __aeabi_memset4                       
2000e897  __aeabi_memset8                       
2000e89d  memset                                
2000e911  spi_Close                             
2000e989  UARTConfigSetExpClk                   
2000ea01  _SlNonOsMainLoopTask                  
2000ea75  TimerIntRegister                      
2000eae5  __TI_auto_init                        
2000eb55  _SlDrvCmdSend                         
2000ebc1  _sl_NetAppSendTokenValue              
2000ec2d  TimerIntUnregister                    
2000ec95  __TI_decompress_lzss                  
2000ecfd  _SlNonOsSpawn                         
2000ed61  _sl_HandleAsync_Accept                
2000edc5  sl_NetAppMDNSUnRegisterService        
2000ee29  uDMAChannelAttributeDisable           
2000ee8d  uDMAChannelAttributeEnable            
2000eef1  sprintf                               
2000ef51  sl_Close                              
2000efb1  sl_WlanProfileDel                     
2000f011  sl_WlanSetMode                        
2000f071  frexp                                 
2000f071  frexpl                                
2000f0cd  IntPendClear                          
2000f125  PRCMPeripheralReset                   
2000f17d  IntPrioritySet                        
2000f1d1  _SlDrvRxIrqHandler                    
2000f225  _sl_HandleAsync_Select                
2000f279  C$$EXIT                               
2000f27d  abort                                 
2000f285  exit                                  
2000f2cd  ltoa                                  
2000f321  _sl_HandleAsync_Stop                  
2000f371  SPIIntEnable                          
2000f409  _SlDrvProtectAsyncRespSetting         
2000f4a1  atoi                                  
2000f4ed  copy_in                               
2000f539  uDMAChannelAssign                     
2000f5cd  SPIIntClear                           
2000f615  _SlDrvBasicCmd                        
2000f65d  __aeabi_d2iz                          
2000f6e9  TimerConfigure                        
2000f72d  _SlDrvSyncObjWaitTimeout              
2000f7b5  sl_Htonl                              
2000f7f9  PinModeSet                            
2000f879  _c_int00                              
2000f8b9  NwpRegisterInterruptHandler           
2000f935  PRCMPeripheralClkEnable               
2000f971  simplelink_timerA2_start              
2000f9ad  sl_Htons                              
2000f9e9  uDMAChannelControlSet                 
2000fa25  NwpPowerOff                           
2000fa5d  sl_WlanDisconnect                     
2000fa95  GPIODirModeSet                        
2000facd  PRCMPeripheralStatusGet               
2000fb01  SPIFIFOLevelSet                       
2000fb35  PinTypeGPIO                           
2000fb65  UARTDisable                           
2000fb95  __aeabi_i2d                           
2000fbc5  NwpPowerOn                            
2000fbf1  PRCMSysResetCauseGet                  
2000fc49  _SlDrvProtectionObjLockWaitForever    
2000fc75  TimerLoadSet                          
2000fc9f  TimerPrescaleSet                      
2000fcc9  PRCMPeripheralClkDisable              
2000fcf1  _SlDrvGlobalObjUnLock                 
2000fd19  _SlDrvProtectionObjUnLock             
2000fd41  _SlDrvSyncObjWaitForever              
2000fd69  _SlDrvObjLockWaitForever              
2000fd91  DmaSpiSwIntHandler                    
2000fdb5  IntUnregister                         
2000fdd9  UARTEnable                            
2000fdfd  memmove                               
2000fe21  GPIOIntStatus                         
2000fe43  SPIReset                              
2000fe65  SPIWordCountSet                       
2000fe87  TimerValueSet                         
2000fea9  GPIOPinWrite                          
2000fec9  IntRegister                           
2000fee9  NwpPrePowerOffTimout0                 
2000ff09  SPIDataGet                            
2000ff29  TimerGetCurrentTimestamp              
2000ff49  _SlDrvObjUnLock                       
2000ff69  _SlDrvSyncObjSignal                   
2000ff89  GPIOIntRegister                       
2000ffa7  SPIDataPut                            
2000ffc5  TimerDisable                          
2000ffe3  TimerEnable                           
20010001  TimerIntStatus                        
2001001f  UARTCharPut                           
2001005b  strcat                                
20010079  TimerValueGet                         
20010095  UARTCharGetNonBlocking                
200100b1  _SlDrvStartMeasureTimeout             
200100cd  memccpy                               
200100e9  uDMAChannelEnable                     
20010105  GPIOIntDisable                        
2001011f  GPIOIntEnable                         
20010139  PinTypeSPI                            
20010153  PinTypeUART                           
2001016d  SPIDmaDisable                         
20010187  SPIDmaEnable                          
200101a1  SPIFIFODisable                        
200101bb  SPIFIFOEnable                         
200101d5  SPIIntUnregister                      
200101ef  GPIOPinRead                           
20010207  SPICSDisable                          
2001021f  SPICSEnable                           
20010237  SPIDisable                            
2001024f  SPIEnable                             
20010267  TimerIntDisable                       
2001027f  TimerIntEnable                        
20010297  UARTCharsAvail                        
200102af  _SlNonOsSemSet                        
200102e1  _args_main                            
200102f9  PRCMHIBRegRead                        
2001030f  PRCMHIBRegWrite                       
20010325  _SlDrvMemZero                         
2001033b  strchr                                
20010351  CPUcpsie                              
20010365  GPIOIntClear                          
20010379  IntVTableBaseSet                      
2001038d  _register_unlock                      
20010393  _register_lock                        
2001039b  _nop                                  
200103a1  strcpy                                
200103b5  strlen                                
200103c9  TimerIntClear                         
200103db  _SlDrvDispatchHttpServerEvents        
200103eb  _SlDrvResetCmdExt                     
200103f9  __TI_decompress_none                  
20010407  ResetISR                              
20010415  NwpMaskInterrupt                      
20010421  NwpUnMaskInterrupt                    
2001042d  __TI_zero_init                        
20010439  IntMasterEnable                       
20010443  copysign                              
20010443  copysignl                             
2001044b  UtilsDelay                            
20010451  _system_pre_init                      
20010ab0  _ctypes_                              
20010eb0  OpcodeTranslateTable                  
20010eec  _SlActionLookupTable                  
200110b0  pedalSize                             
200110b4  pedalWidth                            
200110c8  _SlNetAppSendTokenValueCmdCtrl        
20011100  __TI_static_base__                    
2001118c  __TI_Handler_Table_Base               
20011198  __TI_Handler_Table_Limit              
200111a0  __TI_CINIT_Base                       
200111b0  __TI_CINIT_Limit                      
20017000  _sys_memory                           
2001f000  recvJSON                              
2001fb1c  bitSequence                           
2001fba8  timeInterval                          
2001fc34  timeOfInterrupt                       
2001fcc0  g_ucDinDout                           
2001fd10  buffer                                
2001fd50  receiverBuffer                        
2001fd90  g_time                                
2001fdbc  g_ucConnectionSSID                    
2001fde0  g_ucConnectionBSSID                   
2001fdec  _readTime                             
2001fdf0  _time                                 
2001fdf4  interruptCounter                      
2001fdf8  pulseCounter                          
2001fdfc  readIndex                             
2001fe00  receiverLineNumber                    
2001fe04  time                                  
2001fe08  RxIrqCnt                              
2001fe09  currRead                              
2001fe0a  g_bDeviceRestartIsRequired            
2001fe0b  g_cDummy                              
2001fe0c  g_ucLED1Pin                           
2001fe0d  g_ucLED2Pin                           
2001fe0e  g_ucLED3Pin                           
2001fe0f  lastRead                              
2001fe10  buttons                               
200204a0  g__SlNonOsCB                          
20020500  cursor_x                              
20020504  cursor_y                              
20020508  textsize                              
2002050c  textcolor                             
20020510  textbgcolor                           
20020514  wrap                                  
20020518  g_ulStatus                            
2002051c  g_ulPingPacketsRecv                   
20020520  g_ulGatewayIP                         
20020524  g_Host                                
20020528  isPlayerOne                           
20020540  g_SlDeviceStatus                      
20020544  g_pCB                                 
20020548  pPingCallBackFunc                     
20020550  __TI_cleanup_ptr                      
20020554  __TI_dtors_ptr                        
20020558  __TI_enable_exit_profile_output       
20020568  g_uiLED1Port                          
2002056c  g_uiLED2Port                          
20020570  g_uiLED3Port                          
20020574  g_SpiFd                               
20020578  g_pHostIntHdl                         
2002057c  g_ucDMAEnabled                        
20020580  _lock                                 
20020584  _unlock                               
20020590  errno                                 
20020594  main_func_sp                          
20036000  __stack                               
20037000  __STACK_END                           
ffffffff  __TI_pprof_out_hndl                   
ffffffff  __TI_prof_data_size                   
ffffffff  __TI_prof_data_start                  
ffffffff  __binit__                             
ffffffff  __c_args__                            
ffffffff  binit                                 
UNDEFED   SHT$$INIT_ARRAY$$Base                 
UNDEFED   SHT$$INIT_ARRAY$$Limit                

[379 symbols]
