******************************************************************************
                  TI ARM Linker PC v16.9.6                     
******************************************************************************
>> Linked Thu Mar 15 04:32:37 2018

OUTPUT FILE NAME:   <SSL_REST_API_AWS_w.out>
ENTRY POINT SYMBOL: "_c_int00"  address: 2000d255


MEMORY CONFIGURATION

         name            origin    length      used     unused   attr    fill
----------------------  --------  ---------  --------  --------  ----  --------
  SRAM_CODE             20004000   00013000  0000a4ee  00008b12  RW X
  SRAM_DATA             20017000   00019000  0000a3cb  0000ec35  RW X


SEGMENT ALLOCATION MAP

run origin  load origin   length   init length attrs members
----------  ----------- ---------- ----------- ----- -------
20004000    20004000    0000a4f0   0000a4f0    r-x
  20004000    20004000    00000400   00000400    r-- .intvecs
  20004400    20004400    00009a30   00009a30    r-x .text
  2000de30    2000de30    0000063e   0000063e    r-- .const
  2000e470    2000e470    00000080   00000080    r-- .cinit
20017000    20017000    000093cc   00000000    rw-
  20017000    20017000    00008000   00000000    rw- .sysmem
  2001f000    2001f000    00000c67   00000000    rw- .bss
  2001fc68    2001fc68    00000764   00000000    rw- .data
2002f000    2002f000    00001000   00000000    rw-
  2002f000    2002f000    00001000   00000000    rw- .stack


SECTION ALLOCATION MAP

 output                                  attributes/
section   page    origin      length       input sections
--------  ----  ----------  ----------   ----------------
.intvecs   0    20004000    00000400     
                  20004000    00000400     startup_ccs.obj (.intvecs)

.init_array 
*          0    20004000    00000000     UNINITIALIZED

.text      0    20004400    00009a30     
                  20004400    00001958     main.obj (.text)
                  20005d58    00001122     rtsv7M4_T_le_eabi.lib : _printfi.obj (.text)
                  20006e7a    00000002     driverlib.a : interrupt.obj (.text:IntDefaultHandler)
                  20006e7c    00000590     simplelink.a : driver.obj (.text:_SlDrvMsgRead)
                  2000740c    00000476     Adafruit_OLED.obj (.text)
                  20007882    00000002     rtsv7M4_T_le_eabi.lib : mpu_init.obj (.text)
                  20007884    000003d0                           : memory.obj (.text)
                  20007c54    00000398     gpio_if.obj (.text)
                  20007fec    00000280     uart_if.obj (.text)
                  2000826c    0000027c     simplelink.a : wlan.obj (.text:sl_WlanConnect)
                  200084e8    0000024c                  : driver.obj (.text:_SlDrvRxHdrRead)
                  20008734    000001f4     rtsv7M4_T_le_eabi.lib : ull_div_t2.obj (.text)
                  20008928    000001e4     simplelink.a : driver.obj (.text:_SlDrvDataReadOp)
                  20008b0c    000001d0                  : driver.obj (.text:_SlDrvReleasePoolObj)
                  20008cdc    000001b6     rtsv7M4_T_le_eabi.lib : fd_add_t2.obj (.text)
                  20008e92    00000002                           : startup.obj (.text)
                  20008e94    000001b4     simplelink.a : driver.obj (.text:_SlDrvDriverCBInit)
                  20009048    0000019c                  : driver.obj (.text:_SlDrvMsgWrite)
                  200091e4    00000198     timer_if.obj (.text)
                  2000937c    00000190     simplelink.a : driver.obj (.text:_SlDrvWaitForPoolObj)
                  2000950c    0000018c                  : socket.obj (.text:sl_Connect)
                  20009698    00000178     driverlib.a : prcm.obj (.text:PRCMCC3200MCUInit)
                  20009810    00000170     simplelink.a : driver.obj (.text:_SlFindAndSetActiveObj)
                  20009980    00000150                  : driver.obj (.text:_SlDrvDataWriteOp)
                  20009ad0    00000148                  : cc_pal.obj (.text:spi_Open)
                  20009c18    00000144                  : driver.obj (.text:_SlDrvMsgReadCmdCtx)
                  20009d5c    00000144     pin_mux_config.obj (.text)
                  20009ea0    00000144     simplelink.a : netapp.obj (.text:sl_NetAppDnsGetHostByName)
                  20009fe4    00000136     rtsv7M4_T_le_eabi.lib : fd_div_t2.obj (.text)
                  2000a11a    00000002     --HOLE-- [fill = 0]
                  2000a11c    00000134     simplelink.a : socket.obj (.text:sl_Send)
                  2000a250    00000130                  : driver.obj (.text:_SlDrvDriverCBDeinit)
                  2000a380    00000104                  : netapp.obj (.text:_SlDrvNetAppEventHandler)
                  2000a484    000000fc     rtsv7M4_T_le_eabi.lib : fd_mul_t2.obj (.text)
                  2000a580    000000f0     simplelink.a : device.obj (.text:sl_Stop)
                  2000a670    000000f0                  : cc_pal.obj (.text:spi_Read)
                  2000a760    000000f0     driverlib.a : udma.obj (.text:uDMAChannelTransferSet)
                  2000a850    000000ec     simplelink.a : device.obj (.text:sl_Start)
                  2000a93c    000000e8                  : driver.obj (.text:_SlAsyncEventGenericHandler)
                  2000aa24    000000e8                  : driver.obj (.text:_SlDrvMsgReadSpawnCtx)
                  2000ab0c    000000e4                  : netapp.obj (.text:sl_NetAppMDNSRegisterUnregisterService)
                  2000abf0    000000dc                  : driver.obj (.text:_SlDrvClassifyRxMsg)
                  2000accc    000000d0     rtsv7M4_T_le_eabi.lib : s_scalbn.obj (.text)
                  2000ad9c    000000cc     simplelink.a : netapp.obj (.text:_sl_HandleAsync_DnsGetHostByService)
                  2000ae68    000000cc                  : device.obj (.text:sl_DevGet)
                  2000af34    000000c4                  : driver.obj (.text:_SlRemoveFromList)
                  2000aff8    000000c0                  : driver.obj (.text:_SlDrvCmdOp)
                  2000b0b8    000000b0                  : nonos.obj (.text:_SlNonOsSemGet)
                  2000b168    000000a8     driverlib.a : interrupt.obj (.text:IntDisable)
                  2000b210    000000a8                 : interrupt.obj (.text:IntEnable)
                  2000b2b8    000000a4     simplelink.a : driver.obj (.text:_SlDriverHandleError)
                  2000b35c    000000a0     driverlib.a : spi.obj (.text:SPIConfigSetExpClk)
                  2000b3fc    000000a0     simplelink.a : socket.obj (.text:sl_Recv)
                  2000b49c    0000009c     rtsv7M4_T_le_eabi.lib : memcpy_t2.obj (.text)
                  2000b538    0000009a     simplelink.a : device.obj (.text:_SlDrvDeviceEventHandler)
                  2000b5d2    00000002     --HOLE-- [fill = 0]
                  2000b5d4    00000098                  : device.obj (.text:sl_DevSet)
                  2000b66c    00000098                  : netcfg.obj (.text:sl_NetCfgSet)
                  2000b704    00000098                  : socket.obj (.text:sl_SetSockOpt)
                  2000b79c    00000098                  : wlan.obj (.text:sl_WlanSet)
                  2000b834    00000098                  : cc_pal.obj (.text:spi_Write)
                  2000b8cc    00000094     driverlib.a : prcm.obj (.text:PRCMPeripheralClockGet)
                  2000b960    00000090     simplelink.a : netapp.obj (.text:_sl_HandleAsync_DnsGetHostByName)
                  2000b9f0    00000090                  : netapp.obj (.text:_sl_HandleAsync_PingResponse)
                  2000ba80    00000090                  : wlan.obj (.text:sl_WlanPolicySet)
                  2000bb10    0000008c                  : cc_pal.obj (.text:SetupDMAReceive)
                  2000bb9c    0000008c                  : cc_pal.obj (.text:SetupDMASend)
                  2000bc28    0000008c                  : driver.obj (.text:_SlDrvIsTimeoutExpired)
                  2000bcb4    0000008c                  : device.obj (.text:_sl_HandleAsync_InitComplete)
                  2000bd40    0000008c                  : socket.obj (.text:sl_Socket)
                  2000bdcc    00000088     driverlib.a : pin.obj (.text:PinConfigSet)
                  2000be54    00000088     rtsv7M4_T_le_eabi.lib : vsnprintf.obj (.text)
                  2000bedc    00000086                           : fd_cmp_t2.obj (.text:__aeabi_cdcmple)
                  2000bf62    00000086                           : fd_cmp_t2.obj (.text:__aeabi_cdrcmple)
                  2000bfe8    00000084     simplelink.a : wlan.obj (.text:sl_WlanRxFilterSet)
                  2000c06c    00000082     driverlib.a : gpio.obj (.text:GPIOIntTypeSet)
                  2000c0ee    00000002     --HOLE-- [fill = 0]
                  2000c0f0    00000080     simplelink.a : socket.obj (.text:_sl_HandleAsync_Connect)
                  2000c170    00000080                  : cc_pal.obj (.text:spi_Read_CPU)
                  2000c1f0    00000080                  : cc_pal.obj (.text:spi_Write_CPU)
                  2000c270    0000007a     rtsv7M4_T_le_eabi.lib : memset_t2.obj (.text)
                  2000c2ea    00000002     --HOLE-- [fill = 0]
                  2000c2ec    00000078     simplelink.a : cc_pal.obj (.text:spi_Close)
                  2000c364    00000076     driverlib.a : uart.obj (.text:UARTConfigSetExpClk)
                  2000c3da    00000002     --HOLE-- [fill = 0]
                  2000c3dc    00000074     simplelink.a : nonos.obj (.text:_SlNonOsMainLoopTask)
                  2000c450    00000070     driverlib.a : timer.obj (.text:TimerIntRegister)
                  2000c4c0    00000070     rtsv7M4_T_le_eabi.lib : autoinit.obj (.text)
                  2000c530    0000006c     simplelink.a : driver.obj (.text:_SlDrvCmdSend)
                  2000c59c    0000006c                  : netapp.obj (.text:_sl_NetAppSendTokenValue)
                  2000c608    00000068     driverlib.a : timer.obj (.text:TimerIntUnregister)
                  2000c670    00000068     rtsv7M4_T_le_eabi.lib : copy_decompress_lzss.obj (.text:decompress:lzss)
                  2000c6d8    00000064     simplelink.a : nonos.obj (.text:_SlNonOsSpawn)
                  2000c73c    00000064                  : socket.obj (.text:_sl_HandleAsync_Accept)
                  2000c7a0    00000064                  : netapp.obj (.text:sl_NetAppMDNSUnRegisterService)
                  2000c804    00000064     driverlib.a : udma.obj (.text:uDMAChannelAttributeDisable)
                  2000c868    00000064                 : udma.obj (.text:uDMAChannelAttributeEnable)
                  2000c8cc    00000060     rtsv7M4_T_le_eabi.lib : sprintf.obj (.text)
                  2000c92c    00000060     simplelink.a : socket.obj (.text:sl_Close)
                  2000c98c    00000060                  : wlan.obj (.text:sl_WlanProfileDel)
                  2000c9ec    00000060                  : wlan.obj (.text:sl_WlanSetMode)
                  2000ca4c    0000005c     rtsv7M4_T_le_eabi.lib : s_frexp.obj (.text)
                  2000caa8    00000058     driverlib.a : interrupt.obj (.text:IntPendClear)
                  2000cb00    00000058                 : prcm.obj (.text:PRCMPeripheralReset)
                  2000cb58    00000054                 : interrupt.obj (.text:IntPrioritySet)
                  2000cbac    00000054     simplelink.a : driver.obj (.text:_SlDrvRxIrqHandler)
                  2000cc00    00000054                  : socket.obj (.text:_sl_HandleAsync_Select)
                  2000cc54    00000054     rtsv7M4_T_le_eabi.lib : exit.obj (.text)
                  2000cca8    00000054                           : ltoa.obj (.text)
                  2000ccfc    00000050     simplelink.a : device.obj (.text:_sl_HandleAsync_Stop)
                  2000cd4c    0000004c     driverlib.a : spi.obj (.text:SPIIntEnable)
                  2000cd98    0000004c                 : spi.obj (.text:SPIIntNumberGet)
                  2000cde4    0000004c     simplelink.a : driver.obj (.text:_SlDrvProtectAsyncRespSetting)
                  2000ce30    0000004c                  : socket.obj (.text:_sl_BuildAddress)
                  2000ce7c    0000004c     rtsv7M4_T_le_eabi.lib : atoi.obj (.text)
                  2000cec8    0000004c                           : cpy_tbl.obj (.text)
                  2000cf14    0000004c     driverlib.a : udma.obj (.text:uDMAChannelAssign)
                  2000cf60    00000048                 : gpio.obj (.text:GPIOGetIntNumber)
                  2000cfa8    00000048                 : spi.obj (.text:SPIIntClear)
                  2000cff0    00000048     simplelink.a : driver.obj (.text:_SlDrvBasicCmd)
                  2000d038    00000048     rtsv7M4_T_le_eabi.lib : fd_toi_t2.obj (.text)
                  2000d080    00000044     driverlib.a : spi.obj (.text:SPIDmaMaskGet)
                  2000d0c4    00000044                 : timer.obj (.text:TimerConfigure)
                  2000d108    00000044     simplelink.a : driver.obj (.text:_SlDrvSyncObjWaitTimeout)
                  2000d14c    00000044                  : cc_pal.obj (.text:cc_SetupTransfer)
                  2000d190    00000042                  : socket.obj (.text:sl_Htonl)
                  2000d1d2    00000002     --HOLE-- [fill = 0]
                  2000d1d4    00000040     driverlib.a : pin.obj (.text:PinModeSet)
                  2000d214    00000040     simplelink.a : socket.obj (.text:_sl_TruncatePayloadByProtocol)
                  2000d254    00000040     rtsv7M4_T_le_eabi.lib : boot.obj (.text)
                  2000d294    0000003e     simplelink.a : cc_pal.obj (.text:NwpRegisterInterruptHandler)
                  2000d2d2    0000003c                  : netapp.obj (.text:CopyPingResultsToReport)
                  2000d30e    00000002     --HOLE-- [fill = 0]
                  2000d310    0000003c     driverlib.a : prcm.obj (.text:PRCMPeripheralClkEnable)
                  2000d34c    0000003c     simplelink.a : cc_pal.obj (.text:simplelink_timerA2_start)
                  2000d388    0000003c                  : socket.obj (.text:sl_Htons)
                  2000d3c4    0000003c     driverlib.a : udma.obj (.text:uDMAChannelControlSet)
                  2000d400    00000038     simplelink.a : cc_pal.obj (.text:NwpPowerOff)
                  2000d438    00000038                  : wlan.obj (.text:sl_WlanDisconnect)
                  2000d470    00000036     driverlib.a : gpio.obj (.text:GPIODirModeSet)
                  2000d4a6    00000002     --HOLE-- [fill = 0]
                  2000d4a8    00000034                 : prcm.obj (.text:PRCMPeripheralStatusGet)
                  2000d4dc    00000034                 : spi.obj (.text:SPIFIFOLevelSet)
                  2000d510    00000030                 : pin.obj (.text:PinTypeGPIO)
                  2000d540    00000030                 : uart.obj (.text:UARTDisable)
                  2000d570    0000002e     rtsv7M4_T_le_eabi.lib : i_tofd_t2.obj (.text)
                  2000d59e    00000002     --HOLE-- [fill = 0]
                  2000d5a0    0000002c     simplelink.a : cc_pal.obj (.text:NwpPowerOn)
                  2000d5cc    0000002c     driverlib.a : prcm.obj (.text:PRCMSysResetCauseGet)
                  2000d5f8    0000002c     simplelink.a : driver.obj (.text:_SlDrvObjGlobalLockWaitForever)
                  2000d624    0000002c                  : driver.obj (.text:_SlDrvProtectionObjLockWaitForever)
                  2000d650    0000002a     driverlib.a : timer.obj (.text:TimerLoadSet)
                  2000d67a    0000002a                 : timer.obj (.text:TimerPrescaleSet)
                  2000d6a4    00000028                 : prcm.obj (.text:PRCMPeripheralClkDisable)
                  2000d6cc    00000028     simplelink.a : driver.obj (.text:_SlDrvGlobalObjUnLock)
                  2000d6f4    00000028                  : driver.obj (.text:_SlDrvProtectionObjUnLock)
                  2000d71c    00000028                  : driver.obj (.text:_SlDrvSyncObjWaitForever)
                  2000d744    00000026                  : driver.obj (.text:_SlDrvObjLockWaitForever)
                  2000d76a    00000002     --HOLE-- [fill = 0]
                  2000d76c    00000024                  : cc_pal.obj (.text:DmaSpiSwIntHandler)
                  2000d790    00000024     driverlib.a : interrupt.obj (.text:IntUnregister)
                  2000d7b4    00000024                 : uart.obj (.text:UARTEnable)
                  2000d7d8    00000024     rtsv7M4_T_le_eabi.lib : memmov.obj (.text)
                  2000d7fc    00000022     driverlib.a : gpio.obj (.text:GPIOIntStatus)
                  2000d81e    00000022                 : spi.obj (.text:SPIReset)
                  2000d840    00000022                 : spi.obj (.text:SPIWordCountSet)
                  2000d862    00000022                 : timer.obj (.text:TimerValueSet)
                  2000d884    00000020                 : gpio.obj (.text:GPIOPinWrite)
                  2000d8a4    00000020                 : interrupt.obj (.text:IntRegister)
                  2000d8c4    00000020     simplelink.a : cc_pal.obj (.text:NwpPrePowerOffTimout0)
                  2000d8e4    00000020     driverlib.a : spi.obj (.text:SPIDataGet)
                  2000d904    00000020     simplelink.a : cc_pal.obj (.text:TimerGetCurrentTimestamp)
                  2000d924    00000020                  : driver.obj (.text:_SlDrvObjUnLock)
                  2000d944    00000020                  : driver.obj (.text:_SlDrvSyncObjSignal)
                  2000d964    0000001e     driverlib.a : gpio.obj (.text:GPIOIntRegister)
                  2000d982    0000001e                 : spi.obj (.text:SPIDataPut)
                  2000d9a0    0000001e                 : timer.obj (.text:TimerDisable)
                  2000d9be    0000001e                 : timer.obj (.text:TimerEnable)
                  2000d9dc    0000001e                 : timer.obj (.text:TimerIntStatus)
                  2000d9fa    0000001e                 : uart.obj (.text:UARTCharPut)
                  2000da18    0000001e     simplelink.a : cc_pal.obj (.text:cc_UDMAChannelSelect)
                  2000da36    0000001e     rtsv7M4_T_le_eabi.lib : strcat.obj (.text)
                  2000da54    0000001c     driverlib.a : timer.obj (.text:TimerValueGet)
                  2000da70    0000001c                 : uart.obj (.text:UARTCharGetNonBlocking)
                  2000da8c    0000001c     simplelink.a : driver.obj (.text:_SlDrvStartMeasureTimeout)
                  2000daa8    0000001c     rtsv7M4_T_le_eabi.lib : memccpy.obj (.text)
                  2000dac4    0000001c     driverlib.a : udma.obj (.text:uDMAChannelEnable)
                  2000dae0    0000001a                 : gpio.obj (.text:GPIOIntDisable)
                  2000dafa    0000001a                 : gpio.obj (.text:GPIOIntEnable)
                  2000db14    0000001a                 : pin.obj (.text:PinTypeSPI)
                  2000db2e    0000001a                 : pin.obj (.text:PinTypeUART)
                  2000db48    0000001a                 : spi.obj (.text:SPIDmaDisable)
                  2000db62    0000001a                 : spi.obj (.text:SPIDmaEnable)
                  2000db7c    0000001a                 : spi.obj (.text:SPIFIFODisable)
                  2000db96    0000001a                 : spi.obj (.text:SPIFIFOEnable)
                  2000dbb0    0000001a                 : spi.obj (.text:SPIIntUnregister)
                  2000dbca    00000018                 : gpio.obj (.text:GPIOPinRead)
                  2000dbe2    00000018                 : spi.obj (.text:SPICSDisable)
                  2000dbfa    00000018                 : spi.obj (.text:SPICSEnable)
                  2000dc12    00000018                 : spi.obj (.text:SPIDisable)
                  2000dc2a    00000018                 : spi.obj (.text:SPIEnable)
                  2000dc42    00000018                 : timer.obj (.text:TimerIntDisable)
                  2000dc5a    00000018                 : timer.obj (.text:TimerIntEnable)
                  2000dc72    00000018                 : uart.obj (.text:UARTCharsAvail)
                  2000dc8a    00000018     simplelink.a : nonos.obj (.text:_SlNonOsSemSet)
                  2000dca2    00000002     --HOLE-- [fill = 0]
                  2000dca4    00000018                  : device.obj (.text:_sl_GetStartResponseConvert)
                  2000dcbc    00000018     rtsv7M4_T_le_eabi.lib : args_main.obj (.text)
                  2000dcd4    00000016     driverlib.a : prcm.obj (.text:PRCMHIBRegRead)
                  2000dcea    00000016                 : prcm.obj (.text:PRCMHIBRegWrite)
                  2000dd00    00000016     simplelink.a : driver.obj (.text:_SlDrvMemZero)
                  2000dd16    00000016     rtsv7M4_T_le_eabi.lib : strchr.obj (.text)
                  2000dd2c    00000014     driverlib.a : cpu.obj (.text:CPUcpsie)
                  2000dd40    00000014                 : gpio.obj (.text:GPIOIntClear)
                  2000dd54    00000014                 : interrupt.obj (.text:IntVTableBaseSet)
                  2000dd68    00000014     rtsv7M4_T_le_eabi.lib : _lock.obj (.text)
                  2000dd7c    00000014                           : strcpy.obj (.text)
                  2000dd90    00000014                           : strlen.obj (.text)
                  2000dda4    00000012     driverlib.a : timer.obj (.text:TimerIntClear)
                  2000ddb6    00000010     simplelink.a : driver.obj (.text:_SlDrvDispatchHttpServerEvents)
                  2000ddc6    0000000e                  : driver.obj (.text:_SlDrvResetCmdExt)
                  2000ddd4    0000000e     rtsv7M4_T_le_eabi.lib : copy_decompress_none.obj (.text:decompress:none)
                  2000dde2    0000000e     startup_ccs.obj (.text)
                  2000ddf0    0000000c     simplelink.a : cc_pal.obj (.text:NwpMaskInterrupt)
                  2000ddfc    0000000c                  : cc_pal.obj (.text:NwpUnMaskInterrupt)
                  2000de08    0000000c     rtsv7M4_T_le_eabi.lib : copy_zero_init.obj (.text:decompress:ZI)
                  2000de14    0000000a     driverlib.a : interrupt.obj (.text:IntMasterEnable)
                  2000de1e    00000008     rtsv7M4_T_le_eabi.lib : s_copysign.obj (.text)
                  2000de26    00000006     driverlib.a : utils.obj (.text:UtilsDelay)
                  2000de2c    00000004     rtsv7M4_T_le_eabi.lib : pre_init.obj (.text)

.const     0    2000de30    0000063e     
                  2000de30    00000101     rtsv7M4_T_le_eabi.lib : ctype.obj (.const:.string:_ctypes_)
                  2000df31    00000003     --HOLE-- [fill = 0]
                  2000df34    00000100     driverlib.a : pin.obj (.const:g_ulPinToPadMap)
                  2000e034    000000d4                 : interrupt.obj (.const:g_pulRegs)
                  2000e108    000000a8                 : prcm.obj (.const:PRCM_PeriphRegsList)
                  2000e1b0    00000080                 : interrupt.obj (.const)
                  2000e230    0000003c     simplelink.a : driver.obj (.const:OpcodeTranslateTable)
                  2000e26c    00000038                  : driver.obj (.const:_SlActionLookupTable)
                  2000e2a4    0000002c     main.obj (.const:$P$T1$2)
                  2000e2d0    0000002c     main.obj (.const:.string)
                  2000e2fc    00000024     driverlib.a : spi.obj (.const:g_ppulSPIIntMap)
                  2000e320    00000022     main.obj (.const:.string:$P$T0$1)
                  2000e342    00000002     --HOLE-- [fill = 0]
                  2000e344    00000020     simplelink.a : driver.obj (.const:RxMsgClassLUT)
                  2000e364    00000018     driverlib.a : spi.obj (.const)
                  2000e37c    00000015     main.obj (.const:.string:$P$T6$7)
                  2000e391    00000003     --HOLE-- [fill = 0]
                  2000e394    00000014     simplelink.a : driver.obj (.const:$P$T0$1)
                  2000e3a8    00000014                  : nonos.obj (.const:$P$T0$1)
                  2000e3bc    00000014     main.obj (.const:$P$T2$3)
                  2000e3d0    00000010     simplelink.a : socket.obj (.const:.string:_SlPayloadByProtocolLUT)
                  2000e3e0    0000000c     main.obj (.const:$P$T4$5)
                  2000e3ec    0000000c     main.obj (.const:.string:$P$T3$4)
                  2000e3f8    00000009     main.obj (.const:.string:$P$T5$6)
                  2000e401    00000008     simplelink.a : device.obj (.const:StartResponseLUT)
                  2000e409    00000003     --HOLE-- [fill = 0]
                  2000e40c    00000008                  : driver.obj (.const:g_H2NCnysPattern)
                  2000e414    00000008                  : driver.obj (.const:g_H2NSyncPattern)
                  2000e41c    00000005     main.obj (.const:.string:$P$T7$8)
                  2000e421    00000001     --HOLE-- [fill = 0]
                  2000e422    00000004     simplelink.a : wlan.obj (.const:$P$T0$1)
                  2000e426    00000004                  : socket.obj (.const:$P$T2$3)
                  2000e42a    00000004                  : device.obj (.const:_SlDeviceGetCmdCtrl)
                  2000e42e    00000004                  : device.obj (.const:_SlDeviceSetCmdCtrl)
                  2000e432    00000004                  : netapp.obj (.const:_SlGetHostByNameCtrl)
                  2000e436    00000004                  : netapp.obj (.const:_SlNetAppSendTokenValueCmdCtrl)
                  2000e43a    00000004                  : netcfg.obj (.const:_SlNetCfgSetCmdCtrl)
                  2000e43e    00000004                  : wlan.obj (.const:_SlPolicySetCmdCtrl)
                  2000e442    00000004                  : wlan.obj (.const:_SlProfileDelCmdCtrl)
                  2000e446    00000004                  : socket.obj (.const:_SlRecvCmdCtrl)
                  2000e44a    00000004                  : netapp.obj (.const:_SlRegisterServiceCtrl)
                  2000e44e    00000004                  : wlan.obj (.const:_SlRxFilterSetCmdCtrl)
                  2000e452    00000004                  : socket.obj (.const:_SlSendCmdCtrl)
                  2000e456    00000004                  : socket.obj (.const:_SlSetSockOptCmdCtrl)
                  2000e45a    00000004                  : socket.obj (.const:_SlSockCloseCmdCtrl)
                  2000e45e    00000004                  : socket.obj (.const:_SlSockSocketCmdCtrl)
                  2000e462    00000004                  : device.obj (.const:_SlStopCmdCtrl)
                  2000e466    00000004                  : wlan.obj (.const:_SlWlanCfgSetCmdCtrl)
                  2000e46a    00000004                  : wlan.obj (.const:_SlWlanSetModeCmdCtrl)

.cinit     0    2000e470    00000080     
                  2000e470    0000005c     (.cinit..data.load) [load image, compression = lzss]
                  2000e4cc    0000000c     (__TI_handler_table)
                  2000e4d8    00000008     (.cinit..bss.load) [load image, compression = zero_init]
                  2000e4e0    00000010     (__TI_cinit_table)

.sysmem    0    20017000    00008000     UNINITIALIZED
                  20017000    00000008     rtsv7M4_T_le_eabi.lib : memory.obj (.sysmem)
                  20017008    00007ff8     --HOLE--

.bss       0    2001f000    00000c67     UNINITIALIZED
                  2001f000    000005b4     (.common:recvJSON)
                  2001f5b4    00000400     main.obj (.bss:json)
                  2001f9b4    00000168     simplelink.a : driver.obj (.bss:g_StatMem)
                  2001fb1c    0000008c     (.common:bitSequence)
                  2001fba8    00000050     (.common:g_ucDinDout)
                  2001fbf8    0000002c     (.common:g_time)
                  2001fc24    00000024     (.common:g_ucConnectionSSID)
                  2001fc48    00000008     (.common:g_ucConnectionBSSID)
                  2001fc50    00000004     uart_if.obj (.bss)
                  2001fc54    00000004     (.common:_time)
                  2001fc58    00000004     (.common:interruptCounter)
                  2001fc5c    00000004     (.common:time)
                  2001fc60    00000001     (.common:RxIrqCnt)
                  2001fc61    00000001     (.common:currRead)
                  2001fc62    00000001     (.common:g_bDeviceRestartIsRequired)
                  2001fc63    00000001     (.common:g_cDummy)
                  2001fc64    00000001     (.common:g_ucLED1Pin)
                  2001fc65    00000001     (.common:g_ucLED2Pin)
                  2001fc66    00000001     (.common:g_ucLED3Pin)

.data      0    2001fc68    00000764     UNINITIALIZED
                  2001fc68    00000690     main.obj (.data:buttons)
                  200202f8    0000003c     simplelink.a : nonos.obj (.data:g__SlNonOsCB)
                  20020334    0000001c     main.obj (.data:state)
                  20020350    00000014     gpio_if.obj (.data:ulReg)
                  20020364    00000010     main.obj (.data)
                  20020374    0000000d     simplelink.a : driver.obj (.data)
                  20020381    00000003     --HOLE--
                  20020384    0000000c     rtsv7M4_T_le_eabi.lib : exit.obj (.data:$O1$$)
                  20020390    0000000c                           : memory.obj (.data:$O1$$)
                  2002039c    0000000c     gpio_if.obj (.data)
                  200203a8    00000009     simplelink.a : cc_pal.obj (.data)
                  200203b1    00000003     --HOLE--
                  200203b4    00000008     rtsv7M4_T_le_eabi.lib : _lock.obj (.data:$O1$$)
                  200203bc    00000008     main.obj (.data:gpioin)
                  200203c4    00000004     rtsv7M4_T_le_eabi.lib : errno.obj (.data)
                  200203c8    00000004                           : stkdepth_vars.obj (.data)

.stack     0    2002f000    00001000     UNINITIALIZED
                  2002f000    00001000     --HOLE--

MODULE SUMMARY

       Module                     code    ro data   rw data
       ------                     ----    -------   -------
    .\
       main.obj                   6488    201       4457   
       Adafruit_OLED.obj          1142    0         0      
       startup_ccs.obj            14      1024      0      
       gpio_if.obj                920     0         35     
       uart_if.obj                640     0         4      
       timer_if.obj               408     0         0      
       pin_mux_config.obj         324     0         0      
    +--+--------------------------+-------+---------+---------+
       Total:                     9936    1225      4496   
                                                           
    C:/ti/CC3200SDK_1.3.0/cc3200-sdk/driverlib/ccs/Release/driverlib.a
       prcm.obj                   852     168       0      
       interrupt.obj              608     340       0      
       spi.obj                    860     60        0      
       udma.obj                   604     0         0      
       timer.obj                  586     0         0      
       pin.obj                    300     256       0      
       gpio.obj                   448     0         0      
       uart.obj                   284     0         0      
       cpu.obj                    20      0         0      
       utils.obj                  6       0         0      
    +--+--------------------------+-------+---------+---------+
       Total:                     4568    824       0      
                                                           
    C:/ti/CC3200SDK_1.3.0/cc3200-sdk/simplelink/ccs/NON_OS/simplelink.a
       driver.obj                 7714    184       375    
       cc_pal.obj                 1820    0         90     
       socket.obj                 1830    40        0      
       netapp.obj                 1572    12        0      
       wlan.obj                   1312    24        0      
       device.obj                 1230    20        0      
       nonos.obj                  416     20        60     
       netcfg.obj                 152     4         0      
    +--+--------------------------+-------+---------+---------+
       Total:                     16046   304       525    
                                                           
    C:\ti\ccsv7\tools\compiler\ti-cgt-arm_16.9.6.LTS\lib\rtsv7M4_T_le_eabi.lib
       _printfi.obj               4386    0         0      
       memory.obj                 976     0         12     
       ull_div_t2.obj             500     0         0      
       fd_add_t2.obj              438     0         0      
       fd_div_t2.obj              310     0         0      
       fd_cmp_t2.obj              268     0         0      
       ctype.obj                  0       257       0      
       fd_mul_t2.obj              252     0         0      
       s_scalbn.obj               208     0         0      
       memcpy_t2.obj              156     0         0      
       vsnprintf.obj              136     0         0      
       memset_t2.obj              122     0         0      
       autoinit.obj               112     0         0      
       copy_decompress_lzss.obj   104     0         0      
       exit.obj                   84      0         12     
       sprintf.obj                96      0         0      
       s_frexp.obj                92      0         0      
       ltoa.obj                   84      0         0      
       atoi.obj                   76      0         0      
       cpy_tbl.obj                76      0         0      
       fd_toi_t2.obj              72      0         0      
       boot.obj                   64      0         0      
       i_tofd_t2.obj              46      0         0      
       memmov.obj                 36      0         0      
       strcat.obj                 30      0         0      
       _lock.obj                  20      0         8      
       memccpy.obj                28      0         0      
       args_main.obj              24      0         0      
       strchr.obj                 22      0         0      
       strcpy.obj                 20      0         0      
       strlen.obj                 20      0         0      
       copy_decompress_none.obj   14      0         0      
       copy_zero_init.obj         12      0         0      
       s_copysign.obj             8       0         0      
       errno.obj                  0       0         4      
       pre_init.obj               4       0         0      
       stkdepth_vars.obj          0       0         4      
       mpu_init.obj               2       0         0      
       startup.obj                2       0         0      
    +--+--------------------------+-------+---------+---------+
       Total:                     8900    257       40     
                                                           
       Heap:                      0       0         32768  
       Stack:                     0       0         4096   
       Linker Generated:          0       128       0      
    +--+--------------------------+-------+---------+---------+
       Grand Total:               39450   2738      41925  


LINKER GENERATED COPY TABLES

__TI_cinit_table @ 2000e4e0 records: 2, size/record: 8, table size: 16
	.data: load addr=2000e470, load size=0000005c bytes, run addr=2001fc68, run size=00000764 bytes, compression=lzss
	.bss: load addr=2000e4d8, load size=00000008 bytes, run addr=2001f000, run size=00000c67 bytes, compression=zero_init


LINKER GENERATED HANDLER TABLE

__TI_handler_table @ 2000e4cc records: 3, size/record: 4, table size: 12
	index: 0, handler: __TI_decompress_lzss
	index: 1, handler: __TI_decompress_none
	index: 2, handler: __TI_zero_init


GLOBAL SYMBOLS: SORTED ALPHABETICALLY BY Name 

address   name                                  
-------   ----                                  
2000746d  Adafruit_Init                         
2000cc55  C$$EXIT                               
2000dd2d  CPUcpsie                              
2000802d  ClearTerm                             
200075e3  Color565                              
20005747  DisplayBanner                         
2000d76d  DmaSpiSwIntHandler                    
20008037  Error                                 
2000d471  GPIODirModeSet                        
2000dd41  GPIOIntClear                          
2000dae1  GPIOIntDisable                        
2000dafb  GPIOIntEnable                         
2000d965  GPIOIntRegister                       
2000d7fd  GPIOIntStatus                         
2000c06d  GPIOIntTypeSet                        
2000dbcb  GPIOPinRead                           
2000d885  GPIOPinWrite                          
20007f15  GPIO_IF_ConfigureNIntEnable           
20007fa1  GPIO_IF_Get                           
20007ecf  GPIO_IF_GetPortNPin                   
20007c91  GPIO_IF_LedConfigure                  
20007d83  GPIO_IF_LedOff                        
20007ccf  GPIO_IF_LedOn                         
20007e37  GPIO_IF_LedStatus                     
20007ea1  GPIO_IF_LedToggle                     
20007f5d  GPIO_IF_Set                           
2000806f  GetCmd                                
20005763  GetMessage                            
20007fed  InitTerm                              
2000b169  IntDisable                            
2000b211  IntEnable                             
2000de15  IntMasterEnable                       
2000caa9  IntPendClear                          
2000cb59  IntPrioritySet                        
2000d8a5  IntRegister                           
2000d791  IntUnregister                         
2000dd55  IntVTableBaseSet                      
2000800b  Message                               
2000ddf1  NwpMaskInterrupt                      
2000d401  NwpPowerOff                           
2000d5a1  NwpPowerOn                            
2000d8c5  NwpPrePowerOffTimout0                 
2000d295  NwpRegisterInterruptHandler           
2000ddfd  NwpUnMaskInterrupt                    
2000e230  OpcodeTranslateTable                  
20009699  PRCMCC3200MCUInit                     
2000dcd5  PRCMHIBRegRead                        
2000dceb  PRCMHIBRegWrite                       
2000d6a5  PRCMPeripheralClkDisable              
2000d311  PRCMPeripheralClkEnable               
2000b8cd  PRCMPeripheralClockGet                
2000cb01  PRCMPeripheralReset                   
2000d4a9  PRCMPeripheralStatusGet               
2000d5cd  PRCMSysResetCauseGet                  
2000bdcd  PinConfigSet                          
2000d1d5  PinModeSet                            
20009d5d  PinMuxConfig                          
2000d511  PinTypeGPIO                           
2000db15  PinTypeSPI                            
2000db2f  PinTypeUART                           
200081ad  Report                                
2000dde3  ResetISR                              
2001fc60  RxIrqCnt                              
UNDEFED   SHT$$INIT_ARRAY$$Base                 
UNDEFED   SHT$$INIT_ARRAY$$Limit                
2000dbe3  SPICSDisable                          
2000dbfb  SPICSEnable                           
2000b35d  SPIConfigSetExpClk                    
2000d8e5  SPIDataGet                            
2000d983  SPIDataPut                            
2000dc13  SPIDisable                            
2000db49  SPIDmaDisable                         
2000db63  SPIDmaEnable                          
2000dc2b  SPIEnable                             
2000db7d  SPIFIFODisable                        
2000db97  SPIFIFOEnable                         
2000d4dd  SPIFIFOLevelSet                       
2000cfa9  SPIIntClear                           
2000cd4d  SPIIntEnable                          
2000dbb1  SPIIntUnregister                      
2000d81f  SPIReset                              
2000d841  SPIWordCountSet                       
200045a5  SPI_Init                              
200047d9  SimpleLinkGeneralEventHandler         
200047c1  SimpleLinkHttpServerCallback          
20004719  SimpleLinkNetAppEventHandler          
200047f9  SimpleLinkSockEventHandler            
200045f5  SimpleLinkWlanEventHandler            
2000d0c5  TimerConfigure                        
2000d9a1  TimerDisable                          
2000d9bf  TimerEnable                           
2000d905  TimerGetCurrentTimestamp              
20004505  TimerInit                             
2000dda5  TimerIntClear                         
2000dc43  TimerIntDisable                       
2000dc5b  TimerIntEnable                        
2000c451  TimerIntRegister                      
2000d9dd  TimerIntStatus                        
2000c609  TimerIntUnregister                    
2000d651  TimerLoadSet                          
2000d67b  TimerPrescaleSet                      
20004401  TimerRefIntHandler                    
2000da55  TimerValueGet                         
2000d863  TimerValueSet                         
2000932b  Timer_IF_DeInit                       
2000935d  Timer_IF_GetCount                     
20009265  Timer_IF_Init                         
20009297  Timer_IF_IntSetup                     
200092e3  Timer_IF_InterruptClear               
20009345  Timer_IF_ReLoad                       
200092fb  Timer_IF_Start                        
2000931b  Timer_IF_Stop                         
20008115  TrimSpace                             
2000da71  UARTCharGetNonBlocking                
2000d9fb  UARTCharPut                           
2000dc73  UARTCharsAvail                        
2000c365  UARTConfigSetExpClk                   
2000d541  UARTDisable                           
2000d7b5  UARTEnable                            
2000de27  UtilsDelay                            
2000e26c  _SlActionLookupTable                  
2000b2b9  _SlDriverHandleError                  
2000cff1  _SlDrvBasicCmd                        
2000aff9  _SlDrvCmdOp                           
2000c531  _SlDrvCmdSend                         
20008929  _SlDrvDataReadOp                      
20009981  _SlDrvDataWriteOp                     
2000b539  _SlDrvDeviceEventHandler              
2000ddb7  _SlDrvDispatchHttpServerEvents        
2000a251  _SlDrvDriverCBDeinit                  
20008e95  _SlDrvDriverCBInit                    
2000d6cd  _SlDrvGlobalObjUnLock                 
2000bc29  _SlDrvIsTimeoutExpired                
2000dd01  _SlDrvMemZero                         
2000aa25  _SlDrvMsgReadSpawnCtx                 
2000a381  _SlDrvNetAppEventHandler              
2000d745  _SlDrvObjLockWaitForever              
2000d925  _SlDrvObjUnLock                       
2000cde5  _SlDrvProtectAsyncRespSetting         
2000d625  _SlDrvProtectionObjLockWaitForever    
2000d6f5  _SlDrvProtectionObjUnLock             
20008b0d  _SlDrvReleasePoolObj                  
2000ddc7  _SlDrvResetCmdExt                     
2000cbad  _SlDrvRxIrqHandler                    
2000da8d  _SlDrvStartMeasureTimeout             
2000d945  _SlDrvSyncObjSignal                   
2000d71d  _SlDrvSyncObjWaitForever              
2000d109  _SlDrvSyncObjWaitTimeout              
2000937d  _SlDrvWaitForPoolObj                  
2000e436  _SlNetAppSendTokenValueCmdCtrl        
2000c3dd  _SlNonOsMainLoopTask                  
2000b0b9  _SlNonOsSemGet                        
2000dc8b  _SlNonOsSemSet                        
2000c6d9  _SlNonOsSpawn                         
20030000  __STACK_END                           
00001000  __STACK_SIZE                          
00008000  __SYSMEM_SIZE                         
2000e4e0  __TI_CINIT_Base                       
2000e4f0  __TI_CINIT_Limit                      
2000e4cc  __TI_Handler_Table_Base               
2000e4d8  __TI_Handler_Table_Limit              
2000c4c1  __TI_auto_init                        
20020384  __TI_cleanup_ptr                      
2000c671  __TI_decompress_lzss                  
2000ddd5  __TI_decompress_none                  
20020388  __TI_dtors_ptr                        
2002038c  __TI_enable_exit_profile_output       
ffffffff  __TI_pprof_out_hndl                   
20006591  __TI_printfi                          
ffffffff  __TI_prof_data_size                   
ffffffff  __TI_prof_data_start                  
2000e470  __TI_static_base__                    
2000de09  __TI_zero_init                        
2000bedd  __aeabi_cdcmpeq                       
2000bedd  __aeabi_cdcmple                       
2000bf63  __aeabi_cdrcmple                      
2000d039  __aeabi_d2iz                          
20008ce7  __aeabi_dadd                          
20009fe5  __aeabi_ddiv                          
2000a485  __aeabi_dmul                          
20008cdd  __aeabi_dsub                          
2000d571  __aeabi_i2d                           
2000c271  __aeabi_memclr                        
2000c271  __aeabi_memclr4                       
2000c271  __aeabi_memclr8                       
2000b49d  __aeabi_memcpy                        
2000b49d  __aeabi_memcpy4                       
2000b49d  __aeabi_memcpy8                       
2000c273  __aeabi_memset                        
2000c273  __aeabi_memset4                       
2000c273  __aeabi_memset8                       
20008735  __aeabi_uldivmod                      
ffffffff  __binit__                             
ffffffff  __c_args__                            
20007883  __mpu_init                            
2002f000  __stack                               
2000dcbd  _args_main                            
2000d255  _c_int00                              
2000de30  _ctypes_                              
200203b4  _lock                                 
2000dd77  _nop                                  
2000dd6f  _register_lock                        
2000dd69  _register_unlock                      
2000c73d  _sl_HandleAsync_Accept                
2000c0f1  _sl_HandleAsync_Connect               
2000b961  _sl_HandleAsync_DnsGetHostByName      
2000ad9d  _sl_HandleAsync_DnsGetHostByService   
2000bcb5  _sl_HandleAsync_InitComplete          
2000b9f1  _sl_HandleAsync_PingResponse          
2000cc01  _sl_HandleAsync_Select                
2000ccfd  _sl_HandleAsync_Stop                  
2000c59d  _sl_NetAppSendTokenValue              
20017000  _sys_memory                           
20008e93  _system_post_cinit                    
2000de2d  _system_pre_init                      
2001fc54  _time                                 
200203b8  _unlock                               
2000cc59  abort                                 
2000ce7d  atoi                                  
ffffffff  binit                                 
2001fb1c  bitSequence                           
2001fc68  buttons                               
20007c25  calloc                                
2000445b  compareBitPatterns                    
2000441f  compareTwoSequence                    
2000cec9  copy_in                               
2000de1f  copysign                              
2000de1f  copysignl                             
2001fc61  currRead                              
2000456d  decode                                
2000778d  drawFastHLine                         
200076f1  drawFastVLine                         
20007829  drawPixel                             
200203c4  errno                                 
2000cc61  exit                                  
2000763b  fillRect                              
20007625  fillScreen                            
2000796f  free                                  
2000ca4d  frexp                                 
2000ca4d  frexpl                                
20020370  g_Host                                
20020374  g_SlDeviceStatus                      
200203a8  g_SpiFd                               
200202f8  g__SlNonOsCB                          
2001fc62  g_bDeviceRestartIsRequired            
2001fc63  g_cDummy                              
20020378  g_pCB                                 
200203ac  g_pHostIntHdl                         
20004000  g_pfnVectors                          
2001fbf8  g_time                                
2001fc48  g_ucConnectionBSSID                   
2001fc24  g_ucConnectionSSID                    
200203b0  g_ucDMAEnabled                        
2001fba8  g_ucDinDout                           
2001fc64  g_ucLED1Pin                           
2001fc65  g_ucLED2Pin                           
2001fc66  g_ucLED3Pin                           
2002039c  g_uiLED1Port                          
200203a0  g_uiLED2Port                          
200203a4  g_uiLED3Port                          
2002036c  g_ulGatewayIP                         
20020368  g_ulPingPacketsRecv                   
20020364  g_ulStatus                            
2000759f  goTo                                  
20004537  initializeArr                         
20005785  initializeState                       
2000455f  initializeVariables                   
2001fc58  interruptCounter                      
20007867  invert                                
2000accd  ldexp                                 
2000accd  ldexpl                                
2000cca9  ltoa                                  
20005b4f  main                                  
200203c8  main_func_sp                          
20007905  malloc                                
20007b39  memalign                              
2000daa9  memccpy                               
2000b49d  memcpy                                
2000d7d9  memmove                               
2000c279  memset                                
20007885  minit                                 
2002037c  pPingCallBackFunc                     
200051d3  printErrConvenience                   
20005ae3  readJSON                              
20007a2f  realloc                               
2001f000  recvJSON                              
2000accd  scalbn                                
2000accd  scalbnl                               
2000d34d  simplelink_timerA2_start              
2000c92d  sl_Close                              
2000950d  sl_Connect                            
2000ae69  sl_DevGet                             
2000b5d5  sl_DevSet                             
2000d191  sl_Htonl                              
2000d389  sl_Htons                              
20009ea1  sl_NetAppDnsGetHostByName             
2000ab0d  sl_NetAppMDNSRegisterUnregisterService
2000c7a1  sl_NetAppMDNSUnRegisterService        
2000b66d  sl_NetCfgSet                          
2000b3fd  sl_Recv                               
2000a11d  sl_Send                               
2000b705  sl_SetSockOpt                         
2000bd41  sl_Socket                             
2000a851  sl_Start                              
2000a581  sl_Stop                               
2000826d  sl_WlanConnect                        
2000d439  sl_WlanDisconnect                     
2000ba81  sl_WlanPolicySet                      
2000c98d  sl_WlanProfileDel                     
2000bfe9  sl_WlanRxFilterSet                    
2000b79d  sl_WlanSet                            
2000c9ed  sl_WlanSetMode                        
2000c2ed  spi_Close                             
20009ad1  spi_Open                              
2000a671  spi_Read                              
2000b835  spi_Write                             
2000c8cd  sprintf                               
2000da37  strcat                                
2000dd17  strchr                                
2000dd7d  strcpy                                
2000dd91  strlen                                
2001fc5c  time                                  
2000cf15  uDMAChannelAssign                     
2000c805  uDMAChannelAttributeDisable           
2000c869  uDMAChannelAttributeEnable            
2000d3c5  uDMAChannelControlSet                 
2000dac5  uDMAChannelEnable                     
2000a761  uDMAChannelTransferSet                
2000593d  updateJSON                            
2000be55  vsnprintf                             
2000740d  writeCommand                          
2000743d  writeData                             


GLOBAL SYMBOLS: SORTED BY Symbol Address 

address   name                                  
-------   ----                                  
00001000  __STACK_SIZE                          
00008000  __SYSMEM_SIZE                         
20004000  g_pfnVectors                          
20004401  TimerRefIntHandler                    
2000441f  compareTwoSequence                    
2000445b  compareBitPatterns                    
20004505  TimerInit                             
20004537  initializeArr                         
2000455f  initializeVariables                   
2000456d  decode                                
200045a5  SPI_Init                              
200045f5  SimpleLinkWlanEventHandler            
20004719  SimpleLinkNetAppEventHandler          
200047c1  SimpleLinkHttpServerCallback          
200047d9  SimpleLinkGeneralEventHandler         
200047f9  SimpleLinkSockEventHandler            
200051d3  printErrConvenience                   
20005747  DisplayBanner                         
20005763  GetMessage                            
20005785  initializeState                       
2000593d  updateJSON                            
20005ae3  readJSON                              
20005b4f  main                                  
20006591  __TI_printfi                          
2000740d  writeCommand                          
2000743d  writeData                             
2000746d  Adafruit_Init                         
2000759f  goTo                                  
200075e3  Color565                              
20007625  fillScreen                            
2000763b  fillRect                              
200076f1  drawFastVLine                         
2000778d  drawFastHLine                         
20007829  drawPixel                             
20007867  invert                                
20007883  __mpu_init                            
20007885  minit                                 
20007905  malloc                                
2000796f  free                                  
20007a2f  realloc                               
20007b39  memalign                              
20007c25  calloc                                
20007c91  GPIO_IF_LedConfigure                  
20007ccf  GPIO_IF_LedOn                         
20007d83  GPIO_IF_LedOff                        
20007e37  GPIO_IF_LedStatus                     
20007ea1  GPIO_IF_LedToggle                     
20007ecf  GPIO_IF_GetPortNPin                   
20007f15  GPIO_IF_ConfigureNIntEnable           
20007f5d  GPIO_IF_Set                           
20007fa1  GPIO_IF_Get                           
20007fed  InitTerm                              
2000800b  Message                               
2000802d  ClearTerm                             
20008037  Error                                 
2000806f  GetCmd                                
20008115  TrimSpace                             
200081ad  Report                                
2000826d  sl_WlanConnect                        
20008735  __aeabi_uldivmod                      
20008929  _SlDrvDataReadOp                      
20008b0d  _SlDrvReleasePoolObj                  
20008cdd  __aeabi_dsub                          
20008ce7  __aeabi_dadd                          
20008e93  _system_post_cinit                    
20008e95  _SlDrvDriverCBInit                    
20009265  Timer_IF_Init                         
20009297  Timer_IF_IntSetup                     
200092e3  Timer_IF_InterruptClear               
200092fb  Timer_IF_Start                        
2000931b  Timer_IF_Stop                         
2000932b  Timer_IF_DeInit                       
20009345  Timer_IF_ReLoad                       
2000935d  Timer_IF_GetCount                     
2000937d  _SlDrvWaitForPoolObj                  
2000950d  sl_Connect                            
20009699  PRCMCC3200MCUInit                     
20009981  _SlDrvDataWriteOp                     
20009ad1  spi_Open                              
20009d5d  PinMuxConfig                          
20009ea1  sl_NetAppDnsGetHostByName             
20009fe5  __aeabi_ddiv                          
2000a11d  sl_Send                               
2000a251  _SlDrvDriverCBDeinit                  
2000a381  _SlDrvNetAppEventHandler              
2000a485  __aeabi_dmul                          
2000a581  sl_Stop                               
2000a671  spi_Read                              
2000a761  uDMAChannelTransferSet                
2000a851  sl_Start                              
2000aa25  _SlDrvMsgReadSpawnCtx                 
2000ab0d  sl_NetAppMDNSRegisterUnregisterService
2000accd  ldexp                                 
2000accd  ldexpl                                
2000accd  scalbn                                
2000accd  scalbnl                               
2000ad9d  _sl_HandleAsync_DnsGetHostByService   
2000ae69  sl_DevGet                             
2000aff9  _SlDrvCmdOp                           
2000b0b9  _SlNonOsSemGet                        
2000b169  IntDisable                            
2000b211  IntEnable                             
2000b2b9  _SlDriverHandleError                  
2000b35d  SPIConfigSetExpClk                    
2000b3fd  sl_Recv                               
2000b49d  __aeabi_memcpy                        
2000b49d  __aeabi_memcpy4                       
2000b49d  __aeabi_memcpy8                       
2000b49d  memcpy                                
2000b539  _SlDrvDeviceEventHandler              
2000b5d5  sl_DevSet                             
2000b66d  sl_NetCfgSet                          
2000b705  sl_SetSockOpt                         
2000b79d  sl_WlanSet                            
2000b835  spi_Write                             
2000b8cd  PRCMPeripheralClockGet                
2000b961  _sl_HandleAsync_DnsGetHostByName      
2000b9f1  _sl_HandleAsync_PingResponse          
2000ba81  sl_WlanPolicySet                      
2000bc29  _SlDrvIsTimeoutExpired                
2000bcb5  _sl_HandleAsync_InitComplete          
2000bd41  sl_Socket                             
2000bdcd  PinConfigSet                          
2000be55  vsnprintf                             
2000bedd  __aeabi_cdcmpeq                       
2000bedd  __aeabi_cdcmple                       
2000bf63  __aeabi_cdrcmple                      
2000bfe9  sl_WlanRxFilterSet                    
2000c06d  GPIOIntTypeSet                        
2000c0f1  _sl_HandleAsync_Connect               
2000c271  __aeabi_memclr                        
2000c271  __aeabi_memclr4                       
2000c271  __aeabi_memclr8                       
2000c273  __aeabi_memset                        
2000c273  __aeabi_memset4                       
2000c273  __aeabi_memset8                       
2000c279  memset                                
2000c2ed  spi_Close                             
2000c365  UARTConfigSetExpClk                   
2000c3dd  _SlNonOsMainLoopTask                  
2000c451  TimerIntRegister                      
2000c4c1  __TI_auto_init                        
2000c531  _SlDrvCmdSend                         
2000c59d  _sl_NetAppSendTokenValue              
2000c609  TimerIntUnregister                    
2000c671  __TI_decompress_lzss                  
2000c6d9  _SlNonOsSpawn                         
2000c73d  _sl_HandleAsync_Accept                
2000c7a1  sl_NetAppMDNSUnRegisterService        
2000c805  uDMAChannelAttributeDisable           
2000c869  uDMAChannelAttributeEnable            
2000c8cd  sprintf                               
2000c92d  sl_Close                              
2000c98d  sl_WlanProfileDel                     
2000c9ed  sl_WlanSetMode                        
2000ca4d  frexp                                 
2000ca4d  frexpl                                
2000caa9  IntPendClear                          
2000cb01  PRCMPeripheralReset                   
2000cb59  IntPrioritySet                        
2000cbad  _SlDrvRxIrqHandler                    
2000cc01  _sl_HandleAsync_Select                
2000cc55  C$$EXIT                               
2000cc59  abort                                 
2000cc61  exit                                  
2000cca9  ltoa                                  
2000ccfd  _sl_HandleAsync_Stop                  
2000cd4d  SPIIntEnable                          
2000cde5  _SlDrvProtectAsyncRespSetting         
2000ce7d  atoi                                  
2000cec9  copy_in                               
2000cf15  uDMAChannelAssign                     
2000cfa9  SPIIntClear                           
2000cff1  _SlDrvBasicCmd                        
2000d039  __aeabi_d2iz                          
2000d0c5  TimerConfigure                        
2000d109  _SlDrvSyncObjWaitTimeout              
2000d191  sl_Htonl                              
2000d1d5  PinModeSet                            
2000d255  _c_int00                              
2000d295  NwpRegisterInterruptHandler           
2000d311  PRCMPeripheralClkEnable               
2000d34d  simplelink_timerA2_start              
2000d389  sl_Htons                              
2000d3c5  uDMAChannelControlSet                 
2000d401  NwpPowerOff                           
2000d439  sl_WlanDisconnect                     
2000d471  GPIODirModeSet                        
2000d4a9  PRCMPeripheralStatusGet               
2000d4dd  SPIFIFOLevelSet                       
2000d511  PinTypeGPIO                           
2000d541  UARTDisable                           
2000d571  __aeabi_i2d                           
2000d5a1  NwpPowerOn                            
2000d5cd  PRCMSysResetCauseGet                  
2000d625  _SlDrvProtectionObjLockWaitForever    
2000d651  TimerLoadSet                          
2000d67b  TimerPrescaleSet                      
2000d6a5  PRCMPeripheralClkDisable              
2000d6cd  _SlDrvGlobalObjUnLock                 
2000d6f5  _SlDrvProtectionObjUnLock             
2000d71d  _SlDrvSyncObjWaitForever              
2000d745  _SlDrvObjLockWaitForever              
2000d76d  DmaSpiSwIntHandler                    
2000d791  IntUnregister                         
2000d7b5  UARTEnable                            
2000d7d9  memmove                               
2000d7fd  GPIOIntStatus                         
2000d81f  SPIReset                              
2000d841  SPIWordCountSet                       
2000d863  TimerValueSet                         
2000d885  GPIOPinWrite                          
2000d8a5  IntRegister                           
2000d8c5  NwpPrePowerOffTimout0                 
2000d8e5  SPIDataGet                            
2000d905  TimerGetCurrentTimestamp              
2000d925  _SlDrvObjUnLock                       
2000d945  _SlDrvSyncObjSignal                   
2000d965  GPIOIntRegister                       
2000d983  SPIDataPut                            
2000d9a1  TimerDisable                          
2000d9bf  TimerEnable                           
2000d9dd  TimerIntStatus                        
2000d9fb  UARTCharPut                           
2000da37  strcat                                
2000da55  TimerValueGet                         
2000da71  UARTCharGetNonBlocking                
2000da8d  _SlDrvStartMeasureTimeout             
2000daa9  memccpy                               
2000dac5  uDMAChannelEnable                     
2000dae1  GPIOIntDisable                        
2000dafb  GPIOIntEnable                         
2000db15  PinTypeSPI                            
2000db2f  PinTypeUART                           
2000db49  SPIDmaDisable                         
2000db63  SPIDmaEnable                          
2000db7d  SPIFIFODisable                        
2000db97  SPIFIFOEnable                         
2000dbb1  SPIIntUnregister                      
2000dbcb  GPIOPinRead                           
2000dbe3  SPICSDisable                          
2000dbfb  SPICSEnable                           
2000dc13  SPIDisable                            
2000dc2b  SPIEnable                             
2000dc43  TimerIntDisable                       
2000dc5b  TimerIntEnable                        
2000dc73  UARTCharsAvail                        
2000dc8b  _SlNonOsSemSet                        
2000dcbd  _args_main                            
2000dcd5  PRCMHIBRegRead                        
2000dceb  PRCMHIBRegWrite                       
2000dd01  _SlDrvMemZero                         
2000dd17  strchr                                
2000dd2d  CPUcpsie                              
2000dd41  GPIOIntClear                          
2000dd55  IntVTableBaseSet                      
2000dd69  _register_unlock                      
2000dd6f  _register_lock                        
2000dd77  _nop                                  
2000dd7d  strcpy                                
2000dd91  strlen                                
2000dda5  TimerIntClear                         
2000ddb7  _SlDrvDispatchHttpServerEvents        
2000ddc7  _SlDrvResetCmdExt                     
2000ddd5  __TI_decompress_none                  
2000dde3  ResetISR                              
2000ddf1  NwpMaskInterrupt                      
2000ddfd  NwpUnMaskInterrupt                    
2000de09  __TI_zero_init                        
2000de15  IntMasterEnable                       
2000de1f  copysign                              
2000de1f  copysignl                             
2000de27  UtilsDelay                            
2000de2d  _system_pre_init                      
2000de30  _ctypes_                              
2000e230  OpcodeTranslateTable                  
2000e26c  _SlActionLookupTable                  
2000e436  _SlNetAppSendTokenValueCmdCtrl        
2000e470  __TI_static_base__                    
2000e4cc  __TI_Handler_Table_Base               
2000e4d8  __TI_Handler_Table_Limit              
2000e4e0  __TI_CINIT_Base                       
2000e4f0  __TI_CINIT_Limit                      
20017000  _sys_memory                           
2001f000  recvJSON                              
2001fb1c  bitSequence                           
2001fba8  g_ucDinDout                           
2001fbf8  g_time                                
2001fc24  g_ucConnectionSSID                    
2001fc48  g_ucConnectionBSSID                   
2001fc54  _time                                 
2001fc58  interruptCounter                      
2001fc5c  time                                  
2001fc60  RxIrqCnt                              
2001fc61  currRead                              
2001fc62  g_bDeviceRestartIsRequired            
2001fc63  g_cDummy                              
2001fc64  g_ucLED1Pin                           
2001fc65  g_ucLED2Pin                           
2001fc66  g_ucLED3Pin                           
2001fc68  buttons                               
200202f8  g__SlNonOsCB                          
20020364  g_ulStatus                            
20020368  g_ulPingPacketsRecv                   
2002036c  g_ulGatewayIP                         
20020370  g_Host                                
20020374  g_SlDeviceStatus                      
20020378  g_pCB                                 
2002037c  pPingCallBackFunc                     
20020384  __TI_cleanup_ptr                      
20020388  __TI_dtors_ptr                        
2002038c  __TI_enable_exit_profile_output       
2002039c  g_uiLED1Port                          
200203a0  g_uiLED2Port                          
200203a4  g_uiLED3Port                          
200203a8  g_SpiFd                               
200203ac  g_pHostIntHdl                         
200203b0  g_ucDMAEnabled                        
200203b4  _lock                                 
200203b8  _unlock                               
200203c4  errno                                 
200203c8  main_func_sp                          
2002f000  __stack                               
20030000  __STACK_END                           
ffffffff  __TI_pprof_out_hndl                   
ffffffff  __TI_prof_data_size                   
ffffffff  __TI_prof_data_start                  
ffffffff  __binit__                             
ffffffff  __c_args__                            
ffffffff  binit                                 
UNDEFED   SHT$$INIT_ARRAY$$Base                 
UNDEFED   SHT$$INIT_ARRAY$$Limit                

[332 symbols]
